DEBUGGER: Debugger can attach via UNIX domain socket (/tmp/rdbg-1000/rdbg-48536)
DEBUGGER: Debugger can attach via UNIX domain socket (/tmp/rdbg-1000/rdbg-48672)
Migrations are pending. To resolve this issue, run:

        bin/rails db:migrate

You have 591 pending migrations:

db/guests_migrate/20240627130203_create_extensions.rb
db/guests_migrate/20241030051235_create_app_contact_statuses.rb
db/guests_migrate/20241030051236_create_com_contact_statuses.rb
db/guests_migrate/20241030051237_create_org_contact_statuses.rb
db/guests_migrate/20241030051238_create_app_contact_categories.rb
db/guests_migrate/20241030051239_create_com_contact_categories.rb
db/guests_migrate/20241030051240_create_org_contact_categories.rb
db/guests_migrate/20250505020716_create_app_contacts.rb
db/guests_migrate/20250505020717_create_app_contact_telephones.rb
db/guests_migrate/20250505020718_create_app_contact_emails.rb
db/guests_migrate/20251027061517_create_org_contacts.rb
db/guests_migrate/20251027061518_create_org_contact_emails.rb
db/guests_migrate/20251027061519_create_org_contact_telephones.rb
db/guests_migrate/20251027090731_create_com_contact_emails.rb
db/guests_migrate/20251027092404_create_com_contact_telephones.rb
db/guests_migrate/20251027092405_create_com_contacts.rb
db/guests_migrate/20251027102306_create_com_contact_topics.rb
db/guests_migrate/20251027102307_create_com_contact_histories.rb
db/guests_migrate/20251112034939_update_com_contact_relations.rb
db/guests_migrate/20251203053941_add_hotp_columns_to_com_contact_emails.rb
db/guests_migrate/20251203054500_add_hotp_columns_to_com_contact_telephones.rb
db/guests_migrate/20251203124554_add_title_and_description_to_com_contact_topics.rb
db/guests_migrate/20251209180000_create_org_contact_topics.rb
db/guests_migrate/20251209181000_create_app_contact_topics.rb
db/guests_migrate/20251213001020_update_public_id_constraints_on_contacts.rb
db/guests_migrate/20251214000000_uppercase_contact_statuses_and_categories.rb
db/guests_migrate/20251214000010_add_actor_fields_to_com_contact_histories.rb
db/guests_migrate/20251214000011_add_actor_fields_to_com_contact_histories_noop.rb
db/guests_migrate/20251216000000_create_app_and_org_contact_histories.rb
db/guests_migrate/20251216000001_create_contact_audit_events.rb
db/guests_migrate/20251217000000_rename_com_contact_histories_to_com_contact_audits.rb
db/guests_migrate/20251217160001_add_expires_at_indexes_to_contact_tables.rb
db/guests_migrate/20251218000000_add_public_id_to_contact_topics.rb
db/guests_migrate/20251219120000_rename_contact_category_titles_to_ids.rb
db/guests_migrate/20251224120000_enforce_not_null_on_com_contact_topics_metadata.rb
db/guests_migrate/20251224121000_nullify_contact_sentinels.rb
db/guests_migrate/20251224123100_set_default_empty_string_on_guest_public_ids.rb
db/guests_migrate/20251224140200_enforce_not_null_on_guest_contact_columns.rb
db/guests_migrate/20251224150000_default_contact_status_to_none.rb
db/guests_migrate/20251224151000_fix_contact_default_values_for_foreign_keys.rb
db/guests_migrate/20251224152000_add_format_checks_to_guest_fk_ids.rb
db/guests_migrate/20251224153000_add_format_checks_to_contact_category_ids.rb
db/guests_migrate/20251224154100_add_format_checks_to_guest_status_event_ids.rb
db/guests_migrate/20251224155000_set_default_nil_uuid_for_contact_parent_ids.rb
db/guests_migrate/20251224156000_add_indexes_to_contact_parent_ids.rb
db/guests_migrate/20251224161000_christmas_guest_cleanup.rb
db/guests_migrate/20251224171000_insert_dummy_guest_data.rb
db/guests_migrate/20251224173000_add_missing_indexes_to_guests.rb
db/guests_migrate/20251225011656_create_app_contact_audit_levels.rb
db/guests_migrate/20251225011705_create_com_contact_audit_levels.rb
db/guests_migrate/20251225011708_create_org_contact_audit_levels.rb
db/guests_migrate/20251225011811_add_level_id_to_contact_audits.rb
db/guests_migrate/20251225012726_add_unique_indexes_to_contact_audit_levels.rb
db/guests_migrate/20251225012748_add_foreign_keys_to_contact_audits.rb
db/guests_migrate/20251225183050_drop_guest_audit_tables.rb
db/guests_migrate/20251225210000_simplify_contact_column_names.rb
db/guests_migrate/20251226012721_seed_guest_reference_data.rb
db/guests_migrate/20251226020815_add_guest_indexes_and_fks.rb
db/guests_migrate/20251227223040_fix_guest_consistency.rb
db/guests_migrate/20251228000000_remove_not_null_from_contact_status_parent_id.rb
db/guests_migrate/20251228000001_seed_guest_statuses.rb
db/guests_migrate/20251228000007_seed_guest_categories.rb
db/guests_migrate/20251230031030_replace_none_with_neyo_in_guest_contacts.rb
db/guests_migrate/20251230050000_standardize_defaults_in_guests.rb
db/guests_migrate/20251230060000_set_default_remaining_views_for_com_contact_telephones.rb
db/guests_migrate/20251230060001_add_test_seeder_guest_data.rb
db/guests_migrate/20251230060002_add_neyo_to_org_contact_categories.rb
db/guests_migrate/20251230060003_add_neyo_to_org_contact_statuses.rb
db/guests_migrate/20251230060004_add_neyo_to_com_contact_categories.rb
db/guests_migrate/20251230060005_remove_description_from_contact_categories_and_statuses.rb
db/guests_migrate/20251230060006_remove_active_from_contact_categories.rb
db/guests_migrate/20251230060007_remove_active_from_contact_statuses.rb
db/guests_migrate/20251230080060_seed_test_guest_reference_ids.rb
db/guests_migrate/20251230080061_add_neyo_to_guest_categories.rb
db/guests_migrate/20251230085727_seed_contact_categories.rb
db/guests_migrate/20251230093110_restore_guest_contact_fk_defaults.rb
db/guests_migrate/20251230122000_remove_parent_id_from_contact_categories.rb
db/guests_migrate/20251230124000_remove_position_from_app_contact_categories_and_statuses.rb
db/guests_migrate/20251230125000_remove_position_from_contact_categories.rb
db/guests_migrate/20251230130000_remove_parent_id_and_position_from_contact_statuses.rb
db/guests_migrate/20251230131000_remove_parent_title_from_app_contact_statuses.rb
db/guests_migrate/20260102034857_add_not_null_to_guest_contact_statuses.rb
db/guests_migrate/20260102034858_validate_not_null_guest_contact_statuses.rb
db/guests_migrate/20260102035037_fix_contact_category_fk_behaviors.rb
db/guests_migrate/20260102035038_validate_contact_category_fk_behaviors.rb
db/guests_migrate/20260102035344_fix_database_consistency_guests.rb
db/guests_migrate/20260102100002_insert_app_contact_statuses_reference_data.rb
db/guests_migrate/20260102100009_insert_com_contact_statuses_reference_data.rb
db/guests_migrate/20260102100017_insert_org_contact_statuses_reference_data.rb
db/guests_migrate/20260102111601_remove_timestamps_from_contact_categories.rb
db/identities_migrate/20240627130203_create_extensions.rb
db/identities_migrate/20240827130201_create_users.rb
db/identities_migrate/20240827130202_create_staffs.rb
db/identities_migrate/20240830171634_create_user_google_auths.rb
db/identities_migrate/20240830171643_create_user_apple_auths.rb
db/identities_migrate/20250202121500_create_post_versions.rb
db/identities_migrate/20250421131400_create_user_identity_one_time_passwords.rb
db/identities_migrate/20250429231841_create_staff_identity_emails.rb
db/identities_migrate/20250429231842_create_user_identity_emails.rb
db/identities_migrate/20250429234634_create_staff_identity_telephones.rb
db/identities_migrate/20250429234642_create_user_identity_telephones.rb
db/identities_migrate/20250504005603_create_staff_recovery_codes.rb
db/identities_migrate/20250801193448_create_user_identity_passkeys.rb
db/identities_migrate/20250801193449_create_staff_identity_passkeys.rb
db/identities_migrate/20250803215016_create_google_auths.rb
db/identities_migrate/20250803215056_create_apple_auths.rb
db/identities_migrate/20250808064814_create_user_passkeys.rb
db/identities_migrate/20250808064848_create_staff_passkeys.rb
db/identities_migrate/20251114051724_create_user_identity_secrets.rb
db/identities_migrate/20251115060000_enforce_staff_identity_secret_limit.rb
db/identities_migrate/20251115061000_enforce_user_identity_secret_limit.rb
db/identities_migrate/20251115070000_rename_user_emails_to_user_identity_emails.rb
db/identities_migrate/20251115071000_rename_staff_emails_to_staff_identity_emails.rb
db/identities_migrate/20251115072000_rename_user_telephones_to_user_identity_telephones.rb
db/identities_migrate/20251115073000_rename_staff_telephones_to_staff_identity_telephones.rb
db/identities_migrate/20251115074000_create_user_otp_challenges.rb
db/identities_migrate/20251115075000_change_otp_counter_to_text.rb
db/identities_migrate/20251115076000_make_user_id_optional_in_otp_challenges.rb
db/identities_migrate/20251115080000_add_otp_fields_to_user_identity_emails.rb
db/identities_migrate/20251115081000_add_otp_fields_to_user_identity_telephones.rb
db/identities_migrate/20251115082000_add_otp_fields_to_staff_identity_emails.rb
db/identities_migrate/20251115083000_add_otp_fields_to_staff_identity_telephones.rb
db/identities_migrate/20251115084000_drop_user_otp_challenges.rb
db/identities_migrate/20251208054612_add_locking_fields_to_identities.rb
db/identities_migrate/20251208210540_create_user_identity_statuses.rb
db/identities_migrate/20251208210549_create_staff_identity_statuses.rb
db/identities_migrate/20251208211240_add_public_id_and_staff_status_id_to_staffs.rb
db/identities_migrate/20251208211448_add_public_id_and_user_status_id_to_users.rb
db/identities_migrate/20251208223048_create_user_identity_audits.rb
db/identities_migrate/20251208223235_create_staff_identity_audits.rb
db/identities_migrate/20251208230102_create_user_identity_audit_events.rb
db/identities_migrate/20251208230132_create_staff_identity_audit_events.rb
db/identities_migrate/20251208230200_add_foreign_keys_to_audit_tables.rb
db/identities_migrate/20251209014632_add_index_to_users_and_staffs_on_withdrawn_at.rb
db/identities_migrate/20251209020000_add_withdrawn_at_to_users_and_staffs.rb
db/identities_migrate/20251209123000_rename_user_status_id_to_user_identity_status_id.rb
db/identities_migrate/20251209133000_rename_staff_status_id_to_staff_identity_status_id.rb
db/identities_migrate/20251209143000_add_indexes_withdrawn_at_and_audit_event_id.rb
db/identities_migrate/20251211075546_create_organizations.rb
db/identities_migrate/20251211075547_create_user_organizations.rb
db/identities_migrate/20251211081312_create_roles.rb
db/identities_migrate/20251211090000_create_role_assignments.rb
db/identities_migrate/20251211100000_add_organization_to_roles.rb
db/identities_migrate/20251211100100_remove_organization_from_role_assignments.rb
db/identities_migrate/20251211163246_create_user_identity_email_statuses.rb
db/identities_migrate/20251211163301_add_user_identity_email_status_to_user_identity_emails.rb
db/identities_migrate/20251211163754_create_user_identity_telephone_statuses.rb
db/identities_migrate/20251211163810_add_user_identity_telephone_status_to_user_identity_telephones.rb
db/identities_migrate/20251211164035_create_staff_identity_email_statuses.rb
db/identities_migrate/20251211164051_add_staff_identity_email_status_to_staff_identity_emails.rb
db/identities_migrate/20251211164106_create_staff_identity_telephone_statuses.rb
db/identities_migrate/20251211164122_add_staff_identity_telephone_status_to_staff_identity_telephones.rb
db/identities_migrate/20251211170000_fix_user_identity_status_id_default.rb
db/identities_migrate/20251211170001_fix_staff_identity_status_id_default.rb
db/identities_migrate/20251212163532_create_user_identity_secret_statuses.rb
db/identities_migrate/20251212163533_add_user_identity_secret_status_to_user_identity_secrets.rb
db/identities_migrate/20251212163534_create_user_identity_passkey_statuses.rb
db/identities_migrate/20251212163535_create_user_identity_google_auth_statuses.rb
db/identities_migrate/20251212163536_create_user_identity_apple_auth_statuses.rb
db/identities_migrate/20251212163537_add_user_identity_passkey_status_to_user_identity_passkeys.rb
db/identities_migrate/20251212163538_add_user_identity_google_auth_status_to_user_google_auths.rb
db/identities_migrate/20251212163539_add_user_identity_apple_auth_status_to_user_apple_auths.rb
db/identities_migrate/20251212163540_rename_staff_identity_audit_event_to_status.rb
db/identities_migrate/20251212163541_update_staff_identity_audits_foreign_key.rb
db/identities_migrate/20251212163542_rename_user_identity_audit_event_to_status.rb
db/identities_migrate/20251212163543_consolidate_one_time_password.rb
db/identities_migrate/20251212163545_create_user_identity_one_time_password_statuses.rb
db/identities_migrate/20251212163546_insert_user_identity_one_time_password_statuses.rb
db/identities_migrate/20251212163547_set_default_user_identity_status.rb
db/identities_migrate/20251212163548_set_default_staff_identity_status.rb
db/identities_migrate/20251212163549_add_index_to_user_identity_one_time_password_status_id.rb
db/identities_migrate/20251213153719_rename_user_identity_audit_status_to_event.rb
db/identities_migrate/20251213153924_rename_staff_identity_audit_status_to_event.rb
db/identities_migrate/20251213154426_add_actor_type_to_user_identity_audit.rb
db/identities_migrate/20251213154735_add_actor_type_to_staff_identity_audit.rb
db/identities_migrate/20251213160233_remove_current_value_from_audits.rb
db/identities_migrate/20251214133800_change_user_id_to_uuid_in_user_identity_emails.rb
db/identities_migrate/20251214133950_change_user_id_to_uuid_in_other_tables.rb
db/identities_migrate/20251214134055_change_staff_id_to_uuid_in_staff_tables.rb
db/identities_migrate/20251214141739_add_name_to_user_identity_secrets.rb
db/identities_migrate/20251216131717_add_login_audit_events.rb
db/identities_migrate/20251216132111_add_login_audit_events_for_staff.rb
db/identities_migrate/20251218120010_enforce_user_identity_email_limit.rb
db/identities_migrate/20251218120011_enforce_user_identity_telephone_limit.rb
db/identities_migrate/20251218120012_enforce_user_identity_passkey_limit.rb
db/identities_migrate/20251218120013_enforce_user_identity_one_time_password_limit.rb
db/identities_migrate/20251218130510_enforce_staff_identity_email_limit.rb
db/identities_migrate/20251218130511_enforce_staff_identity_telephone_limit.rb
db/identities_migrate/20251218130512_enforce_staff_identity_passkey_limit.rb
db/identities_migrate/20251218141000_enforce_unique_user_oauths.rb
db/identities_migrate/20251218150000_create_user_memberships.rb
db/identities_migrate/20251220091500_rename_organizations_to_workspaces.rb
db/identities_migrate/20251220185352_add_omniauth_columns_to_user_identity_auths.rb
db/identities_migrate/20251221120000_rename_user_identity_social_auths.rb
db/identities_migrate/20251221121000_create_staff_identity_secret_statuses.rb
db/identities_migrate/20251221121100_create_staff_identity_secrets.rb
db/identities_migrate/20251221121101_rename_user_organizations_to_user_workspaces.rb
db/identities_migrate/20251221130000_change_user_identity_passkeys_webauthn_id_to_string.rb
db/identities_migrate/20251221133000_add_expires_at_to_identity_secrets.rb
db/identities_migrate/20251221134000_enforce_expires_at_on_user_identity_socials.rb
db/identities_migrate/20251222205830_create_user_identity_audit_levels.rb
db/identities_migrate/20251222212000_add_level_to_user_identity_audits.rb
db/identities_migrate/20251222213000_seed_user_identity_audit_levels.rb
db/identities_migrate/20251222215659_create_staff_identity_audit_levels.rb
db/identities_migrate/20251224122000_enforce_not_null_on_identity_columns.rb
db/identities_migrate/20251224123200_set_default_empty_string_on_identity_strings.rb
db/identities_migrate/20251224130000_set_default_infinity_for_withdrawn_at.rb
db/identities_migrate/20251224140100_enforce_not_null_on_identity_auth_columns.rb
db/identities_migrate/20251224152200_add_format_checks_to_identity_fk_ids.rb
db/identities_migrate/20251224154200_add_format_checks_to_identity_status_event_level_ids.rb
db/identities_migrate/20251224155900_add_check_constraint_to_role_assignments.rb
db/identities_migrate/20251224161000_christmas_identity_cleanup.rb
db/identities_migrate/20251224162000_add_defaults_to_identity_audits.rb
db/identities_migrate/20251224163000_add_defaults_to_roles.rb
db/identities_migrate/20251224164000_fix_defaults_and_constraints.rb
db/identities_migrate/20251224165000_relax_role_assignment_constraints.rb
db/identities_migrate/20251224170000_insert_none_status_for_totp.rb
db/identities_migrate/20251224171000_insert_dummy_identities.rb
db/identities_migrate/20251224172000_fix_audit_event_defaults.rb
db/identities_migrate/20251224173000_add_missing_indexes_to_identities.rb
db/identities_migrate/20251224173428_remove_redundant_indexes.rb
db/identities_migrate/20251224184759_add_primary_key_to_user_identity_one_time_passwords.rb
db/identities_migrate/20251224190000_add_uses_remaining_to_identity_secrets.rb
db/identities_migrate/20251224190010_add_expired_identity_secret_statuses.rb
db/identities_migrate/20251225000000_create_accounts.rb
db/identities_migrate/20251225183100_restore_identity_audit_tables.rb
db/identities_migrate/20251225200000_create_avatar_identity_master_tables.rb
db/identities_migrate/20251225200010_create_avatar_identity_core_tables.rb
db/identities_migrate/20251225213914_add_missing_indexes_for_identity_consistency.rb
db/identities_migrate/20251226000000_fix_identity_consistency.rb
db/identities_migrate/20251226013000_add_missing_foreign_key_to_user_identity_audits.rb
db/identities_migrate/20251226013001_seed_identity_audit_events_and_levels.rb
db/identities_migrate/20251226013002_seed_identity_reference_data.rb
db/identities_migrate/20251226020999_add_identity_indexes.rb
db/identities_migrate/20251227213255_create_avatar_assignments.rb
db/identities_migrate/20251227213326_add_lock_version_to_avatars.rb
db/identities_migrate/20251227223116_fix_identity_schema_consistency.rb
db/identities_migrate/20251227230020_add_index_to_user_identity_one_time_passwords_user_id.rb
db/identities_migrate/20251228000005_seed_identity_statuses.rb
db/identities_migrate/20251230010100_rename_none_to_neyo_in_identity_reference_data.rb
db/identities_migrate/20251230020000_set_public_id_defaults_and_seed_null_public_ids.rb
db/identities_migrate/20251230045000_seed_neyo_identity_statuses.rb
db/identities_migrate/20251230072105_seed_neyo_user_identity_passkey_status.rb
db/identities_migrate/20251230072230_ensure_identity_reference_ids.rb
db/identities_migrate/20251230072235_ensure_nil_user_for_fks.rb
db/identities_migrate/20251230072240_create_staff_identity_passkey_statuses.rb
db/identities_migrate/20251230072241_add_staff_identity_passkey_status_to_staff_identity_passkeys.rb
db/identities_migrate/20251230072242_add_test_seeder_identity_data.rb
db/identities_migrate/20251230072243_add_neyo_to_user_identity_statuses.rb
db/identities_migrate/20251230072244_add_active_to_user_identity_secret_statuses.rb
db/identities_migrate/20251230080020_seed_test_identity_reference_ids.rb
db/identities_migrate/20251230090000_seed_test_accounts.rb
db/identities_migrate/20251230092040_remove_description_from_identity_statuses.rb
db/identities_migrate/20251230092046_add_neyo_to_passkey_statuses.rb
db/identities_migrate/20251230092047_add_neyo_to_identity_status_tables.rb
db/identities_migrate/20251230092048_add_neyo_to_audit_levels.rb
db/identities_migrate/20251230093100_seed_user_identity_social_statuses.rb
db/identities_migrate/20251230103825_add_neyo_to_audit_events.rb
db/identities_migrate/20251230120000_remove_key_and_name_from_handle_statuses.rb
db/identities_migrate/20251230120001_add_non_existent_event_to_identity_audit_events.rb
db/identities_migrate/20251230121000_remove_key_and_name_from_identity_status_masters.rb
db/identities_migrate/20251230133000_rename_identity_status_columns_to_status_id.rb
db/identities_migrate/20251230140819_create_clients.rb
db/identities_migrate/20251230140828_create_admins.rb
db/identities_migrate/20251230145324_create_admin_identity_statuses.rb
db/identities_migrate/20251230145332_create_client_identity_statuses.rb
db/identities_migrate/20251230145339_add_status_id_to_admins.rb
db/identities_migrate/20251230145346_add_status_id_to_clients.rb
db/identities_migrate/20251230150000_create_staff_admins.rb
db/identities_migrate/20251230150010_create_user_clients.rb
db/identities_migrate/20251230150020_validate_staff_admin_foreign_keys.rb
db/identities_migrate/20251230150021_validate_user_client_foreign_keys.rb
db/identities_migrate/20251230160438_create_avatar_follows.rb
db/identities_migrate/20251230160439_validate_avatar_follow_foreign_keys.rb
db/identities_migrate/20251230160450_create_avatar_blocks.rb
db/identities_migrate/20251230160456_create_avatar_mutes.rb
db/identities_migrate/20251230170004_move_admin_reference_to_admins.rb
db/identities_migrate/20251230170005_add_user_id_to_clients.rb
db/identities_migrate/20251230170006_add_client_id_to_avatars.rb
db/identities_migrate/20251230170007_create_organization_statuses.rb
db/identities_migrate/20260102025200_validate_admin_staff_foreign_key.rb
db/identities_migrate/20260102025820_remove_parent_id_from_organization_statuses.rb
db/identities_migrate/20260102030012_rename_organizations_to_departments.rb
db/identities_migrate/20260102030316_create_division_statuses.rb
db/identities_migrate/20260102030339_create_divisions.rb
db/identities_migrate/20260102030400_validate_division_foreign_keys.rb
db/identities_migrate/20260102034808_remove_redundant_identity_indexes.rb
db/identities_migrate/20260102034858_add_not_null_to_admin_staff_id.rb
db/identities_migrate/20260102034859_validate_not_null_admin_staff_id.rb
db/identities_migrate/20260102034918_fix_primary_key_types.rb
db/identities_migrate/20260102035007_add_unique_indexes_for_identity_status_ids.rb
db/identities_migrate/20260102035038_fix_client_fk_behaviors.rb
db/identities_migrate/20260102035039_validate_client_fk_behaviors.rb
db/identities_migrate/20260102035128_add_missing_identity_foreign_keys.rb
db/identities_migrate/20260102035129_validate_missing_identity_foreign_keys.rb
db/identities_migrate/20260102035351_fix_database_consistency_identity.rb
db/identities_migrate/20260102061107_create_client_avatar_accesses.rb
db/identities_migrate/20260102061122_create_client_avatar_visibilities.rb
db/identities_migrate/20260102061128_create_client_avatar_oversights.rb
db/identities_migrate/20260102061135_create_client_avatar_extractions.rb
db/identities_migrate/20260102061142_create_client_avatar_impersonations.rb
db/identities_migrate/20260102061149_create_client_avatar_suspensions.rb
db/identities_migrate/20260102061155_create_client_avatar_deletions.rb
db/identities_migrate/20260102080241_create_user_client_discoveries.rb
db/identities_migrate/20260102080255_create_user_client_observations.rb
db/identities_migrate/20260102080302_create_user_client_revocations.rb
db/identities_migrate/20260102080308_create_user_client_impersonations.rb
db/identities_migrate/20260102080314_create_user_client_suspensions.rb
db/identities_migrate/20260102080321_create_user_client_deletions.rb
db/identities_migrate/20260102091045_insert_handle_statuses_reference_data.rb
db/identities_migrate/20260102091607_insert_avatar_moniker_statuses_reference_data.rb
db/identities_migrate/20260102100000_insert_user_identity_email_statuses_reference_data.rb
db/identities_migrate/20260102100001_insert_admin_identity_statuses_reference_data.rb
db/identities_migrate/20260102100006_insert_avatar_membership_statuses_reference_data.rb
db/identities_migrate/20260102100007_insert_avatar_ownership_statuses_reference_data.rb
db/identities_migrate/20260102100008_insert_client_identity_statuses_reference_data.rb
db/identities_migrate/20260102100012_insert_division_statuses_reference_data.rb
db/identities_migrate/20260102100015_insert_handle_assignment_statuses_reference_data.rb
db/identities_migrate/20260102100020_insert_post_review_statuses_reference_data.rb
db/identities_migrate/20260102100021_insert_staff_identity_email_statuses_reference_data.rb
db/identities_migrate/20260102100022_insert_staff_identity_passkey_statuses_reference_data.rb
db/identities_migrate/20260102100023_insert_staff_identity_secret_statuses_reference_data.rb
db/identities_migrate/20260102100024_insert_staff_identity_statuses_reference_data.rb
db/identities_migrate/20260102100025_insert_staff_identity_telephone_statuses_reference_data.rb
db/identities_migrate/20260102100028_insert_user_identity_one_time_password_statuses_reference_data.rb
db/identities_migrate/20260102100029_insert_user_identity_passkey_statuses_reference_data.rb
db/identities_migrate/20260102100030_insert_user_identity_secret_statuses_reference_data.rb
db/identities_migrate/20260102100031_insert_user_identity_social_apple_statuses_reference_data.rb
db/identities_migrate/20260102100032_insert_user_identity_social_google_statuses_reference_data.rb
db/identities_migrate/20260102100033_insert_user_identity_statuses_reference_data.rb
db/identities_migrate/20260102100034_insert_user_identity_telephone_statuses_reference_data.rb
db/identities_migrate/20260102100035_add_name_to_organizations_and_organization_to_divisions.rb
db/identities_migrate/20260102100036_add_division_to_clients.rb
db/identities_migrate/20260103050100_add_workspace_to_departments.rb
db/identities_migrate/20260103050101_validate_workspace_foreign_key_on_departments.rb
db/identities_migrate/20260103050110_add_department_to_admins.rb
db/identities_migrate/20260103050111_validate_department_foreign_key_on_admins.rb
db/identities_migrate/20260103052010_remove_workspace_from_admins.rb
db/identities_migrate/20260103053506_add_department_and_parent_to_workspaces.rb
db/identities_migrate/20260103053507_validate_workspace_department_and_parent_foreign_keys.rb
db/identities_migrate/20260103053759_create_workspace_statuses.rb
db/identities_migrate/20260103053810_add_workspace_status_to_workspaces.rb
db/identities_migrate/20260103053811_validate_workspace_status_foreign_key_on_workspaces.rb
db/identities_migrate/20260103053820_add_admin_to_workspaces.rb
db/identities_migrate/20260103053821_validate_admin_foreign_key_on_workspaces.rb
db/identities_migrate/20260103054520_add_organization_foreign_key_to_divisions.rb
db/identities_migrate/20260103054521_validate_organization_foreign_key_on_divisions.rb
db/identities_migrate/20260103062756_restore_workspaces_table.rb
db/identities_migrate/20260103062936_fix_user_membership_foreign_key.rb
db/identities_migrate/20260103120000_add_division_fk_to_clients.rb
db/profiles_migrate/20240627130203_create_extensions.rb
db/tokens_migrate/20240627130203_create_extensions.rb
db/tokens_migrate/20251208234932_create_user_tokens.rb
db/tokens_migrate/20251208235019_create_staff_tokens.rb
db/tokens_migrate/20251216130121_create_token_statuses.rb
db/tokens_migrate/20251218120020_enforce_user_token_limit.rb
db/tokens_migrate/20251218130520_enforce_staff_token_limit.rb
db/tokens_migrate/20251222220000_add_refresh_token_digest_to_tokens.rb
db/tokens_migrate/20251222221000_add_public_id_to_tokens.rb
db/tokens_migrate/20251222223000_add_refresh_fields_to_tokens.rb
db/tokens_migrate/20251224123500_set_default_empty_string_on_token_public_ids.rb
db/tokens_migrate/20251224152300_add_format_checks_to_token_fk_ids.rb
db/tokens_migrate/20251224154400_add_format_checks_to_token_status_ids.rb
db/tokens_migrate/20251224163000_change_refresh_token_digest_to_bytea.rb
db/tokens_migrate/20251224173000_add_missing_indexes_to_tokens.rb
db/tokens_migrate/20251227224336_fix_token_consistency.rb
db/tokens_migrate/20251228000004_seed_token_statuses.rb
db/tokens_migrate/20251228054814_insert_token_statuses.rb
db/tokens_migrate/20251230010000_rename_none_to_neyo_in_token_statuses.rb
db/tokens_migrate/20251230031040_ensure_neyo_in_token_statuses.rb
db/tokens_migrate/20251230050000_set_empty_default_for_token_status_ids.rb
db/tokens_migrate/20251230070000_remove_empty_token_status_ids.rb
db/tokens_migrate/20251230072215_ensure_neyo_token_statuses.rb
db/tokens_migrate/20251230080030_seed_test_token_reference_ids.rb
db/tokens_migrate/20251230090010_seed_test_tokens.rb
db/tokens_migrate/20251230090011_add_neyo_to_token_statuses.rb
db/tokens_migrate/20251230090012_add_active_status_to_token_statuses.rb
db/tokens_migrate/20251230120000_seed_required_token_statuses.rb
db/tokens_migrate/20260102100026_insert_staff_token_statuses_reference_data.rb
db/tokens_migrate/20260102100036_insert_user_token_statuses_reference_data.rb
db/notifications_migrate/20251222230508_create_staff_notifications.rb
db/notifications_migrate/20251222230523_create_user_notifications.rb
db/notifications_migrate/20251224140500_enforce_not_null_on_notification_columns.rb
db/notifications_migrate/20251227223048_fix_notification_consistency.rb
db/notifications_migrate/20251230195500_create_admin_notifications.rb
db/notifications_migrate/20251230202300_create_client_notifications.rb
db/notifications_migrate/20260102035126_add_missing_notification_foreign_keys.rb
db/notifications_migrate/20260102035127_validate_missing_notification_foreign_keys.rb
db/notifications_migrate/20260102035354_fix_database_consistency_notification.rb
db/specialities_migrate/20240627130203_create_extensions.rb
db/specialities_migrate/20250512122515_create_personas.rb
db/specialities_migrate/20250512172856_create_active_storage_tables.active_storage.rb
db/specialities_migrate/20251225210001_simplify_occurrence_column_names.rb
db/caches_migrate/20251217000000_create_solid_cache_entries.rb
db/queues_migrate/20251220094000_create_solid_queue_schema.rb
db/documents_migrate/20251226000000_rebuild_com_documents.rb
db/documents_migrate/20251226000001_create_com_document_versions.rb
db/documents_migrate/20251226000002_rebuild_app_documents.rb
db/documents_migrate/20251226000003_rebuild_org_documents.rb
db/documents_migrate/20251226000004_create_app_document_versions.rb
db/documents_migrate/20251226000005_create_org_document_versions.rb
db/documents_migrate/20251226030000_add_public_id_to_document_versions.rb
db/documents_migrate/20251226032126_create_missing_status_tables.rb
db/documents_migrate/20251226032127_add_status_id_to_app_documents.rb
db/documents_migrate/20251226032128_add_status_id_to_com_documents.rb
db/documents_migrate/20251226032129_add_status_id_to_org_documents.rb
db/documents_migrate/20251227101027_remove_permalink_from_app_documents.rb
db/documents_migrate/20251227204311_create_org_document_tags.rb
db/documents_migrate/20251227204342_create_org_document_taggers.rb
db/documents_migrate/20251227205007_create_org_document_categories.rb
db/documents_migrate/20251227205748_drop_org_document_categories.rb
db/documents_migrate/20251227205804_create_org_document_category_masters.rb
db/documents_migrate/20251227205831_create_org_document_categories_as_join_table.rb
db/documents_migrate/20251227210341_rename_org_document_tag_tables.rb
db/documents_migrate/20251227210807_add_parent_id_to_org_document_category_masters.rb
db/documents_migrate/20251227211208_create_app_document_tag_masters.rb
db/documents_migrate/20251227211230_create_app_document_tags.rb
db/documents_migrate/20251227211234_create_app_document_category_masters.rb
db/documents_migrate/20251227211238_create_app_document_categories.rb
db/documents_migrate/20251227211247_create_com_document_tag_masters.rb
db/documents_migrate/20251227211251_create_com_document_tags.rb
db/documents_migrate/20251227211255_create_com_document_category_masters.rb
db/documents_migrate/20251227211258_create_com_document_categories.rb
db/documents_migrate/20251227223038_fix_document_consistency.rb
db/documents_migrate/20251227223617_fix_document_f_ks.rb
db/documents_migrate/20251227230010_remove_redundant_document_indexes.rb
db/documents_migrate/20251228000002_seed_document_statuses.rb
db/documents_migrate/20251228054815_insert_document_statuses.rb
db/documents_migrate/20251228060000_rename_document_status_default_none_to_neyo.rb
db/documents_migrate/20251230031010_replace_none_with_neyo_in_document_statuses.rb
db/documents_migrate/20251230040000_set_parent_id_neyo_on_app_document_category_masters.rb
db/documents_migrate/20251230040100_set_app_document_status_id_default_to_neyo.rb
db/documents_migrate/20251230072210_ensure_neyo_org_document_status.rb
db/documents_migrate/20251230072220_ensure_neyo_document_statuses.rb
db/documents_migrate/20251230072221_add_test_seeder_document_data.rb
db/documents_migrate/20251230080040_seed_test_document_reference_ids.rb
db/documents_migrate/20251230080041_add_neyo_to_document_master_tables.rb
db/documents_migrate/20251230080042_add_public_id_to_documents.rb
db/documents_migrate/20251230080043_remove_active_from_document_statuses.rb
db/documents_migrate/20251230080044_remove_description_from_document_statuses.rb
db/documents_migrate/20251230120100_add_permalink_and_revision_key_to_documents.rb
db/documents_migrate/20251230120101_add_required_document_statuses.rb
db/documents_migrate/20251230121000_clear_permalink_and_revision_key_on_documents.rb
db/documents_migrate/20251230122000_remove_position_from_document_statuses.rb
db/documents_migrate/20251230123010_clear_permalink_and_revision_key_on_app_documents.rb
db/documents_migrate/20251230123012_clear_permalink_and_revision_key_on_com_documents.rb
db/documents_migrate/20251230123013_clear_permalink_and_revision_key_on_org_documents.rb
db/documents_migrate/20260102035006_add_unique_indexes_for_document_master_ids.rb
db/documents_migrate/20260102035400_fix_database_consistency_document.rb
db/documents_migrate/20260102100003_insert_app_document_statuses_reference_data.rb
db/documents_migrate/20260102100010_insert_com_document_statuses_reference_data.rb
db/documents_migrate/20260102100018_insert_org_document_statuses_reference_data.rb
db/news_migrate/20251226000006_rebuild_app_timelines.rb
db/news_migrate/20251226000007_rebuild_com_timelines.rb
db/news_migrate/20251226000008_rebuild_org_timelines.rb
db/news_migrate/20251226000009_create_app_timeline_versions.rb
db/news_migrate/20251226000010_create_com_timeline_versions.rb
db/news_migrate/20251226000011_create_org_timeline_versions.rb
db/news_migrate/20251226030000_add_public_id_to_timeline_versions.rb
db/news_migrate/20251226032127_create_missing_status_tables.rb
db/news_migrate/20251226032128_add_status_id_to_app_timelines.rb
db/news_migrate/20251226032129_add_status_id_to_com_timelines.rb
db/news_migrate/20251226032130_add_status_id_to_org_timelines.rb
db/news_migrate/20251227211941_create_org_timeline_tag_masters.rb
db/news_migrate/20251227212223_create_org_timeline_tags.rb
db/news_migrate/20251227212246_create_org_timeline_category_masters.rb
db/news_migrate/20251227212309_create_org_timeline_categories.rb
db/news_migrate/20251227212336_create_app_timeline_tag_masters.rb
db/news_migrate/20251227212339_create_app_timeline_tags.rb
db/news_migrate/20251227212343_create_app_timeline_category_masters.rb
db/news_migrate/20251227212346_create_app_timeline_categories.rb
db/news_migrate/20251227212445_create_com_timeline_tag_masters.rb
db/news_migrate/20251227212448_create_com_timeline_tags.rb
db/news_migrate/20251227212452_create_com_timeline_category_masters.rb
db/news_migrate/20251227212456_create_com_timeline_categories.rb
db/news_migrate/20251227223036_fix_news_consistency.rb
db/news_migrate/20251227230000_remove_redundant_timeline_indexes.rb
db/news_migrate/20251228000003_seed_news_statuses.rb
db/news_migrate/20251230031000_replace_none_with_neyo_in_timeline_statuses.rb
db/news_migrate/20251230031001_add_test_seeder_news_data.rb
db/news_migrate/20251230031002_add_neyo_to_app_timeline_statuses.rb
db/news_migrate/20251230080050_seed_test_timeline_reference_ids.rb
db/news_migrate/20251230080051_add_neyo_to_news_master_tables.rb
db/news_migrate/20251230080052_add_public_id_to_timelines.rb
db/news_migrate/20251230080053_remove_active_from_timeline_statuses.rb
db/news_migrate/20251230080054_remove_description_from_timeline_statuses.rb
db/news_migrate/20251230080055_remove_revision_key_from_timelines.rb
db/news_migrate/20251230080056_remove_permalink_from_timelines.rb
db/news_migrate/20251230121010_clear_permalink_and_revision_key_on_timelines.rb
db/news_migrate/20251230123000_remove_position_from_timeline_statuses.rb
db/news_migrate/20251230123011_clear_permalink_and_revision_key_on_app_timelines.rb
db/news_migrate/20251230123014_clear_permalink_and_revision_key_on_com_timelines.rb
db/news_migrate/20251230123015_clear_permalink_and_revision_key_on_org_timelines.rb
db/news_migrate/20260102035005_add_unique_indexes_for_timeline_master_ids.rb
db/news_migrate/20260102035403_fix_database_consistency_news.rb
db/news_migrate/20260102100004_insert_app_timeline_statuses_reference_data.rb
db/news_migrate/20260102100011_insert_com_timeline_statuses_reference_data.rb
db/news_migrate/20260102100019_insert_org_timeline_statuses_reference_data.rb
db/billing_migrate/20251225230629_create_billing_stripe_events.rb
db/messages_migrate/20251222230402_create_staff_messages.rb
db/messages_migrate/20251222231303_create_user_messages.rb
db/messages_migrate/20251227223046_fix_message_consistency.rb
db/messages_migrate/20251230203300_create_client_messages.rb
db/messages_migrate/20251230204800_create_admin_messages.rb
db/messages_migrate/20260102034859_add_not_null_to_user_messages_user_id.rb
db/messages_migrate/20260102034900_validate_not_null_user_messages_user_id.rb
db/messages_migrate/20260102035127_add_missing_message_foreign_keys.rb
db/messages_migrate/20260102035128_validate_missing_message_foreign_keys.rb
db/messages_migrate/20260102035357_fix_database_consistency_message.rb
db/universals_migrate/20240627130203_create_extensions.rb
db/universals_migrate/20251219082728_create_email_occurrences.rb
db/universals_migrate/20251219084023_create_ip_occurrences.rb
db/universals_migrate/20251219084256_create_telephone_occurrences.rb
db/universals_migrate/20251219084304_create_zip_occurrences.rb
db/universals_migrate/20251219084310_create_area_occurrences.rb
db/universals_migrate/20251219084315_create_domain_occurrences.rb
db/universals_migrate/20251219085407_create_area_occurrence_statuses.rb
db/universals_migrate/20251219085411_create_email_occurrence_statuses.rb
db/universals_migrate/20251219085414_create_ip_occurrence_statuses.rb
db/universals_migrate/20251219085418_create_telephone_occurrence_statuses.rb
db/universals_migrate/20251219085421_create_zip_occurrence_statuses.rb
db/universals_migrate/20251219090204_create_domain_occurrence_statuses.rb
db/universals_migrate/20251219093000_create_occurrence_constraints.rb
db/universals_migrate/20251220100000_rename_domain_occurrence_tables.rb
db/universals_migrate/20251221140000_create_user_occurrence_statuses.rb
db/universals_migrate/20251221140001_create_user_occurrences.rb
db/universals_migrate/20251221140002_create_staff_occurrence_statuses.rb
db/universals_migrate/20251221140003_create_staff_occurrences.rb
db/universals_migrate/20251221140004_add_user_staff_occurrence_constraints.rb
db/universals_migrate/20251221143000_add_expires_at_to_zip_and_staff_occurrences.rb
db/universals_migrate/20251221144000_add_expires_at_to_all_occurrences.rb
db/universals_migrate/20251221145000_add_expires_at_to_occurrence_statuses.rb
db/universals_migrate/20251224123600_set_default_empty_string_on_universal_strings.rb
db/universals_migrate/20251224140000_enforce_not_null_on_universal_memo_columns.rb
db/universals_migrate/20251224154300_add_format_checks_to_universal_status_ids.rb
db/universals_migrate/20251224160100_set_default_none_on_occurrence_status_ids.rb
db/universals_migrate/20251224173000_add_missing_indexes_to_universals.rb
db/universals_migrate/20251225004325_create_area_domain_occurrences.rb
db/universals_migrate/20251225004919_create_area_email_occurrences.rb
db/universals_migrate/20251225004932_create_area_ip_occurrences.rb
db/universals_migrate/20251225004938_create_area_staff_occurrences.rb
db/universals_migrate/20251225004944_create_area_telephone_occurrences.rb
db/universals_migrate/20251225004951_create_area_user_occurrences.rb
db/universals_migrate/20251225004958_create_area_zip_occurrences.rb
db/universals_migrate/20251225005004_create_domain_email_occurrences.rb
db/universals_migrate/20251225005010_create_domain_ip_occurrences.rb
db/universals_migrate/20251225005017_create_domain_staff_occurrences.rb
db/universals_migrate/20251225005023_create_domain_telephone_occurrences.rb
db/universals_migrate/20251225005029_create_domain_user_occurrences.rb
db/universals_migrate/20251225005035_create_domain_zip_occurrences.rb
db/universals_migrate/20251225005042_create_email_ip_occurrences.rb
db/universals_migrate/20251225005048_create_email_staff_occurrences.rb
db/universals_migrate/20251225005054_create_email_telephone_occurrences.rb
db/universals_migrate/20251225005100_create_email_user_occurrences.rb
db/universals_migrate/20251225005107_create_email_zip_occurrences.rb
db/universals_migrate/20251225005114_create_ip_staff_occurrences.rb
db/universals_migrate/20251225005120_create_ip_telephone_occurrences.rb
db/universals_migrate/20251225005126_create_ip_user_occurrences.rb
db/universals_migrate/20251225005133_create_ip_zip_occurrences.rb
db/universals_migrate/20251225005139_create_staff_telephone_occurrences.rb
db/universals_migrate/20251225005146_create_staff_user_occurrences.rb
db/universals_migrate/20251225005152_create_staff_zip_occurrences.rb
db/universals_migrate/20251225005159_create_telephone_user_occurrences.rb
db/universals_migrate/20251225005205_create_telephone_zip_occurrences.rb
db/universals_migrate/20251225005212_create_user_zip_occurrences.rb
db/universals_migrate/20251225183919_create_universal_audit_tables.rb
db/universals_migrate/20251225224130_seed_identity_audit_events_and_levels.rb
db/universals_migrate/20251226012656_seed_universal_reference_data.rb
db/universals_migrate/20251226020813_add_universal_indexes_and_fks.rb
db/universals_migrate/20251227223044_fix_universal_consistency.rb
db/universals_migrate/20251227224333_fix_universal_missing_indexes.rb
db/universals_migrate/20251228000006_seed_universal_constants.rb
db/universals_migrate/20251230010200_rename_none_to_neyo_in_universal_reference_data.rb
db/universals_migrate/20251230031020_replace_none_with_neyo_in_occurrence_statuses.rb
db/universals_migrate/20251230050000_standardize_defaults_in_universals.rb
db/universals_migrate/20251230072205_ensure_occurrence_statuses.rb
db/universals_migrate/20251230072206_add_test_seeder_universal_data.rb
db/universals_migrate/20251230080010_seed_test_reference_ids_in_universals.rb
db/universals_migrate/20251230080011_add_neyo_to_identity_audit_refs.rb
db/universals_migrate/20251230080012_remove_expires_at_from_occurrence_statuses.rb
db/universals_migrate/20251230080013_add_neyo_to_area_occurrence_statuses.rb
db/universals_migrate/20251230093000_seed_staff_identity_audit_events.rb
db/universals_migrate/20251230124000_add_non_existent_event_to_user_identity_audit_events.rb
db/universals_migrate/20260102100005_insert_area_occurrence_statuses_reference_data.rb
db/universals_migrate/20260102100013_insert_domain_occurrence_statuses_reference_data.rb
db/universals_migrate/20260102100014_insert_email_occurrence_statuses_reference_data.rb
db/universals_migrate/20260102100016_insert_ip_occurrence_statuses_reference_data.rb
db/universals_migrate/20260102100027_insert_telephone_occurrence_statuses_reference_data.rb
db/universals_migrate/20260102100035_insert_user_occurrence_statuses_reference_data.rb
db/universals_migrate/20260102100037_insert_zip_occurrence_statuses_reference_data.rb
db/universals_migrate/20260102111602_remove_timestamps_from_audit_reference_tables.rbStopped processing SimpleCov as a previous error not related to SimpleCov has been detected

Coverage report generated for Minitest to /home/jit/workspace/coverage.
Line Coverage: 0.0% (0 / 10620)
