≈ tailwindcss v4.1.18

Done in 92ms
Run options: --seed 9675

# Running:

.E

Error:
Core::Org::Configuration::RootsControllerTest#test_returns_success_when_refresh_token_is_valid:
NameError: uninitialized constant Preference::Core::CookieOptions
    app/controllers/concerns/preference/base.rb:1096:in 'Preference::Base#preference_cookie_options'
    app/controllers/concerns/preference/base.rb:971:in 'Preference::Base#preference_auth_cookie_options'
    app/controllers/concerns/preference/base.rb:940:in 'Preference::Base#set_refresh_token_cookie'
    app/controllers/concerns/preference/base.rb:762:in 'Preference::Base#create_new_preference_record!'
    app/controllers/concerns/preference/base.rb:721:in 'Preference::Base#load_preference_record_from_refresh_token!'
    app/controllers/concerns/preference/base.rb:217:in 'Preference::Base#set_preferences_cookie'
    app/middleware/core/surface_middleware.rb:12:in 'Core::SurfaceMiddleware#call'
    test/controllers/core/org/configuration/roots_controller_test.rb:25:in 'block in <class:RootsControllerTest>'
    test/support/i18n_locale_reset.rb:11:in 'block in ActiveSupport::TestCase#run'
    test/support/i18n_locale_reset.rb:10:in 'ActiveSupport::TestCase#run'

bin/rails test test/controllers/core/org/configuration/roots_controller_test.rb:21

................................................E

Error:
Core::Org::Edge::V1::HealthsControllerTest#test_returns_success_for_explicit_html_format:
NameError: uninitialized constant Preference::Core::CookieOptions
    app/controllers/concerns/preference/base.rb:1096:in 'Preference::Base#preference_cookie_options'
    app/controllers/concerns/preference/base.rb:971:in 'Preference::Base#preference_auth_cookie_options'
    app/controllers/concerns/preference/base.rb:940:in 'Preference::Base#set_refresh_token_cookie'
    app/controllers/concerns/preference/base.rb:762:in 'Preference::Base#create_new_preference_record!'
    app/controllers/concerns/preference/base.rb:721:in 'Preference::Base#load_preference_record_from_refresh_token!'
    app/controllers/concerns/preference/base.rb:217:in 'Preference::Base#set_preferences_cookie'
    app/middleware/core/surface_middleware.rb:12:in 'Core::SurfaceMiddleware#call'
    test/controllers/core/org/edge/v1/healths_controller_test.rb:18:in 'block in <class:HealthsControllerTest>'
    test/support/i18n_locale_reset.rb:11:in 'block in ActiveSupport::TestCase#run'
    test/support/i18n_locale_reset.rb:10:in 'ActiveSupport::TestCase#run'

bin/rails test test/controllers/core/org/edge/v1/healths_controller_test.rb:17

E

Error:
Core::Org::Edge::V1::HealthsControllerTest#test_raises_error_for_unsupported_yaml_format:
NameError: uninitialized constant Preference::Core::CookieOptions
    app/controllers/concerns/preference/base.rb:1096:in 'Preference::Base#preference_cookie_options'
    app/controllers/concerns/preference/base.rb:971:in 'Preference::Base#preference_auth_cookie_options'
    app/controllers/concerns/preference/base.rb:940:in 'Preference::Base#set_refresh_token_cookie'
    app/controllers/concerns/preference/base.rb:762:in 'Preference::Base#create_new_preference_record!'
    app/controllers/concerns/preference/base.rb:721:in 'Preference::Base#load_preference_record_from_refresh_token!'
    app/controllers/concerns/preference/base.rb:217:in 'Preference::Base#set_preferences_cookie'
    app/middleware/core/surface_middleware.rb:12:in 'Core::SurfaceMiddleware#call'
    test/controllers/core/org/edge/v1/healths_controller_test.rb:32:in 'block in <class:HealthsControllerTest>'
    test/support/i18n_locale_reset.rb:11:in 'block in ActiveSupport::TestCase#run'
    test/support/i18n_locale_reset.rb:10:in 'ActiveSupport::TestCase#run'

bin/rails test test/controllers/core/org/edge/v1/healths_controller_test.rb:31

E

Error:
Core::Org::Edge::V1::HealthsControllerTest#test_returns_success_for_default_format:
NameError: uninitialized constant Preference::Core::CookieOptions
    app/controllers/concerns/preference/base.rb:1096:in 'Preference::Base#preference_cookie_options'
    app/controllers/concerns/preference/base.rb:971:in 'Preference::Base#preference_auth_cookie_options'
    app/controllers/concerns/preference/base.rb:940:in 'Preference::Base#set_refresh_token_cookie'
    app/controllers/concerns/preference/base.rb:762:in 'Preference::Base#create_new_preference_record!'
    app/controllers/concerns/preference/base.rb:721:in 'Preference::Base#load_preference_record_from_refresh_token!'
    app/controllers/concerns/preference/base.rb:217:in 'Preference::Base#set_preferences_cookie'
    app/middleware/core/surface_middleware.rb:12:in 'Core::SurfaceMiddleware#call'
    test/controllers/core/org/edge/v1/healths_controller_test.rb:11:in 'block in <class:HealthsControllerTest>'
    test/support/i18n_locale_reset.rb:11:in 'block in ActiveSupport::TestCase#run'
    test/support/i18n_locale_reset.rb:10:in 'ActiveSupport::TestCase#run'

bin/rails test test/controllers/core/org/edge/v1/healths_controller_test.rb:10

E

Error:
Core::Org::Edge::V1::HealthsControllerTest#test_returns_OK_status_payload_for_json_format:
NameError: uninitialized constant Preference::Core::CookieOptions
    app/controllers/concerns/preference/base.rb:1096:in 'Preference::Base#preference_cookie_options'
    app/controllers/concerns/preference/base.rb:971:in 'Preference::Base#preference_auth_cookie_options'
    app/controllers/concerns/preference/base.rb:940:in 'Preference::Base#set_refresh_token_cookie'
    app/controllers/concerns/preference/base.rb:762:in 'Preference::Base#create_new_preference_record!'
    app/controllers/concerns/preference/base.rb:721:in 'Preference::Base#load_preference_record_from_refresh_token!'
    app/controllers/concerns/preference/base.rb:217:in 'Preference::Base#set_preferences_cookie'
    app/middleware/core/surface_middleware.rb:12:in 'Core::SurfaceMiddleware#call'
    test/controllers/core/org/edge/v1/healths_controller_test.rb:25:in 'block in <class:HealthsControllerTest>'
    test/support/i18n_locale_reset.rb:11:in 'block in ActiveSupport::TestCase#run'
    test/support/i18n_locale_reset.rb:10:in 'ActiveSupport::TestCase#run'

bin/rails test test/controllers/core/org/edge/v1/healths_controller_test.rb:24

E

Error:
Core::Org::Edge::V1::HealthsControllerTest#test_should_accept_both_success_and_redirect_responses:
NameError: uninitialized constant Preference::Core::CookieOptions
    app/controllers/concerns/preference/base.rb:1096:in 'Preference::Base#preference_cookie_options'
    app/controllers/concerns/preference/base.rb:971:in 'Preference::Base#preference_auth_cookie_options'
    app/controllers/concerns/preference/base.rb:940:in 'Preference::Base#set_refresh_token_cookie'
    app/controllers/concerns/preference/base.rb:762:in 'Preference::Base#create_new_preference_record!'
    app/controllers/concerns/preference/base.rb:721:in 'Preference::Base#load_preference_record_from_refresh_token!'
    app/controllers/concerns/preference/base.rb:217:in 'Preference::Base#set_preferences_cookie'
    app/middleware/core/surface_middleware.rb:12:in 'Core::SurfaceMiddleware#call'
    test/controllers/core/org/edge/v1/healths_controller_test.rb:50:in 'block in <class:HealthsControllerTest>'
    test/support/i18n_locale_reset.rb:11:in 'block in ActiveSupport::TestCase#run'
    test/support/i18n_locale_reset.rb:10:in 'ActiveSupport::TestCase#run'

bin/rails test test/controllers/core/org/edge/v1/healths_controller_test.rb:49

E

Error:
Core::Org::Edge::V1::HealthsControllerTest#test_should_handle_redirect_if_response_is_redirect:
NameError: uninitialized constant Preference::Core::CookieOptions
    app/controllers/concerns/preference/base.rb:1096:in 'Preference::Base#preference_cookie_options'
    app/controllers/concerns/preference/base.rb:971:in 'Preference::Base#preference_auth_cookie_options'
    app/controllers/concerns/preference/base.rb:940:in 'Preference::Base#set_refresh_token_cookie'
    app/controllers/concerns/preference/base.rb:762:in 'Preference::Base#create_new_preference_record!'
    app/controllers/concerns/preference/base.rb:721:in 'Preference::Base#load_preference_record_from_refresh_token!'
    app/controllers/concerns/preference/base.rb:217:in 'Preference::Base#set_preferences_cookie'
    app/middleware/core/surface_middleware.rb:12:in 'Core::SurfaceMiddleware#call'
    test/controllers/core/org/edge/v1/healths_controller_test.rb:39:in 'block in <class:HealthsControllerTest>'
    test/support/i18n_locale_reset.rb:11:in 'block in ActiveSupport::TestCase#run'
    test/support/i18n_locale_reset.rb:10:in 'ActiveSupport::TestCase#run'

bin/rails test test/controllers/core/org/edge/v1/healths_controller_test.rb:38

.....E

Error:
OmniauthCallbacksTest#test_apple_social_login_with_MFA_enabled_does_not_require_additional_MFA_challenge:
NameError: uninitialized constant Preference::Core::CookieOptions
    app/controllers/concerns/preference/base.rb:1096:in 'Preference::Base#preference_cookie_options'
    app/controllers/concerns/preference/base.rb:971:in 'Preference::Base#preference_auth_cookie_options'
    app/controllers/concerns/preference/base.rb:940:in 'Preference::Base#set_refresh_token_cookie'
    app/controllers/concerns/preference/base.rb:762:in 'Preference::Base#create_new_preference_record!'
    app/controllers/concerns/preference/base.rb:721:in 'Preference::Base#load_preference_record_from_refresh_token!'
    app/controllers/concerns/preference/base.rb:217:in 'Preference::Base#set_preferences_cookie'
    app/middleware/core/surface_middleware.rb:12:in 'Core::SurfaceMiddleware#call'
    test/integration/omniauth_callbacks_test.rb:102:in 'block in <class:OmniauthCallbacksTest>'
    test/support/i18n_locale_reset.rb:11:in 'block in ActiveSupport::TestCase#run'
    test/support/i18n_locale_reset.rb:10:in 'ActiveSupport::TestCase#run'

bin/rails test test/integration/omniauth_callbacks_test.rb:73

E

Error:
OmniauthCallbacksTest#test_social_login_with_MFA_enabled_does_not_require_additional_MFA_challenge:
NameError: uninitialized constant Preference::Core::CookieOptions
    app/controllers/concerns/preference/base.rb:1096:in 'Preference::Base#preference_cookie_options'
    app/controllers/concerns/preference/base.rb:971:in 'Preference::Base#preference_auth_cookie_options'
    app/controllers/concerns/preference/base.rb:940:in 'Preference::Base#set_refresh_token_cookie'
    app/controllers/concerns/preference/base.rb:762:in 'Preference::Base#create_new_preference_record!'
    app/controllers/concerns/preference/base.rb:721:in 'Preference::Base#load_preference_record_from_refresh_token!'
    app/controllers/concerns/preference/base.rb:217:in 'Preference::Base#set_preferences_cookie'
    app/middleware/core/surface_middleware.rb:12:in 'Core::SurfaceMiddleware#call'
    test/integration/omniauth_callbacks_test.rb:177:in 'block in <class:OmniauthCallbacksTest>'
    test/support/i18n_locale_reset.rb:11:in 'block in ActiveSupport::TestCase#run'
    test/support/i18n_locale_reset.rb:10:in 'ActiveSupport::TestCase#run'

bin/rails test test/integration/omniauth_callbacks_test.rb:145

E

Error:
OmniauthCallbacksTest#test_should_sign_in_with_Apple:
NameError: uninitialized constant Preference::Core::CookieOptions
    app/controllers/concerns/preference/base.rb:1096:in 'Preference::Base#preference_cookie_options'
    app/controllers/concerns/preference/base.rb:971:in 'Preference::Base#preference_auth_cookie_options'
    app/controllers/concerns/preference/base.rb:940:in 'Preference::Base#set_refresh_token_cookie'
    app/controllers/concerns/preference/base.rb:762:in 'Preference::Base#create_new_preference_record!'
    app/controllers/concerns/preference/base.rb:721:in 'Preference::Base#load_preference_record_from_refresh_token!'
    app/controllers/concerns/preference/base.rb:217:in 'Preference::Base#set_preferences_cookie'
    app/middleware/core/surface_middleware.rb:12:in 'Core::SurfaceMiddleware#call'
    test/integration/omniauth_callbacks_test.rb:64:in 'block in <class:OmniauthCallbacksTest>'
    test/support/i18n_locale_reset.rb:11:in 'block in ActiveSupport::TestCase#run'
    test/support/i18n_locale_reset.rb:10:in 'ActiveSupport::TestCase#run'

bin/rails test test/integration/omniauth_callbacks_test.rb:50

E

Error:
OmniauthCallbacksTest#test_google_login_with_session_limit_exceeded_redirects_to_session_management:
NameError: uninitialized constant Preference::Core::CookieOptions
    app/controllers/concerns/preference/base.rb:1096:in 'Preference::Base#preference_cookie_options'
    app/controllers/concerns/preference/base.rb:971:in 'Preference::Base#preference_auth_cookie_options'
    app/controllers/concerns/preference/base.rb:940:in 'Preference::Base#set_refresh_token_cookie'
    app/controllers/concerns/preference/base.rb:762:in 'Preference::Base#create_new_preference_record!'
    app/controllers/concerns/preference/base.rb:721:in 'Preference::Base#load_preference_record_from_refresh_token!'
    app/controllers/concerns/preference/base.rb:217:in 'Preference::Base#set_preferences_cookie'
    app/middleware/core/surface_middleware.rb:12:in 'Core::SurfaceMiddleware#call'
    test/integration/omniauth_callbacks_test.rb:243:in 'block in <class:OmniauthCallbacksTest>'
    test/support/i18n_locale_reset.rb:11:in 'block in ActiveSupport::TestCase#run'
    test/support/i18n_locale_reset.rb:10:in 'ActiveSupport::TestCase#run'

bin/rails test test/integration/omniauth_callbacks_test.rb:211

E

Error:
OmniauthCallbacksTest#test_google_login_with_missing_user_token_kind_does_not_crash_callback:
NameError: uninitialized constant Preference::Core::CookieOptions
    app/controllers/concerns/preference/base.rb:1096:in 'Preference::Base#preference_cookie_options'
    app/controllers/concerns/preference/base.rb:971:in 'Preference::Base#preference_auth_cookie_options'
    app/controllers/concerns/preference/base.rb:940:in 'Preference::Base#set_refresh_token_cookie'
    app/controllers/concerns/preference/base.rb:762:in 'Preference::Base#create_new_preference_record!'
    app/controllers/concerns/preference/base.rb:721:in 'Preference::Base#load_preference_record_from_refresh_token!'
    app/controllers/concerns/preference/base.rb:217:in 'Preference::Base#set_preferences_cookie'
    app/middleware/core/surface_middleware.rb:12:in 'Core::SurfaceMiddleware#call'
    test/integration/omniauth_callbacks_test.rb:204:in 'block in <class:OmniauthCallbacksTest>'
    test/support/i18n_locale_reset.rb:11:in 'block in ActiveSupport::TestCase#run'
    test/support/i18n_locale_reset.rb:10:in 'ActiveSupport::TestCase#run'

bin/rails test test/integration/omniauth_callbacks_test.rb:185

E

Error:
OmniauthCallbacksTest#test_should_sign_in_with_Google:
NameError: uninitialized constant Preference::Core::CookieOptions
    app/controllers/concerns/preference/base.rb:1096:in 'Preference::Base#preference_cookie_options'
    app/controllers/concerns/preference/base.rb:971:in 'Preference::Base#preference_auth_cookie_options'
    app/controllers/concerns/preference/base.rb:940:in 'Preference::Base#set_refresh_token_cookie'
    app/controllers/concerns/preference/base.rb:762:in 'Preference::Base#create_new_preference_record!'
    app/controllers/concerns/preference/base.rb:721:in 'Preference::Base#load_preference_record_from_refresh_token!'
    app/controllers/concerns/preference/base.rb:217:in 'Preference::Base#set_preferences_cookie'
    app/middleware/core/surface_middleware.rb:12:in 'Core::SurfaceMiddleware#call'
    test/integration/omniauth_callbacks_test.rb:40:in 'block in <class:OmniauthCallbacksTest>'
    test/support/i18n_locale_reset.rb:11:in 'block in ActiveSupport::TestCase#run'
    test/support/i18n_locale_reset.rb:10:in 'ActiveSupport::TestCase#run'

bin/rails test test/integration/omniauth_callbacks_test.rb:23

E

Error:
OmniauthCallbacksTest#test_should_sign_in_with_existing_Google_user:
NameError: uninitialized constant Preference::Core::CookieOptions
    app/controllers/concerns/preference/base.rb:1096:in 'Preference::Base#preference_cookie_options'
    app/controllers/concerns/preference/base.rb:971:in 'Preference::Base#preference_auth_cookie_options'
    app/controllers/concerns/preference/base.rb:940:in 'Preference::Base#set_refresh_token_cookie'
    app/controllers/concerns/preference/base.rb:762:in 'Preference::Base#create_new_preference_record!'
    app/controllers/concerns/preference/base.rb:721:in 'Preference::Base#load_preference_record_from_refresh_token!'
    app/controllers/concerns/preference/base.rb:217:in 'Preference::Base#set_preferences_cookie'
    app/middleware/core/surface_middleware.rb:12:in 'Core::SurfaceMiddleware#call'
    test/integration/omniauth_callbacks_test.rb:136:in 'block in <class:OmniauthCallbacksTest>'
    test/support/i18n_locale_reset.rb:11:in 'block in ActiveSupport::TestCase#run'
    test/support/i18n_locale_reset.rb:10:in 'ActiveSupport::TestCase#run'

bin/rails test test/integration/omniauth_callbacks_test.rb:110

E

Error:
News::Com::Edge::V1::PostsControllerTest#test_should_get_index:
NameError: uninitialized constant Preference::Core::CookieOptions
    app/controllers/concerns/preference/base.rb:1096:in 'Preference::Base#preference_cookie_options'
    app/controllers/concerns/preference/base.rb:971:in 'Preference::Base#preference_auth_cookie_options'
    app/controllers/concerns/preference/base.rb:940:in 'Preference::Base#set_refresh_token_cookie'
    app/controllers/concerns/preference/base.rb:762:in 'Preference::Base#create_new_preference_record!'
    app/controllers/concerns/preference/base.rb:721:in 'Preference::Base#load_preference_record_from_refresh_token!'
    app/controllers/concerns/preference/base.rb:217:in 'Preference::Base#set_preferences_cookie'
    app/middleware/core/surface_middleware.rb:12:in 'Core::SurfaceMiddleware#call'
    test/controllers/news/com/edge/v1/posts_controller_test.rb:15:in 'block in <class:PostsControllerTest>'
    test/support/i18n_locale_reset.rb:11:in 'block in ActiveSupport::TestCase#run'
    test/support/i18n_locale_reset.rb:10:in 'ActiveSupport::TestCase#run'

bin/rails test test/controllers/news/com/edge/v1/posts_controller_test.rb:14

E

Error:
News::Com::Edge::V1::PostsControllerTest#test_should_get_show:
NameError: uninitialized constant Preference::Core::CookieOptions
    app/controllers/concerns/preference/base.rb:1096:in 'Preference::Base#preference_cookie_options'
    app/controllers/concerns/preference/base.rb:971:in 'Preference::Base#preference_auth_cookie_options'
    app/controllers/concerns/preference/base.rb:940:in 'Preference::Base#set_refresh_token_cookie'
    app/controllers/concerns/preference/base.rb:762:in 'Preference::Base#create_new_preference_record!'
    app/controllers/concerns/preference/base.rb:721:in 'Preference::Base#load_preference_record_from_refresh_token!'
    app/controllers/concerns/preference/base.rb:217:in 'Preference::Base#set_preferences_cookie'
    app/middleware/core/surface_middleware.rb:12:in 'Core::SurfaceMiddleware#call'
    test/controllers/news/com/edge/v1/posts_controller_test.rb:20:in 'block in <class:PostsControllerTest>'
    test/support/i18n_locale_reset.rb:11:in 'block in ActiveSupport::TestCase#run'
    test/support/i18n_locale_reset.rb:10:in 'ActiveSupport::TestCase#run'

bin/rails test test/controllers/news/com/edge/v1/posts_controller_test.rb:19

.......................F

Failure:
Sign::Org::PreferenceControllerTest#test_should_get_show [test/controllers/sign/org/preferences_controller_test.rb:8]:
Expected response to be a <2XX: success>, but was a <404: Not Found>

bin/rails test test/controllers/sign/org/preferences_controller_test.rb:6

E

Error:
Sign::Org::PreferenceControllerTest#test_footer_should_contain_preference_link:
NameError: uninitialized constant Preference::Core::CookieOptions
    app/controllers/concerns/preference/base.rb:1096:in 'Preference::Base#preference_cookie_options'
    app/controllers/concerns/preference/base.rb:971:in 'Preference::Base#preference_auth_cookie_options'
    app/controllers/concerns/preference/base.rb:940:in 'Preference::Base#set_refresh_token_cookie'
    app/controllers/concerns/preference/base.rb:762:in 'Preference::Base#create_new_preference_record!'
    app/controllers/concerns/preference/base.rb:721:in 'Preference::Base#load_preference_record_from_refresh_token!'
    app/controllers/concerns/preference/base.rb:217:in 'Preference::Base#set_preferences_cookie'
    app/middleware/core/surface_middleware.rb:12:in 'Core::SurfaceMiddleware#call'
    test/controllers/sign/org/preferences_controller_test.rb:12:in 'block in <class:PreferenceControllerTest>'
    test/support/i18n_locale_reset.rb:11:in 'block in ActiveSupport::TestCase#run'
    test/support/i18n_locale_reset.rb:10:in 'ActiveSupport::TestCase#run'

bin/rails test test/controllers/sign/org/preferences_controller_test.rb:11

F

Failure:
Sign::Org::PreferenceControllerTest#test_preference_page_links_to_apex_preference [test/controllers/sign/org/preferences_controller_test.rb:22]:
Expected response to be a <2XX: success>, but was a <404: Not Found>

bin/rails test test/controllers/sign/org/preferences_controller_test.rb:20

...............................E

Error:
News::Org::RootsControllerTest#test_sets_lang_attribute_on_html_element:
NameError: uninitialized constant Preference::Core::CookieOptions
    app/controllers/concerns/preference/base.rb:1096:in 'Preference::Base#preference_cookie_options'
    app/controllers/concerns/preference/base.rb:971:in 'Preference::Base#preference_auth_cookie_options'
    app/controllers/concerns/preference/base.rb:940:in 'Preference::Base#set_refresh_token_cookie'
    app/controllers/concerns/preference/base.rb:762:in 'Preference::Base#create_new_preference_record!'
    app/controllers/concerns/preference/base.rb:721:in 'Preference::Base#load_preference_record_from_refresh_token!'
    app/controllers/concerns/preference/base.rb:217:in 'Preference::Base#set_preferences_cookie'
    app/middleware/core/surface_middleware.rb:12:in 'Core::SurfaceMiddleware#call'
    test/controllers/news/org/roots_controller_test.rb:85:in 'block in <class:RootsControllerTest>'
    test/support/i18n_locale_reset.rb:11:in 'block in ActiveSupport::TestCase#run'
    test/support/i18n_locale_reset.rb:10:in 'ActiveSupport::TestCase#run'

bin/rails test test/controllers/news/org/roots_controller_test.rb:84

E

Error:
News::Org::RootsControllerTest#test_should_get_index_with_staff_host:
NameError: uninitialized constant Preference::Core::CookieOptions
    app/controllers/concerns/preference/base.rb:1096:in 'Preference::Base#preference_cookie_options'
    app/controllers/concerns/preference/base.rb:971:in 'Preference::Base#preference_auth_cookie_options'
    app/controllers/concerns/preference/base.rb:940:in 'Preference::Base#set_refresh_token_cookie'
    app/controllers/concerns/preference/base.rb:762:in 'Preference::Base#create_new_preference_record!'
    app/controllers/concerns/preference/base.rb:721:in 'Preference::Base#load_preference_record_from_refresh_token!'
    app/controllers/concerns/preference/base.rb:217:in 'Preference::Base#set_preferences_cookie'
    app/middleware/core/surface_middleware.rb:12:in 'Core::SurfaceMiddleware#call'
    test/controllers/news/org/roots_controller_test.rb:28:in 'block in <class:RootsControllerTest>'
    test/support/i18n_locale_reset.rb:11:in 'block in ActiveSupport::TestCase#run'
    test/support/i18n_locale_reset.rb:10:in 'ActiveSupport::TestCase#run'

bin/rails test test/controllers/news/org/roots_controller_test.rb:27

E

Error:
News::Org::RootsControllerTest#test_consistent_across_multiple_requests:
NameError: uninitialized constant Preference::Core::CookieOptions
    app/controllers/concerns/preference/base.rb:1096:in 'Preference::Base#preference_cookie_options'
    app/controllers/concerns/preference/base.rb:971:in 'Preference::Base#preference_auth_cookie_options'
    app/controllers/concerns/preference/base.rb:940:in 'Preference::Base#set_refresh_token_cookie'
    app/controllers/concerns/preference/base.rb:762:in 'Preference::Base#create_new_preference_record!'
    app/controllers/concerns/preference/base.rb:721:in 'Preference::Base#load_preference_record_from_refresh_token!'
    app/controllers/concerns/preference/base.rb:217:in 'Preference::Base#set_preferences_cookie'
    app/middleware/core/surface_middleware.rb:12:in 'Core::SurfaceMiddleware#call'
    test/controllers/news/org/roots_controller_test.rb:66:in 'block (2 levels) in <class:RootsControllerTest>'
    test/controllers/news/org/roots_controller_test.rb:65:in 'Integer#times'
    test/controllers/news/org/roots_controller_test.rb:65:in 'block in <class:RootsControllerTest>'
    test/support/i18n_locale_reset.rb:11:in 'block in ActiveSupport::TestCase#run'
    test/support/i18n_locale_reset.rb:10:in 'ActiveSupport::TestCase#run'

bin/rails test test/controllers/news/org/roots_controller_test.rb:64

E

Error:
News::Org::RootsControllerTest#test_handles_query_params:
NameError: uninitialized constant Preference::Core::CookieOptions
    app/controllers/concerns/preference/base.rb:1096:in 'Preference::Base#preference_cookie_options'
    app/controllers/concerns/preference/base.rb:971:in 'Preference::Base#preference_auth_cookie_options'
    app/controllers/concerns/preference/base.rb:940:in 'Preference::Base#set_refresh_token_cookie'
    app/controllers/concerns/preference/base.rb:762:in 'Preference::Base#create_new_preference_record!'
    app/controllers/concerns/preference/base.rb:721:in 'Preference::Base#load_preference_record_from_refresh_token!'
    app/controllers/concerns/preference/base.rb:217:in 'Preference::Base#set_preferences_cookie'
    app/middleware/core/surface_middleware.rb:12:in 'Core::SurfaceMiddleware#call'
    test/controllers/news/org/roots_controller_test.rb:55:in 'block in <class:RootsControllerTest>'
    test/support/i18n_locale_reset.rb:11:in 'block in ActiveSupport::TestCase#run'
    test/support/i18n_locale_reset.rb:10:in 'ActiveSupport::TestCase#run'

bin/rails test test/controllers/news/org/roots_controller_test.rb:54

E

Error:
News::Org::RootsControllerTest#test_renders_expected_layout_structure:
NameError: uninitialized constant Preference::Core::CookieOptions
    app/controllers/concerns/preference/base.rb:1096:in 'Preference::Base#preference_cookie_options'
    app/controllers/concerns/preference/base.rb:971:in 'Preference::Base#preference_auth_cookie_options'
    app/controllers/concerns/preference/base.rb:940:in 'Preference::Base#set_refresh_token_cookie'
    app/controllers/concerns/preference/base.rb:762:in 'Preference::Base#create_new_preference_record!'
    app/controllers/concerns/preference/base.rb:721:in 'Preference::Base#load_preference_record_from_refresh_token!'
    app/controllers/concerns/preference/base.rb:217:in 'Preference::Base#set_preferences_cookie'
    app/middleware/core/surface_middleware.rb:12:in 'Core::SurfaceMiddleware#call'
    test/controllers/news/org/roots_controller_test.rb:94:in 'block in <class:RootsControllerTest>'
    test/support/i18n_locale_reset.rb:11:in 'block in ActiveSupport::TestCase#run'
    test/support/i18n_locale_reset.rb:10:in 'ActiveSupport::TestCase#run'

bin/rails test test/controllers/news/org/roots_controller_test.rb:93

E

Error:
News::Org::RootsControllerTest#test_generates_sha3-384_token_digest_on_root:
NameError: uninitialized constant Preference::Core::CookieOptions
    app/controllers/concerns/preference/base.rb:1096:in 'Preference::Base#preference_cookie_options'
    app/controllers/concerns/preference/base.rb:971:in 'Preference::Base#preference_auth_cookie_options'
    app/controllers/concerns/preference/base.rb:940:in 'Preference::Base#set_refresh_token_cookie'
    app/controllers/concerns/preference/base.rb:762:in 'Preference::Base#create_new_preference_record!'
    app/controllers/concerns/preference/base.rb:721:in 'Preference::Base#load_preference_record_from_refresh_token!'
    app/controllers/concerns/preference/base.rb:217:in 'Preference::Base#set_preferences_cookie'
    app/middleware/core/surface_middleware.rb:12:in 'Core::SurfaceMiddleware#call'
    test/controllers/news/org/roots_controller_test.rb:117:in 'block in <class:RootsControllerTest>'
    test/support/i18n_locale_reset.rb:11:in 'block in ActiveSupport::TestCase#run'
    test/support/i18n_locale_reset.rb:10:in 'ActiveSupport::TestCase#run'

bin/rails test test/controllers/news/org/roots_controller_test.rb:116

E

Error:
News::Org::RootsControllerTest#test_does_not_expose_sensitive_keywords:
NameError: uninitialized constant Preference::Core::CookieOptions
    app/controllers/concerns/preference/base.rb:1096:in 'Preference::Base#preference_cookie_options'
    app/controllers/concerns/preference/base.rb:971:in 'Preference::Base#preference_auth_cookie_options'
    app/controllers/concerns/preference/base.rb:940:in 'Preference::Base#set_refresh_token_cookie'
    app/controllers/concerns/preference/base.rb:762:in 'Preference::Base#create_new_preference_record!'
    app/controllers/concerns/preference/base.rb:721:in 'Preference::Base#load_preference_record_from_refresh_token!'
    app/controllers/concerns/preference/base.rb:217:in 'Preference::Base#set_preferences_cookie'
    app/middleware/core/surface_middleware.rb:12:in 'Core::SurfaceMiddleware#call'
    test/controllers/news/org/roots_controller_test.rb:75:in 'block in <class:RootsControllerTest>'
    test/support/i18n_locale_reset.rb:11:in 'block in ActiveSupport::TestCase#run'
    test/support/i18n_locale_reset.rb:10:in 'ActiveSupport::TestCase#run'

bin/rails test test/controllers/news/org/roots_controller_test.rb:74

E

Error:
News::Org::RootsControllerTest#test_redirects_to_canonical_path_by_stripping_ri=jp:
NameError: uninitialized constant Preference::Core::CookieOptions
    app/controllers/concerns/preference/base.rb:1096:in 'Preference::Base#preference_cookie_options'
    app/controllers/concerns/preference/base.rb:971:in 'Preference::Base#preference_auth_cookie_options'
    app/controllers/concerns/preference/base.rb:940:in 'Preference::Base#set_refresh_token_cookie'
    app/controllers/concerns/preference/base.rb:762:in 'Preference::Base#create_new_preference_record!'
    app/controllers/concerns/preference/base.rb:721:in 'Preference::Base#load_preference_record_from_refresh_token!'
    app/controllers/concerns/preference/base.rb:217:in 'Preference::Base#set_preferences_cookie'
    app/middleware/core/surface_middleware.rb:12:in 'Core::SurfaceMiddleware#call'
    test/controllers/news/org/roots_controller_test.rb:34:in 'block in <class:RootsControllerTest>'
    test/support/i18n_locale_reset.rb:11:in 'block in ActiveSupport::TestCase#run'
    test/support/i18n_locale_reset.rb:10:in 'ActiveSupport::TestCase#run'

bin/rails test test/controllers/news/org/roots_controller_test.rb:33

E

Error:
News::Org::RootsControllerTest#test_includes_view_and_layout_content:
NameError: uninitialized constant Preference::Core::CookieOptions
    app/controllers/concerns/preference/base.rb:1096:in 'Preference::Base#preference_cookie_options'
    app/controllers/concerns/preference/base.rb:971:in 'Preference::Base#preference_auth_cookie_options'
    app/controllers/concerns/preference/base.rb:940:in 'Preference::Base#set_refresh_token_cookie'
    app/controllers/concerns/preference/base.rb:762:in 'Preference::Base#create_new_preference_record!'
    app/controllers/concerns/preference/base.rb:721:in 'Preference::Base#load_preference_record_from_refresh_token!'
    app/controllers/concerns/preference/base.rb:217:in 'Preference::Base#set_preferences_cookie'
    app/middleware/core/surface_middleware.rb:12:in 'Core::SurfaceMiddleware#call'
    test/controllers/news/org/roots_controller_test.rb:47:in 'block in <class:RootsControllerTest>'
    test/support/i18n_locale_reset.rb:11:in 'block in ActiveSupport::TestCase#run'
    test/support/i18n_locale_reset.rb:10:in 'ActiveSupport::TestCase#run'

bin/rails test test/controllers/news/org/roots_controller_test.rb:46

E

Error:
News::Org::RootsControllerTest#test_renders_HTML_by_default:
NameError: uninitialized constant Preference::Core::CookieOptions
    app/controllers/concerns/preference/base.rb:1096:in 'Preference::Base#preference_cookie_options'
    app/controllers/concerns/preference/base.rb:971:in 'Preference::Base#preference_auth_cookie_options'
    app/controllers/concerns/preference/base.rb:940:in 'Preference::Base#set_refresh_token_cookie'
    app/controllers/concerns/preference/base.rb:762:in 'Preference::Base#create_new_preference_record!'
    app/controllers/concerns/preference/base.rb:721:in 'Preference::Base#load_preference_record_from_refresh_token!'
    app/controllers/concerns/preference/base.rb:217:in 'Preference::Base#set_preferences_cookie'
    app/middleware/core/surface_middleware.rb:12:in 'Core::SurfaceMiddleware#call'
    test/controllers/news/org/roots_controller_test.rb:40:in 'block in <class:RootsControllerTest>'
    test/support/i18n_locale_reset.rb:11:in 'block in ActiveSupport::TestCase#run'
    test/support/i18n_locale_reset.rb:10:in 'ActiveSupport::TestCase#run'

bin/rails test test/controllers/news/org/roots_controller_test.rb:39

E

Error:
News::Org::RootsControllerTest#test_sets_theme_cookie:
NameError: uninitialized constant Preference::Core::CookieOptions
    app/controllers/concerns/preference/base.rb:1096:in 'Preference::Base#preference_cookie_options'
    app/controllers/concerns/preference/base.rb:971:in 'Preference::Base#preference_auth_cookie_options'
    app/controllers/concerns/preference/base.rb:940:in 'Preference::Base#set_refresh_token_cookie'
    app/controllers/concerns/preference/base.rb:762:in 'Preference::Base#create_new_preference_record!'
    app/controllers/concerns/preference/base.rb:721:in 'Preference::Base#load_preference_record_from_refresh_token!'
    app/controllers/concerns/preference/base.rb:217:in 'Preference::Base#set_preferences_cookie'
    app/middleware/core/surface_middleware.rb:12:in 'Core::SurfaceMiddleware#call'
    test/support/root_theme_cookie_helper.rb:6:in 'RootThemeCookieHelper#assert_theme_cookie_for'
    test/controllers/news/org/roots_controller_test.rb:123:in 'block in <class:RootsControllerTest>'
    test/support/i18n_locale_reset.rb:11:in 'block in ActiveSupport::TestCase#run'
    test/support/i18n_locale_reset.rb:10:in 'ActiveSupport::TestCase#run'

bin/rails test test/controllers/news/org/roots_controller_test.rb:122

.E

Error:
Apex::Org::Configuration::RootsControllerTest#test_returns_success_when_refresh_token_is_valid:
NameError: uninitialized constant Preference::Core::CookieOptions
    app/controllers/concerns/preference/base.rb:1096:in 'Preference::Base#preference_cookie_options'
    app/controllers/concerns/preference/base.rb:971:in 'Preference::Base#preference_auth_cookie_options'
    app/controllers/concerns/preference/base.rb:940:in 'Preference::Base#set_refresh_token_cookie'
    app/controllers/concerns/preference/base.rb:762:in 'Preference::Base#create_new_preference_record!'
    app/controllers/concerns/preference/base.rb:721:in 'Preference::Base#load_preference_record_from_refresh_token!'
    app/controllers/concerns/preference/base.rb:217:in 'Preference::Base#set_preferences_cookie'
    app/middleware/core/surface_middleware.rb:12:in 'Core::SurfaceMiddleware#call'
    test/controllers/apex/org/configuration/roots_controller_test.rb:25:in 'block in <class:RootsControllerTest>'
    test/support/i18n_locale_reset.rb:11:in 'block in ActiveSupport::TestCase#run'
    test/support/i18n_locale_reset.rb:10:in 'ActiveSupport::TestCase#run'

bin/rails test test/controllers/apex/org/configuration/roots_controller_test.rb:21

.......E

Error:
Sign::App::Up::TelephonesControllerTest#test_resend_cooldown_is_30_seconds:
NameError: uninitialized constant Preference::Core::CookieOptions
    app/controllers/concerns/preference/base.rb:1096:in 'Preference::Base#preference_cookie_options'
    app/controllers/concerns/preference/base.rb:971:in 'Preference::Base#preference_auth_cookie_options'
    app/controllers/concerns/preference/base.rb:940:in 'Preference::Base#set_refresh_token_cookie'
    app/controllers/concerns/preference/base.rb:762:in 'Preference::Base#create_new_preference_record!'
    app/controllers/concerns/preference/base.rb:721:in 'Preference::Base#load_preference_record_from_refresh_token!'
    app/controllers/concerns/preference/base.rb:217:in 'Preference::Base#set_preferences_cookie'
    app/middleware/core/surface_middleware.rb:12:in 'Core::SurfaceMiddleware#call'
    test/controllers/sign/app/up/telephones_controller_test.rb:376:in 'block (2 levels) in <class:TelephonesControllerTest>'
    test/controllers/sign/app/up/telephones_controller_test.rb:375:in 'block in <class:TelephonesControllerTest>'
    test/support/i18n_locale_reset.rb:11:in 'block in ActiveSupport::TestCase#run'
    test/support/i18n_locale_reset.rb:10:in 'ActiveSupport::TestCase#run'

bin/rails test test/controllers/sign/app/up/telephones_controller_test.rb:374

E

Error:
Sign::App::Up::TelephonesControllerTest#test_should_lockout_after_max_failed_otp_attempts:
NameError: uninitialized constant Preference::Core::CookieOptions
    app/controllers/concerns/preference/base.rb:1096:in 'Preference::Base#preference_cookie_options'
    app/controllers/concerns/preference/base.rb:971:in 'Preference::Base#preference_auth_cookie_options'
    app/controllers/concerns/preference/base.rb:940:in 'Preference::Base#set_refresh_token_cookie'
    app/controllers/concerns/preference/base.rb:762:in 'Preference::Base#create_new_preference_record!'
    app/controllers/concerns/preference/base.rb:721:in 'Preference::Base#load_preference_record_from_refresh_token!'
    app/controllers/concerns/preference/base.rb:217:in 'Preference::Base#set_preferences_cookie'
    app/middleware/core/surface_middleware.rb:12:in 'Core::SurfaceMiddleware#call'
    test/controllers/sign/app/up/telephones_controller_test.rb:268:in 'block in <class:TelephonesControllerTest>'
    test/support/i18n_locale_reset.rb:11:in 'block in ActiveSupport::TestCase#run'
    test/support/i18n_locale_reset.rb:10:in 'ActiveSupport::TestCase#run'

bin/rails test test/controllers/sign/app/up/telephones_controller_test.rb:267

E

Error:
Sign::App::Up::TelephonesControllerTest#test_should_update_telephone_with_valid_otp:
NameError: uninitialized constant Preference::Core::CookieOptions
    app/controllers/concerns/preference/base.rb:1096:in 'Preference::Base#preference_cookie_options'
    app/controllers/concerns/preference/base.rb:971:in 'Preference::Base#preference_auth_cookie_options'
    app/controllers/concerns/preference/base.rb:940:in 'Preference::Base#set_refresh_token_cookie'
    app/controllers/concerns/preference/base.rb:762:in 'Preference::Base#create_new_preference_record!'
    app/controllers/concerns/preference/base.rb:721:in 'Preference::Base#load_preference_record_from_refresh_token!'
    app/controllers/concerns/preference/base.rb:217:in 'Preference::Base#set_preferences_cookie'
    app/middleware/core/surface_middleware.rb:12:in 'Core::SurfaceMiddleware#call'
    test/controllers/sign/app/up/telephones_controller_test.rb:133:in 'block in <class:TelephonesControllerTest>'
    test/support/i18n_locale_reset.rb:11:in 'block in ActiveSupport::TestCase#run'
    test/support/i18n_locale_reset.rb:10:in 'ActiveSupport::TestCase#run'

bin/rails test test/controllers/sign/app/up/telephones_controller_test.rb:131

E

Error:
Sign::App::Up::TelephonesControllerTest#test_should_get_new:
NameError: uninitialized constant Preference::Core::CookieOptions
    app/controllers/concerns/preference/base.rb:1096:in 'Preference::Base#preference_cookie_options'
    app/controllers/concerns/preference/base.rb:971:in 'Preference::Base#preference_auth_cookie_options'
    app/controllers/concerns/preference/base.rb:940:in 'Preference::Base#set_refresh_token_cookie'
    app/controllers/concerns/preference/base.rb:762:in 'Preference::Base#create_new_preference_record!'
    app/controllers/concerns/preference/base.rb:721:in 'Preference::Base#load_preference_record_from_refresh_token!'
    app/controllers/concerns/preference/base.rb:217:in 'Preference::Base#set_preferences_cookie'
    app/middleware/core/surface_middleware.rb:12:in 'Core::SurfaceMiddleware#call'
    test/controllers/sign/app/up/telephones_controller_test.rb:26:in 'block in <class:TelephonesControllerTest>'
    test/support/i18n_locale_reset.rb:11:in 'block in ActiveSupport::TestCase#run'
    test/support/i18n_locale_reset.rb:10:in 'ActiveSupport::TestCase#run'

bin/rails test test/controllers/sign/app/up/telephones_controller_test.rb:25

E

Error:
Sign::App::Up::TelephonesControllerTest#test_should_create_audit_record_on_sms_login_with_existing_passkey:
NameError: uninitialized constant Preference::Core::CookieOptions
    app/controllers/concerns/preference/base.rb:1096:in 'Preference::Base#preference_cookie_options'
    app/controllers/concerns/preference/base.rb:971:in 'Preference::Base#preference_auth_cookie_options'
    app/controllers/concerns/preference/base.rb:940:in 'Preference::Base#set_refresh_token_cookie'
    app/controllers/concerns/preference/base.rb:762:in 'Preference::Base#create_new_preference_record!'
    app/controllers/concerns/preference/base.rb:721:in 'Preference::Base#load_preference_record_from_refresh_token!'
    app/controllers/concerns/preference/base.rb:217:in 'Preference::Base#set_preferences_cookie'
    app/middleware/core/surface_middleware.rb:12:in 'Core::SurfaceMiddleware#call'
    test/controllers/sign/app/up/telephones_controller_test.rb:206:in 'block in <class:TelephonesControllerTest>'
    test/support/i18n_locale_reset.rb:11:in 'block in ActiveSupport::TestCase#run'
    test/support/i18n_locale_reset.rb:10:in 'ActiveSupport::TestCase#run'

bin/rails test test/controllers/sign/app/up/telephones_controller_test.rb:205

E

Error:
Sign::App::Up::TelephonesControllerTest#test_create_shows_identical_user-facing_response_for_existing_and_new_telephones:
NameError: uninitialized constant Preference::Core::CookieOptions
    app/controllers/concerns/preference/base.rb:1096:in 'Preference::Base#preference_cookie_options'
    app/controllers/concerns/preference/base.rb:971:in 'Preference::Base#preference_auth_cookie_options'
    app/controllers/concerns/preference/base.rb:940:in 'Preference::Base#set_refresh_token_cookie'
    app/controllers/concerns/preference/base.rb:762:in 'Preference::Base#create_new_preference_record!'
    app/controllers/concerns/preference/base.rb:721:in 'Preference::Base#load_preference_record_from_refresh_token!'
    app/controllers/concerns/preference/base.rb:217:in 'Preference::Base#set_preferences_cookie'
    app/middleware/core/surface_middleware.rb:12:in 'Core::SurfaceMiddleware#call'
    test/controllers/sign/app/up/telephones_controller_test.rb:91:in 'block in <class:TelephonesControllerTest>'
    test/support/i18n_locale_reset.rb:11:in 'block in ActiveSupport::TestCase#run'
    test/support/i18n_locale_reset.rb:10:in 'ActiveSupport::TestCase#run'

bin/rails test test/controllers/sign/app/up/telephones_controller_test.rb:81

E

Error:
Sign::App::Up::TelephonesControllerTest#test_should_cleanup_existing_unverified_telephones_on_create:
NameError: uninitialized constant Preference::Core::CookieOptions
    app/controllers/concerns/preference/base.rb:1096:in 'Preference::Base#preference_cookie_options'
    app/controllers/concerns/preference/base.rb:971:in 'Preference::Base#preference_auth_cookie_options'
    app/controllers/concerns/preference/base.rb:940:in 'Preference::Base#set_refresh_token_cookie'
    app/controllers/concerns/preference/base.rb:762:in 'Preference::Base#create_new_preference_record!'
    app/controllers/concerns/preference/base.rb:721:in 'Preference::Base#load_preference_record_from_refresh_token!'
    app/controllers/concerns/preference/base.rb:217:in 'Preference::Base#set_preferences_cookie'
    app/middleware/core/surface_middleware.rb:12:in 'Core::SurfaceMiddleware#call'
    test/controllers/sign/app/up/telephones_controller_test.rb:297:in 'block in <class:TelephonesControllerTest>'
    test/support/i18n_locale_reset.rb:11:in 'block in ActiveSupport::TestCase#run'
    test/support/i18n_locale_reset.rb:10:in 'ActiveSupport::TestCase#run'

bin/rails test test/controllers/sign/app/up/telephones_controller_test.rb:295

E

Error:
Sign::App::Up::TelephonesControllerTest#test_rejects_invalid_telephone_format:
NameError: uninitialized constant Preference::Core::CookieOptions
    app/controllers/concerns/preference/base.rb:1096:in 'Preference::Base#preference_cookie_options'
    app/controllers/concerns/preference/base.rb:971:in 'Preference::Base#preference_auth_cookie_options'
    app/controllers/concerns/preference/base.rb:940:in 'Preference::Base#set_refresh_token_cookie'
    app/controllers/concerns/preference/base.rb:762:in 'Preference::Base#create_new_preference_record!'
    app/controllers/concerns/preference/base.rb:721:in 'Preference::Base#load_preference_record_from_refresh_token!'
    app/controllers/concerns/preference/base.rb:217:in 'Preference::Base#set_preferences_cookie'
    app/middleware/core/surface_middleware.rb:12:in 'Core::SurfaceMiddleware#call'
    test/controllers/sign/app/up/telephones_controller_test.rb:119:in 'block in <class:TelephonesControllerTest>'
    test/support/i18n_locale_reset.rb:11:in 'block in ActiveSupport::TestCase#run'
    test/support/i18n_locale_reset.rb:10:in 'ActiveSupport::TestCase#run'

bin/rails test test/controllers/sign/app/up/telephones_controller_test.rb:118

E

Error:
Sign::App::Up::TelephonesControllerTest#test_create_with_existing_telephone_still_redirects_and_does_not_create_a_new_record:
NameError: uninitialized constant Preference::Core::CookieOptions
    app/controllers/concerns/preference/base.rb:1096:in 'Preference::Base#preference_cookie_options'
    app/controllers/concerns/preference/base.rb:971:in 'Preference::Base#preference_auth_cookie_options'
    app/controllers/concerns/preference/base.rb:940:in 'Preference::Base#set_refresh_token_cookie'
    app/controllers/concerns/preference/base.rb:762:in 'Preference::Base#create_new_preference_record!'
    app/controllers/concerns/preference/base.rb:721:in 'Preference::Base#load_preference_record_from_refresh_token!'
    app/controllers/concerns/preference/base.rb:217:in 'Preference::Base#set_preferences_cookie'
    app/middleware/core/surface_middleware.rb:12:in 'Core::SurfaceMiddleware#call'
    test/controllers/sign/app/up/telephones_controller_test.rb:64:in 'block (4 levels) in <class:TelephonesControllerTest>'
    test/controllers/sign/app/up/telephones_controller_test.rb:63:in 'block (3 levels) in <class:TelephonesControllerTest>'
    test/controllers/sign/app/up/telephones_controller_test.rb:62:in 'block (2 levels) in <class:TelephonesControllerTest>'
    test/controllers/sign/app/up/telephones_controller_test.rb:61:in 'block in <class:TelephonesControllerTest>'
    test/support/i18n_locale_reset.rb:11:in 'block in ActiveSupport::TestCase#run'
    test/support/i18n_locale_reset.rb:10:in 'ActiveSupport::TestCase#run'

bin/rails test test/controllers/sign/app/up/telephones_controller_test.rb:51

E

Error:
Sign::App::Up::TelephonesControllerTest#test_resend_returns_success_even_without_registration_session:
NameError: uninitialized constant Preference::Core::CookieOptions
    app/controllers/concerns/preference/base.rb:1096:in 'Preference::Base#preference_cookie_options'
    app/controllers/concerns/preference/base.rb:971:in 'Preference::Base#preference_auth_cookie_options'
    app/controllers/concerns/preference/base.rb:940:in 'Preference::Base#set_refresh_token_cookie'
    app/controllers/concerns/preference/base.rb:762:in 'Preference::Base#create_new_preference_record!'
    app/controllers/concerns/preference/base.rb:721:in 'Preference::Base#load_preference_record_from_refresh_token!'
    app/controllers/concerns/preference/base.rb:217:in 'Preference::Base#set_preferences_cookie'
    app/middleware/core/surface_middleware.rb:12:in 'Core::SurfaceMiddleware#call'
    test/controllers/sign/app/up/telephones_controller_test.rb:345:in 'block (3 levels) in <class:TelephonesControllerTest>'
    test/controllers/sign/app/up/telephones_controller_test.rb:344:in 'block (2 levels) in <class:TelephonesControllerTest>'
    test/controllers/sign/app/up/telephones_controller_test.rb:343:in 'block in <class:TelephonesControllerTest>'
    test/support/i18n_locale_reset.rb:11:in 'block in ActiveSupport::TestCase#run'
    test/support/i18n_locale_reset.rb:10:in 'ActiveSupport::TestCase#run'

bin/rails test test/controllers/sign/app/up/telephones_controller_test.rb:342

E

Error:
Sign::App::Up::TelephonesControllerTest#test_resend_rate_limits_repeated_requests:
NameError: uninitialized constant Preference::Core::CookieOptions
    app/controllers/concerns/preference/base.rb:1096:in 'Preference::Base#preference_cookie_options'
    app/controllers/concerns/preference/base.rb:971:in 'Preference::Base#preference_auth_cookie_options'
    app/controllers/concerns/preference/base.rb:940:in 'Preference::Base#set_refresh_token_cookie'
    app/controllers/concerns/preference/base.rb:762:in 'Preference::Base#create_new_preference_record!'
    app/controllers/concerns/preference/base.rb:721:in 'Preference::Base#load_preference_record_from_refresh_token!'
    app/controllers/concerns/preference/base.rb:217:in 'Preference::Base#set_preferences_cookie'
    app/middleware/core/surface_middleware.rb:12:in 'Core::SurfaceMiddleware#call'
    test/controllers/sign/app/up/telephones_controller_test.rb:353:in 'block in <class:TelephonesControllerTest>'
    test/support/i18n_locale_reset.rb:11:in 'block in ActiveSupport::TestCase#run'
    test/support/i18n_locale_reset.rb:10:in 'ActiveSupport::TestCase#run'

bin/rails test test/controllers/sign/app/up/telephones_controller_test.rb:352

E

Error:
Sign::App::Up::TelephonesControllerTest#test_resend_sends_code_for_active_registration_session:
NameError: uninitialized constant Preference::Core::CookieOptions
    app/controllers/concerns/preference/base.rb:1096:in 'Preference::Base#preference_cookie_options'
    app/controllers/concerns/preference/base.rb:971:in 'Preference::Base#preference_auth_cookie_options'
    app/controllers/concerns/preference/base.rb:940:in 'Preference::Base#set_refresh_token_cookie'
    app/controllers/concerns/preference/base.rb:762:in 'Preference::Base#create_new_preference_record!'
    app/controllers/concerns/preference/base.rb:721:in 'Preference::Base#load_preference_record_from_refresh_token!'
    app/controllers/concerns/preference/base.rb:217:in 'Preference::Base#set_preferences_cookie'
    app/middleware/core/surface_middleware.rb:12:in 'Core::SurfaceMiddleware#call'
    test/controllers/sign/app/up/telephones_controller_test.rb:324:in 'block in <class:TelephonesControllerTest>'
    test/support/i18n_locale_reset.rb:11:in 'block in ActiveSupport::TestCase#run'
    test/support/i18n_locale_reset.rb:10:in 'ActiveSupport::TestCase#run'

bin/rails test test/controllers/sign/app/up/telephones_controller_test.rb:323

E

Error:
Sign::App::Up::TelephonesControllerTest#test_should_create_telephone_and_redirect_to_edit:
NameError: uninitialized constant Preference::Core::CookieOptions
    app/controllers/concerns/preference/base.rb:1096:in 'Preference::Base#preference_cookie_options'
    app/controllers/concerns/preference/base.rb:971:in 'Preference::Base#preference_auth_cookie_options'
    app/controllers/concerns/preference/base.rb:940:in 'Preference::Base#set_refresh_token_cookie'
    app/controllers/concerns/preference/base.rb:762:in 'Preference::Base#create_new_preference_record!'
    app/controllers/concerns/preference/base.rb:721:in 'Preference::Base#load_preference_record_from_refresh_token!'
    app/controllers/concerns/preference/base.rb:217:in 'Preference::Base#set_preferences_cookie'
    app/middleware/core/surface_middleware.rb:12:in 'Core::SurfaceMiddleware#call'
    test/controllers/sign/app/up/telephones_controller_test.rb:34:in 'block (3 levels) in <class:TelephonesControllerTest>'
    test/controllers/sign/app/up/telephones_controller_test.rb:33:in 'block (2 levels) in <class:TelephonesControllerTest>'
    test/controllers/sign/app/up/telephones_controller_test.rb:32:in 'block in <class:TelephonesControllerTest>'
    test/support/i18n_locale_reset.rb:11:in 'block in ActiveSupport::TestCase#run'
    test/support/i18n_locale_reset.rb:10:in 'ActiveSupport::TestCase#run'

bin/rails test test/controllers/sign/app/up/telephones_controller_test.rb:31

E

Error:
Sign::App::Up::TelephonesControllerTest#test_should_log_in_after_sms_verification_when_passkey_already_exists:
NameError: uninitialized constant Preference::Core::CookieOptions
    app/controllers/concerns/preference/base.rb:1096:in 'Preference::Base#preference_cookie_options'
    app/controllers/concerns/preference/base.rb:971:in 'Preference::Base#preference_auth_cookie_options'
    app/controllers/concerns/preference/base.rb:940:in 'Preference::Base#set_refresh_token_cookie'
    app/controllers/concerns/preference/base.rb:762:in 'Preference::Base#create_new_preference_record!'
    app/controllers/concerns/preference/base.rb:721:in 'Preference::Base#load_preference_record_from_refresh_token!'
    app/controllers/concerns/preference/base.rb:217:in 'Preference::Base#set_preferences_cookie'
    app/middleware/core/surface_middleware.rb:12:in 'Core::SurfaceMiddleware#call'
    test/controllers/sign/app/up/telephones_controller_test.rb:164:in 'block in <class:TelephonesControllerTest>'
    test/support/i18n_locale_reset.rb:11:in 'block in ActiveSupport::TestCase#run'
    test/support/i18n_locale_reset.rb:10:in 'ActiveSupport::TestCase#run'

bin/rails test test/controllers/sign/app/up/telephones_controller_test.rb:163

E

Error:
Sign::App::Up::TelephonesControllerTest#test_should_reject_blank_pass_code:
NameError: uninitialized constant Preference::Core::CookieOptions
    app/controllers/concerns/preference/base.rb:1096:in 'Preference::Base#preference_cookie_options'
    app/controllers/concerns/preference/base.rb:971:in 'Preference::Base#preference_auth_cookie_options'
    app/controllers/concerns/preference/base.rb:940:in 'Preference::Base#set_refresh_token_cookie'
    app/controllers/concerns/preference/base.rb:762:in 'Preference::Base#create_new_preference_record!'
    app/controllers/concerns/preference/base.rb:721:in 'Preference::Base#load_preference_record_from_refresh_token!'
    app/controllers/concerns/preference/base.rb:217:in 'Preference::Base#set_preferences_cookie'
    app/middleware/core/surface_middleware.rb:12:in 'Core::SurfaceMiddleware#call'
    test/controllers/sign/app/up/telephones_controller_test.rb:250:in 'block in <class:TelephonesControllerTest>'
    test/support/i18n_locale_reset.rb:11:in 'block in ActiveSupport::TestCase#run'
    test/support/i18n_locale_reset.rb:10:in 'ActiveSupport::TestCase#run'

bin/rails test test/controllers/sign/app/up/telephones_controller_test.rb:249

E

Error:
Core::Com::HealthsControllerTest#test_should_get_show_with_postfix:
NameError: uninitialized constant Preference::Core::CookieOptions
    app/controllers/concerns/preference/base.rb:1096:in 'Preference::Base#preference_cookie_options'
    app/controllers/concerns/preference/base.rb:971:in 'Preference::Base#preference_auth_cookie_options'
    app/controllers/concerns/preference/base.rb:940:in 'Preference::Base#set_refresh_token_cookie'
    app/controllers/concerns/preference/base.rb:762:in 'Preference::Base#create_new_preference_record!'
    app/controllers/concerns/preference/base.rb:721:in 'Preference::Base#load_preference_record_from_refresh_token!'
    app/controllers/concerns/preference/base.rb:217:in 'Preference::Base#set_preferences_cookie'
    app/middleware/core/surface_middleware.rb:12:in 'Core::SurfaceMiddleware#call'
    test/controllers/core/com/healths_controller_test.rb:16:in 'block in <class:HealthsControllerTest>'
    test/support/i18n_locale_reset.rb:11:in 'block in ActiveSupport::TestCase#run'
    test/support/i18n_locale_reset.rb:10:in 'ActiveSupport::TestCase#run'

bin/rails test test/controllers/core/com/healths_controller_test.rb:15

E

Error:
Core::Com::HealthsControllerTest#test_should_handle_redirect_if_response_is_redirect:
NameError: uninitialized constant Preference::Core::CookieOptions
    app/controllers/concerns/preference/base.rb:1096:in 'Preference::Base#preference_cookie_options'
    app/controllers/concerns/preference/base.rb:971:in 'Preference::Base#preference_auth_cookie_options'
    app/controllers/concerns/preference/base.rb:940:in 'Preference::Base#set_refresh_token_cookie'
    app/controllers/concerns/preference/base.rb:762:in 'Preference::Base#create_new_preference_record!'
    app/controllers/concerns/preference/base.rb:721:in 'Preference::Base#load_preference_record_from_refresh_token!'
    app/controllers/concerns/preference/base.rb:217:in 'Preference::Base#set_preferences_cookie'
    app/middleware/core/surface_middleware.rb:12:in 'Core::SurfaceMiddleware#call'
    test/controllers/core/com/healths_controller_test.rb:23:in 'block in <class:HealthsControllerTest>'
    test/support/i18n_locale_reset.rb:11:in 'block in ActiveSupport::TestCase#run'
    test/support/i18n_locale_reset.rb:10:in 'ActiveSupport::TestCase#run'

bin/rails test test/controllers/core/com/healths_controller_test.rb:22

E

Error:
Core::Com::HealthsControllerTest#test_should_accept_both_success_and_redirect_responses:
NameError: uninitialized constant Preference::Core::CookieOptions
    app/controllers/concerns/preference/base.rb:1096:in 'Preference::Base#preference_cookie_options'
    app/controllers/concerns/preference/base.rb:971:in 'Preference::Base#preference_auth_cookie_options'
    app/controllers/concerns/preference/base.rb:940:in 'Preference::Base#set_refresh_token_cookie'
    app/controllers/concerns/preference/base.rb:762:in 'Preference::Base#create_new_preference_record!'
    app/controllers/concerns/preference/base.rb:721:in 'Preference::Base#load_preference_record_from_refresh_token!'
    app/controllers/concerns/preference/base.rb:217:in 'Preference::Base#set_preferences_cookie'
    app/middleware/core/surface_middleware.rb:12:in 'Core::SurfaceMiddleware#call'
    test/controllers/core/com/healths_controller_test.rb:34:in 'block in <class:HealthsControllerTest>'
    test/support/i18n_locale_reset.rb:11:in 'block in ActiveSupport::TestCase#run'
    test/support/i18n_locale_reset.rb:10:in 'ActiveSupport::TestCase#run'

bin/rails test test/controllers/core/com/healths_controller_test.rb:33

E

Error:
Core::Com::HealthsControllerTest#test_should_get_show:
NameError: uninitialized constant Preference::Core::CookieOptions
    app/controllers/concerns/preference/base.rb:1096:in 'Preference::Base#preference_cookie_options'
    app/controllers/concerns/preference/base.rb:971:in 'Preference::Base#preference_auth_cookie_options'
    app/controllers/concerns/preference/base.rb:940:in 'Preference::Base#set_refresh_token_cookie'
    app/controllers/concerns/preference/base.rb:762:in 'Preference::Base#create_new_preference_record!'
    app/controllers/concerns/preference/base.rb:721:in 'Preference::Base#load_preference_record_from_refresh_token!'
    app/controllers/concerns/preference/base.rb:217:in 'Preference::Base#set_preferences_cookie'
    app/middleware/core/surface_middleware.rb:12:in 'Core::SurfaceMiddleware#call'
    test/controllers/core/com/healths_controller_test.rb:9:in 'block in <class:HealthsControllerTest>'
    test/support/i18n_locale_reset.rb:11:in 'block in ActiveSupport::TestCase#run'
    test/support/i18n_locale_reset.rb:10:in 'ActiveSupport::TestCase#run'

bin/rails test test/controllers/core/com/healths_controller_test.rb:8

..........E

Error:
Sign::App::Verification::EmailsControllerTest#test_step_up_flow_from_configuration_emails_returns_to_original_page:
NameError: uninitialized constant Preference::Core::CookieOptions
    app/controllers/concerns/preference/base.rb:1096:in 'Preference::Base#preference_cookie_options'
    app/controllers/concerns/preference/base.rb:971:in 'Preference::Base#preference_auth_cookie_options'
    app/controllers/concerns/preference/base.rb:940:in 'Preference::Base#set_refresh_token_cookie'
    app/controllers/concerns/preference/base.rb:762:in 'Preference::Base#create_new_preference_record!'
    app/controllers/concerns/preference/base.rb:721:in 'Preference::Base#load_preference_record_from_refresh_token!'
    app/controllers/concerns/preference/base.rb:217:in 'Preference::Base#set_preferences_cookie'
    app/middleware/core/surface_middleware.rb:12:in 'Core::SurfaceMiddleware#call'
    test/controllers/sign/app/verification/emails_controller_test.rb:82:in 'block (2 levels) in <class:EmailsControllerTest>'
    test/support/any_instance_stub.rb:21:in 'AnyInstanceStubProxy#stub'
    test/controllers/sign/app/verification/emails_controller_test.rb:81:in 'block in <class:EmailsControllerTest>'
    test/support/i18n_locale_reset.rb:11:in 'block in ActiveSupport::TestCase#run'
    test/support/i18n_locale_reset.rb:10:in 'ActiveSupport::TestCase#run'

bin/rails test test/controllers/sign/app/verification/emails_controller_test.rb:77

E

Error:
Sign::App::Verification::EmailsControllerTest#test_create_restores_reauth_session_only_when_scope_and_return_to_are_present:
NameError: uninitialized constant Preference::Core::CookieOptions
    app/controllers/concerns/preference/base.rb:1096:in 'Preference::Base#preference_cookie_options'
    app/controllers/concerns/preference/base.rb:971:in 'Preference::Base#preference_auth_cookie_options'
    app/controllers/concerns/preference/base.rb:940:in 'Preference::Base#set_refresh_token_cookie'
    app/controllers/concerns/preference/base.rb:762:in 'Preference::Base#create_new_preference_record!'
    app/controllers/concerns/preference/base.rb:721:in 'Preference::Base#load_preference_record_from_refresh_token!'
    app/controllers/concerns/preference/base.rb:217:in 'Preference::Base#set_preferences_cookie'
    app/middleware/core/surface_middleware.rb:12:in 'Core::SurfaceMiddleware#call'
    test/controllers/sign/app/verification/emails_controller_test.rb:118:in 'block (3 levels) in <class:EmailsControllerTest>'
    test/support/any_instance_stub.rb:21:in 'AnyInstanceStubProxy#stub'
    test/controllers/sign/app/verification/emails_controller_test.rb:117:in 'block (2 levels) in <class:EmailsControllerTest>'
    test/support/any_instance_stub.rb:21:in 'AnyInstanceStubProxy#stub'
    test/controllers/sign/app/verification/emails_controller_test.rb:116:in 'block in <class:EmailsControllerTest>'
    test/support/i18n_locale_reset.rb:11:in 'block in ActiveSupport::TestCase#run'
    test/support/i18n_locale_reset.rb:10:in 'ActiveSupport::TestCase#run'

bin/rails test test/controllers/sign/app/verification/emails_controller_test.rb:115

E

Error:
Sign::App::Verification::EmailsControllerTest#test_new_sends_otp_and_redirects_to_edit:
NameError: uninitialized constant Preference::Core::CookieOptions
    app/controllers/concerns/preference/base.rb:1096:in 'Preference::Base#preference_cookie_options'
    app/controllers/concerns/preference/base.rb:971:in 'Preference::Base#preference_auth_cookie_options'
    app/controllers/concerns/preference/base.rb:940:in 'Preference::Base#set_refresh_token_cookie'
    app/controllers/concerns/preference/base.rb:762:in 'Preference::Base#create_new_preference_record!'
    app/controllers/concerns/preference/base.rb:721:in 'Preference::Base#load_preference_record_from_refresh_token!'
    app/controllers/concerns/preference/base.rb:217:in 'Preference::Base#set_preferences_cookie'
    app/middleware/core/surface_middleware.rb:12:in 'Core::SurfaceMiddleware#call'
    test/controllers/sign/app/verification/emails_controller_test.rb:28:in 'block (3 levels) in <class:EmailsControllerTest>'
    test/support/any_instance_stub.rb:21:in 'AnyInstanceStubProxy#stub'
    test/controllers/sign/app/verification/emails_controller_test.rb:27:in 'block (2 levels) in <class:EmailsControllerTest>'
    test/support/any_instance_stub.rb:21:in 'AnyInstanceStubProxy#stub'
    test/controllers/sign/app/verification/emails_controller_test.rb:26:in 'block in <class:EmailsControllerTest>'
    test/support/i18n_locale_reset.rb:11:in 'block in ActiveSupport::TestCase#run'
    test/support/i18n_locale_reset.rb:10:in 'ActiveSupport::TestCase#run'

bin/rails test test/controllers/sign/app/verification/emails_controller_test.rb:23

E

Error:
Sign::App::Verification::EmailsControllerTest#test_new_keeps_scope_and_return_to_in_form_hidden_fields:
NameError: uninitialized constant Preference::Core::CookieOptions
    app/controllers/concerns/preference/base.rb:1096:in 'Preference::Base#preference_cookie_options'
    app/controllers/concerns/preference/base.rb:971:in 'Preference::Base#preference_auth_cookie_options'
    app/controllers/concerns/preference/base.rb:940:in 'Preference::Base#set_refresh_token_cookie'
    app/controllers/concerns/preference/base.rb:762:in 'Preference::Base#create_new_preference_record!'
    app/controllers/concerns/preference/base.rb:721:in 'Preference::Base#load_preference_record_from_refresh_token!'
    app/controllers/concerns/preference/base.rb:217:in 'Preference::Base#set_preferences_cookie'
    app/middleware/core/surface_middleware.rb:12:in 'Core::SurfaceMiddleware#call'
    test/controllers/sign/app/verification/emails_controller_test.rb:43:in 'block (2 levels) in <class:EmailsControllerTest>'
    test/support/any_instance_stub.rb:21:in 'AnyInstanceStubProxy#stub'
    test/controllers/sign/app/verification/emails_controller_test.rb:42:in 'block in <class:EmailsControllerTest>'
    test/support/i18n_locale_reset.rb:11:in 'block in ActiveSupport::TestCase#run'
    test/support/i18n_locale_reset.rb:10:in 'ActiveSupport::TestCase#run'

bin/rails test test/controllers/sign/app/verification/emails_controller_test.rb:39

E

Error:
Sign::App::Verification::EmailsControllerTest#test_update_verifies_otp_and_redirects_to_return_to:
NameError: uninitialized constant Preference::Core::CookieOptions
    app/controllers/concerns/preference/base.rb:1096:in 'Preference::Base#preference_cookie_options'
    app/controllers/concerns/preference/base.rb:971:in 'Preference::Base#preference_auth_cookie_options'
    app/controllers/concerns/preference/base.rb:940:in 'Preference::Base#set_refresh_token_cookie'
    app/controllers/concerns/preference/base.rb:762:in 'Preference::Base#create_new_preference_record!'
    app/controllers/concerns/preference/base.rb:721:in 'Preference::Base#load_preference_record_from_refresh_token!'
    app/controllers/concerns/preference/base.rb:217:in 'Preference::Base#set_preferences_cookie'
    app/middleware/core/surface_middleware.rb:12:in 'Core::SurfaceMiddleware#call'
    test/controllers/sign/app/verification/emails_controller_test.rb:59:in 'block (3 levels) in <class:EmailsControllerTest>'
    test/support/any_instance_stub.rb:21:in 'AnyInstanceStubProxy#stub'
    test/controllers/sign/app/verification/emails_controller_test.rb:58:in 'block (2 levels) in <class:EmailsControllerTest>'
    test/support/any_instance_stub.rb:21:in 'AnyInstanceStubProxy#stub'
    test/controllers/sign/app/verification/emails_controller_test.rb:57:in 'block in <class:EmailsControllerTest>'
    test/support/i18n_locale_reset.rb:11:in 'block in ActiveSupport::TestCase#run'
    test/support/i18n_locale_reset.rb:10:in 'ActiveSupport::TestCase#run'

bin/rails test test/controllers/sign/app/verification/emails_controller_test.rb:54

E

Error:
Core::Org::Edge::V1::PreferenceControllerTest#test_should_not_create_duplicate_preference_for_same_cookie:
NameError: uninitialized constant Preference::Core::CookieOptions
    app/controllers/concerns/preference/base.rb:1096:in 'Preference::Base#preference_cookie_options'
    app/controllers/concerns/preference/base.rb:971:in 'Preference::Base#preference_auth_cookie_options'
    app/controllers/concerns/preference/base.rb:940:in 'Preference::Base#set_refresh_token_cookie'
    app/controllers/concerns/preference/base.rb:762:in 'Preference::Base#create_new_preference_record!'
    app/controllers/concerns/preference/base.rb:721:in 'Preference::Base#load_preference_record_from_refresh_token!'
    app/controllers/concerns/preference/base.rb:217:in 'Preference::Base#set_preferences_cookie'
    app/middleware/core/surface_middleware.rb:12:in 'Core::SurfaceMiddleware#call'
    test/controllers/core/org/edge/v1/preferences_controller_test.rb:97:in 'block in <class:PreferenceControllerTest>'
    test/support/i18n_locale_reset.rb:11:in 'block in ActiveSupport::TestCase#run'
    test/support/i18n_locale_reset.rb:10:in 'ActiveSupport::TestCase#run'

bin/rails test test/controllers/core/org/edge/v1/preferences_controller_test.rb:96

E

Error:
Core::Org::Edge::V1::PreferenceControllerTest#test_should_create_audit_log_with_CREATE_NEW_PREFERENCE_TOKEN_event:
NameError: uninitialized constant Preference::Core::CookieOptions
    app/controllers/concerns/preference/base.rb:1096:in 'Preference::Base#preference_cookie_options'
    app/controllers/concerns/preference/base.rb:971:in 'Preference::Base#preference_auth_cookie_options'
    app/controllers/concerns/preference/base.rb:940:in 'Preference::Base#set_refresh_token_cookie'
    app/controllers/concerns/preference/base.rb:762:in 'Preference::Base#create_new_preference_record!'
    app/controllers/concerns/preference/base.rb:721:in 'Preference::Base#load_preference_record_from_refresh_token!'
    app/controllers/concerns/preference/base.rb:217:in 'Preference::Base#set_preferences_cookie'
    app/middleware/core/surface_middleware.rb:12:in 'Core::SurfaceMiddleware#call'
    test/controllers/core/org/edge/v1/preferences_controller_test.rb:64:in 'block in <class:PreferenceControllerTest>'
    test/support/i18n_locale_reset.rb:11:in 'block in ActiveSupport::TestCase#run'
    test/support/i18n_locale_reset.rb:10:in 'ActiveSupport::TestCase#run'

bin/rails test test/controllers/core/org/edge/v1/preferences_controller_test.rb:63

E

Error:
Core::Org::Edge::V1::PreferenceControllerTest#test_should_get_show_with_existing_preference:
NameError: uninitialized constant Preference::Core::CookieOptions
    app/controllers/concerns/preference/base.rb:1096:in 'Preference::Base#preference_cookie_options'
    app/controllers/concerns/preference/base.rb:971:in 'Preference::Base#preference_auth_cookie_options'
    app/controllers/concerns/preference/base.rb:940:in 'Preference::Base#set_refresh_token_cookie'
    app/controllers/concerns/preference/base.rb:762:in 'Preference::Base#create_new_preference_record!'
    app/controllers/concerns/preference/base.rb:721:in 'Preference::Base#load_preference_record_from_refresh_token!'
    app/controllers/concerns/preference/base.rb:217:in 'Preference::Base#set_preferences_cookie'
    app/middleware/core/surface_middleware.rb:12:in 'Core::SurfaceMiddleware#call'
    test/controllers/core/org/edge/v1/preferences_controller_test.rb:30:in 'block in <class:PreferenceControllerTest>'
    test/support/i18n_locale_reset.rb:11:in 'block in ActiveSupport::TestCase#run'
    test/support/i18n_locale_reset.rb:10:in 'ActiveSupport::TestCase#run'

bin/rails test test/controllers/core/org/edge/v1/preferences_controller_test.rb:28

E

Error:
Core::Org::Edge::V1::PreferenceControllerTest#test_should_create_new_preference_when_cookie_is_missing:
NameError: uninitialized constant Preference::Core::CookieOptions
    app/controllers/concerns/preference/base.rb:1096:in 'Preference::Base#preference_cookie_options'
    app/controllers/concerns/preference/base.rb:971:in 'Preference::Base#preference_auth_cookie_options'
    app/controllers/concerns/preference/base.rb:940:in 'Preference::Base#set_refresh_token_cookie'
    app/controllers/concerns/preference/base.rb:762:in 'Preference::Base#create_new_preference_record!'
    app/controllers/concerns/preference/base.rb:721:in 'Preference::Base#load_preference_record_from_refresh_token!'
    app/controllers/concerns/preference/base.rb:217:in 'Preference::Base#set_preferences_cookie'
    app/middleware/core/surface_middleware.rb:12:in 'Core::SurfaceMiddleware#call'
    test/controllers/core/org/edge/v1/preferences_controller_test.rb:50:in 'block (3 levels) in <class:PreferenceControllerTest>'
    test/controllers/core/org/edge/v1/preferences_controller_test.rb:49:in 'block (2 levels) in <class:PreferenceControllerTest>'
    test/controllers/core/org/edge/v1/preferences_controller_test.rb:48:in 'block in <class:PreferenceControllerTest>'
    test/support/i18n_locale_reset.rb:11:in 'block in ActiveSupport::TestCase#run'
    test/support/i18n_locale_reset.rb:10:in 'ActiveSupport::TestCase#run'

bin/rails test test/controllers/core/org/edge/v1/preferences_controller_test.rb:47

E

Error:
Core::Org::Edge::V1::PreferenceControllerTest#test_should_return_JSON_with_correct_structure:
NameError: uninitialized constant Preference::Core::CookieOptions
    app/controllers/concerns/preference/base.rb:1096:in 'Preference::Base#preference_cookie_options'
    app/controllers/concerns/preference/base.rb:971:in 'Preference::Base#preference_auth_cookie_options'
    app/controllers/concerns/preference/base.rb:940:in 'Preference::Base#set_refresh_token_cookie'
    app/controllers/concerns/preference/base.rb:762:in 'Preference::Base#create_new_preference_record!'
    app/controllers/concerns/preference/base.rb:721:in 'Preference::Base#load_preference_record_from_refresh_token!'
    app/controllers/concerns/preference/base.rb:217:in 'Preference::Base#set_preferences_cookie'
    app/middleware/core/surface_middleware.rb:12:in 'Core::SurfaceMiddleware#call'
    test/controllers/core/org/edge/v1/preferences_controller_test.rb:83:in 'block in <class:PreferenceControllerTest>'
    test/support/i18n_locale_reset.rb:11:in 'block in ActiveSupport::TestCase#run'
    test/support/i18n_locale_reset.rb:10:in 'ActiveSupport::TestCase#run'

bin/rails test test/controllers/core/org/edge/v1/preferences_controller_test.rb:82

E

Error:
Core::Org::Edge::V1::PreferenceControllerTest#test_should_store_encrypted_token_in_cookies:
NameError: uninitialized constant Preference::Core::CookieOptions
    app/controllers/concerns/preference/base.rb:1096:in 'Preference::Base#preference_cookie_options'
    app/controllers/concerns/preference/base.rb:971:in 'Preference::Base#preference_auth_cookie_options'
    app/controllers/concerns/preference/base.rb:940:in 'Preference::Base#set_refresh_token_cookie'
    app/controllers/concerns/preference/base.rb:762:in 'Preference::Base#create_new_preference_record!'
    app/controllers/concerns/preference/base.rb:721:in 'Preference::Base#load_preference_record_from_refresh_token!'
    app/controllers/concerns/preference/base.rb:217:in 'Preference::Base#set_preferences_cookie'
    app/middleware/core/surface_middleware.rb:12:in 'Core::SurfaceMiddleware#call'
    test/controllers/core/org/edge/v1/preferences_controller_test.rb:75:in 'block in <class:PreferenceControllerTest>'
    test/support/i18n_locale_reset.rb:11:in 'block in ActiveSupport::TestCase#run'
    test/support/i18n_locale_reset.rb:10:in 'ActiveSupport::TestCase#run'

bin/rails test test/controllers/core/org/edge/v1/preferences_controller_test.rb:74

..E

Error:
Sign::App::In::EmailsControllerSecurityTest#test_rejects_emails_without_domain:
NameError: uninitialized constant Preference::Core::CookieOptions
    app/controllers/concerns/preference/base.rb:1096:in 'Preference::Base#preference_cookie_options'
    app/controllers/concerns/preference/base.rb:971:in 'Preference::Base#preference_auth_cookie_options'
    app/controllers/concerns/preference/base.rb:940:in 'Preference::Base#set_refresh_token_cookie'
    app/controllers/concerns/preference/base.rb:762:in 'Preference::Base#create_new_preference_record!'
    app/controllers/concerns/preference/base.rb:721:in 'Preference::Base#load_preference_record_from_refresh_token!'
    app/controllers/concerns/preference/base.rb:217:in 'Preference::Base#set_preferences_cookie'
    app/middleware/core/surface_middleware.rb:12:in 'Core::SurfaceMiddleware#call'
    test/controllers/sign/app/in/emails_controller_security_test.rb:90:in 'block in <class:EmailsControllerSecurityTest>'
    test/support/i18n_locale_reset.rb:11:in 'block in ActiveSupport::TestCase#run'
    test/support/i18n_locale_reset.rb:10:in 'ActiveSupport::TestCase#run'

bin/rails test test/controllers/sign/app/in/emails_controller_security_test.rb:89

E

Error:
Sign::App::In::EmailsControllerSecurityTest#test_rejects_emails_with_excessive_whitespace:
NameError: uninitialized constant Preference::Core::CookieOptions
    app/controllers/concerns/preference/base.rb:1096:in 'Preference::Base#preference_cookie_options'
    app/controllers/concerns/preference/base.rb:971:in 'Preference::Base#preference_auth_cookie_options'
    app/controllers/concerns/preference/base.rb:940:in 'Preference::Base#set_refresh_token_cookie'
    app/controllers/concerns/preference/base.rb:762:in 'Preference::Base#create_new_preference_record!'
    app/controllers/concerns/preference/base.rb:721:in 'Preference::Base#load_preference_record_from_refresh_token!'
    app/controllers/concerns/preference/base.rb:217:in 'Preference::Base#set_preferences_cookie'
    app/middleware/core/surface_middleware.rb:12:in 'Core::SurfaceMiddleware#call'
    test/controllers/sign/app/in/emails_controller_security_test.rb:124:in 'block in <class:EmailsControllerSecurityTest>'
    test/support/i18n_locale_reset.rb:11:in 'block in ActiveSupport::TestCase#run'
    test/support/i18n_locale_reset.rb:10:in 'ActiveSupport::TestCase#run'

bin/rails test test/controllers/sign/app/in/emails_controller_security_test.rb:123

E

Error:
Sign::App::In::EmailsControllerSecurityTest#test_accepts_valid_emails_with_dots_in_local_part:
NameError: uninitialized constant Preference::Core::CookieOptions
    app/controllers/concerns/preference/base.rb:1096:in 'Preference::Base#preference_cookie_options'
    app/controllers/concerns/preference/base.rb:971:in 'Preference::Base#preference_auth_cookie_options'
    app/controllers/concerns/preference/base.rb:940:in 'Preference::Base#set_refresh_token_cookie'
    app/controllers/concerns/preference/base.rb:762:in 'Preference::Base#create_new_preference_record!'
    app/controllers/concerns/preference/base.rb:721:in 'Preference::Base#load_preference_record_from_refresh_token!'
    app/controllers/concerns/preference/base.rb:217:in 'Preference::Base#set_preferences_cookie'
    app/middleware/core/surface_middleware.rb:12:in 'Core::SurfaceMiddleware#call'
    test/controllers/sign/app/in/emails_controller_security_test.rb:42:in 'block in <class:EmailsControllerSecurityTest>'
    test/support/i18n_locale_reset.rb:11:in 'block in ActiveSupport::TestCase#run'
    test/support/i18n_locale_reset.rb:10:in 'ActiveSupport::TestCase#run'

bin/rails test test/controllers/sign/app/in/emails_controller_security_test.rb:41

E

Error:
Sign::App::In::EmailsControllerSecurityTest#test_normalizes_email_to_lowercase:
NameError: uninitialized constant Preference::Core::CookieOptions
    app/controllers/concerns/preference/base.rb:1096:in 'Preference::Base#preference_cookie_options'
    app/controllers/concerns/preference/base.rb:971:in 'Preference::Base#preference_auth_cookie_options'
    app/controllers/concerns/preference/base.rb:940:in 'Preference::Base#set_refresh_token_cookie'
    app/controllers/concerns/preference/base.rb:762:in 'Preference::Base#create_new_preference_record!'
    app/controllers/concerns/preference/base.rb:721:in 'Preference::Base#load_preference_record_from_refresh_token!'
    app/controllers/concerns/preference/base.rb:217:in 'Preference::Base#set_preferences_cookie'
    app/middleware/core/surface_middleware.rb:12:in 'Core::SurfaceMiddleware#call'
    test/controllers/sign/app/in/emails_controller_security_test.rb:114:in 'block in <class:EmailsControllerSecurityTest>'
    test/support/i18n_locale_reset.rb:11:in 'block in ActiveSupport::TestCase#run'
    test/support/i18n_locale_reset.rb:10:in 'ActiveSupport::TestCase#run'

bin/rails test test/controllers/sign/app/in/emails_controller_security_test.rb:113

E

Error:
Sign::App::In::EmailsControllerSecurityTest#test_accepts_Gmail-style_addressing_with_plus:
NameError: uninitialized constant Preference::Core::CookieOptions
    app/controllers/concerns/preference/base.rb:1096:in 'Preference::Base#preference_cookie_options'
    app/controllers/concerns/preference/base.rb:971:in 'Preference::Base#preference_auth_cookie_options'
    app/controllers/concerns/preference/base.rb:940:in 'Preference::Base#set_refresh_token_cookie'
    app/controllers/concerns/preference/base.rb:762:in 'Preference::Base#create_new_preference_record!'
    app/controllers/concerns/preference/base.rb:721:in 'Preference::Base#load_preference_record_from_refresh_token!'
    app/controllers/concerns/preference/base.rb:217:in 'Preference::Base#set_preferences_cookie'
    app/middleware/core/surface_middleware.rb:12:in 'Core::SurfaceMiddleware#call'
    test/controllers/sign/app/in/emails_controller_security_test.rb:62:in 'block in <class:EmailsControllerSecurityTest>'
    test/support/i18n_locale_reset.rb:11:in 'block in ActiveSupport::TestCase#run'
    test/support/i18n_locale_reset.rb:10:in 'ActiveSupport::TestCase#run'

bin/rails test test/controllers/sign/app/in/emails_controller_security_test.rb:61

E

Error:
Sign::App::In::EmailsControllerSecurityTest#test_rejects_emails_without_@_symbol:
NameError: uninitialized constant Preference::Core::CookieOptions
    app/controllers/concerns/preference/base.rb:1096:in 'Preference::Base#preference_cookie_options'
    app/controllers/concerns/preference/base.rb:971:in 'Preference::Base#preference_auth_cookie_options'
    app/controllers/concerns/preference/base.rb:940:in 'Preference::Base#set_refresh_token_cookie'
    app/controllers/concerns/preference/base.rb:762:in 'Preference::Base#create_new_preference_record!'
    app/controllers/concerns/preference/base.rb:721:in 'Preference::Base#load_preference_record_from_refresh_token!'
    app/controllers/concerns/preference/base.rb:217:in 'Preference::Base#set_preferences_cookie'
    app/middleware/core/surface_middleware.rb:12:in 'Core::SurfaceMiddleware#call'
    test/controllers/sign/app/in/emails_controller_security_test.rb:82:in 'block in <class:EmailsControllerSecurityTest>'
    test/support/i18n_locale_reset.rb:11:in 'block in ActiveSupport::TestCase#run'
    test/support/i18n_locale_reset.rb:10:in 'ActiveSupport::TestCase#run'

bin/rails test test/controllers/sign/app/in/emails_controller_security_test.rb:81

E

Error:
Sign::App::In::EmailsControllerSecurityTest#test_accepts_valid_emails_with_consecutive_special_characters:
NameError: uninitialized constant Preference::Core::CookieOptions
    app/controllers/concerns/preference/base.rb:1096:in 'Preference::Base#preference_cookie_options'
    app/controllers/concerns/preference/base.rb:971:in 'Preference::Base#preference_auth_cookie_options'
    app/controllers/concerns/preference/base.rb:940:in 'Preference::Base#set_refresh_token_cookie'
    app/controllers/concerns/preference/base.rb:762:in 'Preference::Base#create_new_preference_record!'
    app/controllers/concerns/preference/base.rb:721:in 'Preference::Base#load_preference_record_from_refresh_token!'
    app/controllers/concerns/preference/base.rb:217:in 'Preference::Base#set_preferences_cookie'
    app/middleware/core/surface_middleware.rb:12:in 'Core::SurfaceMiddleware#call'
    test/controllers/sign/app/in/emails_controller_security_test.rb:32:in 'block in <class:EmailsControllerSecurityTest>'
    test/support/i18n_locale_reset.rb:11:in 'block in ActiveSupport::TestCase#run'
    test/support/i18n_locale_reset.rb:10:in 'ActiveSupport::TestCase#run'

bin/rails test test/controllers/sign/app/in/emails_controller_security_test.rb:29

E

Error:
Sign::App::In::EmailsControllerSecurityTest#test_accepts_emails_with_multiple_domain_levels:
NameError: uninitialized constant Preference::Core::CookieOptions
    app/controllers/concerns/preference/base.rb:1096:in 'Preference::Base#preference_cookie_options'
    app/controllers/concerns/preference/base.rb:971:in 'Preference::Base#preference_auth_cookie_options'
    app/controllers/concerns/preference/base.rb:940:in 'Preference::Base#set_refresh_token_cookie'
    app/controllers/concerns/preference/base.rb:762:in 'Preference::Base#create_new_preference_record!'
    app/controllers/concerns/preference/base.rb:721:in 'Preference::Base#load_preference_record_from_refresh_token!'
    app/controllers/concerns/preference/base.rb:217:in 'Preference::Base#set_preferences_cookie'
    app/middleware/core/surface_middleware.rb:12:in 'Core::SurfaceMiddleware#call'
    test/controllers/sign/app/in/emails_controller_security_test.rb:72:in 'block in <class:EmailsControllerSecurityTest>'
    test/support/i18n_locale_reset.rb:11:in 'block in ActiveSupport::TestCase#run'
    test/support/i18n_locale_reset.rb:10:in 'ActiveSupport::TestCase#run'

bin/rails test test/controllers/sign/app/in/emails_controller_security_test.rb:71

E

Error:
Sign::App::In::EmailsControllerSecurityTest#test_cleans_up_OTP_secrets_after_verification:
NameError: uninitialized constant Preference::Core::CookieOptions
    app/controllers/concerns/preference/base.rb:1096:in 'Preference::Base#preference_cookie_options'
    app/controllers/concerns/preference/base.rb:971:in 'Preference::Base#preference_auth_cookie_options'
    app/controllers/concerns/preference/base.rb:940:in 'Preference::Base#set_refresh_token_cookie'
    app/controllers/concerns/preference/base.rb:762:in 'Preference::Base#create_new_preference_record!'
    app/controllers/concerns/preference/base.rb:721:in 'Preference::Base#load_preference_record_from_refresh_token!'
    app/controllers/concerns/preference/base.rb:217:in 'Preference::Base#set_preferences_cookie'
    app/middleware/core/surface_middleware.rb:12:in 'Core::SurfaceMiddleware#call'
    test/controllers/sign/app/in/emails_controller_security_test.rb:155:in 'block in <class:EmailsControllerSecurityTest>'
    test/support/i18n_locale_reset.rb:11:in 'block in ActiveSupport::TestCase#run'
    test/support/i18n_locale_reset.rb:10:in 'ActiveSupport::TestCase#run'

bin/rails test test/controllers/sign/app/in/emails_controller_security_test.rb:149

E

Error:
Sign::App::In::EmailsControllerSecurityTest#test_accepts_valid_emails_with_underscores:
NameError: uninitialized constant Preference::Core::CookieOptions
    app/controllers/concerns/preference/base.rb:1096:in 'Preference::Base#preference_cookie_options'
    app/controllers/concerns/preference/base.rb:971:in 'Preference::Base#preference_auth_cookie_options'
    app/controllers/concerns/preference/base.rb:940:in 'Preference::Base#set_refresh_token_cookie'
    app/controllers/concerns/preference/base.rb:762:in 'Preference::Base#create_new_preference_record!'
    app/controllers/concerns/preference/base.rb:721:in 'Preference::Base#load_preference_record_from_refresh_token!'
    app/controllers/concerns/preference/base.rb:217:in 'Preference::Base#set_preferences_cookie'
    app/middleware/core/surface_middleware.rb:12:in 'Core::SurfaceMiddleware#call'
    test/controllers/sign/app/in/emails_controller_security_test.rb:52:in 'block in <class:EmailsControllerSecurityTest>'
    test/support/i18n_locale_reset.rb:11:in 'block in ActiveSupport::TestCase#run'
    test/support/i18n_locale_reset.rb:10:in 'ActiveSupport::TestCase#run'

bin/rails test test/controllers/sign/app/in/emails_controller_security_test.rb:51

E

Error:
Sign::App::In::EmailsControllerSecurityTest#test_handles_OTP_in_database:
NameError: uninitialized constant Preference::Core::CookieOptions
    app/controllers/concerns/preference/base.rb:1096:in 'Preference::Base#preference_cookie_options'
    app/controllers/concerns/preference/base.rb:971:in 'Preference::Base#preference_auth_cookie_options'
    app/controllers/concerns/preference/base.rb:940:in 'Preference::Base#set_refresh_token_cookie'
    app/controllers/concerns/preference/base.rb:762:in 'Preference::Base#create_new_preference_record!'
    app/controllers/concerns/preference/base.rb:721:in 'Preference::Base#load_preference_record_from_refresh_token!'
    app/controllers/concerns/preference/base.rb:217:in 'Preference::Base#set_preferences_cookie'
    app/middleware/core/surface_middleware.rb:12:in 'Core::SurfaceMiddleware#call'
    test/controllers/sign/app/in/emails_controller_security_test.rb:139:in 'block in <class:EmailsControllerSecurityTest>'
    test/support/i18n_locale_reset.rb:11:in 'block in ActiveSupport::TestCase#run'
    test/support/i18n_locale_reset.rb:10:in 'ActiveSupport::TestCase#run'

bin/rails test test/controllers/sign/app/in/emails_controller_security_test.rb:133

E

Error:
Sign::App::In::EmailsControllerSecurityTest#test_rejects_emails_with_spaces:
NameError: uninitialized constant Preference::Core::CookieOptions
    app/controllers/concerns/preference/base.rb:1096:in 'Preference::Base#preference_cookie_options'
    app/controllers/concerns/preference/base.rb:971:in 'Preference::Base#preference_auth_cookie_options'
    app/controllers/concerns/preference/base.rb:940:in 'Preference::Base#set_refresh_token_cookie'
    app/controllers/concerns/preference/base.rb:762:in 'Preference::Base#create_new_preference_record!'
    app/controllers/concerns/preference/base.rb:721:in 'Preference::Base#load_preference_record_from_refresh_token!'
    app/controllers/concerns/preference/base.rb:217:in 'Preference::Base#set_preferences_cookie'
    app/middleware/core/surface_middleware.rb:12:in 'Core::SurfaceMiddleware#call'
    test/controllers/sign/app/in/emails_controller_security_test.rb:106:in 'block in <class:EmailsControllerSecurityTest>'
    test/support/i18n_locale_reset.rb:11:in 'block in ActiveSupport::TestCase#run'
    test/support/i18n_locale_reset.rb:10:in 'ActiveSupport::TestCase#run'

bin/rails test test/controllers/sign/app/in/emails_controller_security_test.rb:105

E

Error:
Sign::App::In::EmailsControllerSecurityTest#test_rejects_emails_without_local_part:
NameError: uninitialized constant Preference::Core::CookieOptions
    app/controllers/concerns/preference/base.rb:1096:in 'Preference::Base#preference_cookie_options'
    app/controllers/concerns/preference/base.rb:971:in 'Preference::Base#preference_auth_cookie_options'
    app/controllers/concerns/preference/base.rb:940:in 'Preference::Base#set_refresh_token_cookie'
    app/controllers/concerns/preference/base.rb:762:in 'Preference::Base#create_new_preference_record!'
    app/controllers/concerns/preference/base.rb:721:in 'Preference::Base#load_preference_record_from_refresh_token!'
    app/controllers/concerns/preference/base.rb:217:in 'Preference::Base#set_preferences_cookie'
    app/middleware/core/surface_middleware.rb:12:in 'Core::SurfaceMiddleware#call'
    test/controllers/sign/app/in/emails_controller_security_test.rb:98:in 'block in <class:EmailsControllerSecurityTest>'
    test/support/i18n_locale_reset.rb:11:in 'block in ActiveSupport::TestCase#run'
    test/support/i18n_locale_reset.rb:10:in 'ActiveSupport::TestCase#run'

bin/rails test test/controllers/sign/app/in/emails_controller_security_test.rb:97

E

Error:
Sign::App::In::EmailsControllerSecurityTest#test_rejects_invalid_email_format:
NameError: uninitialized constant Preference::Core::CookieOptions
    app/controllers/concerns/preference/base.rb:1096:in 'Preference::Base#preference_cookie_options'
    app/controllers/concerns/preference/base.rb:971:in 'Preference::Base#preference_auth_cookie_options'
    app/controllers/concerns/preference/base.rb:940:in 'Preference::Base#set_refresh_token_cookie'
    app/controllers/concerns/preference/base.rb:762:in 'Preference::Base#create_new_preference_record!'
    app/controllers/concerns/preference/base.rb:721:in 'Preference::Base#load_preference_record_from_refresh_token!'
    app/controllers/concerns/preference/base.rb:217:in 'Preference::Base#set_preferences_cookie'
    app/middleware/core/surface_middleware.rb:12:in 'Core::SurfaceMiddleware#call'
    test/controllers/sign/app/in/emails_controller_security_test.rb:22:in 'block in <class:EmailsControllerSecurityTest>'
    test/support/i18n_locale_reset.rb:11:in 'block in ActiveSupport::TestCase#run'
    test/support/i18n_locale_reset.rb:10:in 'ActiveSupport::TestCase#run'

bin/rails test test/controllers/sign/app/in/emails_controller_security_test.rb:21

.E

Error:
Apex::App::Configuration::RootsControllerTest#test_returns_success_when_refresh_token_is_valid:
NameError: uninitialized constant Preference::Core::CookieOptions
    app/controllers/concerns/preference/base.rb:1096:in 'Preference::Base#preference_cookie_options'
    app/controllers/concerns/preference/base.rb:971:in 'Preference::Base#preference_auth_cookie_options'
    app/controllers/concerns/preference/base.rb:940:in 'Preference::Base#set_refresh_token_cookie'
    app/controllers/concerns/preference/base.rb:762:in 'Preference::Base#create_new_preference_record!'
    app/controllers/concerns/preference/base.rb:721:in 'Preference::Base#load_preference_record_from_refresh_token!'
    app/controllers/concerns/preference/base.rb:217:in 'Preference::Base#set_preferences_cookie'
    app/middleware/core/surface_middleware.rb:12:in 'Core::SurfaceMiddleware#call'
    test/controllers/apex/app/configuration/roots_controller_test.rb:25:in 'block in <class:RootsControllerTest>'
    test/support/i18n_locale_reset.rb:11:in 'block in ActiveSupport::TestCase#run'
    test/support/i18n_locale_reset.rb:10:in 'ActiveSupport::TestCase#run'

bin/rails test test/controllers/apex/app/configuration/roots_controller_test.rb:21

E

Error:
Help::Org::RootsControllerTest#test_sets_lang_attribute_on_html_element:
NameError: uninitialized constant Preference::Core::CookieOptions
    app/controllers/concerns/preference/base.rb:1096:in 'Preference::Base#preference_cookie_options'
    app/controllers/concerns/preference/base.rb:971:in 'Preference::Base#preference_auth_cookie_options'
    app/controllers/concerns/preference/base.rb:940:in 'Preference::Base#set_refresh_token_cookie'
    app/controllers/concerns/preference/base.rb:762:in 'Preference::Base#create_new_preference_record!'
    app/controllers/concerns/preference/base.rb:721:in 'Preference::Base#load_preference_record_from_refresh_token!'
    app/controllers/concerns/preference/base.rb:217:in 'Preference::Base#set_preferences_cookie'
    app/middleware/core/surface_middleware.rb:12:in 'Core::SurfaceMiddleware#call'
    test/controllers/help/org/roots_controller_test.rb:15:in 'block in <class:RootsControllerTest>'
    test/support/i18n_locale_reset.rb:11:in 'block in ActiveSupport::TestCase#run'
    test/support/i18n_locale_reset.rb:10:in 'ActiveSupport::TestCase#run'

bin/rails test test/controllers/help/org/roots_controller_test.rb:14

E

Error:
Help::Org::RootsControllerTest#test_generates_sha3-384_token_digest_on_root:
NameError: uninitialized constant Preference::Core::CookieOptions
    app/controllers/concerns/preference/base.rb:1096:in 'Preference::Base#preference_cookie_options'
    app/controllers/concerns/preference/base.rb:971:in 'Preference::Base#preference_auth_cookie_options'
    app/controllers/concerns/preference/base.rb:940:in 'Preference::Base#set_refresh_token_cookie'
    app/controllers/concerns/preference/base.rb:762:in 'Preference::Base#create_new_preference_record!'
    app/controllers/concerns/preference/base.rb:721:in 'Preference::Base#load_preference_record_from_refresh_token!'
    app/controllers/concerns/preference/base.rb:217:in 'Preference::Base#set_preferences_cookie'
    app/middleware/core/surface_middleware.rb:12:in 'Core::SurfaceMiddleware#call'
    test/controllers/help/org/roots_controller_test.rb:51:in 'block in <class:RootsControllerTest>'
    test/support/i18n_locale_reset.rb:11:in 'block in ActiveSupport::TestCase#run'
    test/support/i18n_locale_reset.rb:10:in 'ActiveSupport::TestCase#run'

bin/rails test test/controllers/help/org/roots_controller_test.rb:50

E

Error:
Help::Org::RootsControllerTest#test_renders_expected_layout_structure:
NameError: uninitialized constant Preference::Core::CookieOptions
    app/controllers/concerns/preference/base.rb:1096:in 'Preference::Base#preference_cookie_options'
    app/controllers/concerns/preference/base.rb:971:in 'Preference::Base#preference_auth_cookie_options'
    app/controllers/concerns/preference/base.rb:940:in 'Preference::Base#set_refresh_token_cookie'
    app/controllers/concerns/preference/base.rb:762:in 'Preference::Base#create_new_preference_record!'
    app/controllers/concerns/preference/base.rb:721:in 'Preference::Base#load_preference_record_from_refresh_token!'
    app/controllers/concerns/preference/base.rb:217:in 'Preference::Base#set_preferences_cookie'
    app/middleware/core/surface_middleware.rb:12:in 'Core::SurfaceMiddleware#call'
    test/controllers/help/org/roots_controller_test.rb:31:in 'block in <class:RootsControllerTest>'
    test/support/i18n_locale_reset.rb:11:in 'block in ActiveSupport::TestCase#run'
    test/support/i18n_locale_reset.rb:10:in 'ActiveSupport::TestCase#run'

bin/rails test test/controllers/help/org/roots_controller_test.rb:30

E

Error:
Help::Org::RootsControllerTest#test_renders_contact_link:
NameError: uninitialized constant Preference::Core::CookieOptions
    app/controllers/concerns/preference/base.rb:1096:in 'Preference::Base#preference_cookie_options'
    app/controllers/concerns/preference/base.rb:971:in 'Preference::Base#preference_auth_cookie_options'
    app/controllers/concerns/preference/base.rb:940:in 'Preference::Base#set_refresh_token_cookie'
    app/controllers/concerns/preference/base.rb:762:in 'Preference::Base#create_new_preference_record!'
    app/controllers/concerns/preference/base.rb:721:in 'Preference::Base#load_preference_record_from_refresh_token!'
    app/controllers/concerns/preference/base.rb:217:in 'Preference::Base#set_preferences_cookie'
    app/middleware/core/surface_middleware.rb:12:in 'Core::SurfaceMiddleware#call'
    test/controllers/help/org/roots_controller_test.rb:23:in 'block in <class:RootsControllerTest>'
    test/support/i18n_locale_reset.rb:11:in 'block in ActiveSupport::TestCase#run'
    test/support/i18n_locale_reset.rb:10:in 'ActiveSupport::TestCase#run'

bin/rails test test/controllers/help/org/roots_controller_test.rb:22

E

Error:
Help::Org::RootsControllerTest#test_sets_theme_cookie:
NameError: uninitialized constant Preference::Core::CookieOptions
    app/controllers/concerns/preference/base.rb:1096:in 'Preference::Base#preference_cookie_options'
    app/controllers/concerns/preference/base.rb:971:in 'Preference::Base#preference_auth_cookie_options'
    app/controllers/concerns/preference/base.rb:940:in 'Preference::Base#set_refresh_token_cookie'
    app/controllers/concerns/preference/base.rb:762:in 'Preference::Base#create_new_preference_record!'
    app/controllers/concerns/preference/base.rb:721:in 'Preference::Base#load_preference_record_from_refresh_token!'
    app/controllers/concerns/preference/base.rb:217:in 'Preference::Base#set_preferences_cookie'
    app/middleware/core/surface_middleware.rb:12:in 'Core::SurfaceMiddleware#call'
    test/support/root_theme_cookie_helper.rb:6:in 'RootThemeCookieHelper#assert_theme_cookie_for'
    test/controllers/help/org/roots_controller_test.rb:57:in 'block in <class:RootsControllerTest>'
    test/support/i18n_locale_reset.rb:11:in 'block in ActiveSupport::TestCase#run'
    test/support/i18n_locale_reset.rb:10:in 'ActiveSupport::TestCase#run'

bin/rails test test/controllers/help/org/roots_controller_test.rb:56

E

Error:
Help::Org::RootsControllerTest#test_should_get_show:
NameError: uninitialized constant Preference::Core::CookieOptions
    app/controllers/concerns/preference/base.rb:1096:in 'Preference::Base#preference_cookie_options'
    app/controllers/concerns/preference/base.rb:971:in 'Preference::Base#preference_auth_cookie_options'
    app/controllers/concerns/preference/base.rb:940:in 'Preference::Base#set_refresh_token_cookie'
    app/controllers/concerns/preference/base.rb:762:in 'Preference::Base#create_new_preference_record!'
    app/controllers/concerns/preference/base.rb:721:in 'Preference::Base#load_preference_record_from_refresh_token!'
    app/controllers/concerns/preference/base.rb:217:in 'Preference::Base#set_preferences_cookie'
    app/middleware/core/surface_middleware.rb:12:in 'Core::SurfaceMiddleware#call'
    test/controllers/help/org/roots_controller_test.rb:9:in 'block in <class:RootsControllerTest>'
    test/support/i18n_locale_reset.rb:11:in 'block in ActiveSupport::TestCase#run'
    test/support/i18n_locale_reset.rb:10:in 'ActiveSupport::TestCase#run'

bin/rails test test/controllers/help/org/roots_controller_test.rb:8

..E

Error:
Sign::App::InsControllerTest#test_sign_up_link_includes_rt_when_rt_is_present:
NameError: uninitialized constant Preference::Core::CookieOptions
    app/controllers/concerns/preference/base.rb:1096:in 'Preference::Base#preference_cookie_options'
    app/controllers/concerns/preference/base.rb:971:in 'Preference::Base#preference_auth_cookie_options'
    app/controllers/concerns/preference/base.rb:940:in 'Preference::Base#set_refresh_token_cookie'
    app/controllers/concerns/preference/base.rb:762:in 'Preference::Base#create_new_preference_record!'
    app/controllers/concerns/preference/base.rb:721:in 'Preference::Base#load_preference_record_from_refresh_token!'
    app/controllers/concerns/preference/base.rb:217:in 'Preference::Base#set_preferences_cookie'
    app/middleware/core/surface_middleware.rb:12:in 'Core::SurfaceMiddleware#call'
    test/controllers/sign/app/ins_controller_test.rb:27:in 'block in <class:InsControllerTest>'
    test/support/i18n_locale_reset.rb:11:in 'block in ActiveSupport::TestCase#run'
    test/support/i18n_locale_reset.rb:10:in 'ActiveSupport::TestCase#run'

bin/rails test test/controllers/sign/app/ins_controller_test.rb:26

E

Error:
Sign::App::InsControllerTest#test_should_get_new_with_authentication_links:
NameError: uninitialized constant Preference::Core::CookieOptions
    app/controllers/concerns/preference/base.rb:1096:in 'Preference::Base#preference_cookie_options'
    app/controllers/concerns/preference/base.rb:971:in 'Preference::Base#preference_auth_cookie_options'
    app/controllers/concerns/preference/base.rb:940:in 'Preference::Base#set_refresh_token_cookie'
    app/controllers/concerns/preference/base.rb:762:in 'Preference::Base#create_new_preference_record!'
    app/controllers/concerns/preference/base.rb:721:in 'Preference::Base#load_preference_record_from_refresh_token!'
    app/controllers/concerns/preference/base.rb:217:in 'Preference::Base#set_preferences_cookie'
    app/middleware/core/surface_middleware.rb:12:in 'Core::SurfaceMiddleware#call'
    test/controllers/sign/app/ins_controller_test.rb:13:in 'block in <class:InsControllerTest>'
    test/support/i18n_locale_reset.rb:11:in 'block in ActiveSupport::TestCase#run'
    test/support/i18n_locale_reset.rb:10:in 'ActiveSupport::TestCase#run'

bin/rails test test/controllers/sign/app/ins_controller_test.rb:12

E

Error:
Sign::App::InsControllerTest#test_sign_up_link_includes_only_ri_when_rt_is_absent:
NameError: uninitialized constant Preference::Core::CookieOptions
    app/controllers/concerns/preference/base.rb:1096:in 'Preference::Base#preference_cookie_options'
    app/controllers/concerns/preference/base.rb:971:in 'Preference::Base#preference_auth_cookie_options'
    app/controllers/concerns/preference/base.rb:940:in 'Preference::Base#set_refresh_token_cookie'
    app/controllers/concerns/preference/base.rb:762:in 'Preference::Base#create_new_preference_record!'
    app/controllers/concerns/preference/base.rb:721:in 'Preference::Base#load_preference_record_from_refresh_token!'
    app/controllers/concerns/preference/base.rb:217:in 'Preference::Base#set_preferences_cookie'
    app/middleware/core/surface_middleware.rb:12:in 'Core::SurfaceMiddleware#call'
    test/controllers/sign/app/ins_controller_test.rb:34:in 'block in <class:InsControllerTest>'
    test/support/i18n_locale_reset.rb:11:in 'block in ActiveSupport::TestCase#run'
    test/support/i18n_locale_reset.rb:10:in 'ActiveSupport::TestCase#run'

bin/rails test test/controllers/sign/app/ins_controller_test.rb:33

E

Error:
Sign::App::InsControllerTest#test_should_render_in_english_when_lx=en:
NameError: uninitialized constant Preference::Core::CookieOptions
    app/controllers/concerns/preference/base.rb:1096:in 'Preference::Base#preference_cookie_options'
    app/controllers/concerns/preference/base.rb:971:in 'Preference::Base#preference_auth_cookie_options'
    app/controllers/concerns/preference/base.rb:940:in 'Preference::Base#set_refresh_token_cookie'
    app/controllers/concerns/preference/base.rb:762:in 'Preference::Base#create_new_preference_record!'
    app/controllers/concerns/preference/base.rb:721:in 'Preference::Base#load_preference_record_from_refresh_token!'
    app/controllers/concerns/preference/base.rb:217:in 'Preference::Base#set_preferences_cookie'
    app/middleware/core/surface_middleware.rb:12:in 'Core::SurfaceMiddleware#call'
    test/controllers/sign/app/ins_controller_test.rb:51:in 'block in <class:InsControllerTest>'
    test/support/i18n_locale_reset.rb:11:in 'block in ActiveSupport::TestCase#run'
    test/support/i18n_locale_reset.rb:10:in 'ActiveSupport::TestCase#run'

bin/rails test test/controllers/sign/app/ins_controller_test.rb:50

E

Error:
Sign::App::InsControllerTest#test_sign_up_link_preserves_encoded-like_rt_value_safely:
NameError: uninitialized constant Preference::Core::CookieOptions
    app/controllers/concerns/preference/base.rb:1096:in 'Preference::Base#preference_cookie_options'
    app/controllers/concerns/preference/base.rb:971:in 'Preference::Base#preference_auth_cookie_options'
    app/controllers/concerns/preference/base.rb:940:in 'Preference::Base#set_refresh_token_cookie'
    app/controllers/concerns/preference/base.rb:762:in 'Preference::Base#create_new_preference_record!'
    app/controllers/concerns/preference/base.rb:721:in 'Preference::Base#load_preference_record_from_refresh_token!'
    app/controllers/concerns/preference/base.rb:217:in 'Preference::Base#set_preferences_cookie'
    app/middleware/core/surface_middleware.rb:12:in 'Core::SurfaceMiddleware#call'
    test/controllers/sign/app/ins_controller_test.rb:43:in 'block in <class:InsControllerTest>'
    test/support/i18n_locale_reset.rb:11:in 'block in ActiveSupport::TestCase#run'
    test/support/i18n_locale_reset.rb:10:in 'ActiveSupport::TestCase#run'

bin/rails test test/controllers/sign/app/ins_controller_test.rb:41

..........................................................................E

Error:
Sign::App::Configuration::ChallengesControllerTest#test_should_get_show:
NameError: uninitialized constant Preference::Core::CookieOptions
    app/controllers/concerns/preference/base.rb:1096:in 'Preference::Base#preference_cookie_options'
    app/controllers/concerns/preference/base.rb:971:in 'Preference::Base#preference_auth_cookie_options'
    app/controllers/concerns/preference/base.rb:940:in 'Preference::Base#set_refresh_token_cookie'
    app/controllers/concerns/preference/base.rb:762:in 'Preference::Base#create_new_preference_record!'
    app/controllers/concerns/preference/base.rb:721:in 'Preference::Base#load_preference_record_from_refresh_token!'
    app/controllers/concerns/preference/base.rb:217:in 'Preference::Base#set_preferences_cookie'
    app/middleware/core/surface_middleware.rb:12:in 'Core::SurfaceMiddleware#call'
    test/controllers/sign/app/configuration/challenges_controller_test.rb:22:in 'block in <class:ChallengesControllerTest>'
    test/support/i18n_locale_reset.rb:11:in 'block in ActiveSupport::TestCase#run'
    test/support/i18n_locale_reset.rb:10:in 'ActiveSupport::TestCase#run'

bin/rails test test/controllers/sign/app/configuration/challenges_controller_test.rb:21

E

Error:
Sign::App::Configuration::ChallengesControllerTest#test_update_toggles_multi_factor_enabled:
NameError: uninitialized constant Preference::Core::CookieOptions
    app/controllers/concerns/preference/base.rb:1096:in 'Preference::Base#preference_cookie_options'
    app/controllers/concerns/preference/base.rb:971:in 'Preference::Base#preference_auth_cookie_options'
    app/controllers/concerns/preference/base.rb:940:in 'Preference::Base#set_refresh_token_cookie'
    app/controllers/concerns/preference/base.rb:762:in 'Preference::Base#create_new_preference_record!'
    app/controllers/concerns/preference/base.rb:721:in 'Preference::Base#load_preference_record_from_refresh_token!'
    app/controllers/concerns/preference/base.rb:217:in 'Preference::Base#set_preferences_cookie'
    app/middleware/core/surface_middleware.rb:12:in 'Core::SurfaceMiddleware#call'
    test/controllers/sign/app/configuration/challenges_controller_test.rb:30:in 'block in <class:ChallengesControllerTest>'
    test/support/i18n_locale_reset.rb:11:in 'block in ActiveSupport::TestCase#run'
    test/support/i18n_locale_reset.rb:10:in 'ActiveSupport::TestCase#run'

bin/rails test test/controllers/sign/app/configuration/challenges_controller_test.rb:27

.........................E

Error:
Core::Org::RootsControllerTest#test_sets_theme_cookie:
NameError: uninitialized constant Preference::Core::CookieOptions
    app/controllers/concerns/preference/base.rb:1096:in 'Preference::Base#preference_cookie_options'
    app/controllers/concerns/preference/base.rb:971:in 'Preference::Base#preference_auth_cookie_options'
    app/controllers/concerns/preference/base.rb:940:in 'Preference::Base#set_refresh_token_cookie'
    app/controllers/concerns/preference/base.rb:762:in 'Preference::Base#create_new_preference_record!'
    app/controllers/concerns/preference/base.rb:721:in 'Preference::Base#load_preference_record_from_refresh_token!'
    app/controllers/concerns/preference/base.rb:217:in 'Preference::Base#set_preferences_cookie'
    app/middleware/core/surface_middleware.rb:12:in 'Core::SurfaceMiddleware#call'
    test/support/root_theme_cookie_helper.rb:6:in 'RootThemeCookieHelper#assert_theme_cookie_for'
    test/controllers/core/org/roots_controller_test.rb:31:in 'block in <class:RootsControllerTest>'
    test/support/i18n_locale_reset.rb:11:in 'block in ActiveSupport::TestCase#run'
    test/support/i18n_locale_reset.rb:10:in 'ActiveSupport::TestCase#run'

bin/rails test test/controllers/core/org/roots_controller_test.rb:30

E

Error:
Core::Org::RootsControllerTest#test_should_redirect_to_CORE_STAFF_URL:
NameError: uninitialized constant Preference::Core::CookieOptions
    app/controllers/concerns/preference/base.rb:1096:in 'Preference::Base#preference_cookie_options'
    app/controllers/concerns/preference/base.rb:971:in 'Preference::Base#preference_auth_cookie_options'
    app/controllers/concerns/preference/base.rb:940:in 'Preference::Base#set_refresh_token_cookie'
    app/controllers/concerns/preference/base.rb:762:in 'Preference::Base#create_new_preference_record!'
    app/controllers/concerns/preference/base.rb:721:in 'Preference::Base#load_preference_record_from_refresh_token!'
    app/controllers/concerns/preference/base.rb:217:in 'Preference::Base#set_preferences_cookie'
    app/middleware/core/surface_middleware.rb:12:in 'Core::SurfaceMiddleware#call'
    test/controllers/core/org/roots_controller_test.rb:12:in 'block in <class:RootsControllerTest>'
    test/support/i18n_locale_reset.rb:11:in 'block in ActiveSupport::TestCase#run'
    test/support/i18n_locale_reset.rb:10:in 'ActiveSupport::TestCase#run'

bin/rails test test/controllers/core/org/roots_controller_test.rb:11

E

Error:
Core::Org::RootsControllerTest#test_generates_sha3-384_token_digest_on_root:
NameError: uninitialized constant Preference::Core::CookieOptions
    app/controllers/concerns/preference/base.rb:1096:in 'Preference::Base#preference_cookie_options'
    app/controllers/concerns/preference/base.rb:971:in 'Preference::Base#preference_auth_cookie_options'
    app/controllers/concerns/preference/base.rb:940:in 'Preference::Base#set_refresh_token_cookie'
    app/controllers/concerns/preference/base.rb:762:in 'Preference::Base#create_new_preference_record!'
    app/controllers/concerns/preference/base.rb:721:in 'Preference::Base#load_preference_record_from_refresh_token!'
    app/controllers/concerns/preference/base.rb:217:in 'Preference::Base#set_preferences_cookie'
    app/middleware/core/surface_middleware.rb:12:in 'Core::SurfaceMiddleware#call'
    test/controllers/core/org/roots_controller_test.rb:25:in 'block in <class:RootsControllerTest>'
    test/support/i18n_locale_reset.rb:11:in 'block in ActiveSupport::TestCase#run'
    test/support/i18n_locale_reset.rb:10:in 'ActiveSupport::TestCase#run'

bin/rails test test/controllers/core/org/roots_controller_test.rb:24

E

Error:
Core::Org::RootsControllerTest#test_renders_layout_contract:
NameError: uninitialized constant Preference::Core::CookieOptions
    app/controllers/concerns/preference/base.rb:1096:in 'Preference::Base#preference_cookie_options'
    app/controllers/concerns/preference/base.rb:971:in 'Preference::Base#preference_auth_cookie_options'
    app/controllers/concerns/preference/base.rb:940:in 'Preference::Base#set_refresh_token_cookie'
    app/controllers/concerns/preference/base.rb:762:in 'Preference::Base#create_new_preference_record!'
    app/controllers/concerns/preference/base.rb:721:in 'Preference::Base#load_preference_record_from_refresh_token!'
    app/controllers/concerns/preference/base.rb:217:in 'Preference::Base#set_preferences_cookie'
    app/middleware/core/surface_middleware.rb:12:in 'Core::SurfaceMiddleware#call'
    test/controllers/core/org/roots_controller_test.rb:18:in 'block in <class:RootsControllerTest>'
    test/support/i18n_locale_reset.rb:11:in 'block in ActiveSupport::TestCase#run'
    test/support/i18n_locale_reset.rb:10:in 'ActiveSupport::TestCase#run'

bin/rails test test/controllers/core/org/roots_controller_test.rb:17

E

Error:
Docs::Com::Edge::V1::HealthsControllerTest#test_returns_success_for_default_format:
NameError: uninitialized constant Preference::Core::CookieOptions
    app/controllers/concerns/preference/base.rb:1096:in 'Preference::Base#preference_cookie_options'
    app/controllers/concerns/preference/base.rb:971:in 'Preference::Base#preference_auth_cookie_options'
    app/controllers/concerns/preference/base.rb:940:in 'Preference::Base#set_refresh_token_cookie'
    app/controllers/concerns/preference/base.rb:762:in 'Preference::Base#create_new_preference_record!'
    app/controllers/concerns/preference/base.rb:721:in 'Preference::Base#load_preference_record_from_refresh_token!'
    app/controllers/concerns/preference/base.rb:217:in 'Preference::Base#set_preferences_cookie'
    app/middleware/core/surface_middleware.rb:12:in 'Core::SurfaceMiddleware#call'
    test/controllers/docs/com/edge/v1/healths_controller_test.rb:11:in 'block in <class:HealthsControllerTest>'
    test/support/i18n_locale_reset.rb:11:in 'block in ActiveSupport::TestCase#run'
    test/support/i18n_locale_reset.rb:10:in 'ActiveSupport::TestCase#run'

bin/rails test test/controllers/docs/com/edge/v1/healths_controller_test.rb:10

E

Error:
Docs::Com::Edge::V1::HealthsControllerTest#test_returns_success_for_explicit_html_format:
NameError: uninitialized constant Preference::Core::CookieOptions
    app/controllers/concerns/preference/base.rb:1096:in 'Preference::Base#preference_cookie_options'
    app/controllers/concerns/preference/base.rb:971:in 'Preference::Base#preference_auth_cookie_options'
    app/controllers/concerns/preference/base.rb:940:in 'Preference::Base#set_refresh_token_cookie'
    app/controllers/concerns/preference/base.rb:762:in 'Preference::Base#create_new_preference_record!'
    app/controllers/concerns/preference/base.rb:721:in 'Preference::Base#load_preference_record_from_refresh_token!'
    app/controllers/concerns/preference/base.rb:217:in 'Preference::Base#set_preferences_cookie'
    app/middleware/core/surface_middleware.rb:12:in 'Core::SurfaceMiddleware#call'
    test/controllers/docs/com/edge/v1/healths_controller_test.rb:18:in 'block in <class:HealthsControllerTest>'
    test/support/i18n_locale_reset.rb:11:in 'block in ActiveSupport::TestCase#run'
    test/support/i18n_locale_reset.rb:10:in 'ActiveSupport::TestCase#run'

bin/rails test test/controllers/docs/com/edge/v1/healths_controller_test.rb:17

E

Error:
Docs::Com::Edge::V1::HealthsControllerTest#test_raises_error_for_unsupported_yaml_format:
NameError: uninitialized constant Preference::Core::CookieOptions
    app/controllers/concerns/preference/base.rb:1096:in 'Preference::Base#preference_cookie_options'
    app/controllers/concerns/preference/base.rb:971:in 'Preference::Base#preference_auth_cookie_options'
    app/controllers/concerns/preference/base.rb:940:in 'Preference::Base#set_refresh_token_cookie'
    app/controllers/concerns/preference/base.rb:762:in 'Preference::Base#create_new_preference_record!'
    app/controllers/concerns/preference/base.rb:721:in 'Preference::Base#load_preference_record_from_refresh_token!'
    app/controllers/concerns/preference/base.rb:217:in 'Preference::Base#set_preferences_cookie'
    app/middleware/core/surface_middleware.rb:12:in 'Core::SurfaceMiddleware#call'
    test/controllers/docs/com/edge/v1/healths_controller_test.rb:32:in 'block in <class:HealthsControllerTest>'
    test/support/i18n_locale_reset.rb:11:in 'block in ActiveSupport::TestCase#run'
    test/support/i18n_locale_reset.rb:10:in 'ActiveSupport::TestCase#run'

bin/rails test test/controllers/docs/com/edge/v1/healths_controller_test.rb:31

E

Error:
Docs::Com::Edge::V1::HealthsControllerTest#test_returns_OK_status_payload_for_json_format:
NameError: uninitialized constant Preference::Core::CookieOptions
    app/controllers/concerns/preference/base.rb:1096:in 'Preference::Base#preference_cookie_options'
    app/controllers/concerns/preference/base.rb:971:in 'Preference::Base#preference_auth_cookie_options'
    app/controllers/concerns/preference/base.rb:940:in 'Preference::Base#set_refresh_token_cookie'
    app/controllers/concerns/preference/base.rb:762:in 'Preference::Base#create_new_preference_record!'
    app/controllers/concerns/preference/base.rb:721:in 'Preference::Base#load_preference_record_from_refresh_token!'
    app/controllers/concerns/preference/base.rb:217:in 'Preference::Base#set_preferences_cookie'
    app/middleware/core/surface_middleware.rb:12:in 'Core::SurfaceMiddleware#call'
    test/controllers/docs/com/edge/v1/healths_controller_test.rb:25:in 'block in <class:HealthsControllerTest>'
    test/support/i18n_locale_reset.rb:11:in 'block in ActiveSupport::TestCase#run'
    test/support/i18n_locale_reset.rb:10:in 'ActiveSupport::TestCase#run'

bin/rails test test/controllers/docs/com/edge/v1/healths_controller_test.rb:24

....................................F

Failure:
Core::Org::PreferenceControllerTest#test_should_get_show [test/controllers/core/org/preferences_controller_test.rb:8]:
Expected response to be a <2XX: success>, but was a <404: Not Found>

bin/rails test test/controllers/core/org/preferences_controller_test.rb:6

E

Error:
Core::Org::PreferenceControllerTest#test_footer_should_contain_preference_link:
NameError: uninitialized constant Preference::Core::CookieOptions
    app/controllers/concerns/preference/base.rb:1096:in 'Preference::Base#preference_cookie_options'
    app/controllers/concerns/preference/base.rb:971:in 'Preference::Base#preference_auth_cookie_options'
    app/controllers/concerns/preference/base.rb:940:in 'Preference::Base#set_refresh_token_cookie'
    app/controllers/concerns/preference/base.rb:762:in 'Preference::Base#create_new_preference_record!'
    app/controllers/concerns/preference/base.rb:721:in 'Preference::Base#load_preference_record_from_refresh_token!'
    app/controllers/concerns/preference/base.rb:217:in 'Preference::Base#set_preferences_cookie'
    app/middleware/core/surface_middleware.rb:12:in 'Core::SurfaceMiddleware#call'
    test/controllers/core/org/preferences_controller_test.rb:12:in 'block in <class:PreferenceControllerTest>'
    test/support/i18n_locale_reset.rb:11:in 'block in ActiveSupport::TestCase#run'
    test/support/i18n_locale_reset.rb:10:in 'ActiveSupport::TestCase#run'

bin/rails test test/controllers/core/org/preferences_controller_test.rb:11

F

Failure:
Core::Org::PreferenceControllerTest#test_preference_page_links_to_apex_preference [test/controllers/core/org/preferences_controller_test.rb:20]:
Expected response to be a <2XX: success>, but was a <404: Not Found>

bin/rails test test/controllers/core/org/preferences_controller_test.rb:18

.......E

Error:
PreferenceGlobalParamContextTest#test_apex_app_redirect_to_add_ri_preserves_existing_query_params:
NameError: uninitialized constant Preference::Core::CookieOptions
    app/controllers/concerns/preference/base.rb:1096:in 'Preference::Base#preference_cookie_options'
    app/controllers/concerns/preference/base.rb:971:in 'Preference::Base#preference_auth_cookie_options'
    app/controllers/concerns/preference/base.rb:940:in 'Preference::Base#set_refresh_token_cookie'
    app/controllers/concerns/preference/base.rb:762:in 'Preference::Base#create_new_preference_record!'
    app/controllers/concerns/preference/base.rb:721:in 'Preference::Base#load_preference_record_from_refresh_token!'
    app/controllers/concerns/preference/base.rb:217:in 'Preference::Base#set_preferences_cookie'
    app/middleware/core/surface_middleware.rb:12:in 'Core::SurfaceMiddleware#call'
    test/integration/preference_global_param_context_test.rb:184:in 'block (2 levels) in <class:PreferenceGlobalParamContextTest>'
    test/support/i18n_locale_reset.rb:11:in 'block in ActiveSupport::TestCase#run'
    test/support/i18n_locale_reset.rb:10:in 'ActiveSupport::TestCase#run'

bin/rails test test/integration/preference_global_param_context_test.rb:179

E

Error:
PreferenceGlobalParamContextTest#test_sign_app_lx_param_is_NOT_added_to_navigation_links_when_NOT_in_request:
NameError: uninitialized constant Preference::Core::CookieOptions
    app/controllers/concerns/preference/base.rb:1096:in 'Preference::Base#preference_cookie_options'
    app/controllers/concerns/preference/base.rb:971:in 'Preference::Base#preference_auth_cookie_options'
    app/controllers/concerns/preference/base.rb:940:in 'Preference::Base#set_refresh_token_cookie'
    app/controllers/concerns/preference/base.rb:762:in 'Preference::Base#create_new_preference_record!'
    app/controllers/concerns/preference/base.rb:721:in 'Preference::Base#load_preference_record_from_refresh_token!'
    app/controllers/concerns/preference/base.rb:217:in 'Preference::Base#set_preferences_cookie'
    app/middleware/core/surface_middleware.rb:12:in 'Core::SurfaceMiddleware#call'
    test/integration/preference_global_param_context_test.rb:86:in 'block (2 levels) in <class:PreferenceGlobalParamContextTest>'
    test/support/i18n_locale_reset.rb:11:in 'block in ActiveSupport::TestCase#run'
    test/support/i18n_locale_reset.rb:10:in 'ActiveSupport::TestCase#run'

bin/rails test test/integration/preference_global_param_context_test.rb:82

E

Error:
PreferenceGlobalParamContextTest#test_core_org_regional_preserves_tz_param_in_links_when_present:
NameError: uninitialized constant Preference::Core::CookieOptions
    app/controllers/concerns/preference/base.rb:1096:in 'Preference::Base#preference_cookie_options'
    app/controllers/concerns/preference/base.rb:971:in 'Preference::Base#preference_auth_cookie_options'
    app/controllers/concerns/preference/base.rb:940:in 'Preference::Base#set_refresh_token_cookie'
    app/controllers/concerns/preference/base.rb:762:in 'Preference::Base#create_new_preference_record!'
    app/controllers/concerns/preference/base.rb:721:in 'Preference::Base#load_preference_record_from_refresh_token!'
    app/controllers/concerns/preference/base.rb:217:in 'Preference::Base#set_preferences_cookie'
    app/middleware/core/surface_middleware.rb:12:in 'Core::SurfaceMiddleware#call'
    test/integration/preference_global_param_context_test.rb:305:in 'block (2 levels) in <class:PreferenceGlobalParamContextTest>'
    test/support/i18n_locale_reset.rb:11:in 'block in ActiveSupport::TestCase#run'
    test/support/i18n_locale_reset.rb:10:in 'ActiveSupport::TestCase#run'

bin/rails test test/integration/preference_global_param_context_test.rb:302

E

Error:
PreferenceGlobalParamContextTest#test_sign_app_redirects_to_add_ri_param_when_missing:
NameError: uninitialized constant Preference::Core::CookieOptions
    app/controllers/concerns/preference/base.rb:1096:in 'Preference::Base#preference_cookie_options'
    app/controllers/concerns/preference/base.rb:971:in 'Preference::Base#preference_auth_cookie_options'
    app/controllers/concerns/preference/base.rb:940:in 'Preference::Base#set_refresh_token_cookie'
    app/controllers/concerns/preference/base.rb:762:in 'Preference::Base#create_new_preference_record!'
    app/controllers/concerns/preference/base.rb:721:in 'Preference::Base#load_preference_record_from_refresh_token!'
    app/controllers/concerns/preference/base.rb:217:in 'Preference::Base#set_preferences_cookie'
    app/middleware/core/surface_middleware.rb:12:in 'Core::SurfaceMiddleware#call'
    test/integration/preference_global_param_context_test.rb:27:in 'block (2 levels) in <class:PreferenceGlobalParamContextTest>'
    test/support/i18n_locale_reset.rb:11:in 'block in ActiveSupport::TestCase#run'
    test/support/i18n_locale_reset.rb:10:in 'ActiveSupport::TestCase#run'

bin/rails test test/integration/preference_global_param_context_test.rb:23

E

Error:
PreferenceGlobalParamContextTest#test_core_org_regional_links_do_NOT_include_ri_param:
NameError: uninitialized constant Preference::Core::CookieOptions
    app/controllers/concerns/preference/base.rb:1096:in 'Preference::Base#preference_cookie_options'
    app/controllers/concerns/preference/base.rb:971:in 'Preference::Base#preference_auth_cookie_options'
    app/controllers/concerns/preference/base.rb:940:in 'Preference::Base#set_refresh_token_cookie'
    app/controllers/concerns/preference/base.rb:762:in 'Preference::Base#create_new_preference_record!'
    app/controllers/concerns/preference/base.rb:721:in 'Preference::Base#load_preference_record_from_refresh_token!'
    app/controllers/concerns/preference/base.rb:217:in 'Preference::Base#set_preferences_cookie'
    app/middleware/core/surface_middleware.rb:12:in 'Core::SurfaceMiddleware#call'
    test/integration/preference_global_param_context_test.rb:265:in 'block (2 levels) in <class:PreferenceGlobalParamContextTest>'
    test/support/i18n_locale_reset.rb:11:in 'block in ActiveSupport::TestCase#run'
    test/support/i18n_locale_reset.rb:10:in 'ActiveSupport::TestCase#run'

bin/rails test test/integration/preference_global_param_context_test.rb:262

E

Error:
PreferenceGlobalParamContextTest#test_core_org_regional_preserves_lx_param_in_links_when_present:
NameError: uninitialized constant Preference::Core::CookieOptions
    app/controllers/concerns/preference/base.rb:1096:in 'Preference::Base#preference_cookie_options'
    app/controllers/concerns/preference/base.rb:971:in 'Preference::Base#preference_auth_cookie_options'
    app/controllers/concerns/preference/base.rb:940:in 'Preference::Base#set_refresh_token_cookie'
    app/controllers/concerns/preference/base.rb:762:in 'Preference::Base#create_new_preference_record!'
    app/controllers/concerns/preference/base.rb:721:in 'Preference::Base#load_preference_record_from_refresh_token!'
    app/controllers/concerns/preference/base.rb:217:in 'Preference::Base#set_preferences_cookie'
    app/middleware/core/surface_middleware.rb:12:in 'Core::SurfaceMiddleware#call'
    test/integration/preference_global_param_context_test.rb:282:in 'block (2 levels) in <class:PreferenceGlobalParamContextTest>'
    test/support/i18n_locale_reset.rb:11:in 'block in ActiveSupport::TestCase#run'
    test/support/i18n_locale_reset.rb:10:in 'ActiveSupport::TestCase#run'

bin/rails test test/integration/preference_global_param_context_test.rb:279

E

Error:
PreferenceGlobalParamContextTest#test_apex_app_tz_param_is_NOT_added_to_navigation_links_when_NOT_in_request:
NameError: uninitialized constant Preference::Core::CookieOptions
    app/controllers/concerns/preference/base.rb:1096:in 'Preference::Base#preference_cookie_options'
    app/controllers/concerns/preference/base.rb:971:in 'Preference::Base#preference_auth_cookie_options'
    app/controllers/concerns/preference/base.rb:940:in 'Preference::Base#set_refresh_token_cookie'
    app/controllers/concerns/preference/base.rb:762:in 'Preference::Base#create_new_preference_record!'
    app/controllers/concerns/preference/base.rb:721:in 'Preference::Base#load_preference_record_from_refresh_token!'
    app/controllers/concerns/preference/base.rb:217:in 'Preference::Base#set_preferences_cookie'
    app/middleware/core/surface_middleware.rb:12:in 'Core::SurfaceMiddleware#call'
    test/integration/preference_global_param_context_test.rb:141:in 'block (2 levels) in <class:PreferenceGlobalParamContextTest>'
    test/support/i18n_locale_reset.rb:11:in 'block in ActiveSupport::TestCase#run'
    test/support/i18n_locale_reset.rb:10:in 'ActiveSupport::TestCase#run'

bin/rails test test/integration/preference_global_param_context_test.rb:137

E

Error:
PreferenceGlobalParamContextTest#test_sign_org_does_not_redirect_when_ri_param_is_present:
NameError: uninitialized constant Preference::Core::CookieOptions
    app/controllers/concerns/preference/base.rb:1096:in 'Preference::Base#preference_cookie_options'
    app/controllers/concerns/preference/base.rb:971:in 'Preference::Base#preference_auth_cookie_options'
    app/controllers/concerns/preference/base.rb:940:in 'Preference::Base#set_refresh_token_cookie'
    app/controllers/concerns/preference/base.rb:762:in 'Preference::Base#create_new_preference_record!'
    app/controllers/concerns/preference/base.rb:721:in 'Preference::Base#load_preference_record_from_refresh_token!'
    app/controllers/concerns/preference/base.rb:217:in 'Preference::Base#set_preferences_cookie'
    app/middleware/core/surface_middleware.rb:12:in 'Core::SurfaceMiddleware#call'
    test/integration/preference_global_param_context_test.rb:40:in 'block (2 levels) in <class:PreferenceGlobalParamContextTest>'
    test/support/i18n_locale_reset.rb:11:in 'block in ActiveSupport::TestCase#run'
    test/support/i18n_locale_reset.rb:10:in 'ActiveSupport::TestCase#run'

bin/rails test test/integration/preference_global_param_context_test.rb:36

E

Error:
PreferenceGlobalParamContextTest#test_apex_com_ri_param_is_always_included_in_default_url_options:
NameError: uninitialized constant Preference::Core::CookieOptions
    app/controllers/concerns/preference/base.rb:1096:in 'Preference::Base#preference_cookie_options'
    app/controllers/concerns/preference/base.rb:971:in 'Preference::Base#preference_auth_cookie_options'
    app/controllers/concerns/preference/base.rb:940:in 'Preference::Base#set_refresh_token_cookie'
    app/controllers/concerns/preference/base.rb:762:in 'Preference::Base#create_new_preference_record!'
    app/controllers/concerns/preference/base.rb:721:in 'Preference::Base#load_preference_record_from_refresh_token!'
    app/controllers/concerns/preference/base.rb:217:in 'Preference::Base#set_preferences_cookie'
    app/middleware/core/surface_middleware.rb:12:in 'Core::SurfaceMiddleware#call'
    test/integration/preference_global_param_context_test.rb:50:in 'block (2 levels) in <class:PreferenceGlobalParamContextTest>'
    test/support/i18n_locale_reset.rb:11:in 'block in ActiveSupport::TestCase#run'
    test/support/i18n_locale_reset.rb:10:in 'ActiveSupport::TestCase#run'

bin/rails test test/integration/preference_global_param_context_test.rb:46

E

Error:
PreferenceGlobalParamContextTest#test_sign_org_tz_param_is_preserved_in_navigation_links_when_present_in_request:
NameError: uninitialized constant Preference::Core::CookieOptions
    app/controllers/concerns/preference/base.rb:1096:in 'Preference::Base#preference_cookie_options'
    app/controllers/concerns/preference/base.rb:971:in 'Preference::Base#preference_auth_cookie_options'
    app/controllers/concerns/preference/base.rb:940:in 'Preference::Base#set_refresh_token_cookie'
    app/controllers/concerns/preference/base.rb:762:in 'Preference::Base#create_new_preference_record!'
    app/controllers/concerns/preference/base.rb:721:in 'Preference::Base#load_preference_record_from_refresh_token!'
    app/controllers/concerns/preference/base.rb:217:in 'Preference::Base#set_preferences_cookie'
    app/middleware/core/surface_middleware.rb:12:in 'Core::SurfaceMiddleware#call'
    test/integration/preference_global_param_context_test.rb:129:in 'block (2 levels) in <class:PreferenceGlobalParamContextTest>'
    test/support/i18n_locale_reset.rb:11:in 'block in ActiveSupport::TestCase#run'
    test/support/i18n_locale_reset.rb:10:in 'ActiveSupport::TestCase#run'

bin/rails test test/integration/preference_global_param_context_test.rb:125

E

Error:
PreferenceGlobalParamContextTest#test_apex_com_does_not_redirect_when_ri_param_is_present:
NameError: uninitialized constant Preference::Core::CookieOptions
    app/controllers/concerns/preference/base.rb:1096:in 'Preference::Base#preference_cookie_options'
    app/controllers/concerns/preference/base.rb:971:in 'Preference::Base#preference_auth_cookie_options'
    app/controllers/concerns/preference/base.rb:940:in 'Preference::Base#set_refresh_token_cookie'
    app/controllers/concerns/preference/base.rb:762:in 'Preference::Base#create_new_preference_record!'
    app/controllers/concerns/preference/base.rb:721:in 'Preference::Base#load_preference_record_from_refresh_token!'
    app/controllers/concerns/preference/base.rb:217:in 'Preference::Base#set_preferences_cookie'
    app/middleware/core/surface_middleware.rb:12:in 'Core::SurfaceMiddleware#call'
    test/integration/preference_global_param_context_test.rb:40:in 'block (2 levels) in <class:PreferenceGlobalParamContextTest>'
    test/support/i18n_locale_reset.rb:11:in 'block in ActiveSupport::TestCase#run'
    test/support/i18n_locale_reset.rb:10:in 'ActiveSupport::TestCase#run'

bin/rails test test/integration/preference_global_param_context_test.rb:36

E

Error:
PreferenceGlobalParamContextTest#test_sign_app_ct_param_is_NOT_added_to_navigation_links_when_NOT_in_request:
NameError: uninitialized constant Preference::Core::CookieOptions
    app/controllers/concerns/preference/base.rb:1096:in 'Preference::Base#preference_cookie_options'
    app/controllers/concerns/preference/base.rb:971:in 'Preference::Base#preference_auth_cookie_options'
    app/controllers/concerns/preference/base.rb:940:in 'Preference::Base#set_refresh_token_cookie'
    app/controllers/concerns/preference/base.rb:762:in 'Preference::Base#create_new_preference_record!'
    app/controllers/concerns/preference/base.rb:721:in 'Preference::Base#load_preference_record_from_refresh_token!'
    app/controllers/concerns/preference/base.rb:217:in 'Preference::Base#set_preferences_cookie'
    app/middleware/core/surface_middleware.rb:12:in 'Core::SurfaceMiddleware#call'
    test/integration/preference_global_param_context_test.rb:114:in 'block (2 levels) in <class:PreferenceGlobalParamContextTest>'
    test/support/i18n_locale_reset.rb:11:in 'block in ActiveSupport::TestCase#run'
    test/support/i18n_locale_reset.rb:10:in 'ActiveSupport::TestCase#run'

bin/rails test test/integration/preference_global_param_context_test.rb:110

E

Error:
PreferenceGlobalParamContextTest#test_apex_org_redirects_to_add_ri_param_when_missing:
NameError: uninitialized constant Preference::Core::CookieOptions
    app/controllers/concerns/preference/base.rb:1096:in 'Preference::Base#preference_cookie_options'
    app/controllers/concerns/preference/base.rb:971:in 'Preference::Base#preference_auth_cookie_options'
    app/controllers/concerns/preference/base.rb:940:in 'Preference::Base#set_refresh_token_cookie'
    app/controllers/concerns/preference/base.rb:762:in 'Preference::Base#create_new_preference_record!'
    app/controllers/concerns/preference/base.rb:721:in 'Preference::Base#load_preference_record_from_refresh_token!'
    app/controllers/concerns/preference/base.rb:217:in 'Preference::Base#set_preferences_cookie'
    app/middleware/core/surface_middleware.rb:12:in 'Core::SurfaceMiddleware#call'
    test/integration/preference_global_param_context_test.rb:27:in 'block (2 levels) in <class:PreferenceGlobalParamContextTest>'
    test/support/i18n_locale_reset.rb:11:in 'block in ActiveSupport::TestCase#run'
    test/support/i18n_locale_reset.rb:10:in 'ActiveSupport::TestCase#run'

bin/rails test test/integration/preference_global_param_context_test.rb:23

E

Error:
PreferenceGlobalParamContextTest#test_core_org_regional_does_NOT_redirect_when_ri_is_absent:
NameError: uninitialized constant Preference::Core::CookieOptions
    app/controllers/concerns/preference/base.rb:1096:in 'Preference::Base#preference_cookie_options'
    app/controllers/concerns/preference/base.rb:971:in 'Preference::Base#preference_auth_cookie_options'
    app/controllers/concerns/preference/base.rb:940:in 'Preference::Base#set_refresh_token_cookie'
    app/controllers/concerns/preference/base.rb:762:in 'Preference::Base#create_new_preference_record!'
    app/controllers/concerns/preference/base.rb:721:in 'Preference::Base#load_preference_record_from_refresh_token!'
    app/controllers/concerns/preference/base.rb:217:in 'Preference::Base#set_preferences_cookie'
    app/middleware/core/surface_middleware.rb:12:in 'Core::SurfaceMiddleware#call'
    test/integration/preference_global_param_context_test.rb:226:in 'block (2 levels) in <class:PreferenceGlobalParamContextTest>'
    test/support/i18n_locale_reset.rb:11:in 'block in ActiveSupport::TestCase#run'
    test/support/i18n_locale_reset.rb:10:in 'ActiveSupport::TestCase#run'

bin/rails test test/integration/preference_global_param_context_test.rb:223

E

Error:
PreferenceGlobalParamContextTest#test_apex_org_ct_param_is_preserved_in_navigation_links_when_present_in_request:
NameError: uninitialized constant Preference::Core::CookieOptions
    app/controllers/concerns/preference/base.rb:1096:in 'Preference::Base#preference_cookie_options'
    app/controllers/concerns/preference/base.rb:971:in 'Preference::Base#preference_auth_cookie_options'
    app/controllers/concerns/preference/base.rb:940:in 'Preference::Base#set_refresh_token_cookie'
    app/controllers/concerns/preference/base.rb:762:in 'Preference::Base#create_new_preference_record!'
    app/controllers/concerns/preference/base.rb:721:in 'Preference::Base#load_preference_record_from_refresh_token!'
    app/controllers/concerns/preference/base.rb:217:in 'Preference::Base#set_preferences_cookie'
    app/middleware/core/surface_middleware.rb:12:in 'Core::SurfaceMiddleware#call'
    test/integration/preference_global_param_context_test.rb:102:in 'block (2 levels) in <class:PreferenceGlobalParamContextTest>'
    test/support/i18n_locale_reset.rb:11:in 'block in ActiveSupport::TestCase#run'
    test/support/i18n_locale_reset.rb:10:in 'ActiveSupport::TestCase#run'

bin/rails test test/integration/preference_global_param_context_test.rb:98

E

Error:
PreferenceGlobalParamContextTest#test_core_app_regional_links_do_NOT_include_ri_param:
NameError: uninitialized constant Preference::Core::CookieOptions
    app/controllers/concerns/preference/base.rb:1096:in 'Preference::Base#preference_cookie_options'
    app/controllers/concerns/preference/base.rb:971:in 'Preference::Base#preference_auth_cookie_options'
    app/controllers/concerns/preference/base.rb:940:in 'Preference::Base#set_refresh_token_cookie'
    app/controllers/concerns/preference/base.rb:762:in 'Preference::Base#create_new_preference_record!'
    app/controllers/concerns/preference/base.rb:721:in 'Preference::Base#load_preference_record_from_refresh_token!'
    app/controllers/concerns/preference/base.rb:217:in 'Preference::Base#set_preferences_cookie'
    app/middleware/core/surface_middleware.rb:12:in 'Core::SurfaceMiddleware#call'
    test/integration/preference_global_param_context_test.rb:265:in 'block (2 levels) in <class:PreferenceGlobalParamContextTest>'
    test/support/i18n_locale_reset.rb:11:in 'block in ActiveSupport::TestCase#run'
    test/support/i18n_locale_reset.rb:10:in 'ActiveSupport::TestCase#run'

bin/rails test test/integration/preference_global_param_context_test.rb:262

E

Error:
PreferenceGlobalParamContextTest#test_apex_org_lx_param_is_preserved_in_navigation_links_when_present_in_request:
NameError: uninitialized constant Preference::Core::CookieOptions
    app/controllers/concerns/preference/base.rb:1096:in 'Preference::Base#preference_cookie_options'
    app/controllers/concerns/preference/base.rb:971:in 'Preference::Base#preference_auth_cookie_options'
    app/controllers/concerns/preference/base.rb:940:in 'Preference::Base#set_refresh_token_cookie'
    app/controllers/concerns/preference/base.rb:762:in 'Preference::Base#create_new_preference_record!'
    app/controllers/concerns/preference/base.rb:721:in 'Preference::Base#load_preference_record_from_refresh_token!'
    app/controllers/concerns/preference/base.rb:217:in 'Preference::Base#set_preferences_cookie'
    app/middleware/core/surface_middleware.rb:12:in 'Core::SurfaceMiddleware#call'
    test/integration/preference_global_param_context_test.rb:73:in 'block (2 levels) in <class:PreferenceGlobalParamContextTest>'
    test/support/i18n_locale_reset.rb:11:in 'block in ActiveSupport::TestCase#run'
    test/support/i18n_locale_reset.rb:10:in 'ActiveSupport::TestCase#run'

bin/rails test test/integration/preference_global_param_context_test.rb:69

E

Error:
PreferenceGlobalParamContextTest#test_sign_app_redirect_to_add_ri_does_NOT_add_lx_automatically:
NameError: uninitialized constant Preference::Core::CookieOptions
    app/controllers/concerns/preference/base.rb:1096:in 'Preference::Base#preference_cookie_options'
    app/controllers/concerns/preference/base.rb:971:in 'Preference::Base#preference_auth_cookie_options'
    app/controllers/concerns/preference/base.rb:940:in 'Preference::Base#set_refresh_token_cookie'
    app/controllers/concerns/preference/base.rb:762:in 'Preference::Base#create_new_preference_record!'
    app/controllers/concerns/preference/base.rb:721:in 'Preference::Base#load_preference_record_from_refresh_token!'
    app/controllers/concerns/preference/base.rb:217:in 'Preference::Base#set_preferences_cookie'
    app/middleware/core/surface_middleware.rb:12:in 'Core::SurfaceMiddleware#call'
    test/integration/preference_global_param_context_test.rb:199:in 'block (2 levels) in <class:PreferenceGlobalParamContextTest>'
    test/support/i18n_locale_reset.rb:11:in 'block in ActiveSupport::TestCase#run'
    test/support/i18n_locale_reset.rb:10:in 'ActiveSupport::TestCase#run'

bin/rails test test/integration/preference_global_param_context_test.rb:195

E

Error:
PreferenceGlobalParamContextTest#test_core_org_regional_ignores_unknown_params_in_default_url_options:
NameError: uninitialized constant Preference::Core::CookieOptions
    app/controllers/concerns/preference/base.rb:1096:in 'Preference::Base#preference_cookie_options'
    app/controllers/concerns/preference/base.rb:971:in 'Preference::Base#preference_auth_cookie_options'
    app/controllers/concerns/preference/base.rb:940:in 'Preference::Base#set_refresh_token_cookie'
    app/controllers/concerns/preference/base.rb:762:in 'Preference::Base#create_new_preference_record!'
    app/controllers/concerns/preference/base.rb:721:in 'Preference::Base#load_preference_record_from_refresh_token!'
    app/controllers/concerns/preference/base.rb:217:in 'Preference::Base#set_preferences_cookie'
    app/middleware/core/surface_middleware.rb:12:in 'Core::SurfaceMiddleware#call'
    test/integration/preference_global_param_context_test.rb:353:in 'block (2 levels) in <class:PreferenceGlobalParamContextTest>'
    test/support/i18n_locale_reset.rb:11:in 'block in ActiveSupport::TestCase#run'
    test/support/i18n_locale_reset.rb:10:in 'ActiveSupport::TestCase#run'

bin/rails test test/integration/preference_global_param_context_test.rb:349

E

Error:
PreferenceGlobalParamContextTest#test_apex_org_ct_param_is_NOT_added_to_navigation_links_when_NOT_in_request:
NameError: uninitialized constant Preference::Core::CookieOptions
    app/controllers/concerns/preference/base.rb:1096:in 'Preference::Base#preference_cookie_options'
    app/controllers/concerns/preference/base.rb:971:in 'Preference::Base#preference_auth_cookie_options'
    app/controllers/concerns/preference/base.rb:940:in 'Preference::Base#set_refresh_token_cookie'
    app/controllers/concerns/preference/base.rb:762:in 'Preference::Base#create_new_preference_record!'
    app/controllers/concerns/preference/base.rb:721:in 'Preference::Base#load_preference_record_from_refresh_token!'
    app/controllers/concerns/preference/base.rb:217:in 'Preference::Base#set_preferences_cookie'
    app/middleware/core/surface_middleware.rb:12:in 'Core::SurfaceMiddleware#call'
    test/integration/preference_global_param_context_test.rb:114:in 'block (2 levels) in <class:PreferenceGlobalParamContextTest>'
    test/support/i18n_locale_reset.rb:11:in 'block in ActiveSupport::TestCase#run'
    test/support/i18n_locale_reset.rb:10:in 'ActiveSupport::TestCase#run'

bin/rails test test/integration/preference_global_param_context_test.rb:110

E

Error:
PreferenceGlobalParamContextTest#test_apex_com_lx_param_is_preserved_in_navigation_links_when_present_in_request:
NameError: uninitialized constant Preference::Core::CookieOptions
    app/controllers/concerns/preference/base.rb:1096:in 'Preference::Base#preference_cookie_options'
    app/controllers/concerns/preference/base.rb:971:in 'Preference::Base#preference_auth_cookie_options'
    app/controllers/concerns/preference/base.rb:940:in 'Preference::Base#set_refresh_token_cookie'
    app/controllers/concerns/preference/base.rb:762:in 'Preference::Base#create_new_preference_record!'
    app/controllers/concerns/preference/base.rb:721:in 'Preference::Base#load_preference_record_from_refresh_token!'
    app/controllers/concerns/preference/base.rb:217:in 'Preference::Base#set_preferences_cookie'
    app/middleware/core/surface_middleware.rb:12:in 'Core::SurfaceMiddleware#call'
    test/integration/preference_global_param_context_test.rb:73:in 'block (2 levels) in <class:PreferenceGlobalParamContextTest>'
    test/support/i18n_locale_reset.rb:11:in 'block in ActiveSupport::TestCase#run'
    test/support/i18n_locale_reset.rb:10:in 'ActiveSupport::TestCase#run'

bin/rails test test/integration/preference_global_param_context_test.rb:69

E

Error:
PreferenceGlobalParamContextTest#test_sign_app_does_not_redirect_when_ri_param_is_present:
NameError: uninitialized constant Preference::Core::CookieOptions
    app/controllers/concerns/preference/base.rb:1096:in 'Preference::Base#preference_cookie_options'
    app/controllers/concerns/preference/base.rb:971:in 'Preference::Base#preference_auth_cookie_options'
    app/controllers/concerns/preference/base.rb:940:in 'Preference::Base#set_refresh_token_cookie'
    app/controllers/concerns/preference/base.rb:762:in 'Preference::Base#create_new_preference_record!'
    app/controllers/concerns/preference/base.rb:721:in 'Preference::Base#load_preference_record_from_refresh_token!'
    app/controllers/concerns/preference/base.rb:217:in 'Preference::Base#set_preferences_cookie'
    app/middleware/core/surface_middleware.rb:12:in 'Core::SurfaceMiddleware#call'
    test/integration/preference_global_param_context_test.rb:40:in 'block (2 levels) in <class:PreferenceGlobalParamContextTest>'
    test/support/i18n_locale_reset.rb:11:in 'block in ActiveSupport::TestCase#run'
    test/support/i18n_locale_reset.rb:10:in 'ActiveSupport::TestCase#run'

bin/rails test test/integration/preference_global_param_context_test.rb:36

E

Error:
PreferenceGlobalParamContextTest#test_apex_org_multiple_optional_params_are_preserved_together_in_navigation_links:
NameError: uninitialized constant Preference::Core::CookieOptions
    app/controllers/concerns/preference/base.rb:1096:in 'Preference::Base#preference_cookie_options'
    app/controllers/concerns/preference/base.rb:971:in 'Preference::Base#preference_auth_cookie_options'
    app/controllers/concerns/preference/base.rb:940:in 'Preference::Base#set_refresh_token_cookie'
    app/controllers/concerns/preference/base.rb:762:in 'Preference::Base#create_new_preference_record!'
    app/controllers/concerns/preference/base.rb:721:in 'Preference::Base#load_preference_record_from_refresh_token!'
    app/controllers/concerns/preference/base.rb:217:in 'Preference::Base#set_preferences_cookie'
    app/middleware/core/surface_middleware.rb:12:in 'Core::SurfaceMiddleware#call'
    test/integration/preference_global_param_context_test.rb:156:in 'block (2 levels) in <class:PreferenceGlobalParamContextTest>'
    test/support/i18n_locale_reset.rb:11:in 'block in ActiveSupport::TestCase#run'
    test/support/i18n_locale_reset.rb:10:in 'ActiveSupport::TestCase#run'

bin/rails test test/integration/preference_global_param_context_test.rb:152

E

Error:
PreferenceGlobalParamContextTest#test_apex_org_tz_param_is_preserved_in_navigation_links_when_present_in_request:
NameError: uninitialized constant Preference::Core::CookieOptions
    app/controllers/concerns/preference/base.rb:1096:in 'Preference::Base#preference_cookie_options'
    app/controllers/concerns/preference/base.rb:971:in 'Preference::Base#preference_auth_cookie_options'
    app/controllers/concerns/preference/base.rb:940:in 'Preference::Base#set_refresh_token_cookie'
    app/controllers/concerns/preference/base.rb:762:in 'Preference::Base#create_new_preference_record!'
    app/controllers/concerns/preference/base.rb:721:in 'Preference::Base#load_preference_record_from_refresh_token!'
    app/controllers/concerns/preference/base.rb:217:in 'Preference::Base#set_preferences_cookie'
    app/middleware/core/surface_middleware.rb:12:in 'Core::SurfaceMiddleware#call'
    test/integration/preference_global_param_context_test.rb:129:in 'block (2 levels) in <class:PreferenceGlobalParamContextTest>'
    test/support/i18n_locale_reset.rb:11:in 'block in ActiveSupport::TestCase#run'
    test/support/i18n_locale_reset.rb:10:in 'ActiveSupport::TestCase#run'

bin/rails test test/integration/preference_global_param_context_test.rb:125

E

Error:
PreferenceGlobalParamContextTest#test_apex_com_redirect_to_add_ri_preserves_existing_query_params:
NameError: uninitialized constant Preference::Core::CookieOptions
    app/controllers/concerns/preference/base.rb:1096:in 'Preference::Base#preference_cookie_options'
    app/controllers/concerns/preference/base.rb:971:in 'Preference::Base#preference_auth_cookie_options'
    app/controllers/concerns/preference/base.rb:940:in 'Preference::Base#set_refresh_token_cookie'
    app/controllers/concerns/preference/base.rb:762:in 'Preference::Base#create_new_preference_record!'
    app/controllers/concerns/preference/base.rb:721:in 'Preference::Base#load_preference_record_from_refresh_token!'
    app/controllers/concerns/preference/base.rb:217:in 'Preference::Base#set_preferences_cookie'
    app/middleware/core/surface_middleware.rb:12:in 'Core::SurfaceMiddleware#call'
    test/integration/preference_global_param_context_test.rb:184:in 'block (2 levels) in <class:PreferenceGlobalParamContextTest>'
    test/support/i18n_locale_reset.rb:11:in 'block in ActiveSupport::TestCase#run'
    test/support/i18n_locale_reset.rb:10:in 'ActiveSupport::TestCase#run'

bin/rails test test/integration/preference_global_param_context_test.rb:179

E

Error:
PreferenceGlobalParamContextTest#test_core_org_regional_redirects_to_REMOVE_ri_param_when_present_(301):
NameError: uninitialized constant Preference::Core::CookieOptions
    app/controllers/concerns/preference/base.rb:1096:in 'Preference::Base#preference_cookie_options'
    app/controllers/concerns/preference/base.rb:971:in 'Preference::Base#preference_auth_cookie_options'
    app/controllers/concerns/preference/base.rb:940:in 'Preference::Base#set_refresh_token_cookie'
    app/controllers/concerns/preference/base.rb:762:in 'Preference::Base#create_new_preference_record!'
    app/controllers/concerns/preference/base.rb:721:in 'Preference::Base#load_preference_record_from_refresh_token!'
    app/controllers/concerns/preference/base.rb:217:in 'Preference::Base#set_preferences_cookie'
    app/middleware/core/surface_middleware.rb:12:in 'Core::SurfaceMiddleware#call'
    test/integration/preference_global_param_context_test.rb:235:in 'block (2 levels) in <class:PreferenceGlobalParamContextTest>'
    test/support/i18n_locale_reset.rb:11:in 'block in ActiveSupport::TestCase#run'
    test/support/i18n_locale_reset.rb:10:in 'ActiveSupport::TestCase#run'

bin/rails test test/integration/preference_global_param_context_test.rb:232

E

Error:
PreferenceGlobalParamContextTest#test_apex_org_ri_param_is_always_included_in_default_url_options:
NameError: uninitialized constant Preference::Core::CookieOptions
    app/controllers/concerns/preference/base.rb:1096:in 'Preference::Base#preference_cookie_options'
    app/controllers/concerns/preference/base.rb:971:in 'Preference::Base#preference_auth_cookie_options'
    app/controllers/concerns/preference/base.rb:940:in 'Preference::Base#set_refresh_token_cookie'
    app/controllers/concerns/preference/base.rb:762:in 'Preference::Base#create_new_preference_record!'
    app/controllers/concerns/preference/base.rb:721:in 'Preference::Base#load_preference_record_from_refresh_token!'
    app/controllers/concerns/preference/base.rb:217:in 'Preference::Base#set_preferences_cookie'
    app/middleware/core/surface_middleware.rb:12:in 'Core::SurfaceMiddleware#call'
    test/integration/preference_global_param_context_test.rb:50:in 'block (2 levels) in <class:PreferenceGlobalParamContextTest>'
    test/support/i18n_locale_reset.rb:11:in 'block in ActiveSupport::TestCase#run'
    test/support/i18n_locale_reset.rb:10:in 'ActiveSupport::TestCase#run'

bin/rails test test/integration/preference_global_param_context_test.rb:46

E

Error:
PreferenceGlobalParamContextTest#test_sign_app_tz_param_is_NOT_added_to_navigation_links_when_NOT_in_request:
NameError: uninitialized constant Preference::Core::CookieOptions
    app/controllers/concerns/preference/base.rb:1096:in 'Preference::Base#preference_cookie_options'
    app/controllers/concerns/preference/base.rb:971:in 'Preference::Base#preference_auth_cookie_options'
    app/controllers/concerns/preference/base.rb:940:in 'Preference::Base#set_refresh_token_cookie'
    app/controllers/concerns/preference/base.rb:762:in 'Preference::Base#create_new_preference_record!'
    app/controllers/concerns/preference/base.rb:721:in 'Preference::Base#load_preference_record_from_refresh_token!'
    app/controllers/concerns/preference/base.rb:217:in 'Preference::Base#set_preferences_cookie'
    app/middleware/core/surface_middleware.rb:12:in 'Core::SurfaceMiddleware#call'
    test/integration/preference_global_param_context_test.rb:141:in 'block (2 levels) in <class:PreferenceGlobalParamContextTest>'
    test/support/i18n_locale_reset.rb:11:in 'block in ActiveSupport::TestCase#run'
    test/support/i18n_locale_reset.rb:10:in 'ActiveSupport::TestCase#run'

bin/rails test test/integration/preference_global_param_context_test.rb:137

E

Error:
PreferenceGlobalParamContextTest#test_core_com_regional_does_NOT_add_optional_params_when_not_in_request:
NameError: uninitialized constant Preference::Core::CookieOptions
    app/controllers/concerns/preference/base.rb:1096:in 'Preference::Base#preference_cookie_options'
    app/controllers/concerns/preference/base.rb:971:in 'Preference::Base#preference_auth_cookie_options'
    app/controllers/concerns/preference/base.rb:940:in 'Preference::Base#set_refresh_token_cookie'
    app/controllers/concerns/preference/base.rb:762:in 'Preference::Base#create_new_preference_record!'
    app/controllers/concerns/preference/base.rb:721:in 'Preference::Base#load_preference_record_from_refresh_token!'
    app/controllers/concerns/preference/base.rb:217:in 'Preference::Base#set_preferences_cookie'
    app/middleware/core/surface_middleware.rb:12:in 'Core::SurfaceMiddleware#call'
    test/integration/preference_global_param_context_test.rb:333:in 'block (2 levels) in <class:PreferenceGlobalParamContextTest>'
    test/support/i18n_locale_reset.rb:11:in 'block in ActiveSupport::TestCase#run'
    test/support/i18n_locale_reset.rb:10:in 'ActiveSupport::TestCase#run'

bin/rails test test/integration/preference_global_param_context_test.rb:330

E

Error:
PreferenceGlobalParamContextTest#test_apex_com_ct_param_is_NOT_added_to_navigation_links_when_NOT_in_request:
NameError: uninitialized constant Preference::Core::CookieOptions
    app/controllers/concerns/preference/base.rb:1096:in 'Preference::Base#preference_cookie_options'
    app/controllers/concerns/preference/base.rb:971:in 'Preference::Base#preference_auth_cookie_options'
    app/controllers/concerns/preference/base.rb:940:in 'Preference::Base#set_refresh_token_cookie'
    app/controllers/concerns/preference/base.rb:762:in 'Preference::Base#create_new_preference_record!'
    app/controllers/concerns/preference/base.rb:721:in 'Preference::Base#load_preference_record_from_refresh_token!'
    app/controllers/concerns/preference/base.rb:217:in 'Preference::Base#set_preferences_cookie'
    app/middleware/core/surface_middleware.rb:12:in 'Core::SurfaceMiddleware#call'
    test/integration/preference_global_param_context_test.rb:114:in 'block (2 levels) in <class:PreferenceGlobalParamContextTest>'
    test/support/i18n_locale_reset.rb:11:in 'block in ActiveSupport::TestCase#run'
    test/support/i18n_locale_reset.rb:10:in 'ActiveSupport::TestCase#run'

bin/rails test test/integration/preference_global_param_context_test.rb:110

E

Error:
PreferenceGlobalParamContextTest#test_sign_app_multiple_optional_params_are_preserved_together_in_navigation_links:
NameError: uninitialized constant Preference::Core::CookieOptions
    app/controllers/concerns/preference/base.rb:1096:in 'Preference::Base#preference_cookie_options'
    app/controllers/concerns/preference/base.rb:971:in 'Preference::Base#preference_auth_cookie_options'
    app/controllers/concerns/preference/base.rb:940:in 'Preference::Base#set_refresh_token_cookie'
    app/controllers/concerns/preference/base.rb:762:in 'Preference::Base#create_new_preference_record!'
    app/controllers/concerns/preference/base.rb:721:in 'Preference::Base#load_preference_record_from_refresh_token!'
    app/controllers/concerns/preference/base.rb:217:in 'Preference::Base#set_preferences_cookie'
    app/middleware/core/surface_middleware.rb:12:in 'Core::SurfaceMiddleware#call'
    test/integration/preference_global_param_context_test.rb:156:in 'block (2 levels) in <class:PreferenceGlobalParamContextTest>'
    test/support/i18n_locale_reset.rb:11:in 'block in ActiveSupport::TestCase#run'
    test/support/i18n_locale_reset.rb:10:in 'ActiveSupport::TestCase#run'

bin/rails test test/integration/preference_global_param_context_test.rb:152

E

Error:
PreferenceGlobalParamContextTest#test_apex_org_lx_param_is_NOT_added_to_navigation_links_when_NOT_in_request:
NameError: uninitialized constant Preference::Core::CookieOptions
    app/controllers/concerns/preference/base.rb:1096:in 'Preference::Base#preference_cookie_options'
    app/controllers/concerns/preference/base.rb:971:in 'Preference::Base#preference_auth_cookie_options'
    app/controllers/concerns/preference/base.rb:940:in 'Preference::Base#set_refresh_token_cookie'
    app/controllers/concerns/preference/base.rb:762:in 'Preference::Base#create_new_preference_record!'
    app/controllers/concerns/preference/base.rb:721:in 'Preference::Base#load_preference_record_from_refresh_token!'
    app/controllers/concerns/preference/base.rb:217:in 'Preference::Base#set_preferences_cookie'
    app/middleware/core/surface_middleware.rb:12:in 'Core::SurfaceMiddleware#call'
    test/integration/preference_global_param_context_test.rb:86:in 'block (2 levels) in <class:PreferenceGlobalParamContextTest>'
    test/support/i18n_locale_reset.rb:11:in 'block in ActiveSupport::TestCase#run'
    test/support/i18n_locale_reset.rb:10:in 'ActiveSupport::TestCase#run'

bin/rails test test/integration/preference_global_param_context_test.rb:82

E

Error:
PreferenceGlobalParamContextTest#test_apex_com_multiple_optional_params_are_preserved_together_in_navigation_links:
NameError: uninitialized constant Preference::Core::CookieOptions
    app/controllers/concerns/preference/base.rb:1096:in 'Preference::Base#preference_cookie_options'
    app/controllers/concerns/preference/base.rb:971:in 'Preference::Base#preference_auth_cookie_options'
    app/controllers/concerns/preference/base.rb:940:in 'Preference::Base#set_refresh_token_cookie'
    app/controllers/concerns/preference/base.rb:762:in 'Preference::Base#create_new_preference_record!'
    app/controllers/concerns/preference/base.rb:721:in 'Preference::Base#load_preference_record_from_refresh_token!'
    app/controllers/concerns/preference/base.rb:217:in 'Preference::Base#set_preferences_cookie'
    app/middleware/core/surface_middleware.rb:12:in 'Core::SurfaceMiddleware#call'
    test/integration/preference_global_param_context_test.rb:156:in 'block (2 levels) in <class:PreferenceGlobalParamContextTest>'
    test/support/i18n_locale_reset.rb:11:in 'block in ActiveSupport::TestCase#run'
    test/support/i18n_locale_reset.rb:10:in 'ActiveSupport::TestCase#run'

bin/rails test test/integration/preference_global_param_context_test.rb:152

E

Error:
PreferenceGlobalParamContextTest#test_sign_org_lx_param_is_NOT_added_to_navigation_links_when_NOT_in_request:
NameError: uninitialized constant Preference::Core::CookieOptions
    app/controllers/concerns/preference/base.rb:1096:in 'Preference::Base#preference_cookie_options'
    app/controllers/concerns/preference/base.rb:971:in 'Preference::Base#preference_auth_cookie_options'
    app/controllers/concerns/preference/base.rb:940:in 'Preference::Base#set_refresh_token_cookie'
    app/controllers/concerns/preference/base.rb:762:in 'Preference::Base#create_new_preference_record!'
    app/controllers/concerns/preference/base.rb:721:in 'Preference::Base#load_preference_record_from_refresh_token!'
    app/controllers/concerns/preference/base.rb:217:in 'Preference::Base#set_preferences_cookie'
    app/middleware/core/surface_middleware.rb:12:in 'Core::SurfaceMiddleware#call'
    test/integration/preference_global_param_context_test.rb:86:in 'block (2 levels) in <class:PreferenceGlobalParamContextTest>'
    test/support/i18n_locale_reset.rb:11:in 'block in ActiveSupport::TestCase#run'
    test/support/i18n_locale_reset.rb:10:in 'ActiveSupport::TestCase#run'

bin/rails test test/integration/preference_global_param_context_test.rb:82

E

Error:
PreferenceGlobalParamContextTest#test_core_app_regional_redirects_to_REMOVE_ri_param_when_present_(301):
NameError: uninitialized constant Preference::Core::CookieOptions
    app/controllers/concerns/preference/base.rb:1096:in 'Preference::Base#preference_cookie_options'
    app/controllers/concerns/preference/base.rb:971:in 'Preference::Base#preference_auth_cookie_options'
    app/controllers/concerns/preference/base.rb:940:in 'Preference::Base#set_refresh_token_cookie'
    app/controllers/concerns/preference/base.rb:762:in 'Preference::Base#create_new_preference_record!'
    app/controllers/concerns/preference/base.rb:721:in 'Preference::Base#load_preference_record_from_refresh_token!'
    app/controllers/concerns/preference/base.rb:217:in 'Preference::Base#set_preferences_cookie'
    app/middleware/core/surface_middleware.rb:12:in 'Core::SurfaceMiddleware#call'
    test/integration/preference_global_param_context_test.rb:235:in 'block (2 levels) in <class:PreferenceGlobalParamContextTest>'
    test/support/i18n_locale_reset.rb:11:in 'block in ActiveSupport::TestCase#run'
    test/support/i18n_locale_reset.rb:10:in 'ActiveSupport::TestCase#run'

bin/rails test test/integration/preference_global_param_context_test.rb:232

E

Error:
PreferenceGlobalParamContextTest#test_apex_app_multiple_optional_params_are_preserved_together_in_navigation_links:
NameError: uninitialized constant Preference::Core::CookieOptions
    app/controllers/concerns/preference/base.rb:1096:in 'Preference::Base#preference_cookie_options'
    app/controllers/concerns/preference/base.rb:971:in 'Preference::Base#preference_auth_cookie_options'
    app/controllers/concerns/preference/base.rb:940:in 'Preference::Base#set_refresh_token_cookie'
    app/controllers/concerns/preference/base.rb:762:in 'Preference::Base#create_new_preference_record!'
    app/controllers/concerns/preference/base.rb:721:in 'Preference::Base#load_preference_record_from_refresh_token!'
    app/controllers/concerns/preference/base.rb:217:in 'Preference::Base#set_preferences_cookie'
    app/middleware/core/surface_middleware.rb:12:in 'Core::SurfaceMiddleware#call'
    test/integration/preference_global_param_context_test.rb:156:in 'block (2 levels) in <class:PreferenceGlobalParamContextTest>'
    test/support/i18n_locale_reset.rb:11:in 'block in ActiveSupport::TestCase#run'
    test/support/i18n_locale_reset.rb:10:in 'ActiveSupport::TestCase#run'

bin/rails test test/integration/preference_global_param_context_test.rb:152

E

Error:
PreferenceGlobalParamContextTest#test_sign_org_redirect_to_add_ri_preserves_existing_query_params:
NameError: uninitialized constant Preference::Core::CookieOptions
    app/controllers/concerns/preference/base.rb:1096:in 'Preference::Base#preference_cookie_options'
    app/controllers/concerns/preference/base.rb:971:in 'Preference::Base#preference_auth_cookie_options'
    app/controllers/concerns/preference/base.rb:940:in 'Preference::Base#set_refresh_token_cookie'
    app/controllers/concerns/preference/base.rb:762:in 'Preference::Base#create_new_preference_record!'
    app/controllers/concerns/preference/base.rb:721:in 'Preference::Base#load_preference_record_from_refresh_token!'
    app/controllers/concerns/preference/base.rb:217:in 'Preference::Base#set_preferences_cookie'
    app/middleware/core/surface_middleware.rb:12:in 'Core::SurfaceMiddleware#call'
    test/integration/preference_global_param_context_test.rb:184:in 'block (2 levels) in <class:PreferenceGlobalParamContextTest>'
    test/support/i18n_locale_reset.rb:11:in 'block in ActiveSupport::TestCase#run'
    test/support/i18n_locale_reset.rb:10:in 'ActiveSupport::TestCase#run'

bin/rails test test/integration/preference_global_param_context_test.rb:179

E

Error:
PreferenceGlobalParamContextTest#test_apex_com_tz_param_is_NOT_added_to_navigation_links_when_NOT_in_request:
NameError: uninitialized constant Preference::Core::CookieOptions
    app/controllers/concerns/preference/base.rb:1096:in 'Preference::Base#preference_cookie_options'
    app/controllers/concerns/preference/base.rb:971:in 'Preference::Base#preference_auth_cookie_options'
    app/controllers/concerns/preference/base.rb:940:in 'Preference::Base#set_refresh_token_cookie'
    app/controllers/concerns/preference/base.rb:762:in 'Preference::Base#create_new_preference_record!'
    app/controllers/concerns/preference/base.rb:721:in 'Preference::Base#load_preference_record_from_refresh_token!'
    app/controllers/concerns/preference/base.rb:217:in 'Preference::Base#set_preferences_cookie'
    app/middleware/core/surface_middleware.rb:12:in 'Core::SurfaceMiddleware#call'
    test/integration/preference_global_param_context_test.rb:141:in 'block (2 levels) in <class:PreferenceGlobalParamContextTest>'
    test/support/i18n_locale_reset.rb:11:in 'block in ActiveSupport::TestCase#run'
    test/support/i18n_locale_reset.rb:10:in 'ActiveSupport::TestCase#run'

bin/rails test test/integration/preference_global_param_context_test.rb:137

E

Error:
PreferenceGlobalParamContextTest#test_core_app_regional_preserves_lx_param_in_links_when_present:
NameError: uninitialized constant Preference::Core::CookieOptions
    app/controllers/concerns/preference/base.rb:1096:in 'Preference::Base#preference_cookie_options'
    app/controllers/concerns/preference/base.rb:971:in 'Preference::Base#preference_auth_cookie_options'
    app/controllers/concerns/preference/base.rb:940:in 'Preference::Base#set_refresh_token_cookie'
    app/controllers/concerns/preference/base.rb:762:in 'Preference::Base#create_new_preference_record!'
    app/controllers/concerns/preference/base.rb:721:in 'Preference::Base#load_preference_record_from_refresh_token!'
    app/controllers/concerns/preference/base.rb:217:in 'Preference::Base#set_preferences_cookie'
    app/middleware/core/surface_middleware.rb:12:in 'Core::SurfaceMiddleware#call'
    test/integration/preference_global_param_context_test.rb:282:in 'block (2 levels) in <class:PreferenceGlobalParamContextTest>'
    test/support/i18n_locale_reset.rb:11:in 'block in ActiveSupport::TestCase#run'
    test/support/i18n_locale_reset.rb:10:in 'ActiveSupport::TestCase#run'

bin/rails test test/integration/preference_global_param_context_test.rb:279

E

Error:
PreferenceGlobalParamContextTest#test_apex_org_tz_param_is_NOT_added_to_navigation_links_when_NOT_in_request:
NameError: uninitialized constant Preference::Core::CookieOptions
    app/controllers/concerns/preference/base.rb:1096:in 'Preference::Base#preference_cookie_options'
    app/controllers/concerns/preference/base.rb:971:in 'Preference::Base#preference_auth_cookie_options'
    app/controllers/concerns/preference/base.rb:940:in 'Preference::Base#set_refresh_token_cookie'
    app/controllers/concerns/preference/base.rb:762:in 'Preference::Base#create_new_preference_record!'
    app/controllers/concerns/preference/base.rb:721:in 'Preference::Base#load_preference_record_from_refresh_token!'
    app/controllers/concerns/preference/base.rb:217:in 'Preference::Base#set_preferences_cookie'
    app/middleware/core/surface_middleware.rb:12:in 'Core::SurfaceMiddleware#call'
    test/integration/preference_global_param_context_test.rb:141:in 'block (2 levels) in <class:PreferenceGlobalParamContextTest>'
    test/support/i18n_locale_reset.rb:11:in 'block in ActiveSupport::TestCase#run'
    test/support/i18n_locale_reset.rb:10:in 'ActiveSupport::TestCase#run'

bin/rails test test/integration/preference_global_param_context_test.rb:137

E

Error:
PreferenceGlobalParamContextTest#test_apex_app_lx_param_is_preserved_in_navigation_links_when_present_in_request:
NameError: uninitialized constant Preference::Core::CookieOptions
    app/controllers/concerns/preference/base.rb:1096:in 'Preference::Base#preference_cookie_options'
    app/controllers/concerns/preference/base.rb:971:in 'Preference::Base#preference_auth_cookie_options'
    app/controllers/concerns/preference/base.rb:940:in 'Preference::Base#set_refresh_token_cookie'
    app/controllers/concerns/preference/base.rb:762:in 'Preference::Base#create_new_preference_record!'
    app/controllers/concerns/preference/base.rb:721:in 'Preference::Base#load_preference_record_from_refresh_token!'
    app/controllers/concerns/preference/base.rb:217:in 'Preference::Base#set_preferences_cookie'
    app/middleware/core/surface_middleware.rb:12:in 'Core::SurfaceMiddleware#call'
    test/integration/preference_global_param_context_test.rb:73:in 'block (2 levels) in <class:PreferenceGlobalParamContextTest>'
    test/support/i18n_locale_reset.rb:11:in 'block in ActiveSupport::TestCase#run'
    test/support/i18n_locale_reset.rb:10:in 'ActiveSupport::TestCase#run'

bin/rails test test/integration/preference_global_param_context_test.rb:69

E

Error:
PreferenceGlobalParamContextTest#test_sign_org_ct_param_is_NOT_added_to_navigation_links_when_NOT_in_request:
NameError: uninitialized constant Preference::Core::CookieOptions
    app/controllers/concerns/preference/base.rb:1096:in 'Preference::Base#preference_cookie_options'
    app/controllers/concerns/preference/base.rb:971:in 'Preference::Base#preference_auth_cookie_options'
    app/controllers/concerns/preference/base.rb:940:in 'Preference::Base#set_refresh_token_cookie'
    app/controllers/concerns/preference/base.rb:762:in 'Preference::Base#create_new_preference_record!'
    app/controllers/concerns/preference/base.rb:721:in 'Preference::Base#load_preference_record_from_refresh_token!'
    app/controllers/concerns/preference/base.rb:217:in 'Preference::Base#set_preferences_cookie'
    app/middleware/core/surface_middleware.rb:12:in 'Core::SurfaceMiddleware#call'
    test/integration/preference_global_param_context_test.rb:114:in 'block (2 levels) in <class:PreferenceGlobalParamContextTest>'
    test/support/i18n_locale_reset.rb:11:in 'block in ActiveSupport::TestCase#run'
    test/support/i18n_locale_reset.rb:10:in 'ActiveSupport::TestCase#run'

bin/rails test test/integration/preference_global_param_context_test.rb:110

E

Error:
PreferenceGlobalParamContextTest#test_sign_org_ct_param_is_preserved_in_navigation_links_when_present_in_request:
NameError: uninitialized constant Preference::Core::CookieOptions
    app/controllers/concerns/preference/base.rb:1096:in 'Preference::Base#preference_cookie_options'
    app/controllers/concerns/preference/base.rb:971:in 'Preference::Base#preference_auth_cookie_options'
    app/controllers/concerns/preference/base.rb:940:in 'Preference::Base#set_refresh_token_cookie'
    app/controllers/concerns/preference/base.rb:762:in 'Preference::Base#create_new_preference_record!'
    app/controllers/concerns/preference/base.rb:721:in 'Preference::Base#load_preference_record_from_refresh_token!'
    app/controllers/concerns/preference/base.rb:217:in 'Preference::Base#set_preferences_cookie'
    app/middleware/core/surface_middleware.rb:12:in 'Core::SurfaceMiddleware#call'
    test/integration/preference_global_param_context_test.rb:102:in 'block (2 levels) in <class:PreferenceGlobalParamContextTest>'
    test/support/i18n_locale_reset.rb:11:in 'block in ActiveSupport::TestCase#run'
    test/support/i18n_locale_reset.rb:10:in 'ActiveSupport::TestCase#run'

bin/rails test test/integration/preference_global_param_context_test.rb:98

E

Error:
PreferenceGlobalParamContextTest#test_core_app_regional_preserves_ct_param_in_links_when_present:
NameError: uninitialized constant Preference::Core::CookieOptions
    app/controllers/concerns/preference/base.rb:1096:in 'Preference::Base#preference_cookie_options'
    app/controllers/concerns/preference/base.rb:971:in 'Preference::Base#preference_auth_cookie_options'
    app/controllers/concerns/preference/base.rb:940:in 'Preference::Base#set_refresh_token_cookie'
    app/controllers/concerns/preference/base.rb:762:in 'Preference::Base#create_new_preference_record!'
    app/controllers/concerns/preference/base.rb:721:in 'Preference::Base#load_preference_record_from_refresh_token!'
    app/controllers/concerns/preference/base.rb:217:in 'Preference::Base#set_preferences_cookie'
    app/middleware/core/surface_middleware.rb:12:in 'Core::SurfaceMiddleware#call'
    test/integration/preference_global_param_context_test.rb:294:in 'block (2 levels) in <class:PreferenceGlobalParamContextTest>'
    test/support/i18n_locale_reset.rb:11:in 'block in ActiveSupport::TestCase#run'
    test/support/i18n_locale_reset.rb:10:in 'ActiveSupport::TestCase#run'

bin/rails test test/integration/preference_global_param_context_test.rb:291

E

Error:
PreferenceGlobalParamContextTest#test_apex_app_ct_param_is_NOT_added_to_navigation_links_when_NOT_in_request:
NameError: uninitialized constant Preference::Core::CookieOptions
    app/controllers/concerns/preference/base.rb:1096:in 'Preference::Base#preference_cookie_options'
    app/controllers/concerns/preference/base.rb:971:in 'Preference::Base#preference_auth_cookie_options'
    app/controllers/concerns/preference/base.rb:940:in 'Preference::Base#set_refresh_token_cookie'
    app/controllers/concerns/preference/base.rb:762:in 'Preference::Base#create_new_preference_record!'
    app/controllers/concerns/preference/base.rb:721:in 'Preference::Base#load_preference_record_from_refresh_token!'
    app/controllers/concerns/preference/base.rb:217:in 'Preference::Base#set_preferences_cookie'
    app/middleware/core/surface_middleware.rb:12:in 'Core::SurfaceMiddleware#call'
    test/integration/preference_global_param_context_test.rb:114:in 'block (2 levels) in <class:PreferenceGlobalParamContextTest>'
    test/support/i18n_locale_reset.rb:11:in 'block in ActiveSupport::TestCase#run'
    test/support/i18n_locale_reset.rb:10:in 'ActiveSupport::TestCase#run'

bin/rails test test/integration/preference_global_param_context_test.rb:110

E

Error:
PreferenceGlobalParamContextTest#test_core_app_regional_does_NOT_add_optional_params_when_not_in_request:
NameError: uninitialized constant Preference::Core::CookieOptions
    app/controllers/concerns/preference/base.rb:1096:in 'Preference::Base#preference_cookie_options'
    app/controllers/concerns/preference/base.rb:971:in 'Preference::Base#preference_auth_cookie_options'
    app/controllers/concerns/preference/base.rb:940:in 'Preference::Base#set_refresh_token_cookie'
    app/controllers/concerns/preference/base.rb:762:in 'Preference::Base#create_new_preference_record!'
    app/controllers/concerns/preference/base.rb:721:in 'Preference::Base#load_preference_record_from_refresh_token!'
    app/controllers/concerns/preference/base.rb:217:in 'Preference::Base#set_preferences_cookie'
    app/middleware/core/surface_middleware.rb:12:in 'Core::SurfaceMiddleware#call'
    test/integration/preference_global_param_context_test.rb:333:in 'block (2 levels) in <class:PreferenceGlobalParamContextTest>'
    test/support/i18n_locale_reset.rb:11:in 'block in ActiveSupport::TestCase#run'
    test/support/i18n_locale_reset.rb:10:in 'ActiveSupport::TestCase#run'

bin/rails test test/integration/preference_global_param_context_test.rb:330

E

Error:
PreferenceGlobalParamContextTest#test_core_org_regional_preserves_all_optional_params_together:
NameError: uninitialized constant Preference::Core::CookieOptions
    app/controllers/concerns/preference/base.rb:1096:in 'Preference::Base#preference_cookie_options'
    app/controllers/concerns/preference/base.rb:971:in 'Preference::Base#preference_auth_cookie_options'
    app/controllers/concerns/preference/base.rb:940:in 'Preference::Base#set_refresh_token_cookie'
    app/controllers/concerns/preference/base.rb:762:in 'Preference::Base#create_new_preference_record!'
    app/controllers/concerns/preference/base.rb:721:in 'Preference::Base#load_preference_record_from_refresh_token!'
    app/controllers/concerns/preference/base.rb:217:in 'Preference::Base#set_preferences_cookie'
    app/middleware/core/surface_middleware.rb:12:in 'Core::SurfaceMiddleware#call'
    test/integration/preference_global_param_context_test.rb:316:in 'block (2 levels) in <class:PreferenceGlobalParamContextTest>'
    test/support/i18n_locale_reset.rb:11:in 'block in ActiveSupport::TestCase#run'
    test/support/i18n_locale_reset.rb:10:in 'ActiveSupport::TestCase#run'

bin/rails test test/integration/preference_global_param_context_test.rb:313

E

Error:
PreferenceGlobalParamContextTest#test_apex_com_redirect_to_add_ri_does_NOT_add_lx_automatically:
NameError: uninitialized constant Preference::Core::CookieOptions
    app/controllers/concerns/preference/base.rb:1096:in 'Preference::Base#preference_cookie_options'
    app/controllers/concerns/preference/base.rb:971:in 'Preference::Base#preference_auth_cookie_options'
    app/controllers/concerns/preference/base.rb:940:in 'Preference::Base#set_refresh_token_cookie'
    app/controllers/concerns/preference/base.rb:762:in 'Preference::Base#create_new_preference_record!'
    app/controllers/concerns/preference/base.rb:721:in 'Preference::Base#load_preference_record_from_refresh_token!'
    app/controllers/concerns/preference/base.rb:217:in 'Preference::Base#set_preferences_cookie'
    app/middleware/core/surface_middleware.rb:12:in 'Core::SurfaceMiddleware#call'
    test/integration/preference_global_param_context_test.rb:199:in 'block (2 levels) in <class:PreferenceGlobalParamContextTest>'
    test/support/i18n_locale_reset.rb:11:in 'block in ActiveSupport::TestCase#run'
    test/support/i18n_locale_reset.rb:10:in 'ActiveSupport::TestCase#run'

bin/rails test test/integration/preference_global_param_context_test.rb:195

E

Error:
PreferenceGlobalParamContextTest#test_apex_app_redirects_to_add_ri_param_when_missing:
NameError: uninitialized constant Preference::Core::CookieOptions
    app/controllers/concerns/preference/base.rb:1096:in 'Preference::Base#preference_cookie_options'
    app/controllers/concerns/preference/base.rb:971:in 'Preference::Base#preference_auth_cookie_options'
    app/controllers/concerns/preference/base.rb:940:in 'Preference::Base#set_refresh_token_cookie'
    app/controllers/concerns/preference/base.rb:762:in 'Preference::Base#create_new_preference_record!'
    app/controllers/concerns/preference/base.rb:721:in 'Preference::Base#load_preference_record_from_refresh_token!'
    app/controllers/concerns/preference/base.rb:217:in 'Preference::Base#set_preferences_cookie'
    app/middleware/core/surface_middleware.rb:12:in 'Core::SurfaceMiddleware#call'
    test/integration/preference_global_param_context_test.rb:27:in 'block (2 levels) in <class:PreferenceGlobalParamContextTest>'
    test/support/i18n_locale_reset.rb:11:in 'block in ActiveSupport::TestCase#run'
    test/support/i18n_locale_reset.rb:10:in 'ActiveSupport::TestCase#run'

bin/rails test test/integration/preference_global_param_context_test.rb:23

E

Error:
PreferenceGlobalParamContextTest#test_sign_org_ri_param_is_always_included_in_default_url_options:
NameError: uninitialized constant Preference::Core::CookieOptions
    app/controllers/concerns/preference/base.rb:1096:in 'Preference::Base#preference_cookie_options'
    app/controllers/concerns/preference/base.rb:971:in 'Preference::Base#preference_auth_cookie_options'
    app/controllers/concerns/preference/base.rb:940:in 'Preference::Base#set_refresh_token_cookie'
    app/controllers/concerns/preference/base.rb:762:in 'Preference::Base#create_new_preference_record!'
    app/controllers/concerns/preference/base.rb:721:in 'Preference::Base#load_preference_record_from_refresh_token!'
    app/controllers/concerns/preference/base.rb:217:in 'Preference::Base#set_preferences_cookie'
    app/middleware/core/surface_middleware.rb:12:in 'Core::SurfaceMiddleware#call'
    test/integration/preference_global_param_context_test.rb:50:in 'block (2 levels) in <class:PreferenceGlobalParamContextTest>'
    test/support/i18n_locale_reset.rb:11:in 'block in ActiveSupport::TestCase#run'
    test/support/i18n_locale_reset.rb:10:in 'ActiveSupport::TestCase#run'

bin/rails test test/integration/preference_global_param_context_test.rb:46

E

Error:
PreferenceGlobalParamContextTest#test_apex_org_does_not_redirect_when_ri_param_is_present:
NameError: uninitialized constant Preference::Core::CookieOptions
    app/controllers/concerns/preference/base.rb:1096:in 'Preference::Base#preference_cookie_options'
    app/controllers/concerns/preference/base.rb:971:in 'Preference::Base#preference_auth_cookie_options'
    app/controllers/concerns/preference/base.rb:940:in 'Preference::Base#set_refresh_token_cookie'
    app/controllers/concerns/preference/base.rb:762:in 'Preference::Base#create_new_preference_record!'
    app/controllers/concerns/preference/base.rb:721:in 'Preference::Base#load_preference_record_from_refresh_token!'
    app/controllers/concerns/preference/base.rb:217:in 'Preference::Base#set_preferences_cookie'
    app/middleware/core/surface_middleware.rb:12:in 'Core::SurfaceMiddleware#call'
    test/integration/preference_global_param_context_test.rb:40:in 'block (2 levels) in <class:PreferenceGlobalParamContextTest>'
    test/support/i18n_locale_reset.rb:11:in 'block in ActiveSupport::TestCase#run'
    test/support/i18n_locale_reset.rb:10:in 'ActiveSupport::TestCase#run'

bin/rails test test/integration/preference_global_param_context_test.rb:36

E

Error:
PreferenceGlobalParamContextTest#test_apex_com_tz_param_is_preserved_in_navigation_links_when_present_in_request:
NameError: uninitialized constant Preference::Core::CookieOptions
    app/controllers/concerns/preference/base.rb:1096:in 'Preference::Base#preference_cookie_options'
    app/controllers/concerns/preference/base.rb:971:in 'Preference::Base#preference_auth_cookie_options'
    app/controllers/concerns/preference/base.rb:940:in 'Preference::Base#set_refresh_token_cookie'
    app/controllers/concerns/preference/base.rb:762:in 'Preference::Base#create_new_preference_record!'
    app/controllers/concerns/preference/base.rb:721:in 'Preference::Base#load_preference_record_from_refresh_token!'
    app/controllers/concerns/preference/base.rb:217:in 'Preference::Base#set_preferences_cookie'
    app/middleware/core/surface_middleware.rb:12:in 'Core::SurfaceMiddleware#call'
    test/integration/preference_global_param_context_test.rb:129:in 'block (2 levels) in <class:PreferenceGlobalParamContextTest>'
    test/support/i18n_locale_reset.rb:11:in 'block in ActiveSupport::TestCase#run'
    test/support/i18n_locale_reset.rb:10:in 'ActiveSupport::TestCase#run'

bin/rails test test/integration/preference_global_param_context_test.rb:125

E

Error:
PreferenceGlobalParamContextTest#test_core_org_regional_does_NOT_add_optional_params_when_not_in_request:
NameError: uninitialized constant Preference::Core::CookieOptions
    app/controllers/concerns/preference/base.rb:1096:in 'Preference::Base#preference_cookie_options'
    app/controllers/concerns/preference/base.rb:971:in 'Preference::Base#preference_auth_cookie_options'
    app/controllers/concerns/preference/base.rb:940:in 'Preference::Base#set_refresh_token_cookie'
    app/controllers/concerns/preference/base.rb:762:in 'Preference::Base#create_new_preference_record!'
    app/controllers/concerns/preference/base.rb:721:in 'Preference::Base#load_preference_record_from_refresh_token!'
    app/controllers/concerns/preference/base.rb:217:in 'Preference::Base#set_preferences_cookie'
    app/middleware/core/surface_middleware.rb:12:in 'Core::SurfaceMiddleware#call'
    test/integration/preference_global_param_context_test.rb:333:in 'block (2 levels) in <class:PreferenceGlobalParamContextTest>'
    test/support/i18n_locale_reset.rb:11:in 'block in ActiveSupport::TestCase#run'
    test/support/i18n_locale_reset.rb:10:in 'ActiveSupport::TestCase#run'

bin/rails test test/integration/preference_global_param_context_test.rb:330

E

Error:
PreferenceGlobalParamContextTest#test_sign_app_ri_param_is_always_included_in_default_url_options:
NameError: uninitialized constant Preference::Core::CookieOptions
    app/controllers/concerns/preference/base.rb:1096:in 'Preference::Base#preference_cookie_options'
    app/controllers/concerns/preference/base.rb:971:in 'Preference::Base#preference_auth_cookie_options'
    app/controllers/concerns/preference/base.rb:940:in 'Preference::Base#set_refresh_token_cookie'
    app/controllers/concerns/preference/base.rb:762:in 'Preference::Base#create_new_preference_record!'
    app/controllers/concerns/preference/base.rb:721:in 'Preference::Base#load_preference_record_from_refresh_token!'
    app/controllers/concerns/preference/base.rb:217:in 'Preference::Base#set_preferences_cookie'
    app/middleware/core/surface_middleware.rb:12:in 'Core::SurfaceMiddleware#call'
    test/integration/preference_global_param_context_test.rb:50:in 'block (2 levels) in <class:PreferenceGlobalParamContextTest>'
    test/support/i18n_locale_reset.rb:11:in 'block in ActiveSupport::TestCase#run'
    test/support/i18n_locale_reset.rb:10:in 'ActiveSupport::TestCase#run'

bin/rails test test/integration/preference_global_param_context_test.rb:46

E

Error:
PreferenceGlobalParamContextTest#test_core_com_regional_ignores_unknown_params_in_default_url_options:
NameError: uninitialized constant Preference::Core::CookieOptions
    app/controllers/concerns/preference/base.rb:1096:in 'Preference::Base#preference_cookie_options'
    app/controllers/concerns/preference/base.rb:971:in 'Preference::Base#preference_auth_cookie_options'
    app/controllers/concerns/preference/base.rb:940:in 'Preference::Base#set_refresh_token_cookie'
    app/controllers/concerns/preference/base.rb:762:in 'Preference::Base#create_new_preference_record!'
    app/controllers/concerns/preference/base.rb:721:in 'Preference::Base#load_preference_record_from_refresh_token!'
    app/controllers/concerns/preference/base.rb:217:in 'Preference::Base#set_preferences_cookie'
    app/middleware/core/surface_middleware.rb:12:in 'Core::SurfaceMiddleware#call'
    test/integration/preference_global_param_context_test.rb:353:in 'block (2 levels) in <class:PreferenceGlobalParamContextTest>'
    test/support/i18n_locale_reset.rb:11:in 'block in ActiveSupport::TestCase#run'
    test/support/i18n_locale_reset.rb:10:in 'ActiveSupport::TestCase#run'

bin/rails test test/integration/preference_global_param_context_test.rb:349

E

Error:
PreferenceGlobalParamContextTest#test_apex_com_redirects_to_add_ri_param_when_missing:
NameError: uninitialized constant Preference::Core::CookieOptions
    app/controllers/concerns/preference/base.rb:1096:in 'Preference::Base#preference_cookie_options'
    app/controllers/concerns/preference/base.rb:971:in 'Preference::Base#preference_auth_cookie_options'
    app/controllers/concerns/preference/base.rb:940:in 'Preference::Base#set_refresh_token_cookie'
    app/controllers/concerns/preference/base.rb:762:in 'Preference::Base#create_new_preference_record!'
    app/controllers/concerns/preference/base.rb:721:in 'Preference::Base#load_preference_record_from_refresh_token!'
    app/controllers/concerns/preference/base.rb:217:in 'Preference::Base#set_preferences_cookie'
    app/middleware/core/surface_middleware.rb:12:in 'Core::SurfaceMiddleware#call'
    test/integration/preference_global_param_context_test.rb:27:in 'block (2 levels) in <class:PreferenceGlobalParamContextTest>'
    test/support/i18n_locale_reset.rb:11:in 'block in ActiveSupport::TestCase#run'
    test/support/i18n_locale_reset.rb:10:in 'ActiveSupport::TestCase#run'

bin/rails test test/integration/preference_global_param_context_test.rb:23

E

Error:
PreferenceGlobalParamContextTest#test_apex_app_lx_param_is_NOT_added_to_navigation_links_when_NOT_in_request:
NameError: uninitialized constant Preference::Core::CookieOptions
    app/controllers/concerns/preference/base.rb:1096:in 'Preference::Base#preference_cookie_options'
    app/controllers/concerns/preference/base.rb:971:in 'Preference::Base#preference_auth_cookie_options'
    app/controllers/concerns/preference/base.rb:940:in 'Preference::Base#set_refresh_token_cookie'
    app/controllers/concerns/preference/base.rb:762:in 'Preference::Base#create_new_preference_record!'
    app/controllers/concerns/preference/base.rb:721:in 'Preference::Base#load_preference_record_from_refresh_token!'
    app/controllers/concerns/preference/base.rb:217:in 'Preference::Base#set_preferences_cookie'
    app/middleware/core/surface_middleware.rb:12:in 'Core::SurfaceMiddleware#call'
    test/integration/preference_global_param_context_test.rb:86:in 'block (2 levels) in <class:PreferenceGlobalParamContextTest>'
    test/support/i18n_locale_reset.rb:11:in 'block in ActiveSupport::TestCase#run'
    test/support/i18n_locale_reset.rb:10:in 'ActiveSupport::TestCase#run'

bin/rails test test/integration/preference_global_param_context_test.rb:82

E

Error:
PreferenceGlobalParamContextTest#test_core_app_regional_preserves_tz_param_in_links_when_present:
NameError: uninitialized constant Preference::Core::CookieOptions
    app/controllers/concerns/preference/base.rb:1096:in 'Preference::Base#preference_cookie_options'
    app/controllers/concerns/preference/base.rb:971:in 'Preference::Base#preference_auth_cookie_options'
    app/controllers/concerns/preference/base.rb:940:in 'Preference::Base#set_refresh_token_cookie'
    app/controllers/concerns/preference/base.rb:762:in 'Preference::Base#create_new_preference_record!'
    app/controllers/concerns/preference/base.rb:721:in 'Preference::Base#load_preference_record_from_refresh_token!'
    app/controllers/concerns/preference/base.rb:217:in 'Preference::Base#set_preferences_cookie'
    app/middleware/core/surface_middleware.rb:12:in 'Core::SurfaceMiddleware#call'
    test/integration/preference_global_param_context_test.rb:305:in 'block (2 levels) in <class:PreferenceGlobalParamContextTest>'
    test/support/i18n_locale_reset.rb:11:in 'block in ActiveSupport::TestCase#run'
    test/support/i18n_locale_reset.rb:10:in 'ActiveSupport::TestCase#run'

bin/rails test test/integration/preference_global_param_context_test.rb:302

E

Error:
PreferenceGlobalParamContextTest#test_apex_com_ct_param_is_preserved_in_navigation_links_when_present_in_request:
NameError: uninitialized constant Preference::Core::CookieOptions
    app/controllers/concerns/preference/base.rb:1096:in 'Preference::Base#preference_cookie_options'
    app/controllers/concerns/preference/base.rb:971:in 'Preference::Base#preference_auth_cookie_options'
    app/controllers/concerns/preference/base.rb:940:in 'Preference::Base#set_refresh_token_cookie'
    app/controllers/concerns/preference/base.rb:762:in 'Preference::Base#create_new_preference_record!'
    app/controllers/concerns/preference/base.rb:721:in 'Preference::Base#load_preference_record_from_refresh_token!'
    app/controllers/concerns/preference/base.rb:217:in 'Preference::Base#set_preferences_cookie'
    app/middleware/core/surface_middleware.rb:12:in 'Core::SurfaceMiddleware#call'
    test/integration/preference_global_param_context_test.rb:102:in 'block (2 levels) in <class:PreferenceGlobalParamContextTest>'
    test/support/i18n_locale_reset.rb:11:in 'block in ActiveSupport::TestCase#run'
    test/support/i18n_locale_reset.rb:10:in 'ActiveSupport::TestCase#run'

bin/rails test test/integration/preference_global_param_context_test.rb:98

E

Error:
PreferenceGlobalParamContextTest#test_apex_org_redirect_to_add_ri_does_NOT_add_lx_automatically:
NameError: uninitialized constant Preference::Core::CookieOptions
    app/controllers/concerns/preference/base.rb:1096:in 'Preference::Base#preference_cookie_options'
    app/controllers/concerns/preference/base.rb:971:in 'Preference::Base#preference_auth_cookie_options'
    app/controllers/concerns/preference/base.rb:940:in 'Preference::Base#set_refresh_token_cookie'
    app/controllers/concerns/preference/base.rb:762:in 'Preference::Base#create_new_preference_record!'
    app/controllers/concerns/preference/base.rb:721:in 'Preference::Base#load_preference_record_from_refresh_token!'
    app/controllers/concerns/preference/base.rb:217:in 'Preference::Base#set_preferences_cookie'
    app/middleware/core/surface_middleware.rb:12:in 'Core::SurfaceMiddleware#call'
    test/integration/preference_global_param_context_test.rb:199:in 'block (2 levels) in <class:PreferenceGlobalParamContextTest>'
    test/support/i18n_locale_reset.rb:11:in 'block in ActiveSupport::TestCase#run'
    test/support/i18n_locale_reset.rb:10:in 'ActiveSupport::TestCase#run'

bin/rails test test/integration/preference_global_param_context_test.rb:195

E

Error:
PreferenceGlobalParamContextTest#test_core_com_regional_redirects_to_REMOVE_ri_param_when_present_(301):
NameError: uninitialized constant Preference::Core::CookieOptions
    app/controllers/concerns/preference/base.rb:1096:in 'Preference::Base#preference_cookie_options'
    app/controllers/concerns/preference/base.rb:971:in 'Preference::Base#preference_auth_cookie_options'
    app/controllers/concerns/preference/base.rb:940:in 'Preference::Base#set_refresh_token_cookie'
    app/controllers/concerns/preference/base.rb:762:in 'Preference::Base#create_new_preference_record!'
    app/controllers/concerns/preference/base.rb:721:in 'Preference::Base#load_preference_record_from_refresh_token!'
    app/controllers/concerns/preference/base.rb:217:in 'Preference::Base#set_preferences_cookie'
    app/middleware/core/surface_middleware.rb:12:in 'Core::SurfaceMiddleware#call'
    test/integration/preference_global_param_context_test.rb:235:in 'block (2 levels) in <class:PreferenceGlobalParamContextTest>'
    test/support/i18n_locale_reset.rb:11:in 'block in ActiveSupport::TestCase#run'
    test/support/i18n_locale_reset.rb:10:in 'ActiveSupport::TestCase#run'

bin/rails test test/integration/preference_global_param_context_test.rb:232

E

Error:
PreferenceGlobalParamContextTest#test_core_org_regional_redirect_to_remove_ri_preserves_other_params:
NameError: uninitialized constant Preference::Core::CookieOptions
    app/controllers/concerns/preference/base.rb:1096:in 'Preference::Base#preference_cookie_options'
    app/controllers/concerns/preference/base.rb:971:in 'Preference::Base#preference_auth_cookie_options'
    app/controllers/concerns/preference/base.rb:940:in 'Preference::Base#set_refresh_token_cookie'
    app/controllers/concerns/preference/base.rb:762:in 'Preference::Base#create_new_preference_record!'
    app/controllers/concerns/preference/base.rb:721:in 'Preference::Base#load_preference_record_from_refresh_token!'
    app/controllers/concerns/preference/base.rb:217:in 'Preference::Base#set_preferences_cookie'
    app/middleware/core/surface_middleware.rb:12:in 'Core::SurfaceMiddleware#call'
    test/integration/preference_global_param_context_test.rb:248:in 'block (2 levels) in <class:PreferenceGlobalParamContextTest>'
    test/support/i18n_locale_reset.rb:11:in 'block in ActiveSupport::TestCase#run'
    test/support/i18n_locale_reset.rb:10:in 'ActiveSupport::TestCase#run'

bin/rails test test/integration/preference_global_param_context_test.rb:245

E

Error:
PreferenceGlobalParamContextTest#test_sign_org_redirects_to_add_ri_param_when_missing:
NameError: uninitialized constant Preference::Core::CookieOptions
    app/controllers/concerns/preference/base.rb:1096:in 'Preference::Base#preference_cookie_options'
    app/controllers/concerns/preference/base.rb:971:in 'Preference::Base#preference_auth_cookie_options'
    app/controllers/concerns/preference/base.rb:940:in 'Preference::Base#set_refresh_token_cookie'
    app/controllers/concerns/preference/base.rb:762:in 'Preference::Base#create_new_preference_record!'
    app/controllers/concerns/preference/base.rb:721:in 'Preference::Base#load_preference_record_from_refresh_token!'
    app/controllers/concerns/preference/base.rb:217:in 'Preference::Base#set_preferences_cookie'
    app/middleware/core/surface_middleware.rb:12:in 'Core::SurfaceMiddleware#call'
    test/integration/preference_global_param_context_test.rb:27:in 'block (2 levels) in <class:PreferenceGlobalParamContextTest>'
    test/support/i18n_locale_reset.rb:11:in 'block in ActiveSupport::TestCase#run'
    test/support/i18n_locale_reset.rb:10:in 'ActiveSupport::TestCase#run'

bin/rails test test/integration/preference_global_param_context_test.rb:23

E

Error:
PreferenceGlobalParamContextTest#test_sign_app_tz_param_is_preserved_in_navigation_links_when_present_in_request:
NameError: uninitialized constant Preference::Core::CookieOptions
    app/controllers/concerns/preference/base.rb:1096:in 'Preference::Base#preference_cookie_options'
    app/controllers/concerns/preference/base.rb:971:in 'Preference::Base#preference_auth_cookie_options'
    app/controllers/concerns/preference/base.rb:940:in 'Preference::Base#set_refresh_token_cookie'
    app/controllers/concerns/preference/base.rb:762:in 'Preference::Base#create_new_preference_record!'
    app/controllers/concerns/preference/base.rb:721:in 'Preference::Base#load_preference_record_from_refresh_token!'
    app/controllers/concerns/preference/base.rb:217:in 'Preference::Base#set_preferences_cookie'
    app/middleware/core/surface_middleware.rb:12:in 'Core::SurfaceMiddleware#call'
    test/integration/preference_global_param_context_test.rb:129:in 'block (2 levels) in <class:PreferenceGlobalParamContextTest>'
    test/support/i18n_locale_reset.rb:11:in 'block in ActiveSupport::TestCase#run'
    test/support/i18n_locale_reset.rb:10:in 'ActiveSupport::TestCase#run'

bin/rails test test/integration/preference_global_param_context_test.rb:125

E

Error:
PreferenceGlobalParamContextTest#test_apex_app_tz_param_is_preserved_in_navigation_links_when_present_in_request:
NameError: uninitialized constant Preference::Core::CookieOptions
    app/controllers/concerns/preference/base.rb:1096:in 'Preference::Base#preference_cookie_options'
    app/controllers/concerns/preference/base.rb:971:in 'Preference::Base#preference_auth_cookie_options'
    app/controllers/concerns/preference/base.rb:940:in 'Preference::Base#set_refresh_token_cookie'
    app/controllers/concerns/preference/base.rb:762:in 'Preference::Base#create_new_preference_record!'
    app/controllers/concerns/preference/base.rb:721:in 'Preference::Base#load_preference_record_from_refresh_token!'
    app/controllers/concerns/preference/base.rb:217:in 'Preference::Base#set_preferences_cookie'
    app/middleware/core/surface_middleware.rb:12:in 'Core::SurfaceMiddleware#call'
    test/integration/preference_global_param_context_test.rb:129:in 'block (2 levels) in <class:PreferenceGlobalParamContextTest>'
    test/support/i18n_locale_reset.rb:11:in 'block in ActiveSupport::TestCase#run'
    test/support/i18n_locale_reset.rb:10:in 'ActiveSupport::TestCase#run'

bin/rails test test/integration/preference_global_param_context_test.rb:125

E

Error:
PreferenceGlobalParamContextTest#test_core_com_regional_redirect_to_remove_ri_preserves_other_params:
NameError: uninitialized constant Preference::Core::CookieOptions
    app/controllers/concerns/preference/base.rb:1096:in 'Preference::Base#preference_cookie_options'
    app/controllers/concerns/preference/base.rb:971:in 'Preference::Base#preference_auth_cookie_options'
    app/controllers/concerns/preference/base.rb:940:in 'Preference::Base#set_refresh_token_cookie'
    app/controllers/concerns/preference/base.rb:762:in 'Preference::Base#create_new_preference_record!'
    app/controllers/concerns/preference/base.rb:721:in 'Preference::Base#load_preference_record_from_refresh_token!'
    app/controllers/concerns/preference/base.rb:217:in 'Preference::Base#set_preferences_cookie'
    app/middleware/core/surface_middleware.rb:12:in 'Core::SurfaceMiddleware#call'
    test/integration/preference_global_param_context_test.rb:248:in 'block (2 levels) in <class:PreferenceGlobalParamContextTest>'
    test/support/i18n_locale_reset.rb:11:in 'block in ActiveSupport::TestCase#run'
    test/support/i18n_locale_reset.rb:10:in 'ActiveSupport::TestCase#run'

bin/rails test test/integration/preference_global_param_context_test.rb:245

E

Error:
PreferenceGlobalParamContextTest#test_sign_org_tz_param_is_NOT_added_to_navigation_links_when_NOT_in_request:
NameError: uninitialized constant Preference::Core::CookieOptions
    app/controllers/concerns/preference/base.rb:1096:in 'Preference::Base#preference_cookie_options'
    app/controllers/concerns/preference/base.rb:971:in 'Preference::Base#preference_auth_cookie_options'
    app/controllers/concerns/preference/base.rb:940:in 'Preference::Base#set_refresh_token_cookie'
    app/controllers/concerns/preference/base.rb:762:in 'Preference::Base#create_new_preference_record!'
    app/controllers/concerns/preference/base.rb:721:in 'Preference::Base#load_preference_record_from_refresh_token!'
    app/controllers/concerns/preference/base.rb:217:in 'Preference::Base#set_preferences_cookie'
    app/middleware/core/surface_middleware.rb:12:in 'Core::SurfaceMiddleware#call'
    test/integration/preference_global_param_context_test.rb:141:in 'block (2 levels) in <class:PreferenceGlobalParamContextTest>'
    test/support/i18n_locale_reset.rb:11:in 'block in ActiveSupport::TestCase#run'
    test/support/i18n_locale_reset.rb:10:in 'ActiveSupport::TestCase#run'

bin/rails test test/integration/preference_global_param_context_test.rb:137

E

Error:
PreferenceGlobalParamContextTest#test_apex_app_ri_param_is_always_included_in_default_url_options:
NameError: uninitialized constant Preference::Core::CookieOptions
    app/controllers/concerns/preference/base.rb:1096:in 'Preference::Base#preference_cookie_options'
    app/controllers/concerns/preference/base.rb:971:in 'Preference::Base#preference_auth_cookie_options'
    app/controllers/concerns/preference/base.rb:940:in 'Preference::Base#set_refresh_token_cookie'
    app/controllers/concerns/preference/base.rb:762:in 'Preference::Base#create_new_preference_record!'
    app/controllers/concerns/preference/base.rb:721:in 'Preference::Base#load_preference_record_from_refresh_token!'
    app/controllers/concerns/preference/base.rb:217:in 'Preference::Base#set_preferences_cookie'
    app/middleware/core/surface_middleware.rb:12:in 'Core::SurfaceMiddleware#call'
    test/integration/preference_global_param_context_test.rb:50:in 'block (2 levels) in <class:PreferenceGlobalParamContextTest>'
    test/support/i18n_locale_reset.rb:11:in 'block in ActiveSupport::TestCase#run'
    test/support/i18n_locale_reset.rb:10:in 'ActiveSupport::TestCase#run'

bin/rails test test/integration/preference_global_param_context_test.rb:46

E

Error:
PreferenceGlobalParamContextTest#test_core_app_regional_ignores_unknown_params_in_default_url_options:
NameError: uninitialized constant Preference::Core::CookieOptions
    app/controllers/concerns/preference/base.rb:1096:in 'Preference::Base#preference_cookie_options'
    app/controllers/concerns/preference/base.rb:971:in 'Preference::Base#preference_auth_cookie_options'
    app/controllers/concerns/preference/base.rb:940:in 'Preference::Base#set_refresh_token_cookie'
    app/controllers/concerns/preference/base.rb:762:in 'Preference::Base#create_new_preference_record!'
    app/controllers/concerns/preference/base.rb:721:in 'Preference::Base#load_preference_record_from_refresh_token!'
    app/controllers/concerns/preference/base.rb:217:in 'Preference::Base#set_preferences_cookie'
    app/middleware/core/surface_middleware.rb:12:in 'Core::SurfaceMiddleware#call'
    test/integration/preference_global_param_context_test.rb:353:in 'block (2 levels) in <class:PreferenceGlobalParamContextTest>'
    test/support/i18n_locale_reset.rb:11:in 'block in ActiveSupport::TestCase#run'
    test/support/i18n_locale_reset.rb:10:in 'ActiveSupport::TestCase#run'

bin/rails test test/integration/preference_global_param_context_test.rb:349

E

Error:
PreferenceGlobalParamContextTest#test_sign_app_lx_param_is_preserved_in_navigation_links_when_present_in_request:
NameError: uninitialized constant Preference::Core::CookieOptions
    app/controllers/concerns/preference/base.rb:1096:in 'Preference::Base#preference_cookie_options'
    app/controllers/concerns/preference/base.rb:971:in 'Preference::Base#preference_auth_cookie_options'
    app/controllers/concerns/preference/base.rb:940:in 'Preference::Base#set_refresh_token_cookie'
    app/controllers/concerns/preference/base.rb:762:in 'Preference::Base#create_new_preference_record!'
    app/controllers/concerns/preference/base.rb:721:in 'Preference::Base#load_preference_record_from_refresh_token!'
    app/controllers/concerns/preference/base.rb:217:in 'Preference::Base#set_preferences_cookie'
    app/middleware/core/surface_middleware.rb:12:in 'Core::SurfaceMiddleware#call'
    test/integration/preference_global_param_context_test.rb:73:in 'block (2 levels) in <class:PreferenceGlobalParamContextTest>'
    test/support/i18n_locale_reset.rb:11:in 'block in ActiveSupport::TestCase#run'
    test/support/i18n_locale_reset.rb:10:in 'ActiveSupport::TestCase#run'

bin/rails test test/integration/preference_global_param_context_test.rb:69

E

Error:
PreferenceGlobalParamContextTest#test_sign_org_redirect_to_add_ri_does_NOT_add_lx_automatically:
NameError: uninitialized constant Preference::Core::CookieOptions
    app/controllers/concerns/preference/base.rb:1096:in 'Preference::Base#preference_cookie_options'
    app/controllers/concerns/preference/base.rb:971:in 'Preference::Base#preference_auth_cookie_options'
    app/controllers/concerns/preference/base.rb:940:in 'Preference::Base#set_refresh_token_cookie'
    app/controllers/concerns/preference/base.rb:762:in 'Preference::Base#create_new_preference_record!'
    app/controllers/concerns/preference/base.rb:721:in 'Preference::Base#load_preference_record_from_refresh_token!'
    app/controllers/concerns/preference/base.rb:217:in 'Preference::Base#set_preferences_cookie'
    app/middleware/core/surface_middleware.rb:12:in 'Core::SurfaceMiddleware#call'
    test/integration/preference_global_param_context_test.rb:199:in 'block (2 levels) in <class:PreferenceGlobalParamContextTest>'
    test/support/i18n_locale_reset.rb:11:in 'block in ActiveSupport::TestCase#run'
    test/support/i18n_locale_reset.rb:10:in 'ActiveSupport::TestCase#run'

bin/rails test test/integration/preference_global_param_context_test.rb:195

E

Error:
PreferenceGlobalParamContextTest#test_sign_app_ct_param_is_preserved_in_navigation_links_when_present_in_request:
NameError: uninitialized constant Preference::Core::CookieOptions
    app/controllers/concerns/preference/base.rb:1096:in 'Preference::Base#preference_cookie_options'
    app/controllers/concerns/preference/base.rb:971:in 'Preference::Base#preference_auth_cookie_options'
    app/controllers/concerns/preference/base.rb:940:in 'Preference::Base#set_refresh_token_cookie'
    app/controllers/concerns/preference/base.rb:762:in 'Preference::Base#create_new_preference_record!'
    app/controllers/concerns/preference/base.rb:721:in 'Preference::Base#load_preference_record_from_refresh_token!'
    app/controllers/concerns/preference/base.rb:217:in 'Preference::Base#set_preferences_cookie'
    app/middleware/core/surface_middleware.rb:12:in 'Core::SurfaceMiddleware#call'
    test/integration/preference_global_param_context_test.rb:102:in 'block (2 levels) in <class:PreferenceGlobalParamContextTest>'
    test/support/i18n_locale_reset.rb:11:in 'block in ActiveSupport::TestCase#run'
    test/support/i18n_locale_reset.rb:10:in 'ActiveSupport::TestCase#run'

bin/rails test test/integration/preference_global_param_context_test.rb:98

E

Error:
PreferenceGlobalParamContextTest#test_apex_app_does_not_redirect_when_ri_param_is_present:
NameError: uninitialized constant Preference::Core::CookieOptions
    app/controllers/concerns/preference/base.rb:1096:in 'Preference::Base#preference_cookie_options'
    app/controllers/concerns/preference/base.rb:971:in 'Preference::Base#preference_auth_cookie_options'
    app/controllers/concerns/preference/base.rb:940:in 'Preference::Base#set_refresh_token_cookie'
    app/controllers/concerns/preference/base.rb:762:in 'Preference::Base#create_new_preference_record!'
    app/controllers/concerns/preference/base.rb:721:in 'Preference::Base#load_preference_record_from_refresh_token!'
    app/controllers/concerns/preference/base.rb:217:in 'Preference::Base#set_preferences_cookie'
    app/middleware/core/surface_middleware.rb:12:in 'Core::SurfaceMiddleware#call'
    test/integration/preference_global_param_context_test.rb:40:in 'block (2 levels) in <class:PreferenceGlobalParamContextTest>'
    test/support/i18n_locale_reset.rb:11:in 'block in ActiveSupport::TestCase#run'
    test/support/i18n_locale_reset.rb:10:in 'ActiveSupport::TestCase#run'

bin/rails test test/integration/preference_global_param_context_test.rb:36

E

Error:
PreferenceGlobalParamContextTest#test_core_com_regional_preserves_lx_param_in_links_when_present:
NameError: uninitialized constant Preference::Core::CookieOptions
    app/controllers/concerns/preference/base.rb:1096:in 'Preference::Base#preference_cookie_options'
    app/controllers/concerns/preference/base.rb:971:in 'Preference::Base#preference_auth_cookie_options'
    app/controllers/concerns/preference/base.rb:940:in 'Preference::Base#set_refresh_token_cookie'
    app/controllers/concerns/preference/base.rb:762:in 'Preference::Base#create_new_preference_record!'
    app/controllers/concerns/preference/base.rb:721:in 'Preference::Base#load_preference_record_from_refresh_token!'
    app/controllers/concerns/preference/base.rb:217:in 'Preference::Base#set_preferences_cookie'
    app/middleware/core/surface_middleware.rb:12:in 'Core::SurfaceMiddleware#call'
    test/integration/preference_global_param_context_test.rb:282:in 'block (2 levels) in <class:PreferenceGlobalParamContextTest>'
    test/support/i18n_locale_reset.rb:11:in 'block in ActiveSupport::TestCase#run'
    test/support/i18n_locale_reset.rb:10:in 'ActiveSupport::TestCase#run'

bin/rails test test/integration/preference_global_param_context_test.rb:279

E

Error:
PreferenceGlobalParamContextTest#test_core_com_regional_preserves_ct_param_in_links_when_present:
NameError: uninitialized constant Preference::Core::CookieOptions
    app/controllers/concerns/preference/base.rb:1096:in 'Preference::Base#preference_cookie_options'
    app/controllers/concerns/preference/base.rb:971:in 'Preference::Base#preference_auth_cookie_options'
    app/controllers/concerns/preference/base.rb:940:in 'Preference::Base#set_refresh_token_cookie'
    app/controllers/concerns/preference/base.rb:762:in 'Preference::Base#create_new_preference_record!'
    app/controllers/concerns/preference/base.rb:721:in 'Preference::Base#load_preference_record_from_refresh_token!'
    app/controllers/concerns/preference/base.rb:217:in 'Preference::Base#set_preferences_cookie'
    app/middleware/core/surface_middleware.rb:12:in 'Core::SurfaceMiddleware#call'
    test/integration/preference_global_param_context_test.rb:294:in 'block (2 levels) in <class:PreferenceGlobalParamContextTest>'
    test/support/i18n_locale_reset.rb:11:in 'block in ActiveSupport::TestCase#run'
    test/support/i18n_locale_reset.rb:10:in 'ActiveSupport::TestCase#run'

bin/rails test test/integration/preference_global_param_context_test.rb:291

E

Error:
PreferenceGlobalParamContextTest#test_apex_org_redirect_to_add_ri_preserves_existing_query_params:
NameError: uninitialized constant Preference::Core::CookieOptions
    app/controllers/concerns/preference/base.rb:1096:in 'Preference::Base#preference_cookie_options'
    app/controllers/concerns/preference/base.rb:971:in 'Preference::Base#preference_auth_cookie_options'
    app/controllers/concerns/preference/base.rb:940:in 'Preference::Base#set_refresh_token_cookie'
    app/controllers/concerns/preference/base.rb:762:in 'Preference::Base#create_new_preference_record!'
    app/controllers/concerns/preference/base.rb:721:in 'Preference::Base#load_preference_record_from_refresh_token!'
    app/controllers/concerns/preference/base.rb:217:in 'Preference::Base#set_preferences_cookie'
    app/middleware/core/surface_middleware.rb:12:in 'Core::SurfaceMiddleware#call'
    test/integration/preference_global_param_context_test.rb:184:in 'block (2 levels) in <class:PreferenceGlobalParamContextTest>'
    test/support/i18n_locale_reset.rb:11:in 'block in ActiveSupport::TestCase#run'
    test/support/i18n_locale_reset.rb:10:in 'ActiveSupport::TestCase#run'

bin/rails test test/integration/preference_global_param_context_test.rb:179

E

Error:
PreferenceGlobalParamContextTest#test_sign_org_multiple_optional_params_are_preserved_together_in_navigation_links:
NameError: uninitialized constant Preference::Core::CookieOptions
    app/controllers/concerns/preference/base.rb:1096:in 'Preference::Base#preference_cookie_options'
    app/controllers/concerns/preference/base.rb:971:in 'Preference::Base#preference_auth_cookie_options'
    app/controllers/concerns/preference/base.rb:940:in 'Preference::Base#set_refresh_token_cookie'
    app/controllers/concerns/preference/base.rb:762:in 'Preference::Base#create_new_preference_record!'
    app/controllers/concerns/preference/base.rb:721:in 'Preference::Base#load_preference_record_from_refresh_token!'
    app/controllers/concerns/preference/base.rb:217:in 'Preference::Base#set_preferences_cookie'
    app/middleware/core/surface_middleware.rb:12:in 'Core::SurfaceMiddleware#call'
    test/integration/preference_global_param_context_test.rb:156:in 'block (2 levels) in <class:PreferenceGlobalParamContextTest>'
    test/support/i18n_locale_reset.rb:11:in 'block in ActiveSupport::TestCase#run'
    test/support/i18n_locale_reset.rb:10:in 'ActiveSupport::TestCase#run'

bin/rails test test/integration/preference_global_param_context_test.rb:152

E

Error:
PreferenceGlobalParamContextTest#test_core_app_regional_preserves_all_optional_params_together:
NameError: uninitialized constant Preference::Core::CookieOptions
    app/controllers/concerns/preference/base.rb:1096:in 'Preference::Base#preference_cookie_options'
    app/controllers/concerns/preference/base.rb:971:in 'Preference::Base#preference_auth_cookie_options'
    app/controllers/concerns/preference/base.rb:940:in 'Preference::Base#set_refresh_token_cookie'
    app/controllers/concerns/preference/base.rb:762:in 'Preference::Base#create_new_preference_record!'
    app/controllers/concerns/preference/base.rb:721:in 'Preference::Base#load_preference_record_from_refresh_token!'
    app/controllers/concerns/preference/base.rb:217:in 'Preference::Base#set_preferences_cookie'
    app/middleware/core/surface_middleware.rb:12:in 'Core::SurfaceMiddleware#call'
    test/integration/preference_global_param_context_test.rb:316:in 'block (2 levels) in <class:PreferenceGlobalParamContextTest>'
    test/support/i18n_locale_reset.rb:11:in 'block in ActiveSupport::TestCase#run'
    test/support/i18n_locale_reset.rb:10:in 'ActiveSupport::TestCase#run'

bin/rails test test/integration/preference_global_param_context_test.rb:313

E

Error:
PreferenceGlobalParamContextTest#test_core_com_regional_links_do_NOT_include_ri_param:
NameError: uninitialized constant Preference::Core::CookieOptions
    app/controllers/concerns/preference/base.rb:1096:in 'Preference::Base#preference_cookie_options'
    app/controllers/concerns/preference/base.rb:971:in 'Preference::Base#preference_auth_cookie_options'
    app/controllers/concerns/preference/base.rb:940:in 'Preference::Base#set_refresh_token_cookie'
    app/controllers/concerns/preference/base.rb:762:in 'Preference::Base#create_new_preference_record!'
    app/controllers/concerns/preference/base.rb:721:in 'Preference::Base#load_preference_record_from_refresh_token!'
    app/controllers/concerns/preference/base.rb:217:in 'Preference::Base#set_preferences_cookie'
    app/middleware/core/surface_middleware.rb:12:in 'Core::SurfaceMiddleware#call'
    test/integration/preference_global_param_context_test.rb:265:in 'block (2 levels) in <class:PreferenceGlobalParamContextTest>'
    test/support/i18n_locale_reset.rb:11:in 'block in ActiveSupport::TestCase#run'
    test/support/i18n_locale_reset.rb:10:in 'ActiveSupport::TestCase#run'

bin/rails test test/integration/preference_global_param_context_test.rb:262

E

Error:
PreferenceGlobalParamContextTest#test_core_app_regional_does_NOT_redirect_when_ri_is_absent:
NameError: uninitialized constant Preference::Core::CookieOptions
    app/controllers/concerns/preference/base.rb:1096:in 'Preference::Base#preference_cookie_options'
    app/controllers/concerns/preference/base.rb:971:in 'Preference::Base#preference_auth_cookie_options'
    app/controllers/concerns/preference/base.rb:940:in 'Preference::Base#set_refresh_token_cookie'
    app/controllers/concerns/preference/base.rb:762:in 'Preference::Base#create_new_preference_record!'
    app/controllers/concerns/preference/base.rb:721:in 'Preference::Base#load_preference_record_from_refresh_token!'
    app/controllers/concerns/preference/base.rb:217:in 'Preference::Base#set_preferences_cookie'
    app/middleware/core/surface_middleware.rb:12:in 'Core::SurfaceMiddleware#call'
    test/integration/preference_global_param_context_test.rb:226:in 'block (2 levels) in <class:PreferenceGlobalParamContextTest>'
    test/support/i18n_locale_reset.rb:11:in 'block in ActiveSupport::TestCase#run'
    test/support/i18n_locale_reset.rb:10:in 'ActiveSupport::TestCase#run'

bin/rails test test/integration/preference_global_param_context_test.rb:223

E

Error:
PreferenceGlobalParamContextTest#test_core_com_regional_does_NOT_redirect_when_ri_is_absent:
NameError: uninitialized constant Preference::Core::CookieOptions
    app/controllers/concerns/preference/base.rb:1096:in 'Preference::Base#preference_cookie_options'
    app/controllers/concerns/preference/base.rb:971:in 'Preference::Base#preference_auth_cookie_options'
    app/controllers/concerns/preference/base.rb:940:in 'Preference::Base#set_refresh_token_cookie'
    app/controllers/concerns/preference/base.rb:762:in 'Preference::Base#create_new_preference_record!'
    app/controllers/concerns/preference/base.rb:721:in 'Preference::Base#load_preference_record_from_refresh_token!'
    app/controllers/concerns/preference/base.rb:217:in 'Preference::Base#set_preferences_cookie'
    app/middleware/core/surface_middleware.rb:12:in 'Core::SurfaceMiddleware#call'
    test/integration/preference_global_param_context_test.rb:226:in 'block (2 levels) in <class:PreferenceGlobalParamContextTest>'
    test/support/i18n_locale_reset.rb:11:in 'block in ActiveSupport::TestCase#run'
    test/support/i18n_locale_reset.rb:10:in 'ActiveSupport::TestCase#run'

bin/rails test test/integration/preference_global_param_context_test.rb:223

E

Error:
PreferenceGlobalParamContextTest#test_core_com_regional_preserves_all_optional_params_together:
NameError: uninitialized constant Preference::Core::CookieOptions
    app/controllers/concerns/preference/base.rb:1096:in 'Preference::Base#preference_cookie_options'
    app/controllers/concerns/preference/base.rb:971:in 'Preference::Base#preference_auth_cookie_options'
    app/controllers/concerns/preference/base.rb:940:in 'Preference::Base#set_refresh_token_cookie'
    app/controllers/concerns/preference/base.rb:762:in 'Preference::Base#create_new_preference_record!'
    app/controllers/concerns/preference/base.rb:721:in 'Preference::Base#load_preference_record_from_refresh_token!'
    app/controllers/concerns/preference/base.rb:217:in 'Preference::Base#set_preferences_cookie'
    app/middleware/core/surface_middleware.rb:12:in 'Core::SurfaceMiddleware#call'
    test/integration/preference_global_param_context_test.rb:316:in 'block (2 levels) in <class:PreferenceGlobalParamContextTest>'
    test/support/i18n_locale_reset.rb:11:in 'block in ActiveSupport::TestCase#run'
    test/support/i18n_locale_reset.rb:10:in 'ActiveSupport::TestCase#run'

bin/rails test test/integration/preference_global_param_context_test.rb:313

E

Error:
PreferenceGlobalParamContextTest#test_sign_org_lx_param_is_preserved_in_navigation_links_when_present_in_request:
NameError: uninitialized constant Preference::Core::CookieOptions
    app/controllers/concerns/preference/base.rb:1096:in 'Preference::Base#preference_cookie_options'
    app/controllers/concerns/preference/base.rb:971:in 'Preference::Base#preference_auth_cookie_options'
    app/controllers/concerns/preference/base.rb:940:in 'Preference::Base#set_refresh_token_cookie'
    app/controllers/concerns/preference/base.rb:762:in 'Preference::Base#create_new_preference_record!'
    app/controllers/concerns/preference/base.rb:721:in 'Preference::Base#load_preference_record_from_refresh_token!'
    app/controllers/concerns/preference/base.rb:217:in 'Preference::Base#set_preferences_cookie'
    app/middleware/core/surface_middleware.rb:12:in 'Core::SurfaceMiddleware#call'
    test/integration/preference_global_param_context_test.rb:73:in 'block (2 levels) in <class:PreferenceGlobalParamContextTest>'
    test/support/i18n_locale_reset.rb:11:in 'block in ActiveSupport::TestCase#run'
    test/support/i18n_locale_reset.rb:10:in 'ActiveSupport::TestCase#run'

bin/rails test test/integration/preference_global_param_context_test.rb:69

E

Error:
PreferenceGlobalParamContextTest#test_apex_app_ct_param_is_preserved_in_navigation_links_when_present_in_request:
NameError: uninitialized constant Preference::Core::CookieOptions
    app/controllers/concerns/preference/base.rb:1096:in 'Preference::Base#preference_cookie_options'
    app/controllers/concerns/preference/base.rb:971:in 'Preference::Base#preference_auth_cookie_options'
    app/controllers/concerns/preference/base.rb:940:in 'Preference::Base#set_refresh_token_cookie'
    app/controllers/concerns/preference/base.rb:762:in 'Preference::Base#create_new_preference_record!'
    app/controllers/concerns/preference/base.rb:721:in 'Preference::Base#load_preference_record_from_refresh_token!'
    app/controllers/concerns/preference/base.rb:217:in 'Preference::Base#set_preferences_cookie'
    app/middleware/core/surface_middleware.rb:12:in 'Core::SurfaceMiddleware#call'
    test/integration/preference_global_param_context_test.rb:102:in 'block (2 levels) in <class:PreferenceGlobalParamContextTest>'
    test/support/i18n_locale_reset.rb:11:in 'block in ActiveSupport::TestCase#run'
    test/support/i18n_locale_reset.rb:10:in 'ActiveSupport::TestCase#run'

bin/rails test test/integration/preference_global_param_context_test.rb:98

E

Error:
PreferenceGlobalParamContextTest#test_core_com_regional_preserves_tz_param_in_links_when_present:
NameError: uninitialized constant Preference::Core::CookieOptions
    app/controllers/concerns/preference/base.rb:1096:in 'Preference::Base#preference_cookie_options'
    app/controllers/concerns/preference/base.rb:971:in 'Preference::Base#preference_auth_cookie_options'
    app/controllers/concerns/preference/base.rb:940:in 'Preference::Base#set_refresh_token_cookie'
    app/controllers/concerns/preference/base.rb:762:in 'Preference::Base#create_new_preference_record!'
    app/controllers/concerns/preference/base.rb:721:in 'Preference::Base#load_preference_record_from_refresh_token!'
    app/controllers/concerns/preference/base.rb:217:in 'Preference::Base#set_preferences_cookie'
    app/middleware/core/surface_middleware.rb:12:in 'Core::SurfaceMiddleware#call'
    test/integration/preference_global_param_context_test.rb:305:in 'block (2 levels) in <class:PreferenceGlobalParamContextTest>'
    test/support/i18n_locale_reset.rb:11:in 'block in ActiveSupport::TestCase#run'
    test/support/i18n_locale_reset.rb:10:in 'ActiveSupport::TestCase#run'

bin/rails test test/integration/preference_global_param_context_test.rb:302

E

Error:
PreferenceGlobalParamContextTest#test_apex_com_lx_param_is_NOT_added_to_navigation_links_when_NOT_in_request:
NameError: uninitialized constant Preference::Core::CookieOptions
    app/controllers/concerns/preference/base.rb:1096:in 'Preference::Base#preference_cookie_options'
    app/controllers/concerns/preference/base.rb:971:in 'Preference::Base#preference_auth_cookie_options'
    app/controllers/concerns/preference/base.rb:940:in 'Preference::Base#set_refresh_token_cookie'
    app/controllers/concerns/preference/base.rb:762:in 'Preference::Base#create_new_preference_record!'
    app/controllers/concerns/preference/base.rb:721:in 'Preference::Base#load_preference_record_from_refresh_token!'
    app/controllers/concerns/preference/base.rb:217:in 'Preference::Base#set_preferences_cookie'
    app/middleware/core/surface_middleware.rb:12:in 'Core::SurfaceMiddleware#call'
    test/integration/preference_global_param_context_test.rb:86:in 'block (2 levels) in <class:PreferenceGlobalParamContextTest>'
    test/support/i18n_locale_reset.rb:11:in 'block in ActiveSupport::TestCase#run'
    test/support/i18n_locale_reset.rb:10:in 'ActiveSupport::TestCase#run'

bin/rails test test/integration/preference_global_param_context_test.rb:82

E

Error:
PreferenceGlobalParamContextTest#test_apex_app_redirect_to_add_ri_does_NOT_add_lx_automatically:
NameError: uninitialized constant Preference::Core::CookieOptions
    app/controllers/concerns/preference/base.rb:1096:in 'Preference::Base#preference_cookie_options'
    app/controllers/concerns/preference/base.rb:971:in 'Preference::Base#preference_auth_cookie_options'
    app/controllers/concerns/preference/base.rb:940:in 'Preference::Base#set_refresh_token_cookie'
    app/controllers/concerns/preference/base.rb:762:in 'Preference::Base#create_new_preference_record!'
    app/controllers/concerns/preference/base.rb:721:in 'Preference::Base#load_preference_record_from_refresh_token!'
    app/controllers/concerns/preference/base.rb:217:in 'Preference::Base#set_preferences_cookie'
    app/middleware/core/surface_middleware.rb:12:in 'Core::SurfaceMiddleware#call'
    test/integration/preference_global_param_context_test.rb:199:in 'block (2 levels) in <class:PreferenceGlobalParamContextTest>'
    test/support/i18n_locale_reset.rb:11:in 'block in ActiveSupport::TestCase#run'
    test/support/i18n_locale_reset.rb:10:in 'ActiveSupport::TestCase#run'

bin/rails test test/integration/preference_global_param_context_test.rb:195

E

Error:
PreferenceGlobalParamContextTest#test_sign_app_redirect_to_add_ri_preserves_existing_query_params:
NameError: uninitialized constant Preference::Core::CookieOptions
    app/controllers/concerns/preference/base.rb:1096:in 'Preference::Base#preference_cookie_options'
    app/controllers/concerns/preference/base.rb:971:in 'Preference::Base#preference_auth_cookie_options'
    app/controllers/concerns/preference/base.rb:940:in 'Preference::Base#set_refresh_token_cookie'
    app/controllers/concerns/preference/base.rb:762:in 'Preference::Base#create_new_preference_record!'
    app/controllers/concerns/preference/base.rb:721:in 'Preference::Base#load_preference_record_from_refresh_token!'
    app/controllers/concerns/preference/base.rb:217:in 'Preference::Base#set_preferences_cookie'
    app/middleware/core/surface_middleware.rb:12:in 'Core::SurfaceMiddleware#call'
    test/integration/preference_global_param_context_test.rb:184:in 'block (2 levels) in <class:PreferenceGlobalParamContextTest>'
    test/support/i18n_locale_reset.rb:11:in 'block in ActiveSupport::TestCase#run'
    test/support/i18n_locale_reset.rb:10:in 'ActiveSupport::TestCase#run'

bin/rails test test/integration/preference_global_param_context_test.rb:179

E

Error:
PreferenceGlobalParamContextTest#test_core_app_regional_redirect_to_remove_ri_preserves_other_params:
NameError: uninitialized constant Preference::Core::CookieOptions
    app/controllers/concerns/preference/base.rb:1096:in 'Preference::Base#preference_cookie_options'
    app/controllers/concerns/preference/base.rb:971:in 'Preference::Base#preference_auth_cookie_options'
    app/controllers/concerns/preference/base.rb:940:in 'Preference::Base#set_refresh_token_cookie'
    app/controllers/concerns/preference/base.rb:762:in 'Preference::Base#create_new_preference_record!'
    app/controllers/concerns/preference/base.rb:721:in 'Preference::Base#load_preference_record_from_refresh_token!'
    app/controllers/concerns/preference/base.rb:217:in 'Preference::Base#set_preferences_cookie'
    app/middleware/core/surface_middleware.rb:12:in 'Core::SurfaceMiddleware#call'
    test/integration/preference_global_param_context_test.rb:248:in 'block (2 levels) in <class:PreferenceGlobalParamContextTest>'
    test/support/i18n_locale_reset.rb:11:in 'block in ActiveSupport::TestCase#run'
    test/support/i18n_locale_reset.rb:10:in 'ActiveSupport::TestCase#run'

bin/rails test test/integration/preference_global_param_context_test.rb:245

E

Error:
PreferenceGlobalParamContextTest#test_core_org_regional_preserves_ct_param_in_links_when_present:
NameError: uninitialized constant Preference::Core::CookieOptions
    app/controllers/concerns/preference/base.rb:1096:in 'Preference::Base#preference_cookie_options'
    app/controllers/concerns/preference/base.rb:971:in 'Preference::Base#preference_auth_cookie_options'
    app/controllers/concerns/preference/base.rb:940:in 'Preference::Base#set_refresh_token_cookie'
    app/controllers/concerns/preference/base.rb:762:in 'Preference::Base#create_new_preference_record!'
    app/controllers/concerns/preference/base.rb:721:in 'Preference::Base#load_preference_record_from_refresh_token!'
    app/controllers/concerns/preference/base.rb:217:in 'Preference::Base#set_preferences_cookie'
    app/middleware/core/surface_middleware.rb:12:in 'Core::SurfaceMiddleware#call'
    test/integration/preference_global_param_context_test.rb:294:in 'block (2 levels) in <class:PreferenceGlobalParamContextTest>'
    test/support/i18n_locale_reset.rb:11:in 'block in ActiveSupport::TestCase#run'
    test/support/i18n_locale_reset.rb:10:in 'ActiveSupport::TestCase#run'

bin/rails test test/integration/preference_global_param_context_test.rb:291

.......................E

Error:
Help::Com::Edge::V1::HealthsControllerTest#test_returns_success_for_default_format:
NameError: uninitialized constant Preference::Core::CookieOptions
    app/controllers/concerns/preference/base.rb:1096:in 'Preference::Base#preference_cookie_options'
    app/controllers/concerns/preference/base.rb:971:in 'Preference::Base#preference_auth_cookie_options'
    app/controllers/concerns/preference/base.rb:940:in 'Preference::Base#set_refresh_token_cookie'
    app/controllers/concerns/preference/base.rb:762:in 'Preference::Base#create_new_preference_record!'
    app/controllers/concerns/preference/base.rb:721:in 'Preference::Base#load_preference_record_from_refresh_token!'
    app/controllers/concerns/preference/base.rb:217:in 'Preference::Base#set_preferences_cookie'
    app/middleware/core/surface_middleware.rb:12:in 'Core::SurfaceMiddleware#call'
    test/controllers/help/com/edge/v1/healths_controller_test.rb:23:in 'block in <class:HealthsControllerTest>'
    test/support/i18n_locale_reset.rb:11:in 'block in ActiveSupport::TestCase#run'
    test/support/i18n_locale_reset.rb:10:in 'ActiveSupport::TestCase#run'

bin/rails test test/controllers/help/com/edge/v1/healths_controller_test.rb:22

E

Error:
Help::Com::Edge::V1::HealthsControllerTest#test_returns_success_for_explicit_html_format:
NameError: uninitialized constant Preference::Core::CookieOptions
    app/controllers/concerns/preference/base.rb:1096:in 'Preference::Base#preference_cookie_options'
    app/controllers/concerns/preference/base.rb:971:in 'Preference::Base#preference_auth_cookie_options'
    app/controllers/concerns/preference/base.rb:940:in 'Preference::Base#set_refresh_token_cookie'
    app/controllers/concerns/preference/base.rb:762:in 'Preference::Base#create_new_preference_record!'
    app/controllers/concerns/preference/base.rb:721:in 'Preference::Base#load_preference_record_from_refresh_token!'
    app/controllers/concerns/preference/base.rb:217:in 'Preference::Base#set_preferences_cookie'
    app/middleware/core/surface_middleware.rb:12:in 'Core::SurfaceMiddleware#call'
    test/controllers/help/com/edge/v1/healths_controller_test.rb:30:in 'block in <class:HealthsControllerTest>'
    test/support/i18n_locale_reset.rb:11:in 'block in ActiveSupport::TestCase#run'
    test/support/i18n_locale_reset.rb:10:in 'ActiveSupport::TestCase#run'

bin/rails test test/controllers/help/com/edge/v1/healths_controller_test.rb:29

E

Error:
Help::Com::Edge::V1::HealthsControllerTest#test_raises_error_for_unsupported_yaml_format:
NameError: uninitialized constant Preference::Core::CookieOptions
    app/controllers/concerns/preference/base.rb:1096:in 'Preference::Base#preference_cookie_options'
    app/controllers/concerns/preference/base.rb:971:in 'Preference::Base#preference_auth_cookie_options'
    app/controllers/concerns/preference/base.rb:940:in 'Preference::Base#set_refresh_token_cookie'
    app/controllers/concerns/preference/base.rb:762:in 'Preference::Base#create_new_preference_record!'
    app/controllers/concerns/preference/base.rb:721:in 'Preference::Base#load_preference_record_from_refresh_token!'
    app/controllers/concerns/preference/base.rb:217:in 'Preference::Base#set_preferences_cookie'
    app/middleware/core/surface_middleware.rb:12:in 'Core::SurfaceMiddleware#call'
    test/controllers/help/com/edge/v1/healths_controller_test.rb:44:in 'block in <class:HealthsControllerTest>'
    test/support/i18n_locale_reset.rb:11:in 'block in ActiveSupport::TestCase#run'
    test/support/i18n_locale_reset.rb:10:in 'ActiveSupport::TestCase#run'

bin/rails test test/controllers/help/com/edge/v1/healths_controller_test.rb:43

E

Error:
Help::Com::Edge::V1::HealthsControllerTest#test_returns_OK_status_payload_for_json_format:
NameError: uninitialized constant Preference::Core::CookieOptions
    app/controllers/concerns/preference/base.rb:1096:in 'Preference::Base#preference_cookie_options'
    app/controllers/concerns/preference/base.rb:971:in 'Preference::Base#preference_auth_cookie_options'
    app/controllers/concerns/preference/base.rb:940:in 'Preference::Base#set_refresh_token_cookie'
    app/controllers/concerns/preference/base.rb:762:in 'Preference::Base#create_new_preference_record!'
    app/controllers/concerns/preference/base.rb:721:in 'Preference::Base#load_preference_record_from_refresh_token!'
    app/controllers/concerns/preference/base.rb:217:in 'Preference::Base#set_preferences_cookie'
    app/middleware/core/surface_middleware.rb:12:in 'Core::SurfaceMiddleware#call'
    test/controllers/help/com/edge/v1/healths_controller_test.rb:37:in 'block in <class:HealthsControllerTest>'
    test/support/i18n_locale_reset.rb:11:in 'block in ActiveSupport::TestCase#run'
    test/support/i18n_locale_reset.rb:10:in 'ActiveSupport::TestCase#run'

bin/rails test test/controllers/help/com/edge/v1/healths_controller_test.rb:36

...........E

Error:
Core::App::Configuration::EmailsControllerTest#test_should_get_new_when_logged_in:
NameError: uninitialized constant Preference::Core::CookieOptions
    app/controllers/concerns/preference/base.rb:1096:in 'Preference::Base#preference_cookie_options'
    app/controllers/concerns/preference/base.rb:971:in 'Preference::Base#preference_auth_cookie_options'
    app/controllers/concerns/preference/base.rb:940:in 'Preference::Base#set_refresh_token_cookie'
    app/controllers/concerns/preference/base.rb:762:in 'Preference::Base#create_new_preference_record!'
    app/controllers/concerns/preference/base.rb:721:in 'Preference::Base#load_preference_record_from_refresh_token!'
    app/controllers/concerns/preference/base.rb:217:in 'Preference::Base#set_preferences_cookie'
    app/middleware/core/surface_middleware.rb:12:in 'Core::SurfaceMiddleware#call'
    test/controllers/core/configuration_emails_controller_test.rb:16:in 'block in <class:EmailsControllerTest>'
    test/support/i18n_locale_reset.rb:11:in 'block in ActiveSupport::TestCase#run'
    test/support/i18n_locale_reset.rb:10:in 'ActiveSupport::TestCase#run'

bin/rails test test/controllers/core/configuration_emails_controller_test.rb:15

.E

Error:
Docs::Com::Edge::V1::VersionsControllerTest#test_should_get_show:
NameError: uninitialized constant Preference::Core::CookieOptions
    app/controllers/concerns/preference/base.rb:1096:in 'Preference::Base#preference_cookie_options'
    app/controllers/concerns/preference/base.rb:971:in 'Preference::Base#preference_auth_cookie_options'
    app/controllers/concerns/preference/base.rb:940:in 'Preference::Base#set_refresh_token_cookie'
    app/controllers/concerns/preference/base.rb:762:in 'Preference::Base#create_new_preference_record!'
    app/controllers/concerns/preference/base.rb:721:in 'Preference::Base#load_preference_record_from_refresh_token!'
    app/controllers/concerns/preference/base.rb:217:in 'Preference::Base#set_preferences_cookie'
    app/middleware/core/surface_middleware.rb:12:in 'Core::SurfaceMiddleware#call'
    test/controllers/docs/com/edge/v1/versions_controller_test.rb:23:in 'block in <class:VersionsControllerTest>'
    test/support/i18n_locale_reset.rb:11:in 'block in ActiveSupport::TestCase#run'
    test/support/i18n_locale_reset.rb:10:in 'ActiveSupport::TestCase#run'

bin/rails test test/controllers/docs/com/edge/v1/versions_controller_test.rb:22

E

Error:
Docs::Com::Edge::V1::VersionsControllerTest#test_should_get_show_as_json:
NameError: uninitialized constant Preference::Core::CookieOptions
    app/controllers/concerns/preference/base.rb:1096:in 'Preference::Base#preference_cookie_options'
    app/controllers/concerns/preference/base.rb:971:in 'Preference::Base#preference_auth_cookie_options'
    app/controllers/concerns/preference/base.rb:940:in 'Preference::Base#set_refresh_token_cookie'
    app/controllers/concerns/preference/base.rb:762:in 'Preference::Base#create_new_preference_record!'
    app/controllers/concerns/preference/base.rb:721:in 'Preference::Base#load_preference_record_from_refresh_token!'
    app/controllers/concerns/preference/base.rb:217:in 'Preference::Base#set_preferences_cookie'
    app/middleware/core/surface_middleware.rb:12:in 'Core::SurfaceMiddleware#call'
    test/controllers/docs/com/edge/v1/versions_controller_test.rb:28:in 'block in <class:VersionsControllerTest>'
    test/support/i18n_locale_reset.rb:11:in 'block in ActiveSupport::TestCase#run'
    test/support/i18n_locale_reset.rb:10:in 'ActiveSupport::TestCase#run'

bin/rails test test/controllers/docs/com/edge/v1/versions_controller_test.rb:27

E

Error:
Docs::Com::Edge::V1::VersionsControllerTest#test_should_get_index:
NameError: uninitialized constant Preference::Core::CookieOptions
    app/controllers/concerns/preference/base.rb:1096:in 'Preference::Base#preference_cookie_options'
    app/controllers/concerns/preference/base.rb:971:in 'Preference::Base#preference_auth_cookie_options'
    app/controllers/concerns/preference/base.rb:940:in 'Preference::Base#set_refresh_token_cookie'
    app/controllers/concerns/preference/base.rb:762:in 'Preference::Base#create_new_preference_record!'
    app/controllers/concerns/preference/base.rb:721:in 'Preference::Base#load_preference_record_from_refresh_token!'
    app/controllers/concerns/preference/base.rb:217:in 'Preference::Base#set_preferences_cookie'
    app/middleware/core/surface_middleware.rb:12:in 'Core::SurfaceMiddleware#call'
    test/controllers/docs/com/edge/v1/versions_controller_test.rb:11:in 'block in <class:VersionsControllerTest>'
    test/support/i18n_locale_reset.rb:11:in 'block in ActiveSupport::TestCase#run'
    test/support/i18n_locale_reset.rb:10:in 'ActiveSupport::TestCase#run'

bin/rails test test/controllers/docs/com/edge/v1/versions_controller_test.rb:10

E

Error:
Docs::Com::Edge::V1::VersionsControllerTest#test_should_get_index_as_json:
NameError: uninitialized constant Preference::Core::CookieOptions
    app/controllers/concerns/preference/base.rb:1096:in 'Preference::Base#preference_cookie_options'
    app/controllers/concerns/preference/base.rb:971:in 'Preference::Base#preference_auth_cookie_options'
    app/controllers/concerns/preference/base.rb:940:in 'Preference::Base#set_refresh_token_cookie'
    app/controllers/concerns/preference/base.rb:762:in 'Preference::Base#create_new_preference_record!'
    app/controllers/concerns/preference/base.rb:721:in 'Preference::Base#load_preference_record_from_refresh_token!'
    app/controllers/concerns/preference/base.rb:217:in 'Preference::Base#set_preferences_cookie'
    app/middleware/core/surface_middleware.rb:12:in 'Core::SurfaceMiddleware#call'
    test/controllers/docs/com/edge/v1/versions_controller_test.rb:16:in 'block in <class:VersionsControllerTest>'
    test/support/i18n_locale_reset.rb:11:in 'block in ActiveSupport::TestCase#run'
    test/support/i18n_locale_reset.rb:10:in 'ActiveSupport::TestCase#run'

bin/rails test test/controllers/docs/com/edge/v1/versions_controller_test.rb:15

E

Error:
Sign::App::In::MfaInterceptTest#test_secret_sign-in_with_MFA_user_sets_pending_mfa_with_correct_auth_method:
NameError: uninitialized constant Preference::Core::CookieOptions
    app/controllers/concerns/preference/base.rb:1096:in 'Preference::Base#preference_cookie_options'
    app/controllers/concerns/preference/base.rb:971:in 'Preference::Base#preference_auth_cookie_options'
    app/controllers/concerns/preference/base.rb:940:in 'Preference::Base#set_refresh_token_cookie'
    app/controllers/concerns/preference/base.rb:762:in 'Preference::Base#create_new_preference_record!'
    app/controllers/concerns/preference/base.rb:721:in 'Preference::Base#load_preference_record_from_refresh_token!'
    app/controllers/concerns/preference/base.rb:217:in 'Preference::Base#set_preferences_cookie'
    app/middleware/core/surface_middleware.rb:12:in 'Core::SurfaceMiddleware#call'
    test/controllers/sign/app/in/mfa_intercept_test.rb:212:in 'block in <class:MfaInterceptTest>'
    test/support/i18n_locale_reset.rb:11:in 'block in ActiveSupport::TestCase#run'
    test/support/i18n_locale_reset.rb:10:in 'ActiveSupport::TestCase#run'

bin/rails test test/controllers/sign/app/in/mfa_intercept_test.rb:211

E

Error:
Sign::App::In::MfaInterceptTest#test_full_flow:_secret_sign-in_→_MFA_→_TOTP_→_logged_in:
NameError: uninitialized constant Preference::Core::CookieOptions
    app/controllers/concerns/preference/base.rb:1096:in 'Preference::Base#preference_cookie_options'
    app/controllers/concerns/preference/base.rb:971:in 'Preference::Base#preference_auth_cookie_options'
    app/controllers/concerns/preference/base.rb:940:in 'Preference::Base#set_refresh_token_cookie'
    app/controllers/concerns/preference/base.rb:762:in 'Preference::Base#create_new_preference_record!'
    app/controllers/concerns/preference/base.rb:721:in 'Preference::Base#load_preference_record_from_refresh_token!'
    app/controllers/concerns/preference/base.rb:217:in 'Preference::Base#set_preferences_cookie'
    app/middleware/core/surface_middleware.rb:12:in 'Core::SurfaceMiddleware#call'
    test/controllers/sign/app/in/mfa_intercept_test.rb:233:in 'block in <class:MfaInterceptTest>'
    test/support/i18n_locale_reset.rb:11:in 'block in ActiveSupport::TestCase#run'
    test/support/i18n_locale_reset.rb:10:in 'ActiveSupport::TestCase#run'

bin/rails test test/controllers/sign/app/in/mfa_intercept_test.rb:231

E

Error:
Sign::App::In::MfaInterceptTest#test_MFA_passkey:_new_with_pending_mfa_but_no_passkeys_redirects_to_mfa_hub:
NameError: uninitialized constant Preference::Core::CookieOptions
    app/controllers/concerns/preference/base.rb:1096:in 'Preference::Base#preference_cookie_options'
    app/controllers/concerns/preference/base.rb:971:in 'Preference::Base#preference_auth_cookie_options'
    app/controllers/concerns/preference/base.rb:940:in 'Preference::Base#set_refresh_token_cookie'
    app/controllers/concerns/preference/base.rb:762:in 'Preference::Base#create_new_preference_record!'
    app/controllers/concerns/preference/base.rb:721:in 'Preference::Base#load_preference_record_from_refresh_token!'
    app/controllers/concerns/preference/base.rb:217:in 'Preference::Base#set_preferences_cookie'
    app/middleware/core/surface_middleware.rb:12:in 'Core::SurfaceMiddleware#call'
    test/controllers/sign/app/in/mfa_intercept_test.rb:265:in 'Sign::App::In::MfaInterceptTest#establish_pending_mfa_via_secret!'
    test/controllers/sign/app/in/mfa_intercept_test.rb:192:in 'block in <class:MfaInterceptTest>'
    test/support/i18n_locale_reset.rb:11:in 'block in ActiveSupport::TestCase#run'
    test/support/i18n_locale_reset.rb:10:in 'ActiveSupport::TestCase#run'

bin/rails test test/controllers/sign/app/in/mfa_intercept_test.rb:188

E

Error:
Sign::App::In::MfaInterceptTest#test_TOTP:_without_pending_mfa_redirects_to_sign-in:
NameError: uninitialized constant Preference::Core::CookieOptions
    app/controllers/concerns/preference/base.rb:1096:in 'Preference::Base#preference_cookie_options'
    app/controllers/concerns/preference/base.rb:971:in 'Preference::Base#preference_auth_cookie_options'
    app/controllers/concerns/preference/base.rb:940:in 'Preference::Base#set_refresh_token_cookie'
    app/controllers/concerns/preference/base.rb:762:in 'Preference::Base#create_new_preference_record!'
    app/controllers/concerns/preference/base.rb:721:in 'Preference::Base#load_preference_record_from_refresh_token!'
    app/controllers/concerns/preference/base.rb:217:in 'Preference::Base#set_preferences_cookie'
    app/middleware/core/surface_middleware.rb:12:in 'Core::SurfaceMiddleware#call'
    test/controllers/sign/app/in/mfa_intercept_test.rb:169:in 'block in <class:MfaInterceptTest>'
    test/support/i18n_locale_reset.rb:11:in 'block in ActiveSupport::TestCase#run'
    test/support/i18n_locale_reset.rb:10:in 'ActiveSupport::TestCase#run'

bin/rails test test/controllers/sign/app/in/mfa_intercept_test.rb:168

E

Error:
Sign::App::In::MfaInterceptTest#test_GET_/in/mfa_with_expired_pending_mfa_redirects_to_sign-in:
NameError: uninitialized constant Preference::Core::CookieOptions
    app/controllers/concerns/preference/base.rb:1096:in 'Preference::Base#preference_cookie_options'
    app/controllers/concerns/preference/base.rb:971:in 'Preference::Base#preference_auth_cookie_options'
    app/controllers/concerns/preference/base.rb:940:in 'Preference::Base#set_refresh_token_cookie'
    app/controllers/concerns/preference/base.rb:762:in 'Preference::Base#create_new_preference_record!'
    app/controllers/concerns/preference/base.rb:721:in 'Preference::Base#load_preference_record_from_refresh_token!'
    app/controllers/concerns/preference/base.rb:217:in 'Preference::Base#set_preferences_cookie'
    app/middleware/core/surface_middleware.rb:12:in 'Core::SurfaceMiddleware#call'
    test/controllers/sign/app/in/mfa_intercept_test.rb:265:in 'Sign::App::In::MfaInterceptTest#establish_pending_mfa_via_secret!'
    test/controllers/sign/app/in/mfa_intercept_test.rb:118:in 'block in <class:MfaInterceptTest>'
    test/support/i18n_locale_reset.rb:11:in 'block in ActiveSupport::TestCase#run'
    test/support/i18n_locale_reset.rb:10:in 'ActiveSupport::TestCase#run'

bin/rails test test/controllers/sign/app/in/mfa_intercept_test.rb:117

E

Error:
Sign::App::In::MfaInterceptTest#test_secret_sign-in:_non-MFA_user_logs_in_normally:
NameError: uninitialized constant Preference::Core::CookieOptions
    app/controllers/concerns/preference/base.rb:1096:in 'Preference::Base#preference_cookie_options'
    app/controllers/concerns/preference/base.rb:971:in 'Preference::Base#preference_auth_cookie_options'
    app/controllers/concerns/preference/base.rb:940:in 'Preference::Base#set_refresh_token_cookie'
    app/controllers/concerns/preference/base.rb:762:in 'Preference::Base#create_new_preference_record!'
    app/controllers/concerns/preference/base.rb:721:in 'Preference::Base#load_preference_record_from_refresh_token!'
    app/controllers/concerns/preference/base.rb:217:in 'Preference::Base#set_preferences_cookie'
    app/middleware/core/surface_middleware.rb:12:in 'Core::SurfaceMiddleware#call'
    test/controllers/sign/app/in/mfa_intercept_test.rb:82:in 'block in <class:MfaInterceptTest>'
    test/support/i18n_locale_reset.rb:11:in 'block in ActiveSupport::TestCase#run'
    test/support/i18n_locale_reset.rb:10:in 'ActiveSupport::TestCase#run'

bin/rails test test/controllers/sign/app/in/mfa_intercept_test.rb:81

E

Error:
Sign::App::In::MfaInterceptTest#test_GET_/in/mfa_without_pending_mfa_redirects_to_sign-in_with_alert:
NameError: uninitialized constant Preference::Core::CookieOptions
    app/controllers/concerns/preference/base.rb:1096:in 'Preference::Base#preference_cookie_options'
    app/controllers/concerns/preference/base.rb:971:in 'Preference::Base#preference_auth_cookie_options'
    app/controllers/concerns/preference/base.rb:940:in 'Preference::Base#set_refresh_token_cookie'
    app/controllers/concerns/preference/base.rb:762:in 'Preference::Base#create_new_preference_record!'
    app/controllers/concerns/preference/base.rb:721:in 'Preference::Base#load_preference_record_from_refresh_token!'
    app/controllers/concerns/preference/base.rb:217:in 'Preference::Base#set_preferences_cookie'
    app/middleware/core/surface_middleware.rb:12:in 'Core::SurfaceMiddleware#call'
    test/controllers/sign/app/in/mfa_intercept_test.rb:102:in 'block in <class:MfaInterceptTest>'
    test/support/i18n_locale_reset.rb:11:in 'block in ActiveSupport::TestCase#run'
    test/support/i18n_locale_reset.rb:10:in 'ActiveSupport::TestCase#run'

bin/rails test test/controllers/sign/app/in/mfa_intercept_test.rb:101

E

Error:
Sign::App::In::MfaInterceptTest#test_GET_/in/mfa_with_valid_pending_mfa_renders_method_selection:
NameError: uninitialized constant Preference::Core::CookieOptions
    app/controllers/concerns/preference/base.rb:1096:in 'Preference::Base#preference_cookie_options'
    app/controllers/concerns/preference/base.rb:971:in 'Preference::Base#preference_auth_cookie_options'
    app/controllers/concerns/preference/base.rb:940:in 'Preference::Base#set_refresh_token_cookie'
    app/controllers/concerns/preference/base.rb:762:in 'Preference::Base#create_new_preference_record!'
    app/controllers/concerns/preference/base.rb:721:in 'Preference::Base#load_preference_record_from_refresh_token!'
    app/controllers/concerns/preference/base.rb:217:in 'Preference::Base#set_preferences_cookie'
    app/middleware/core/surface_middleware.rb:12:in 'Core::SurfaceMiddleware#call'
    test/controllers/sign/app/in/mfa_intercept_test.rb:265:in 'Sign::App::In::MfaInterceptTest#establish_pending_mfa_via_secret!'
    test/controllers/sign/app/in/mfa_intercept_test.rb:110:in 'block in <class:MfaInterceptTest>'
    test/support/i18n_locale_reset.rb:11:in 'block in ActiveSupport::TestCase#run'
    test/support/i18n_locale_reset.rb:10:in 'ActiveSupport::TestCase#run'

bin/rails test test/controllers/sign/app/in/mfa_intercept_test.rb:109

E

Error:
Sign::App::In::MfaInterceptTest#test_TOTP:_invalid_code_shows_error:
NameError: uninitialized constant Preference::Core::CookieOptions
    app/controllers/concerns/preference/base.rb:1096:in 'Preference::Base#preference_cookie_options'
    app/controllers/concerns/preference/base.rb:971:in 'Preference::Base#preference_auth_cookie_options'
    app/controllers/concerns/preference/base.rb:940:in 'Preference::Base#set_refresh_token_cookie'
    app/controllers/concerns/preference/base.rb:762:in 'Preference::Base#create_new_preference_record!'
    app/controllers/concerns/preference/base.rb:721:in 'Preference::Base#load_preference_record_from_refresh_token!'
    app/controllers/concerns/preference/base.rb:217:in 'Preference::Base#set_preferences_cookie'
    app/middleware/core/surface_middleware.rb:12:in 'Core::SurfaceMiddleware#call'
    test/controllers/sign/app/in/mfa_intercept_test.rb:265:in 'Sign::App::In::MfaInterceptTest#establish_pending_mfa_via_secret!'
    test/controllers/sign/app/in/mfa_intercept_test.rb:156:in 'block in <class:MfaInterceptTest>'
    test/support/i18n_locale_reset.rb:11:in 'block in ActiveSupport::TestCase#run'
    test/support/i18n_locale_reset.rb:10:in 'ActiveSupport::TestCase#run'

bin/rails test test/controllers/sign/app/in/mfa_intercept_test.rb:155

E

Error:
Sign::App::In::MfaInterceptTest#test_MFA_passkey:_new_without_pending_mfa_redirects_to_sign-in:
NameError: uninitialized constant Preference::Core::CookieOptions
    app/controllers/concerns/preference/base.rb:1096:in 'Preference::Base#preference_cookie_options'
    app/controllers/concerns/preference/base.rb:971:in 'Preference::Base#preference_auth_cookie_options'
    app/controllers/concerns/preference/base.rb:940:in 'Preference::Base#set_refresh_token_cookie'
    app/controllers/concerns/preference/base.rb:762:in 'Preference::Base#create_new_preference_record!'
    app/controllers/concerns/preference/base.rb:721:in 'Preference::Base#load_preference_record_from_refresh_token!'
    app/controllers/concerns/preference/base.rb:217:in 'Preference::Base#set_preferences_cookie'
    app/middleware/core/surface_middleware.rb:12:in 'Core::SurfaceMiddleware#call'
    test/controllers/sign/app/in/mfa_intercept_test.rb:181:in 'block in <class:MfaInterceptTest>'
    test/support/i18n_locale_reset.rb:11:in 'block in ActiveSupport::TestCase#run'
    test/support/i18n_locale_reset.rb:10:in 'ActiveSupport::TestCase#run'

bin/rails test test/controllers/sign/app/in/mfa_intercept_test.rb:180

E

Error:
Sign::App::In::MfaInterceptTest#test_TOTP:_valid_code_completes_login_for_MFA-required_user:
NameError: uninitialized constant Preference::Core::CookieOptions
    app/controllers/concerns/preference/base.rb:1096:in 'Preference::Base#preference_cookie_options'
    app/controllers/concerns/preference/base.rb:971:in 'Preference::Base#preference_auth_cookie_options'
    app/controllers/concerns/preference/base.rb:940:in 'Preference::Base#set_refresh_token_cookie'
    app/controllers/concerns/preference/base.rb:762:in 'Preference::Base#create_new_preference_record!'
    app/controllers/concerns/preference/base.rb:721:in 'Preference::Base#load_preference_record_from_refresh_token!'
    app/controllers/concerns/preference/base.rb:217:in 'Preference::Base#set_preferences_cookie'
    app/middleware/core/surface_middleware.rb:12:in 'Core::SurfaceMiddleware#call'
    test/controllers/sign/app/in/mfa_intercept_test.rb:265:in 'Sign::App::In::MfaInterceptTest#establish_pending_mfa_via_secret!'
    test/controllers/sign/app/in/mfa_intercept_test.rb:138:in 'block in <class:MfaInterceptTest>'
    test/support/i18n_locale_reset.rb:11:in 'block in ActiveSupport::TestCase#run'
    test/support/i18n_locale_reset.rb:10:in 'ActiveSupport::TestCase#run'

bin/rails test test/controllers/sign/app/in/mfa_intercept_test.rb:137

E

Error:
Sign::App::In::MfaInterceptTest#test_secret_sign-in:_MFA-required_user_is_redirected_to_/in/mfa:
NameError: uninitialized constant Preference::Core::CookieOptions
    app/controllers/concerns/preference/base.rb:1096:in 'Preference::Base#preference_cookie_options'
    app/controllers/concerns/preference/base.rb:971:in 'Preference::Base#preference_auth_cookie_options'
    app/controllers/concerns/preference/base.rb:940:in 'Preference::Base#set_refresh_token_cookie'
    app/controllers/concerns/preference/base.rb:762:in 'Preference::Base#create_new_preference_record!'
    app/controllers/concerns/preference/base.rb:721:in 'Preference::Base#load_preference_record_from_refresh_token!'
    app/controllers/concerns/preference/base.rb:217:in 'Preference::Base#set_preferences_cookie'
    app/middleware/core/surface_middleware.rb:12:in 'Core::SurfaceMiddleware#call'
    test/controllers/sign/app/in/mfa_intercept_test.rb:65:in 'block in <class:MfaInterceptTest>'
    test/support/i18n_locale_reset.rb:11:in 'block in ActiveSupport::TestCase#run'
    test/support/i18n_locale_reset.rb:10:in 'ActiveSupport::TestCase#run'

bin/rails test test/controllers/sign/app/in/mfa_intercept_test.rb:64

E

Error:
News::Edge::V1::TaxonomiesControllerTest#test_returns_news_com_tags_taxonomy:
NameError: uninitialized constant Preference::Core::CookieOptions
    app/controllers/concerns/preference/base.rb:1096:in 'Preference::Base#preference_cookie_options'
    app/controllers/concerns/preference/base.rb:971:in 'Preference::Base#preference_auth_cookie_options'
    app/controllers/concerns/preference/base.rb:940:in 'Preference::Base#set_refresh_token_cookie'
    app/controllers/concerns/preference/base.rb:762:in 'Preference::Base#create_new_preference_record!'
    app/controllers/concerns/preference/base.rb:721:in 'Preference::Base#load_preference_record_from_refresh_token!'
    app/controllers/concerns/preference/base.rb:217:in 'Preference::Base#set_preferences_cookie'
    app/middleware/core/surface_middleware.rb:12:in 'Core::SurfaceMiddleware#call'
    test/controllers/news/edge/v1/taxonomies_controller_test.rb:62:in 'block (2 levels) in <class:TaxonomiesControllerTest>'
    test/support/i18n_locale_reset.rb:11:in 'block in ActiveSupport::TestCase#run'
    test/support/i18n_locale_reset.rb:10:in 'ActiveSupport::TestCase#run'

bin/rails test test/controllers/news/edge/v1/taxonomies_controller_test.rb:58

E

Error:
News::Edge::V1::TaxonomiesControllerTest#test_returns_news_app_categories_taxonomy:
NameError: uninitialized constant Preference::Core::CookieOptions
    app/controllers/concerns/preference/base.rb:1096:in 'Preference::Base#preference_cookie_options'
    app/controllers/concerns/preference/base.rb:971:in 'Preference::Base#preference_auth_cookie_options'
    app/controllers/concerns/preference/base.rb:940:in 'Preference::Base#set_refresh_token_cookie'
    app/controllers/concerns/preference/base.rb:762:in 'Preference::Base#create_new_preference_record!'
    app/controllers/concerns/preference/base.rb:721:in 'Preference::Base#load_preference_record_from_refresh_token!'
    app/controllers/concerns/preference/base.rb:217:in 'Preference::Base#set_preferences_cookie'
    app/middleware/core/surface_middleware.rb:12:in 'Core::SurfaceMiddleware#call'
    test/controllers/news/edge/v1/taxonomies_controller_test.rb:62:in 'block (2 levels) in <class:TaxonomiesControllerTest>'
    test/support/i18n_locale_reset.rb:11:in 'block in ActiveSupport::TestCase#run'
    test/support/i18n_locale_reset.rb:10:in 'ActiveSupport::TestCase#run'

bin/rails test test/controllers/news/edge/v1/taxonomies_controller_test.rb:58

E

Error:
News::Edge::V1::TaxonomiesControllerTest#test_returns_news_com_categories_taxonomy:
NameError: uninitialized constant Preference::Core::CookieOptions
    app/controllers/concerns/preference/base.rb:1096:in 'Preference::Base#preference_cookie_options'
    app/controllers/concerns/preference/base.rb:971:in 'Preference::Base#preference_auth_cookie_options'
    app/controllers/concerns/preference/base.rb:940:in 'Preference::Base#set_refresh_token_cookie'
    app/controllers/concerns/preference/base.rb:762:in 'Preference::Base#create_new_preference_record!'
    app/controllers/concerns/preference/base.rb:721:in 'Preference::Base#load_preference_record_from_refresh_token!'
    app/controllers/concerns/preference/base.rb:217:in 'Preference::Base#set_preferences_cookie'
    app/middleware/core/surface_middleware.rb:12:in 'Core::SurfaceMiddleware#call'
    test/controllers/news/edge/v1/taxonomies_controller_test.rb:62:in 'block (2 levels) in <class:TaxonomiesControllerTest>'
    test/support/i18n_locale_reset.rb:11:in 'block in ActiveSupport::TestCase#run'
    test/support/i18n_locale_reset.rb:10:in 'ActiveSupport::TestCase#run'

bin/rails test test/controllers/news/edge/v1/taxonomies_controller_test.rb:58

E

Error:
News::Edge::V1::TaxonomiesControllerTest#test_returns_news_app_tags_taxonomy:
NameError: uninitialized constant Preference::Core::CookieOptions
    app/controllers/concerns/preference/base.rb:1096:in 'Preference::Base#preference_cookie_options'
    app/controllers/concerns/preference/base.rb:971:in 'Preference::Base#preference_auth_cookie_options'
    app/controllers/concerns/preference/base.rb:940:in 'Preference::Base#set_refresh_token_cookie'
    app/controllers/concerns/preference/base.rb:762:in 'Preference::Base#create_new_preference_record!'
    app/controllers/concerns/preference/base.rb:721:in 'Preference::Base#load_preference_record_from_refresh_token!'
    app/controllers/concerns/preference/base.rb:217:in 'Preference::Base#set_preferences_cookie'
    app/middleware/core/surface_middleware.rb:12:in 'Core::SurfaceMiddleware#call'
    test/controllers/news/edge/v1/taxonomies_controller_test.rb:62:in 'block (2 levels) in <class:TaxonomiesControllerTest>'
    test/support/i18n_locale_reset.rb:11:in 'block in ActiveSupport::TestCase#run'
    test/support/i18n_locale_reset.rb:10:in 'ActiveSupport::TestCase#run'

bin/rails test test/controllers/news/edge/v1/taxonomies_controller_test.rb:58

E

Error:
News::Edge::V1::TaxonomiesControllerTest#test_returns_news_org_categories_taxonomy:
NameError: uninitialized constant Preference::Core::CookieOptions
    app/controllers/concerns/preference/base.rb:1096:in 'Preference::Base#preference_cookie_options'
    app/controllers/concerns/preference/base.rb:971:in 'Preference::Base#preference_auth_cookie_options'
    app/controllers/concerns/preference/base.rb:940:in 'Preference::Base#set_refresh_token_cookie'
    app/controllers/concerns/preference/base.rb:762:in 'Preference::Base#create_new_preference_record!'
    app/controllers/concerns/preference/base.rb:721:in 'Preference::Base#load_preference_record_from_refresh_token!'
    app/controllers/concerns/preference/base.rb:217:in 'Preference::Base#set_preferences_cookie'
    app/middleware/core/surface_middleware.rb:12:in 'Core::SurfaceMiddleware#call'
    test/controllers/news/edge/v1/taxonomies_controller_test.rb:62:in 'block (2 levels) in <class:TaxonomiesControllerTest>'
    test/support/i18n_locale_reset.rb:11:in 'block in ActiveSupport::TestCase#run'
    test/support/i18n_locale_reset.rb:10:in 'ActiveSupport::TestCase#run'

bin/rails test test/controllers/news/edge/v1/taxonomies_controller_test.rb:58

E

Error:
News::Edge::V1::TaxonomiesControllerTest#test_returns_news_org_tags_taxonomy:
NameError: uninitialized constant Preference::Core::CookieOptions
    app/controllers/concerns/preference/base.rb:1096:in 'Preference::Base#preference_cookie_options'
    app/controllers/concerns/preference/base.rb:971:in 'Preference::Base#preference_auth_cookie_options'
    app/controllers/concerns/preference/base.rb:940:in 'Preference::Base#set_refresh_token_cookie'
    app/controllers/concerns/preference/base.rb:762:in 'Preference::Base#create_new_preference_record!'
    app/controllers/concerns/preference/base.rb:721:in 'Preference::Base#load_preference_record_from_refresh_token!'
    app/controllers/concerns/preference/base.rb:217:in 'Preference::Base#set_preferences_cookie'
    app/middleware/core/surface_middleware.rb:12:in 'Core::SurfaceMiddleware#call'
    test/controllers/news/edge/v1/taxonomies_controller_test.rb:62:in 'block (2 levels) in <class:TaxonomiesControllerTest>'
    test/support/i18n_locale_reset.rb:11:in 'block in ActiveSupport::TestCase#run'
    test/support/i18n_locale_reset.rb:10:in 'ActiveSupport::TestCase#run'

bin/rails test test/controllers/news/edge/v1/taxonomies_controller_test.rb:58

...........E

Error:
Docs::Com::HealthsControllerTest#test_GET_/health_returns_OK_response:
NameError: uninitialized constant Preference::Core::CookieOptions
    app/controllers/concerns/preference/base.rb:1096:in 'Preference::Base#preference_cookie_options'
    app/controllers/concerns/preference/base.rb:971:in 'Preference::Base#preference_auth_cookie_options'
    app/controllers/concerns/preference/base.rb:940:in 'Preference::Base#set_refresh_token_cookie'
    app/controllers/concerns/preference/base.rb:762:in 'Preference::Base#create_new_preference_record!'
    app/controllers/concerns/preference/base.rb:721:in 'Preference::Base#load_preference_record_from_refresh_token!'
    app/controllers/concerns/preference/base.rb:217:in 'Preference::Base#set_preferences_cookie'
    app/middleware/core/surface_middleware.rb:12:in 'Core::SurfaceMiddleware#call'
    test/controllers/docs/com/healths_controller_test.rb:7:in 'block in <class:HealthsControllerTest>'
    test/support/i18n_locale_reset.rb:11:in 'block in ActiveSupport::TestCase#run'
    test/support/i18n_locale_reset.rb:10:in 'ActiveSupport::TestCase#run'

bin/rails test test/controllers/docs/com/healths_controller_test.rb:6

E

Error:
Docs::Com::HealthsControllerTest#test_GET_/health_returns_OK_html_response:
NameError: uninitialized constant Preference::Core::CookieOptions
    app/controllers/concerns/preference/base.rb:1096:in 'Preference::Base#preference_cookie_options'
    app/controllers/concerns/preference/base.rb:971:in 'Preference::Base#preference_auth_cookie_options'
    app/controllers/concerns/preference/base.rb:940:in 'Preference::Base#set_refresh_token_cookie'
    app/controllers/concerns/preference/base.rb:762:in 'Preference::Base#create_new_preference_record!'
    app/controllers/concerns/preference/base.rb:721:in 'Preference::Base#load_preference_record_from_refresh_token!'
    app/controllers/concerns/preference/base.rb:217:in 'Preference::Base#set_preferences_cookie'
    app/middleware/core/surface_middleware.rb:12:in 'Core::SurfaceMiddleware#call'
    test/controllers/docs/com/healths_controller_test.rb:14:in 'block in <class:HealthsControllerTest>'
    test/support/i18n_locale_reset.rb:11:in 'block in ActiveSupport::TestCase#run'
    test/support/i18n_locale_reset.rb:10:in 'ActiveSupport::TestCase#run'

bin/rails test test/controllers/docs/com/healths_controller_test.rb:13

E

Error:
Docs::Com::HealthsControllerTest#test_GET_/health_returns_OK_json_response:
NameError: uninitialized constant Preference::Core::CookieOptions
    app/controllers/concerns/preference/base.rb:1096:in 'Preference::Base#preference_cookie_options'
    app/controllers/concerns/preference/base.rb:971:in 'Preference::Base#preference_auth_cookie_options'
    app/controllers/concerns/preference/base.rb:940:in 'Preference::Base#set_refresh_token_cookie'
    app/controllers/concerns/preference/base.rb:762:in 'Preference::Base#create_new_preference_record!'
    app/controllers/concerns/preference/base.rb:721:in 'Preference::Base#load_preference_record_from_refresh_token!'
    app/controllers/concerns/preference/base.rb:217:in 'Preference::Base#set_preferences_cookie'
    app/middleware/core/surface_middleware.rb:12:in 'Core::SurfaceMiddleware#call'
    test/controllers/docs/com/healths_controller_test.rb:21:in 'block in <class:HealthsControllerTest>'
    test/support/i18n_locale_reset.rb:11:in 'block in ActiveSupport::TestCase#run'
    test/support/i18n_locale_reset.rb:10:in 'ActiveSupport::TestCase#run'

bin/rails test test/controllers/docs/com/healths_controller_test.rb:20

...............E

Error:
Help::Org::Edge::V1::HealthsControllerTest#test_returns_success_for_default_format:
NameError: uninitialized constant Preference::Core::CookieOptions
    app/controllers/concerns/preference/base.rb:1096:in 'Preference::Base#preference_cookie_options'
    app/controllers/concerns/preference/base.rb:971:in 'Preference::Base#preference_auth_cookie_options'
    app/controllers/concerns/preference/base.rb:940:in 'Preference::Base#set_refresh_token_cookie'
    app/controllers/concerns/preference/base.rb:762:in 'Preference::Base#create_new_preference_record!'
    app/controllers/concerns/preference/base.rb:721:in 'Preference::Base#load_preference_record_from_refresh_token!'
    app/controllers/concerns/preference/base.rb:217:in 'Preference::Base#set_preferences_cookie'
    app/middleware/core/surface_middleware.rb:12:in 'Core::SurfaceMiddleware#call'
    test/controllers/help/org/edge/v1/healths_controller_test.rb:11:in 'block in <class:HealthsControllerTest>'
    test/support/i18n_locale_reset.rb:11:in 'block in ActiveSupport::TestCase#run'
    test/support/i18n_locale_reset.rb:10:in 'ActiveSupport::TestCase#run'

bin/rails test test/controllers/help/org/edge/v1/healths_controller_test.rb:10

E

Error:
Help::Org::Edge::V1::HealthsControllerTest#test_returns_success_for_explicit_html_format:
NameError: uninitialized constant Preference::Core::CookieOptions
    app/controllers/concerns/preference/base.rb:1096:in 'Preference::Base#preference_cookie_options'
    app/controllers/concerns/preference/base.rb:971:in 'Preference::Base#preference_auth_cookie_options'
    app/controllers/concerns/preference/base.rb:940:in 'Preference::Base#set_refresh_token_cookie'
    app/controllers/concerns/preference/base.rb:762:in 'Preference::Base#create_new_preference_record!'
    app/controllers/concerns/preference/base.rb:721:in 'Preference::Base#load_preference_record_from_refresh_token!'
    app/controllers/concerns/preference/base.rb:217:in 'Preference::Base#set_preferences_cookie'
    app/middleware/core/surface_middleware.rb:12:in 'Core::SurfaceMiddleware#call'
    test/controllers/help/org/edge/v1/healths_controller_test.rb:18:in 'block in <class:HealthsControllerTest>'
    test/support/i18n_locale_reset.rb:11:in 'block in ActiveSupport::TestCase#run'
    test/support/i18n_locale_reset.rb:10:in 'ActiveSupport::TestCase#run'

bin/rails test test/controllers/help/org/edge/v1/healths_controller_test.rb:17

E

Error:
Help::Org::Edge::V1::HealthsControllerTest#test_raises_error_for_unsupported_yaml_format:
NameError: uninitialized constant Preference::Core::CookieOptions
    app/controllers/concerns/preference/base.rb:1096:in 'Preference::Base#preference_cookie_options'
    app/controllers/concerns/preference/base.rb:971:in 'Preference::Base#preference_auth_cookie_options'
    app/controllers/concerns/preference/base.rb:940:in 'Preference::Base#set_refresh_token_cookie'
    app/controllers/concerns/preference/base.rb:762:in 'Preference::Base#create_new_preference_record!'
    app/controllers/concerns/preference/base.rb:721:in 'Preference::Base#load_preference_record_from_refresh_token!'
    app/controllers/concerns/preference/base.rb:217:in 'Preference::Base#set_preferences_cookie'
    app/middleware/core/surface_middleware.rb:12:in 'Core::SurfaceMiddleware#call'
    test/controllers/help/org/edge/v1/healths_controller_test.rb:32:in 'block in <class:HealthsControllerTest>'
    test/support/i18n_locale_reset.rb:11:in 'block in ActiveSupport::TestCase#run'
    test/support/i18n_locale_reset.rb:10:in 'ActiveSupport::TestCase#run'

bin/rails test test/controllers/help/org/edge/v1/healths_controller_test.rb:31

E

Error:
Help::Org::Edge::V1::HealthsControllerTest#test_returns_OK_status_payload_for_json_format:
NameError: uninitialized constant Preference::Core::CookieOptions
    app/controllers/concerns/preference/base.rb:1096:in 'Preference::Base#preference_cookie_options'
    app/controllers/concerns/preference/base.rb:971:in 'Preference::Base#preference_auth_cookie_options'
    app/controllers/concerns/preference/base.rb:940:in 'Preference::Base#set_refresh_token_cookie'
    app/controllers/concerns/preference/base.rb:762:in 'Preference::Base#create_new_preference_record!'
    app/controllers/concerns/preference/base.rb:721:in 'Preference::Base#load_preference_record_from_refresh_token!'
    app/controllers/concerns/preference/base.rb:217:in 'Preference::Base#set_preferences_cookie'
    app/middleware/core/surface_middleware.rb:12:in 'Core::SurfaceMiddleware#call'
    test/controllers/help/org/edge/v1/healths_controller_test.rb:25:in 'block in <class:HealthsControllerTest>'
    test/support/i18n_locale_reset.rb:11:in 'block in ActiveSupport::TestCase#run'
    test/support/i18n_locale_reset.rb:10:in 'ActiveSupport::TestCase#run'

bin/rails test test/controllers/help/org/edge/v1/healths_controller_test.rb:24

..E

Error:
WithdrawalGateTest#test_deactivated_user_can_access_allowlisted_pages:
NameError: uninitialized constant Preference::Core::CookieOptions
    app/controllers/concerns/preference/base.rb:1096:in 'Preference::Base#preference_cookie_options'
    app/controllers/concerns/preference/base.rb:971:in 'Preference::Base#preference_auth_cookie_options'
    app/controllers/concerns/preference/base.rb:940:in 'Preference::Base#set_refresh_token_cookie'
    app/controllers/concerns/preference/base.rb:762:in 'Preference::Base#create_new_preference_record!'
    app/controllers/concerns/preference/base.rb:721:in 'Preference::Base#load_preference_record_from_refresh_token!'
    app/controllers/concerns/preference/base.rb:217:in 'Preference::Base#set_preferences_cookie'
    app/middleware/core/surface_middleware.rb:12:in 'Core::SurfaceMiddleware#call'
    test/integration/withdrawal_gate_test.rb:43:in 'block in <class:WithdrawalGateTest>'
    test/support/i18n_locale_reset.rb:11:in 'block in ActiveSupport::TestCase#run'
    test/support/i18n_locale_reset.rb:10:in 'ActiveSupport::TestCase#run'

bin/rails test test/integration/withdrawal_gate_test.rb:42

E

Error:
WithdrawalGateTest#test_normal_user_can_access_pages_without_withdrawal_gate:
NameError: uninitialized constant Preference::Core::CookieOptions
    app/controllers/concerns/preference/base.rb:1096:in 'Preference::Base#preference_cookie_options'
    app/controllers/concerns/preference/base.rb:971:in 'Preference::Base#preference_auth_cookie_options'
    app/controllers/concerns/preference/base.rb:940:in 'Preference::Base#set_refresh_token_cookie'
    app/controllers/concerns/preference/base.rb:762:in 'Preference::Base#create_new_preference_record!'
    app/controllers/concerns/preference/base.rb:721:in 'Preference::Base#load_preference_record_from_refresh_token!'
    app/controllers/concerns/preference/base.rb:217:in 'Preference::Base#set_preferences_cookie'
    app/middleware/core/surface_middleware.rb:12:in 'Core::SurfaceMiddleware#call'
    test/integration/withdrawal_gate_test.rb:76:in 'block in <class:WithdrawalGateTest>'
    test/support/i18n_locale_reset.rb:11:in 'block in ActiveSupport::TestCase#run'
    test/support/i18n_locale_reset.rb:10:in 'ActiveSupport::TestCase#run'

bin/rails test test/integration/withdrawal_gate_test.rb:58

E

Error:
WithdrawalGateTest#test_deactivated_user_accessing_API_returns_403:
NameError: uninitialized constant Preference::Core::CookieOptions
    app/controllers/concerns/preference/base.rb:1096:in 'Preference::Base#preference_cookie_options'
    app/controllers/concerns/preference/base.rb:971:in 'Preference::Base#preference_auth_cookie_options'
    app/controllers/concerns/preference/base.rb:940:in 'Preference::Base#set_refresh_token_cookie'
    app/controllers/concerns/preference/base.rb:762:in 'Preference::Base#create_new_preference_record!'
    app/controllers/concerns/preference/base.rb:721:in 'Preference::Base#load_preference_record_from_refresh_token!'
    app/controllers/concerns/preference/base.rb:217:in 'Preference::Base#set_preferences_cookie'
    app/middleware/core/surface_middleware.rb:12:in 'Core::SurfaceMiddleware#call'
    test/integration/withdrawal_gate_test.rb:51:in 'block in <class:WithdrawalGateTest>'
    test/support/i18n_locale_reset.rb:11:in 'block in ActiveSupport::TestCase#run'
    test/support/i18n_locale_reset.rb:10:in 'ActiveSupport::TestCase#run'

bin/rails test test/integration/withdrawal_gate_test.rb:50

E

Error:
WithdrawalGateTest#test_deactivated_user_accessing_normal_page_redirects_to_configuration_edit:
NameError: uninitialized constant Preference::Core::CookieOptions
    app/controllers/concerns/preference/base.rb:1096:in 'Preference::Base#preference_cookie_options'
    app/controllers/concerns/preference/base.rb:971:in 'Preference::Base#preference_auth_cookie_options'
    app/controllers/concerns/preference/base.rb:940:in 'Preference::Base#set_refresh_token_cookie'
    app/controllers/concerns/preference/base.rb:762:in 'Preference::Base#create_new_preference_record!'
    app/controllers/concerns/preference/base.rb:721:in 'Preference::Base#load_preference_record_from_refresh_token!'
    app/controllers/concerns/preference/base.rb:217:in 'Preference::Base#set_preferences_cookie'
    app/middleware/core/surface_middleware.rb:12:in 'Core::SurfaceMiddleware#call'
    test/integration/withdrawal_gate_test.rb:36:in 'block in <class:WithdrawalGateTest>'
    test/support/i18n_locale_reset.rb:11:in 'block in ActiveSupport::TestCase#run'
    test/support/i18n_locale_reset.rb:10:in 'ActiveSupport::TestCase#run'

bin/rails test test/integration/withdrawal_gate_test.rb:35

........................E

Error:
AppStepUpVerificationEnforcerTest#test_POST_protected_endpoint_returns_401_plain_when_step-up_is_missing_and_usable_methods_exist:
NameError: uninitialized constant Preference::Core::CookieOptions
    app/controllers/concerns/preference/base.rb:1096:in 'Preference::Base#preference_cookie_options'
    app/controllers/concerns/preference/base.rb:971:in 'Preference::Base#preference_auth_cookie_options'
    app/controllers/concerns/preference/base.rb:940:in 'Preference::Base#set_refresh_token_cookie'
    app/controllers/concerns/preference/base.rb:762:in 'Preference::Base#create_new_preference_record!'
    app/controllers/concerns/preference/base.rb:721:in 'Preference::Base#load_preference_record_from_refresh_token!'
    app/controllers/concerns/preference/base.rb:217:in 'Preference::Base#set_preferences_cookie'
    app/middleware/core/surface_middleware.rb:12:in 'Core::SurfaceMiddleware#call'
    test/integration/app_step_up_verification_enforcer_test.rb:67:in 'block in <class:AppStepUpVerificationEnforcerTest>'
    test/support/i18n_locale_reset.rb:11:in 'block in ActiveSupport::TestCase#run'
    test/support/i18n_locale_reset.rb:10:in 'ActiveSupport::TestCase#run'

bin/rails test test/integration/app_step_up_verification_enforcer_test.rb:59

E

Error:
AppStepUpVerificationEnforcerTest#test_GET_protected_endpoint_redirects_to_setup_when_configured_methods_are_zero:
NameError: uninitialized constant Preference::Core::CookieOptions
    app/controllers/concerns/preference/base.rb:1096:in 'Preference::Base#preference_cookie_options'
    app/controllers/concerns/preference/base.rb:971:in 'Preference::Base#preference_auth_cookie_options'
    app/controllers/concerns/preference/base.rb:940:in 'Preference::Base#set_refresh_token_cookie'
    app/controllers/concerns/preference/base.rb:762:in 'Preference::Base#create_new_preference_record!'
    app/controllers/concerns/preference/base.rb:721:in 'Preference::Base#load_preference_record_from_refresh_token!'
    app/controllers/concerns/preference/base.rb:217:in 'Preference::Base#set_preferences_cookie'
    app/middleware/core/surface_middleware.rb:12:in 'Core::SurfaceMiddleware#call'
    test/integration/app_step_up_verification_enforcer_test.rb:19:in 'block (3 levels) in <class:AppStepUpVerificationEnforcerTest>'
    test/integration/app_step_up_verification_enforcer_test.rb:18:in 'block (2 levels) in <class:AppStepUpVerificationEnforcerTest>'
    test/integration/app_step_up_verification_enforcer_test.rb:17:in 'block in <class:AppStepUpVerificationEnforcerTest>'
    test/support/i18n_locale_reset.rb:11:in 'block in ActiveSupport::TestCase#run'
    test/support/i18n_locale_reset.rb:10:in 'ActiveSupport::TestCase#run'

bin/rails test test/integration/app_step_up_verification_enforcer_test.rb:16

E

Error:
AppStepUpVerificationEnforcerTest#test_GET_protected_endpoint_redirects_to_verification_when_usable_methods_exist:
NameError: uninitialized constant Preference::Core::CookieOptions
    app/controllers/concerns/preference/base.rb:1096:in 'Preference::Base#preference_cookie_options'
    app/controllers/concerns/preference/base.rb:971:in 'Preference::Base#preference_auth_cookie_options'
    app/controllers/concerns/preference/base.rb:940:in 'Preference::Base#set_refresh_token_cookie'
    app/controllers/concerns/preference/base.rb:762:in 'Preference::Base#create_new_preference_record!'
    app/controllers/concerns/preference/base.rb:721:in 'Preference::Base#load_preference_record_from_refresh_token!'
    app/controllers/concerns/preference/base.rb:217:in 'Preference::Base#set_preferences_cookie'
    app/middleware/core/surface_middleware.rb:12:in 'Core::SurfaceMiddleware#call'
    test/integration/app_step_up_verification_enforcer_test.rb:52:in 'block in <class:AppStepUpVerificationEnforcerTest>'
    test/support/i18n_locale_reset.rb:11:in 'block in ActiveSupport::TestCase#run'
    test/support/i18n_locale_reset.rb:10:in 'ActiveSupport::TestCase#run'

bin/rails test test/integration/app_step_up_verification_enforcer_test.rb:44

E

Error:
AppStepUpVerificationEnforcerTest#test_GET_protected_endpoint_redirects_to_verification_when_configured_is_non-zero_but_usable_is_zero:
NameError: uninitialized constant Preference::Core::CookieOptions
    app/controllers/concerns/preference/base.rb:1096:in 'Preference::Base#preference_cookie_options'
    app/controllers/concerns/preference/base.rb:971:in 'Preference::Base#preference_auth_cookie_options'
    app/controllers/concerns/preference/base.rb:940:in 'Preference::Base#set_refresh_token_cookie'
    app/controllers/concerns/preference/base.rb:762:in 'Preference::Base#create_new_preference_record!'
    app/controllers/concerns/preference/base.rb:721:in 'Preference::Base#load_preference_record_from_refresh_token!'
    app/controllers/concerns/preference/base.rb:217:in 'Preference::Base#set_preferences_cookie'
    app/middleware/core/surface_middleware.rb:12:in 'Core::SurfaceMiddleware#call'
    test/integration/app_step_up_verification_enforcer_test.rb:33:in 'block (3 levels) in <class:AppStepUpVerificationEnforcerTest>'
    test/integration/app_step_up_verification_enforcer_test.rb:32:in 'block (2 levels) in <class:AppStepUpVerificationEnforcerTest>'
    test/integration/app_step_up_verification_enforcer_test.rb:31:in 'block in <class:AppStepUpVerificationEnforcerTest>'
    test/support/i18n_locale_reset.rb:11:in 'block in ActiveSupport::TestCase#run'
    test/support/i18n_locale_reset.rb:10:in 'ActiveSupport::TestCase#run'

bin/rails test test/integration/app_step_up_verification_enforcer_test.rb:30

E

Error:
AppStepUpVerificationEnforcerTest#test_successful_verification_enables_protected_POST_and_records_audit:
NameError: uninitialized constant Preference::Core::CookieOptions
    app/controllers/concerns/preference/base.rb:1096:in 'Preference::Base#preference_cookie_options'
    app/controllers/concerns/preference/base.rb:971:in 'Preference::Base#preference_auth_cookie_options'
    app/controllers/concerns/preference/base.rb:940:in 'Preference::Base#set_refresh_token_cookie'
    app/controllers/concerns/preference/base.rb:762:in 'Preference::Base#create_new_preference_record!'
    app/controllers/concerns/preference/base.rb:721:in 'Preference::Base#load_preference_record_from_refresh_token!'
    app/controllers/concerns/preference/base.rb:217:in 'Preference::Base#set_preferences_cookie'
    app/middleware/core/surface_middleware.rb:12:in 'Core::SurfaceMiddleware#call'
    test/integration/app_step_up_verification_enforcer_test.rb:84:in 'block in <class:AppStepUpVerificationEnforcerTest>'
    test/support/i18n_locale_reset.rb:11:in 'block in ActiveSupport::TestCase#run'
    test/support/i18n_locale_reset.rb:10:in 'ActiveSupport::TestCase#run'

bin/rails test test/integration/app_step_up_verification_enforcer_test.rb:73

..E

Error:
Core::Org::Docs::Org::VersionsControllerTest#test_should_get_new:
NameError: uninitialized constant Preference::Core::CookieOptions
    app/controllers/concerns/preference/base.rb:1096:in 'Preference::Base#preference_cookie_options'
    app/controllers/concerns/preference/base.rb:971:in 'Preference::Base#preference_auth_cookie_options'
    app/controllers/concerns/preference/base.rb:940:in 'Preference::Base#set_refresh_token_cookie'
    app/controllers/concerns/preference/base.rb:762:in 'Preference::Base#create_new_preference_record!'
    app/controllers/concerns/preference/base.rb:721:in 'Preference::Base#load_preference_record_from_refresh_token!'
    app/controllers/concerns/preference/base.rb:217:in 'Preference::Base#set_preferences_cookie'
    app/middleware/core/surface_middleware.rb:12:in 'Core::SurfaceMiddleware#call'
    test/controllers/core/org/docs/org/versions_controller_test.rb:11:in 'block in <class:VersionsControllerTest>'
    test/support/i18n_locale_reset.rb:11:in 'block in ActiveSupport::TestCase#run'
    test/support/i18n_locale_reset.rb:10:in 'ActiveSupport::TestCase#run'

bin/rails test test/controllers/core/org/docs/org/versions_controller_test.rb:10

E

Error:
Core::Org::Docs::Org::VersionsControllerTest#test_should_create_version:
NameError: uninitialized constant Preference::Core::CookieOptions
    app/controllers/concerns/preference/base.rb:1096:in 'Preference::Base#preference_cookie_options'
    app/controllers/concerns/preference/base.rb:971:in 'Preference::Base#preference_auth_cookie_options'
    app/controllers/concerns/preference/base.rb:940:in 'Preference::Base#set_refresh_token_cookie'
    app/controllers/concerns/preference/base.rb:762:in 'Preference::Base#create_new_preference_record!'
    app/controllers/concerns/preference/base.rb:721:in 'Preference::Base#load_preference_record_from_refresh_token!'
    app/controllers/concerns/preference/base.rb:217:in 'Preference::Base#set_preferences_cookie'
    app/middleware/core/surface_middleware.rb:12:in 'Core::SurfaceMiddleware#call'
    test/controllers/core/org/docs/org/versions_controller_test.rb:16:in 'block in <class:VersionsControllerTest>'
    test/support/i18n_locale_reset.rb:11:in 'block in ActiveSupport::TestCase#run'
    test/support/i18n_locale_reset.rb:10:in 'ActiveSupport::TestCase#run'

bin/rails test test/controllers/core/org/docs/org/versions_controller_test.rb:15

E

Error:
Core::Org::Docs::Org::VersionsControllerTest#test_should_get_edit:
NameError: uninitialized constant Preference::Core::CookieOptions
    app/controllers/concerns/preference/base.rb:1096:in 'Preference::Base#preference_cookie_options'
    app/controllers/concerns/preference/base.rb:971:in 'Preference::Base#preference_auth_cookie_options'
    app/controllers/concerns/preference/base.rb:940:in 'Preference::Base#set_refresh_token_cookie'
    app/controllers/concerns/preference/base.rb:762:in 'Preference::Base#create_new_preference_record!'
    app/controllers/concerns/preference/base.rb:721:in 'Preference::Base#load_preference_record_from_refresh_token!'
    app/controllers/concerns/preference/base.rb:217:in 'Preference::Base#set_preferences_cookie'
    app/middleware/core/surface_middleware.rb:12:in 'Core::SurfaceMiddleware#call'
    test/controllers/core/org/docs/org/versions_controller_test.rb:21:in 'block in <class:VersionsControllerTest>'
    test/support/i18n_locale_reset.rb:11:in 'block in ActiveSupport::TestCase#run'
    test/support/i18n_locale_reset.rb:10:in 'ActiveSupport::TestCase#run'

bin/rails test test/controllers/core/org/docs/org/versions_controller_test.rb:20

E

Error:
Core::Org::Docs::Org::VersionsControllerTest#test_should_destroy_version:
NameError: uninitialized constant Preference::Core::CookieOptions
    app/controllers/concerns/preference/base.rb:1096:in 'Preference::Base#preference_cookie_options'
    app/controllers/concerns/preference/base.rb:971:in 'Preference::Base#preference_auth_cookie_options'
    app/controllers/concerns/preference/base.rb:940:in 'Preference::Base#set_refresh_token_cookie'
    app/controllers/concerns/preference/base.rb:762:in 'Preference::Base#create_new_preference_record!'
    app/controllers/concerns/preference/base.rb:721:in 'Preference::Base#load_preference_record_from_refresh_token!'
    app/controllers/concerns/preference/base.rb:217:in 'Preference::Base#set_preferences_cookie'
    app/middleware/core/surface_middleware.rb:12:in 'Core::SurfaceMiddleware#call'
    test/controllers/core/org/docs/org/versions_controller_test.rb:31:in 'block in <class:VersionsControllerTest>'
    test/support/i18n_locale_reset.rb:11:in 'block in ActiveSupport::TestCase#run'
    test/support/i18n_locale_reset.rb:10:in 'ActiveSupport::TestCase#run'

bin/rails test test/controllers/core/org/docs/org/versions_controller_test.rb:30

E

Error:
Core::Org::Docs::Org::VersionsControllerTest#test_should_update_version:
NameError: uninitialized constant Preference::Core::CookieOptions
    app/controllers/concerns/preference/base.rb:1096:in 'Preference::Base#preference_cookie_options'
    app/controllers/concerns/preference/base.rb:971:in 'Preference::Base#preference_auth_cookie_options'
    app/controllers/concerns/preference/base.rb:940:in 'Preference::Base#set_refresh_token_cookie'
    app/controllers/concerns/preference/base.rb:762:in 'Preference::Base#create_new_preference_record!'
    app/controllers/concerns/preference/base.rb:721:in 'Preference::Base#load_preference_record_from_refresh_token!'
    app/controllers/concerns/preference/base.rb:217:in 'Preference::Base#set_preferences_cookie'
    app/middleware/core/surface_middleware.rb:12:in 'Core::SurfaceMiddleware#call'
    test/controllers/core/org/docs/org/versions_controller_test.rb:26:in 'block in <class:VersionsControllerTest>'
    test/support/i18n_locale_reset.rb:11:in 'block in ActiveSupport::TestCase#run'
    test/support/i18n_locale_reset.rb:10:in 'ActiveSupport::TestCase#run'

bin/rails test test/controllers/core/org/docs/org/versions_controller_test.rb:25

.........E

Error:
Sign::App::In::EmailsControllerTest#test_otp_resend_enforces_cooldown:
NameError: uninitialized constant Preference::Core::CookieOptions
    app/controllers/concerns/preference/base.rb:1096:in 'Preference::Base#preference_cookie_options'
    app/controllers/concerns/preference/base.rb:971:in 'Preference::Base#preference_auth_cookie_options'
    app/controllers/concerns/preference/base.rb:940:in 'Preference::Base#set_refresh_token_cookie'
    app/controllers/concerns/preference/base.rb:762:in 'Preference::Base#create_new_preference_record!'
    app/controllers/concerns/preference/base.rb:721:in 'Preference::Base#load_preference_record_from_refresh_token!'
    app/controllers/concerns/preference/base.rb:217:in 'Preference::Base#set_preferences_cookie'
    app/middleware/core/surface_middleware.rb:12:in 'Core::SurfaceMiddleware#call'
    test/controllers/sign/app/in/emails_controller_test.rb:261:in 'block (3 levels) in <class:EmailsControllerTest>'
    test/controllers/sign/app/in/emails_controller_test.rb:260:in 'block (2 levels) in <class:EmailsControllerTest>'
    test/controllers/sign/app/in/emails_controller_test.rb:259:in 'block in <class:EmailsControllerTest>'
    test/support/i18n_locale_reset.rb:11:in 'block in ActiveSupport::TestCase#run'
    test/support/i18n_locale_reset.rb:10:in 'ActiveSupport::TestCase#run'

bin/rails test test/controllers/sign/app/in/emails_controller_test.rb:253

E

Error:
Sign::App::In::EmailsControllerTest#test_timing_attack_protection_in_update_action:
NameError: uninitialized constant Preference::Core::CookieOptions
    app/controllers/concerns/preference/base.rb:1096:in 'Preference::Base#preference_cookie_options'
    app/controllers/concerns/preference/base.rb:971:in 'Preference::Base#preference_auth_cookie_options'
    app/controllers/concerns/preference/base.rb:940:in 'Preference::Base#set_refresh_token_cookie'
    app/controllers/concerns/preference/base.rb:762:in 'Preference::Base#create_new_preference_record!'
    app/controllers/concerns/preference/base.rb:721:in 'Preference::Base#load_preference_record_from_refresh_token!'
    app/controllers/concerns/preference/base.rb:217:in 'Preference::Base#set_preferences_cookie'
    app/middleware/core/surface_middleware.rb:12:in 'Core::SurfaceMiddleware#call'
    test/controllers/sign/app/in/emails_controller_test.rb:132:in 'block in <class:EmailsControllerTest>'
    test/support/i18n_locale_reset.rb:11:in 'block in ActiveSupport::TestCase#run'
    test/support/i18n_locale_reset.rb:10:in 'ActiveSupport::TestCase#run'

bin/rails test test/controllers/sign/app/in/emails_controller_test.rb:125

E

Error:
Sign::App::In::EmailsControllerTest#test_invalid_OTP_attempt_records_login_failed_audit_event:
NameError: uninitialized constant Preference::Core::CookieOptions
    app/controllers/concerns/preference/base.rb:1096:in 'Preference::Base#preference_cookie_options'
    app/controllers/concerns/preference/base.rb:971:in 'Preference::Base#preference_auth_cookie_options'
    app/controllers/concerns/preference/base.rb:940:in 'Preference::Base#set_refresh_token_cookie'
    app/controllers/concerns/preference/base.rb:762:in 'Preference::Base#create_new_preference_record!'
    app/controllers/concerns/preference/base.rb:721:in 'Preference::Base#load_preference_record_from_refresh_token!'
    app/controllers/concerns/preference/base.rb:217:in 'Preference::Base#set_preferences_cookie'
    app/middleware/core/surface_middleware.rb:12:in 'Core::SurfaceMiddleware#call'
    test/controllers/sign/app/in/emails_controller_test.rb:392:in 'block in <class:EmailsControllerTest>'
    test/support/i18n_locale_reset.rb:11:in 'block in ActiveSupport::TestCase#run'
    test/support/i18n_locale_reset.rb:10:in 'ActiveSupport::TestCase#run'

bin/rails test test/controllers/sign/app/in/emails_controller_test.rb:386

E

Error:
Sign::App::In::EmailsControllerTest#test_successful_OTP_verification_records_login_audit_event:
NameError: uninitialized constant Preference::Core::CookieOptions
    app/controllers/concerns/preference/base.rb:1096:in 'Preference::Base#preference_cookie_options'
    app/controllers/concerns/preference/base.rb:971:in 'Preference::Base#preference_auth_cookie_options'
    app/controllers/concerns/preference/base.rb:940:in 'Preference::Base#set_refresh_token_cookie'
    app/controllers/concerns/preference/base.rb:762:in 'Preference::Base#create_new_preference_record!'
    app/controllers/concerns/preference/base.rb:721:in 'Preference::Base#load_preference_record_from_refresh_token!'
    app/controllers/concerns/preference/base.rb:217:in 'Preference::Base#set_preferences_cookie'
    app/middleware/core/surface_middleware.rb:12:in 'Core::SurfaceMiddleware#call'
    test/controllers/sign/app/in/emails_controller_test.rb:326:in 'block in <class:EmailsControllerTest>'
    test/support/i18n_locale_reset.rb:11:in 'block in ActiveSupport::TestCase#run'
    test/support/i18n_locale_reset.rb:10:in 'ActiveSupport::TestCase#run'

bin/rails test test/controllers/sign/app/in/emails_controller_test.rb:322

E

Error:
Sign::App::In::EmailsControllerTest#test_should_get_new:
NameError: uninitialized constant Preference::Core::CookieOptions
    app/controllers/concerns/preference/base.rb:1096:in 'Preference::Base#preference_cookie_options'
    app/controllers/concerns/preference/base.rb:971:in 'Preference::Base#preference_auth_cookie_options'
    app/controllers/concerns/preference/base.rb:940:in 'Preference::Base#set_refresh_token_cookie'
    app/controllers/concerns/preference/base.rb:762:in 'Preference::Base#create_new_preference_record!'
    app/controllers/concerns/preference/base.rb:721:in 'Preference::Base#load_preference_record_from_refresh_token!'
    app/controllers/concerns/preference/base.rb:217:in 'Preference::Base#set_preferences_cookie'
    app/middleware/core/surface_middleware.rb:12:in 'Core::SurfaceMiddleware#call'
    test/controllers/sign/app/in/emails_controller_test.rb:12:in 'block in <class:EmailsControllerTest>'
    test/support/i18n_locale_reset.rb:11:in 'block in ActiveSupport::TestCase#run'
    test/support/i18n_locale_reset.rb:10:in 'ActiveSupport::TestCase#run'

bin/rails test test/controllers/sign/app/in/emails_controller_test.rb:11

E

Error:
Sign::App::In::EmailsControllerTest#test_POST_create_with_unknown_email_does_not_issue_otp:
NameError: uninitialized constant Preference::Core::CookieOptions
    app/controllers/concerns/preference/base.rb:1096:in 'Preference::Base#preference_cookie_options'
    app/controllers/concerns/preference/base.rb:971:in 'Preference::Base#preference_auth_cookie_options'
    app/controllers/concerns/preference/base.rb:940:in 'Preference::Base#set_refresh_token_cookie'
    app/controllers/concerns/preference/base.rb:762:in 'Preference::Base#create_new_preference_record!'
    app/controllers/concerns/preference/base.rb:721:in 'Preference::Base#load_preference_record_from_refresh_token!'
    app/controllers/concerns/preference/base.rb:217:in 'Preference::Base#set_preferences_cookie'
    app/middleware/core/surface_middleware.rb:12:in 'Core::SurfaceMiddleware#call'
    test/controllers/sign/app/in/emails_controller_test.rb:75:in 'block (2 levels) in <class:EmailsControllerTest>'
    test/controllers/sign/app/in/emails_controller_test.rb:74:in 'block in <class:EmailsControllerTest>'
    test/support/i18n_locale_reset.rb:11:in 'block in ActiveSupport::TestCase#run'
    test/support/i18n_locale_reset.rb:10:in 'ActiveSupport::TestCase#run'

bin/rails test test/controllers/sign/app/in/emails_controller_test.rb:73

E

Error:
Sign::App::In::EmailsControllerTest#test_GET_new_displays_email_form:
NameError: uninitialized constant Preference::Core::CookieOptions
    app/controllers/concerns/preference/base.rb:1096:in 'Preference::Base#preference_cookie_options'
    app/controllers/concerns/preference/base.rb:971:in 'Preference::Base#preference_auth_cookie_options'
    app/controllers/concerns/preference/base.rb:940:in 'Preference::Base#set_refresh_token_cookie'
    app/controllers/concerns/preference/base.rb:762:in 'Preference::Base#create_new_preference_record!'
    app/controllers/concerns/preference/base.rb:721:in 'Preference::Base#load_preference_record_from_refresh_token!'
    app/controllers/concerns/preference/base.rb:217:in 'Preference::Base#set_preferences_cookie'
    app/middleware/core/surface_middleware.rb:12:in 'Core::SurfaceMiddleware#call'
    test/controllers/sign/app/in/emails_controller_test.rb:56:in 'block in <class:EmailsControllerTest>'
    test/support/i18n_locale_reset.rb:11:in 'block in ActiveSupport::TestCase#run'
    test/support/i18n_locale_reset.rb:10:in 'ActiveSupport::TestCase#run'

bin/rails test test/controllers/sign/app/in/emails_controller_test.rb:55

E

Error:
Sign::App::In::EmailsControllerTest#test_email_sign-in_redirects_to_MFA_challenge_when_MFA_is_enabled:
NameError: uninitialized constant Preference::Core::CookieOptions
    app/controllers/concerns/preference/base.rb:1096:in 'Preference::Base#preference_cookie_options'
    app/controllers/concerns/preference/base.rb:971:in 'Preference::Base#preference_auth_cookie_options'
    app/controllers/concerns/preference/base.rb:940:in 'Preference::Base#set_refresh_token_cookie'
    app/controllers/concerns/preference/base.rb:762:in 'Preference::Base#create_new_preference_record!'
    app/controllers/concerns/preference/base.rb:721:in 'Preference::Base#load_preference_record_from_refresh_token!'
    app/controllers/concerns/preference/base.rb:217:in 'Preference::Base#set_preferences_cookie'
    app/middleware/core/surface_middleware.rb:12:in 'Core::SurfaceMiddleware#call'
    test/controllers/sign/app/in/emails_controller_test.rb:232:in 'block in <class:EmailsControllerTest>'
    test/support/i18n_locale_reset.rb:11:in 'block in ActiveSupport::TestCase#run'
    test/support/i18n_locale_reset.rb:10:in 'ActiveSupport::TestCase#run'

bin/rails test test/controllers/sign/app/in/emails_controller_test.rb:225

E

Error:
Sign::App::In::EmailsControllerTest#test_new_authentication_email_page_renders_Turnstile_widget:
NameError: uninitialized constant Preference::Core::CookieOptions
    app/controllers/concerns/preference/base.rb:1096:in 'Preference::Base#preference_cookie_options'
    app/controllers/concerns/preference/base.rb:971:in 'Preference::Base#preference_auth_cookie_options'
    app/controllers/concerns/preference/base.rb:940:in 'Preference::Base#set_refresh_token_cookie'
    app/controllers/concerns/preference/base.rb:762:in 'Preference::Base#create_new_preference_record!'
    app/controllers/concerns/preference/base.rb:721:in 'Preference::Base#load_preference_record_from_refresh_token!'
    app/controllers/concerns/preference/base.rb:217:in 'Preference::Base#set_preferences_cookie'
    app/middleware/core/surface_middleware.rb:12:in 'Core::SurfaceMiddleware#call'
    test/controllers/sign/app/in/emails_controller_test.rb:180:in 'block in <class:EmailsControllerTest>'
    test/support/i18n_locale_reset.rb:11:in 'block in ActiveSupport::TestCase#run'
    test/support/i18n_locale_reset.rb:10:in 'ActiveSupport::TestCase#run'

bin/rails test test/controllers/sign/app/in/emails_controller_test.rb:179

.E

Error:
Sign::App::In::EmailsControllerTest#test_cooldown_does_not_block_different_email_addresses:
NameError: uninitialized constant Preference::Core::CookieOptions
    app/controllers/concerns/preference/base.rb:1096:in 'Preference::Base#preference_cookie_options'
    app/controllers/concerns/preference/base.rb:971:in 'Preference::Base#preference_auth_cookie_options'
    app/controllers/concerns/preference/base.rb:940:in 'Preference::Base#set_refresh_token_cookie'
    app/controllers/concerns/preference/base.rb:762:in 'Preference::Base#create_new_preference_record!'
    app/controllers/concerns/preference/base.rb:721:in 'Preference::Base#load_preference_record_from_refresh_token!'
    app/controllers/concerns/preference/base.rb:217:in 'Preference::Base#set_preferences_cookie'
    app/middleware/core/surface_middleware.rb:12:in 'Core::SurfaceMiddleware#call'
    test/controllers/sign/app/in/emails_controller_test.rb:679:in 'block in <class:EmailsControllerTest>'
    test/support/i18n_locale_reset.rb:11:in 'block in ActiveSupport::TestCase#run'
    test/support/i18n_locale_reset.rb:10:in 'ActiveSupport::TestCase#run'

bin/rails test test/controllers/sign/app/in/emails_controller_test.rb:675

E

Error:
Sign::App::In::EmailsControllerTest#test_POST_create_with_existing_email_generates_OTP_and_redirects_to_edit:
NameError: uninitialized constant Preference::Core::CookieOptions
    app/controllers/concerns/preference/base.rb:1096:in 'Preference::Base#preference_cookie_options'
    app/controllers/concerns/preference/base.rb:971:in 'Preference::Base#preference_auth_cookie_options'
    app/controllers/concerns/preference/base.rb:940:in 'Preference::Base#set_refresh_token_cookie'
    app/controllers/concerns/preference/base.rb:762:in 'Preference::Base#create_new_preference_record!'
    app/controllers/concerns/preference/base.rb:721:in 'Preference::Base#load_preference_record_from_refresh_token!'
    app/controllers/concerns/preference/base.rb:217:in 'Preference::Base#set_preferences_cookie'
    app/middleware/core/surface_middleware.rb:12:in 'Core::SurfaceMiddleware#call'
    test/controllers/sign/app/in/emails_controller_test.rb:114:in 'block in <class:EmailsControllerTest>'
    test/support/i18n_locale_reset.rb:11:in 'block in ActiveSupport::TestCase#run'
    test/support/i18n_locale_reset.rb:10:in 'ActiveSupport::TestCase#run'

bin/rails test test/controllers/sign/app/in/emails_controller_test.rb:106

E

Error:
Sign::App::In::EmailsControllerTest#test_reject_already_logged_in_staff:
NameError: uninitialized constant Preference::Core::CookieOptions
    app/controllers/concerns/preference/base.rb:1096:in 'Preference::Base#preference_cookie_options'
    app/controllers/concerns/preference/base.rb:971:in 'Preference::Base#preference_auth_cookie_options'
    app/controllers/concerns/preference/base.rb:940:in 'Preference::Base#set_refresh_token_cookie'
    app/controllers/concerns/preference/base.rb:762:in 'Preference::Base#create_new_preference_record!'
    app/controllers/concerns/preference/base.rb:721:in 'Preference::Base#load_preference_record_from_refresh_token!'
    app/controllers/concerns/preference/base.rb:217:in 'Preference::Base#set_preferences_cookie'
    app/middleware/core/surface_middleware.rb:12:in 'Core::SurfaceMiddleware#call'
    test/controllers/sign/app/in/emails_controller_test.rb:37:in 'block in <class:EmailsControllerTest>'
    test/support/i18n_locale_reset.rb:11:in 'block in ActiveSupport::TestCase#run'
    test/support/i18n_locale_reset.rb:10:in 'ActiveSupport::TestCase#run'

bin/rails test test/controllers/sign/app/in/emails_controller_test.rb:35

E

Error:
Sign::App::In::EmailsControllerTest#test_resets_session_ID_after_successful_email_login:
NameError: uninitialized constant Preference::Core::CookieOptions
    app/controllers/concerns/preference/base.rb:1096:in 'Preference::Base#preference_cookie_options'
    app/controllers/concerns/preference/base.rb:971:in 'Preference::Base#preference_auth_cookie_options'
    app/controllers/concerns/preference/base.rb:940:in 'Preference::Base#set_refresh_token_cookie'
    app/controllers/concerns/preference/base.rb:762:in 'Preference::Base#create_new_preference_record!'
    app/controllers/concerns/preference/base.rb:721:in 'Preference::Base#load_preference_record_from_refresh_token!'
    app/controllers/concerns/preference/base.rb:217:in 'Preference::Base#set_preferences_cookie'
    app/middleware/core/surface_middleware.rb:12:in 'Core::SurfaceMiddleware#call'
    test/controllers/sign/app/in/emails_controller_test.rb:522:in 'block in <class:EmailsControllerTest>'
    test/support/i18n_locale_reset.rb:11:in 'block in ActiveSupport::TestCase#run'
    test/support/i18n_locale_reset.rb:10:in 'ActiveSupport::TestCase#run'

bin/rails test test/controllers/sign/app/in/emails_controller_test.rb:514

E

Error:
Sign::App::In::EmailsControllerTest#test_successful_OTP_verification_redirects_to_configuration:
NameError: uninitialized constant Preference::Core::CookieOptions
    app/controllers/concerns/preference/base.rb:1096:in 'Preference::Base#preference_cookie_options'
    app/controllers/concerns/preference/base.rb:971:in 'Preference::Base#preference_auth_cookie_options'
    app/controllers/concerns/preference/base.rb:940:in 'Preference::Base#set_refresh_token_cookie'
    app/controllers/concerns/preference/base.rb:762:in 'Preference::Base#create_new_preference_record!'
    app/controllers/concerns/preference/base.rb:721:in 'Preference::Base#load_preference_record_from_refresh_token!'
    app/controllers/concerns/preference/base.rb:217:in 'Preference::Base#set_preferences_cookie'
    app/middleware/core/surface_middleware.rb:12:in 'Core::SurfaceMiddleware#call'
    test/controllers/sign/app/in/emails_controller_test.rb:196:in 'block in <class:EmailsControllerTest>'
    test/support/i18n_locale_reset.rb:11:in 'block in ActiveSupport::TestCase#run'
    test/support/i18n_locale_reset.rb:10:in 'ActiveSupport::TestCase#run'

bin/rails test test/controllers/sign/app/in/emails_controller_test.rb:188

.E

Error:
Sign::App::In::EmailsControllerTest#test_email_login_(JSON)_with_session_limit_exceeded_returns_session_restricted:
NameError: uninitialized constant Preference::Core::CookieOptions
    app/controllers/concerns/preference/base.rb:1096:in 'Preference::Base#preference_cookie_options'
    app/controllers/concerns/preference/base.rb:971:in 'Preference::Base#preference_auth_cookie_options'
    app/controllers/concerns/preference/base.rb:940:in 'Preference::Base#set_refresh_token_cookie'
    app/controllers/concerns/preference/base.rb:762:in 'Preference::Base#create_new_preference_record!'
    app/controllers/concerns/preference/base.rb:721:in 'Preference::Base#load_preference_record_from_refresh_token!'
    app/controllers/concerns/preference/base.rb:217:in 'Preference::Base#set_preferences_cookie'
    app/middleware/core/surface_middleware.rb:12:in 'Core::SurfaceMiddleware#call'
    test/controllers/sign/app/in/emails_controller_test.rb:611:in 'block in <class:EmailsControllerTest>'
    test/support/i18n_locale_reset.rb:11:in 'block in ActiveSupport::TestCase#run'
    test/support/i18n_locale_reset.rb:10:in 'ActiveSupport::TestCase#run'

bin/rails test test/controllers/sign/app/in/emails_controller_test.rb:598

.E

Error:
Sign::App::In::EmailsControllerTest#test_rejects_external_rd_parameter_after_successful_login:
NameError: uninitialized constant Preference::Core::CookieOptions
    app/controllers/concerns/preference/base.rb:1096:in 'Preference::Base#preference_cookie_options'
    app/controllers/concerns/preference/base.rb:971:in 'Preference::Base#preference_auth_cookie_options'
    app/controllers/concerns/preference/base.rb:940:in 'Preference::Base#set_refresh_token_cookie'
    app/controllers/concerns/preference/base.rb:762:in 'Preference::Base#create_new_preference_record!'
    app/controllers/concerns/preference/base.rb:721:in 'Preference::Base#load_preference_record_from_refresh_token!'
    app/controllers/concerns/preference/base.rb:217:in 'Preference::Base#set_preferences_cookie'
    app/middleware/core/surface_middleware.rb:12:in 'Core::SurfaceMiddleware#call'
    test/controllers/sign/app/in/emails_controller_test.rb:485:in 'block in <class:EmailsControllerTest>'
    test/support/i18n_locale_reset.rb:11:in 'block in ActiveSupport::TestCase#run'
    test/support/i18n_locale_reset.rb:10:in 'ActiveSupport::TestCase#run'

bin/rails test test/controllers/sign/app/in/emails_controller_test.rb:477

E

Error:
Sign::App::In::EmailsControllerTest#test_POST_create_responds_the_same_for_existing_and_missing_emails:
NameError: uninitialized constant Preference::Core::CookieOptions
    app/controllers/concerns/preference/base.rb:1096:in 'Preference::Base#preference_cookie_options'
    app/controllers/concerns/preference/base.rb:971:in 'Preference::Base#preference_auth_cookie_options'
    app/controllers/concerns/preference/base.rb:940:in 'Preference::Base#set_refresh_token_cookie'
    app/controllers/concerns/preference/base.rb:762:in 'Preference::Base#create_new_preference_record!'
    app/controllers/concerns/preference/base.rb:721:in 'Preference::Base#load_preference_record_from_refresh_token!'
    app/controllers/concerns/preference/base.rb:217:in 'Preference::Base#set_preferences_cookie'
    app/middleware/core/surface_middleware.rb:12:in 'Core::SurfaceMiddleware#call'
    test/controllers/sign/app/in/emails_controller_test.rb:92:in 'block in <class:EmailsControllerTest>'
    test/support/i18n_locale_reset.rb:11:in 'block in ActiveSupport::TestCase#run'
    test/support/i18n_locale_reset.rb:10:in 'ActiveSupport::TestCase#run'

bin/rails test test/controllers/sign/app/in/emails_controller_test.rb:87

E

Error:
Sign::App::In::EmailsControllerTest#test_POST_create_without_valid_email_redirects_(enumeration_protection):
NameError: uninitialized constant Preference::Core::CookieOptions
    app/controllers/concerns/preference/base.rb:1096:in 'Preference::Base#preference_cookie_options'
    app/controllers/concerns/preference/base.rb:971:in 'Preference::Base#preference_auth_cookie_options'
    app/controllers/concerns/preference/base.rb:940:in 'Preference::Base#set_refresh_token_cookie'
    app/controllers/concerns/preference/base.rb:762:in 'Preference::Base#create_new_preference_record!'
    app/controllers/concerns/preference/base.rb:721:in 'Preference::Base#load_preference_record_from_refresh_token!'
    app/controllers/concerns/preference/base.rb:217:in 'Preference::Base#set_preferences_cookie'
    app/middleware/core/surface_middleware.rb:12:in 'Core::SurfaceMiddleware#call'
    test/controllers/sign/app/in/emails_controller_test.rb:63:in 'block in <class:EmailsControllerTest>'
    test/support/i18n_locale_reset.rb:11:in 'block in ActiveSupport::TestCase#run'
    test/support/i18n_locale_reset.rb:10:in 'ActiveSupport::TestCase#run'

bin/rails test test/controllers/sign/app/in/emails_controller_test.rb:62

E

Error:
Sign::App::In::EmailsControllerTest#test_redirects_to_encoded_URL_after_successful_login_when_rd_parameter_is_provided:
NameError: uninitialized constant Preference::Core::CookieOptions
    app/controllers/concerns/preference/base.rb:1096:in 'Preference::Base#preference_cookie_options'
    app/controllers/concerns/preference/base.rb:971:in 'Preference::Base#preference_auth_cookie_options'
    app/controllers/concerns/preference/base.rb:940:in 'Preference::Base#set_refresh_token_cookie'
    app/controllers/concerns/preference/base.rb:762:in 'Preference::Base#create_new_preference_record!'
    app/controllers/concerns/preference/base.rb:721:in 'Preference::Base#load_preference_record_from_refresh_token!'
    app/controllers/concerns/preference/base.rb:217:in 'Preference::Base#set_preferences_cookie'
    app/middleware/core/surface_middleware.rb:12:in 'Core::SurfaceMiddleware#call'
    test/controllers/sign/app/in/emails_controller_test.rb:439:in 'block in <class:EmailsControllerTest>'
    test/support/i18n_locale_reset.rb:11:in 'block in ActiveSupport::TestCase#run'
    test/support/i18n_locale_reset.rb:10:in 'ActiveSupport::TestCase#run'

bin/rails test test/controllers/sign/app/in/emails_controller_test.rb:428

E

Error:
Sign::App::In::EmailsControllerTest#test_cooldown_applies_identically_for_non-existing_emails_(anti-enumeration):
NameError: uninitialized constant Preference::Core::CookieOptions
    app/controllers/concerns/preference/base.rb:1096:in 'Preference::Base#preference_cookie_options'
    app/controllers/concerns/preference/base.rb:971:in 'Preference::Base#preference_auth_cookie_options'
    app/controllers/concerns/preference/base.rb:940:in 'Preference::Base#set_refresh_token_cookie'
    app/controllers/concerns/preference/base.rb:762:in 'Preference::Base#create_new_preference_record!'
    app/controllers/concerns/preference/base.rb:721:in 'Preference::Base#load_preference_record_from_refresh_token!'
    app/controllers/concerns/preference/base.rb:217:in 'Preference::Base#set_preferences_cookie'
    app/middleware/core/surface_middleware.rb:12:in 'Core::SurfaceMiddleware#call'
    test/controllers/sign/app/in/emails_controller_test.rb:641:in 'block in <class:EmailsControllerTest>'
    test/support/i18n_locale_reset.rb:11:in 'block in ActiveSupport::TestCase#run'
    test/support/i18n_locale_reset.rb:10:in 'ActiveSupport::TestCase#run'

bin/rails test test/controllers/sign/app/in/emails_controller_test.rb:637

E

Error:
Sign::App::In::EmailsControllerTest#test_email_login_with_session_limit_exceeded_redirects_to_session_management:
NameError: uninitialized constant Preference::Core::CookieOptions
    app/controllers/concerns/preference/base.rb:1096:in 'Preference::Base#preference_cookie_options'
    app/controllers/concerns/preference/base.rb:971:in 'Preference::Base#preference_auth_cookie_options'
    app/controllers/concerns/preference/base.rb:940:in 'Preference::Base#set_refresh_token_cookie'
    app/controllers/concerns/preference/base.rb:762:in 'Preference::Base#create_new_preference_record!'
    app/controllers/concerns/preference/base.rb:721:in 'Preference::Base#load_preference_record_from_refresh_token!'
    app/controllers/concerns/preference/base.rb:217:in 'Preference::Base#set_preferences_cookie'
    app/middleware/core/surface_middleware.rb:12:in 'Core::SurfaceMiddleware#call'
    test/controllers/sign/app/in/emails_controller_test.rb:567:in 'block in <class:EmailsControllerTest>'
    test/support/i18n_locale_reset.rb:11:in 'block in ActiveSupport::TestCase#run'
    test/support/i18n_locale_reset.rb:10:in 'ActiveSupport::TestCase#run'

bin/rails test test/controllers/sign/app/in/emails_controller_test.rb:552

E

Error:
Sign::App::In::EmailsControllerTest#test_invalid_OTP_code_returns_error_message:
NameError: uninitialized constant Preference::Core::CookieOptions
    app/controllers/concerns/preference/base.rb:1096:in 'Preference::Base#preference_cookie_options'
    app/controllers/concerns/preference/base.rb:971:in 'Preference::Base#preference_auth_cookie_options'
    app/controllers/concerns/preference/base.rb:940:in 'Preference::Base#set_refresh_token_cookie'
    app/controllers/concerns/preference/base.rb:762:in 'Preference::Base#create_new_preference_record!'
    app/controllers/concerns/preference/base.rb:721:in 'Preference::Base#load_preference_record_from_refresh_token!'
    app/controllers/concerns/preference/base.rb:217:in 'Preference::Base#set_preferences_cookie'
    app/middleware/core/surface_middleware.rb:12:in 'Core::SurfaceMiddleware#call'
    test/controllers/sign/app/in/emails_controller_test.rb:361:in 'block in <class:EmailsControllerTest>'
    test/support/i18n_locale_reset.rb:11:in 'block in ActiveSupport::TestCase#run'
    test/support/i18n_locale_reset.rb:10:in 'ActiveSupport::TestCase#run'

bin/rails test test/controllers/sign/app/in/emails_controller_test.rb:354

E

Error:
Docs::Com::Edge::V1::PostsControllerTest#test_should_show_404_for_non-existent_permalink:
NameError: uninitialized constant Preference::Core::CookieOptions
    app/controllers/concerns/preference/base.rb:1096:in 'Preference::Base#preference_cookie_options'
    app/controllers/concerns/preference/base.rb:971:in 'Preference::Base#preference_auth_cookie_options'
    app/controllers/concerns/preference/base.rb:940:in 'Preference::Base#set_refresh_token_cookie'
    app/controllers/concerns/preference/base.rb:762:in 'Preference::Base#create_new_preference_record!'
    app/controllers/concerns/preference/base.rb:721:in 'Preference::Base#load_preference_record_from_refresh_token!'
    app/controllers/concerns/preference/base.rb:217:in 'Preference::Base#set_preferences_cookie'
    app/middleware/core/surface_middleware.rb:12:in 'Core::SurfaceMiddleware#call'
    test/controllers/docs/com/edge/v1/posts_controller_test.rb:18:in 'block in <class:PostsControllerTest>'
    test/support/i18n_locale_reset.rb:11:in 'block in ActiveSupport::TestCase#run'
    test/support/i18n_locale_reset.rb:10:in 'ActiveSupport::TestCase#run'

bin/rails test test/controllers/docs/com/edge/v1/posts_controller_test.rb:17

E

Error:
Docs::Com::Edge::V1::PostsControllerTest#test_should_not_show_expired_documents:
NameError: uninitialized constant Preference::Core::CookieOptions
    app/controllers/concerns/preference/base.rb:1096:in 'Preference::Base#preference_cookie_options'
    app/controllers/concerns/preference/base.rb:971:in 'Preference::Base#preference_auth_cookie_options'
    app/controllers/concerns/preference/base.rb:940:in 'Preference::Base#set_refresh_token_cookie'
    app/controllers/concerns/preference/base.rb:762:in 'Preference::Base#create_new_preference_record!'
    app/controllers/concerns/preference/base.rb:721:in 'Preference::Base#load_preference_record_from_refresh_token!'
    app/controllers/concerns/preference/base.rb:217:in 'Preference::Base#set_preferences_cookie'
    app/middleware/core/surface_middleware.rb:12:in 'Core::SurfaceMiddleware#call'
    test/controllers/docs/com/edge/v1/posts_controller_test.rb:32:in 'block in <class:PostsControllerTest>'
    test/support/i18n_locale_reset.rb:11:in 'block in ActiveSupport::TestCase#run'
    test/support/i18n_locale_reset.rb:10:in 'ActiveSupport::TestCase#run'

bin/rails test test/controllers/docs/com/edge/v1/posts_controller_test.rb:22

E

Error:
Docs::Com::Edge::V1::PostsControllerTest#test_should_search_documents_by_query:
NameError: uninitialized constant Preference::Core::CookieOptions
    app/controllers/concerns/preference/base.rb:1096:in 'Preference::Base#preference_cookie_options'
    app/controllers/concerns/preference/base.rb:971:in 'Preference::Base#preference_auth_cookie_options'
    app/controllers/concerns/preference/base.rb:940:in 'Preference::Base#set_refresh_token_cookie'
    app/controllers/concerns/preference/base.rb:762:in 'Preference::Base#create_new_preference_record!'
    app/controllers/concerns/preference/base.rb:721:in 'Preference::Base#load_preference_record_from_refresh_token!'
    app/controllers/concerns/preference/base.rb:217:in 'Preference::Base#set_preferences_cookie'
    app/middleware/core/surface_middleware.rb:12:in 'Core::SurfaceMiddleware#call'
    test/controllers/docs/com/edge/v1/posts_controller_test.rb:57:in 'block in <class:PostsControllerTest>'
    test/support/i18n_locale_reset.rb:11:in 'block in ActiveSupport::TestCase#run'
    test/support/i18n_locale_reset.rb:10:in 'ActiveSupport::TestCase#run'

bin/rails test test/controllers/docs/com/edge/v1/posts_controller_test.rb:56

E

Error:
Docs::Com::Edge::V1::PostsControllerTest#test_should_not_show_unpublished_documents:
NameError: uninitialized constant Preference::Core::CookieOptions
    app/controllers/concerns/preference/base.rb:1096:in 'Preference::Base#preference_cookie_options'
    app/controllers/concerns/preference/base.rb:971:in 'Preference::Base#preference_auth_cookie_options'
    app/controllers/concerns/preference/base.rb:940:in 'Preference::Base#set_refresh_token_cookie'
    app/controllers/concerns/preference/base.rb:762:in 'Preference::Base#create_new_preference_record!'
    app/controllers/concerns/preference/base.rb:721:in 'Preference::Base#load_preference_record_from_refresh_token!'
    app/controllers/concerns/preference/base.rb:217:in 'Preference::Base#set_preferences_cookie'
    app/middleware/core/surface_middleware.rb:12:in 'Core::SurfaceMiddleware#call'
    test/controllers/docs/com/edge/v1/posts_controller_test.rb:46:in 'block in <class:PostsControllerTest>'
    test/support/i18n_locale_reset.rb:11:in 'block in ActiveSupport::TestCase#run'
    test/support/i18n_locale_reset.rb:10:in 'ActiveSupport::TestCase#run'

bin/rails test test/controllers/docs/com/edge/v1/posts_controller_test.rb:36

E

Error:
Docs::Com::Edge::V1::PostsControllerTest#test_should_show_all_documents_list:
NameError: uninitialized constant Preference::Core::CookieOptions
    app/controllers/concerns/preference/base.rb:1096:in 'Preference::Base#preference_cookie_options'
    app/controllers/concerns/preference/base.rb:971:in 'Preference::Base#preference_auth_cookie_options'
    app/controllers/concerns/preference/base.rb:940:in 'Preference::Base#set_refresh_token_cookie'
    app/controllers/concerns/preference/base.rb:762:in 'Preference::Base#create_new_preference_record!'
    app/controllers/concerns/preference/base.rb:721:in 'Preference::Base#load_preference_record_from_refresh_token!'
    app/controllers/concerns/preference/base.rb:217:in 'Preference::Base#set_preferences_cookie'
    app/middleware/core/surface_middleware.rb:12:in 'Core::SurfaceMiddleware#call'
    test/controllers/docs/com/edge/v1/posts_controller_test.rb:52:in 'block in <class:PostsControllerTest>'
    test/support/i18n_locale_reset.rb:11:in 'block in ActiveSupport::TestCase#run'
    test/support/i18n_locale_reset.rb:10:in 'ActiveSupport::TestCase#run'

bin/rails test test/controllers/docs/com/edge/v1/posts_controller_test.rb:51

E

Error:
Sign::App::Configuration::TotpsControllerTest#test_should_update_title_with_public_id:
NameError: uninitialized constant Preference::Core::CookieOptions
    app/controllers/concerns/preference/base.rb:1096:in 'Preference::Base#preference_cookie_options'
    app/controllers/concerns/preference/base.rb:971:in 'Preference::Base#preference_auth_cookie_options'
    app/controllers/concerns/preference/base.rb:940:in 'Preference::Base#set_refresh_token_cookie'
    app/controllers/concerns/preference/base.rb:762:in 'Preference::Base#create_new_preference_record!'
    app/controllers/concerns/preference/base.rb:721:in 'Preference::Base#load_preference_record_from_refresh_token!'
    app/controllers/concerns/preference/base.rb:217:in 'Preference::Base#set_preferences_cookie'
    app/middleware/core/surface_middleware.rb:12:in 'Core::SurfaceMiddleware#call'
    test/controllers/sign/app/configuration/totps_controller_test.rb:58:in 'block in <class:TotpsControllerTest>'
    test/support/i18n_locale_reset.rb:11:in 'block in ActiveSupport::TestCase#run'
    test/support/i18n_locale_reset.rb:10:in 'ActiveSupport::TestCase#run'

bin/rails test test/controllers/sign/app/configuration/totps_controller_test.rb:57

E

Error:
Sign::App::Configuration::TotpsControllerTest#test_should_not_create_totp_with_invalid_token:
NameError: uninitialized constant Preference::Core::CookieOptions
    app/controllers/concerns/preference/base.rb:1096:in 'Preference::Base#preference_cookie_options'
    app/controllers/concerns/preference/base.rb:971:in 'Preference::Base#preference_auth_cookie_options'
    app/controllers/concerns/preference/base.rb:940:in 'Preference::Base#set_refresh_token_cookie'
    app/controllers/concerns/preference/base.rb:762:in 'Preference::Base#create_new_preference_record!'
    app/controllers/concerns/preference/base.rb:721:in 'Preference::Base#load_preference_record_from_refresh_token!'
    app/controllers/concerns/preference/base.rb:217:in 'Preference::Base#set_preferences_cookie'
    app/middleware/core/surface_middleware.rb:12:in 'Core::SurfaceMiddleware#call'
    test/controllers/sign/app/configuration/totps_controller_test.rb:121:in 'block in <class:TotpsControllerTest>'
    test/support/i18n_locale_reset.rb:11:in 'block in ActiveSupport::TestCase#run'
    test/support/i18n_locale_reset.rb:10:in 'ActiveSupport::TestCase#run'

bin/rails test test/controllers/sign/app/configuration/totps_controller_test.rb:120

E

Error:
Sign::App::Configuration::TotpsControllerTest#test_should_create_totp_with_valid_token:
NameError: uninitialized constant Preference::Core::CookieOptions
    app/controllers/concerns/preference/base.rb:1096:in 'Preference::Base#preference_cookie_options'
    app/controllers/concerns/preference/base.rb:971:in 'Preference::Base#preference_auth_cookie_options'
    app/controllers/concerns/preference/base.rb:940:in 'Preference::Base#set_refresh_token_cookie'
    app/controllers/concerns/preference/base.rb:762:in 'Preference::Base#create_new_preference_record!'
    app/controllers/concerns/preference/base.rb:721:in 'Preference::Base#load_preference_record_from_refresh_token!'
    app/controllers/concerns/preference/base.rb:217:in 'Preference::Base#set_preferences_cookie'
    app/middleware/core/surface_middleware.rb:12:in 'Core::SurfaceMiddleware#call'
    test/controllers/sign/app/configuration/totps_controller_test.rb:91:in 'block (2 levels) in <class:TotpsControllerTest>'
    test/controllers/sign/app/configuration/totps_controller_test.rb:176:in 'block in Sign::App::Configuration::TotpsControllerTest#with_mocked_totp'
    test/controllers/sign/app/configuration/totps_controller_test.rb:175:in 'Sign::App::Configuration::TotpsControllerTest#with_mocked_totp'
    test/controllers/sign/app/configuration/totps_controller_test.rb:90:in 'block in <class:TotpsControllerTest>'
    test/support/i18n_locale_reset.rb:11:in 'block in ActiveSupport::TestCase#run'
    test/support/i18n_locale_reset.rb:10:in 'ActiveSupport::TestCase#run'

bin/rails test test/controllers/sign/app/configuration/totps_controller_test.rb:89

E

Error:
Sign::App::Configuration::TotpsControllerTest#test_should_get_new:
NameError: uninitialized constant Preference::Core::CookieOptions
    app/controllers/concerns/preference/base.rb:1096:in 'Preference::Base#preference_cookie_options'
    app/controllers/concerns/preference/base.rb:971:in 'Preference::Base#preference_auth_cookie_options'
    app/controllers/concerns/preference/base.rb:940:in 'Preference::Base#set_refresh_token_cookie'
    app/controllers/concerns/preference/base.rb:762:in 'Preference::Base#create_new_preference_record!'
    app/controllers/concerns/preference/base.rb:721:in 'Preference::Base#load_preference_record_from_refresh_token!'
    app/controllers/concerns/preference/base.rb:217:in 'Preference::Base#set_preferences_cookie'
    app/middleware/core/surface_middleware.rb:12:in 'Core::SurfaceMiddleware#call'
    test/controllers/sign/app/configuration/totps_controller_test.rb:46:in 'block in <class:TotpsControllerTest>'
    test/support/i18n_locale_reset.rb:11:in 'block in ActiveSupport::TestCase#run'
    test/support/i18n_locale_reset.rb:10:in 'ActiveSupport::TestCase#run'

bin/rails test test/controllers/sign/app/configuration/totps_controller_test.rb:45

E

Error:
Sign::App::Configuration::TotpsControllerTest#test_initial_setup_user_can_access_totp_pages_without_step-up:
NameError: uninitialized constant Preference::Core::CookieOptions
    app/controllers/concerns/preference/base.rb:1096:in 'Preference::Base#preference_cookie_options'
    app/controllers/concerns/preference/base.rb:971:in 'Preference::Base#preference_auth_cookie_options'
    app/controllers/concerns/preference/base.rb:940:in 'Preference::Base#set_refresh_token_cookie'
    app/controllers/concerns/preference/base.rb:762:in 'Preference::Base#create_new_preference_record!'
    app/controllers/concerns/preference/base.rb:721:in 'Preference::Base#load_preference_record_from_refresh_token!'
    app/controllers/concerns/preference/base.rb:217:in 'Preference::Base#set_preferences_cookie'
    app/middleware/core/surface_middleware.rb:12:in 'Core::SurfaceMiddleware#call'
    test/controllers/sign/app/configuration/totps_controller_test.rb:142:in 'block in <class:TotpsControllerTest>'
    test/support/i18n_locale_reset.rb:11:in 'block in ActiveSupport::TestCase#run'
    test/support/i18n_locale_reset.rb:10:in 'ActiveSupport::TestCase#run'

bin/rails test test/controllers/sign/app/configuration/totps_controller_test.rb:132

E

Error:
Sign::App::Configuration::TotpsControllerTest#test_should_show_up_link_on_index_page:
NameError: uninitialized constant Preference::Core::CookieOptions
    app/controllers/concerns/preference/base.rb:1096:in 'Preference::Base#preference_cookie_options'
    app/controllers/concerns/preference/base.rb:971:in 'Preference::Base#preference_auth_cookie_options'
    app/controllers/concerns/preference/base.rb:940:in 'Preference::Base#set_refresh_token_cookie'
    app/controllers/concerns/preference/base.rb:762:in 'Preference::Base#create_new_preference_record!'
    app/controllers/concerns/preference/base.rb:721:in 'Preference::Base#load_preference_record_from_refresh_token!'
    app/controllers/concerns/preference/base.rb:217:in 'Preference::Base#set_preferences_cookie'
    app/middleware/core/surface_middleware.rb:12:in 'Core::SurfaceMiddleware#call'
    test/controllers/sign/app/configuration/totps_controller_test.rb:39:in 'block in <class:TotpsControllerTest>'
    test/support/i18n_locale_reset.rb:11:in 'block in ActiveSupport::TestCase#run'
    test/support/i18n_locale_reset.rb:10:in 'ActiveSupport::TestCase#run'

bin/rails test test/controllers/sign/app/configuration/totps_controller_test.rb:38

E

Error:
Sign::App::Configuration::TotpsControllerTest#test_should_assign_attributes_to_created_totp:
NameError: uninitialized constant Preference::Core::CookieOptions
    app/controllers/concerns/preference/base.rb:1096:in 'Preference::Base#preference_cookie_options'
    app/controllers/concerns/preference/base.rb:971:in 'Preference::Base#preference_auth_cookie_options'
    app/controllers/concerns/preference/base.rb:940:in 'Preference::Base#set_refresh_token_cookie'
    app/controllers/concerns/preference/base.rb:762:in 'Preference::Base#create_new_preference_record!'
    app/controllers/concerns/preference/base.rb:721:in 'Preference::Base#load_preference_record_from_refresh_token!'
    app/controllers/concerns/preference/base.rb:217:in 'Preference::Base#set_preferences_cookie'
    app/middleware/core/surface_middleware.rb:12:in 'Core::SurfaceMiddleware#call'
    test/controllers/sign/app/configuration/totps_controller_test.rb:106:in 'block (2 levels) in <class:TotpsControllerTest>'
    test/controllers/sign/app/configuration/totps_controller_test.rb:176:in 'block in Sign::App::Configuration::TotpsControllerTest#with_mocked_totp'
    test/controllers/sign/app/configuration/totps_controller_test.rb:175:in 'Sign::App::Configuration::TotpsControllerTest#with_mocked_totp'
    test/controllers/sign/app/configuration/totps_controller_test.rb:105:in 'block in <class:TotpsControllerTest>'
    test/support/i18n_locale_reset.rb:11:in 'block in ActiveSupport::TestCase#run'
    test/support/i18n_locale_reset.rb:10:in 'ActiveSupport::TestCase#run'

bin/rails test test/controllers/sign/app/configuration/totps_controller_test.rb:104

E

Error:
Sign::App::Configuration::TotpsControllerTest#test_initial_setup_user_can_create_first_totp_without_step-up:
NameError: uninitialized constant Preference::Core::CookieOptions
    app/controllers/concerns/preference/base.rb:1096:in 'Preference::Base#preference_cookie_options'
    app/controllers/concerns/preference/base.rb:971:in 'Preference::Base#preference_auth_cookie_options'
    app/controllers/concerns/preference/base.rb:940:in 'Preference::Base#set_refresh_token_cookie'
    app/controllers/concerns/preference/base.rb:762:in 'Preference::Base#create_new_preference_record!'
    app/controllers/concerns/preference/base.rb:721:in 'Preference::Base#load_preference_record_from_refresh_token!'
    app/controllers/concerns/preference/base.rb:217:in 'Preference::Base#set_preferences_cookie'
    app/middleware/core/surface_middleware.rb:12:in 'Core::SurfaceMiddleware#call'
    test/controllers/sign/app/configuration/totps_controller_test.rb:158:in 'block (2 levels) in <class:TotpsControllerTest>'
    test/controllers/sign/app/configuration/totps_controller_test.rb:176:in 'block in Sign::App::Configuration::TotpsControllerTest#with_mocked_totp'
    test/controllers/sign/app/configuration/totps_controller_test.rb:175:in 'Sign::App::Configuration::TotpsControllerTest#with_mocked_totp'
    test/controllers/sign/app/configuration/totps_controller_test.rb:157:in 'block in <class:TotpsControllerTest>'
    test/support/i18n_locale_reset.rb:11:in 'block in ActiveSupport::TestCase#run'
    test/support/i18n_locale_reset.rb:10:in 'ActiveSupport::TestCase#run'

bin/rails test test/controllers/sign/app/configuration/totps_controller_test.rb:147

E

Error:
Sign::App::Configuration::TotpsControllerTest#test_should_get_edit_with_public_id:
NameError: uninitialized constant Preference::Core::CookieOptions
    app/controllers/concerns/preference/base.rb:1096:in 'Preference::Base#preference_cookie_options'
    app/controllers/concerns/preference/base.rb:971:in 'Preference::Base#preference_auth_cookie_options'
    app/controllers/concerns/preference/base.rb:940:in 'Preference::Base#set_refresh_token_cookie'
    app/controllers/concerns/preference/base.rb:762:in 'Preference::Base#create_new_preference_record!'
    app/controllers/concerns/preference/base.rb:721:in 'Preference::Base#load_preference_record_from_refresh_token!'
    app/controllers/concerns/preference/base.rb:217:in 'Preference::Base#set_preferences_cookie'
    app/middleware/core/surface_middleware.rb:12:in 'Core::SurfaceMiddleware#call'
    test/controllers/sign/app/configuration/totps_controller_test.rb:52:in 'block in <class:TotpsControllerTest>'
    test/support/i18n_locale_reset.rb:11:in 'block in ActiveSupport::TestCase#run'
    test/support/i18n_locale_reset.rb:10:in 'ActiveSupport::TestCase#run'

bin/rails test test/controllers/sign/app/configuration/totps_controller_test.rb:51

E

Error:
Sign::App::Configuration::TotpsControllerTest#test_should_destroy_with_public_id:
NameError: uninitialized constant Preference::Core::CookieOptions
    app/controllers/concerns/preference/base.rb:1096:in 'Preference::Base#preference_cookie_options'
    app/controllers/concerns/preference/base.rb:971:in 'Preference::Base#preference_auth_cookie_options'
    app/controllers/concerns/preference/base.rb:940:in 'Preference::Base#set_refresh_token_cookie'
    app/controllers/concerns/preference/base.rb:762:in 'Preference::Base#create_new_preference_record!'
    app/controllers/concerns/preference/base.rb:721:in 'Preference::Base#load_preference_record_from_refresh_token!'
    app/controllers/concerns/preference/base.rb:217:in 'Preference::Base#set_preferences_cookie'
    app/middleware/core/surface_middleware.rb:12:in 'Core::SurfaceMiddleware#call'
    test/controllers/sign/app/configuration/totps_controller_test.rb:68:in 'block (2 levels) in <class:TotpsControllerTest>'
    test/controllers/sign/app/configuration/totps_controller_test.rb:67:in 'block in <class:TotpsControllerTest>'
    test/support/i18n_locale_reset.rb:11:in 'block in ActiveSupport::TestCase#run'
    test/support/i18n_locale_reset.rb:10:in 'ActiveSupport::TestCase#run'

bin/rails test test/controllers/sign/app/configuration/totps_controller_test.rb:66

E

Error:
Sign::App::Configuration::TotpsControllerTest#test_should_get_index:
NameError: uninitialized constant Preference::Core::CookieOptions
    app/controllers/concerns/preference/base.rb:1096:in 'Preference::Base#preference_cookie_options'
    app/controllers/concerns/preference/base.rb:971:in 'Preference::Base#preference_auth_cookie_options'
    app/controllers/concerns/preference/base.rb:940:in 'Preference::Base#set_refresh_token_cookie'
    app/controllers/concerns/preference/base.rb:762:in 'Preference::Base#create_new_preference_record!'
    app/controllers/concerns/preference/base.rb:721:in 'Preference::Base#load_preference_record_from_refresh_token!'
    app/controllers/concerns/preference/base.rb:217:in 'Preference::Base#set_preferences_cookie'
    app/middleware/core/surface_middleware.rb:12:in 'Core::SurfaceMiddleware#call'
    test/controllers/sign/app/configuration/totps_controller_test.rb:33:in 'block in <class:TotpsControllerTest>'
    test/support/i18n_locale_reset.rb:11:in 'block in ActiveSupport::TestCase#run'
    test/support/i18n_locale_reset.rb:10:in 'ActiveSupport::TestCase#run'

bin/rails test test/controllers/sign/app/configuration/totps_controller_test.rb:32

E

Error:
Sign::App::Configuration::TotpsControllerTest#test_should_return_404_for_other_user's_totp:
NameError: uninitialized constant Preference::Core::CookieOptions
    app/controllers/concerns/preference/base.rb:1096:in 'Preference::Base#preference_cookie_options'
    app/controllers/concerns/preference/base.rb:971:in 'Preference::Base#preference_auth_cookie_options'
    app/controllers/concerns/preference/base.rb:940:in 'Preference::Base#set_refresh_token_cookie'
    app/controllers/concerns/preference/base.rb:762:in 'Preference::Base#create_new_preference_record!'
    app/controllers/concerns/preference/base.rb:721:in 'Preference::Base#load_preference_record_from_refresh_token!'
    app/controllers/concerns/preference/base.rb:217:in 'Preference::Base#set_preferences_cookie'
    app/middleware/core/surface_middleware.rb:12:in 'Core::SurfaceMiddleware#call'
    test/controllers/sign/app/configuration/totps_controller_test.rb:84:in 'block in <class:TotpsControllerTest>'
    test/support/i18n_locale_reset.rb:11:in 'block in ActiveSupport::TestCase#run'
    test/support/i18n_locale_reset.rb:10:in 'ActiveSupport::TestCase#run'

bin/rails test test/controllers/sign/app/configuration/totps_controller_test.rb:74

..........E

Error:
Docs::App::RootsControllerTest#test_sets_theme_cookie:
NameError: uninitialized constant Preference::Core::CookieOptions
    app/controllers/concerns/preference/base.rb:1096:in 'Preference::Base#preference_cookie_options'
    app/controllers/concerns/preference/base.rb:971:in 'Preference::Base#preference_auth_cookie_options'
    app/controllers/concerns/preference/base.rb:940:in 'Preference::Base#set_refresh_token_cookie'
    app/controllers/concerns/preference/base.rb:762:in 'Preference::Base#create_new_preference_record!'
    app/controllers/concerns/preference/base.rb:721:in 'Preference::Base#load_preference_record_from_refresh_token!'
    app/controllers/concerns/preference/base.rb:217:in 'Preference::Base#set_preferences_cookie'
    app/middleware/core/surface_middleware.rb:12:in 'Core::SurfaceMiddleware#call'
    test/support/root_theme_cookie_helper.rb:6:in 'RootThemeCookieHelper#assert_theme_cookie_for'
    test/controllers/docs/app/roots_controller_test.rb:50:in 'block in <class:RootsControllerTest>'
    test/support/i18n_locale_reset.rb:11:in 'block in ActiveSupport::TestCase#run'
    test/support/i18n_locale_reset.rb:10:in 'ActiveSupport::TestCase#run'

bin/rails test test/controllers/docs/app/roots_controller_test.rb:49

E

Error:
Docs::App::RootsControllerTest#test_generates_sha3-384_token_digest_on_root:
NameError: uninitialized constant Preference::Core::CookieOptions
    app/controllers/concerns/preference/base.rb:1096:in 'Preference::Base#preference_cookie_options'
    app/controllers/concerns/preference/base.rb:971:in 'Preference::Base#preference_auth_cookie_options'
    app/controllers/concerns/preference/base.rb:940:in 'Preference::Base#set_refresh_token_cookie'
    app/controllers/concerns/preference/base.rb:762:in 'Preference::Base#create_new_preference_record!'
    app/controllers/concerns/preference/base.rb:721:in 'Preference::Base#load_preference_record_from_refresh_token!'
    app/controllers/concerns/preference/base.rb:217:in 'Preference::Base#set_preferences_cookie'
    app/middleware/core/surface_middleware.rb:12:in 'Core::SurfaceMiddleware#call'
    test/controllers/docs/app/roots_controller_test.rb:44:in 'block in <class:RootsControllerTest>'
    test/support/i18n_locale_reset.rb:11:in 'block in ActiveSupport::TestCase#run'
    test/support/i18n_locale_reset.rb:10:in 'ActiveSupport::TestCase#run'

bin/rails test test/controllers/docs/app/roots_controller_test.rb:43

E

Error:
Docs::App::RootsControllerTest#test_sets_lang_attribute_on_html_element:
NameError: uninitialized constant Preference::Core::CookieOptions
    app/controllers/concerns/preference/base.rb:1096:in 'Preference::Base#preference_cookie_options'
    app/controllers/concerns/preference/base.rb:971:in 'Preference::Base#preference_auth_cookie_options'
    app/controllers/concerns/preference/base.rb:940:in 'Preference::Base#set_refresh_token_cookie'
    app/controllers/concerns/preference/base.rb:762:in 'Preference::Base#create_new_preference_record!'
    app/controllers/concerns/preference/base.rb:721:in 'Preference::Base#load_preference_record_from_refresh_token!'
    app/controllers/concerns/preference/base.rb:217:in 'Preference::Base#set_preferences_cookie'
    app/middleware/core/surface_middleware.rb:12:in 'Core::SurfaceMiddleware#call'
    test/controllers/docs/app/roots_controller_test.rb:15:in 'block in <class:RootsControllerTest>'
    test/support/i18n_locale_reset.rb:11:in 'block in ActiveSupport::TestCase#run'
    test/support/i18n_locale_reset.rb:10:in 'ActiveSupport::TestCase#run'

bin/rails test test/controllers/docs/app/roots_controller_test.rb:14

E

Error:
Docs::App::RootsControllerTest#test_renders_expected_layout_structure:
NameError: uninitialized constant Preference::Core::CookieOptions
    app/controllers/concerns/preference/base.rb:1096:in 'Preference::Base#preference_cookie_options'
    app/controllers/concerns/preference/base.rb:971:in 'Preference::Base#preference_auth_cookie_options'
    app/controllers/concerns/preference/base.rb:940:in 'Preference::Base#set_refresh_token_cookie'
    app/controllers/concerns/preference/base.rb:762:in 'Preference::Base#create_new_preference_record!'
    app/controllers/concerns/preference/base.rb:721:in 'Preference::Base#load_preference_record_from_refresh_token!'
    app/controllers/concerns/preference/base.rb:217:in 'Preference::Base#set_preferences_cookie'
    app/middleware/core/surface_middleware.rb:12:in 'Core::SurfaceMiddleware#call'
    test/controllers/docs/app/roots_controller_test.rb:24:in 'block in <class:RootsControllerTest>'
    test/support/i18n_locale_reset.rb:11:in 'block in ActiveSupport::TestCase#run'
    test/support/i18n_locale_reset.rb:10:in 'ActiveSupport::TestCase#run'

bin/rails test test/controllers/docs/app/roots_controller_test.rb:23

E

Error:
Docs::App::RootsControllerTest#test_should_get_show:
NameError: uninitialized constant Preference::Core::CookieOptions
    app/controllers/concerns/preference/base.rb:1096:in 'Preference::Base#preference_cookie_options'
    app/controllers/concerns/preference/base.rb:971:in 'Preference::Base#preference_auth_cookie_options'
    app/controllers/concerns/preference/base.rb:940:in 'Preference::Base#set_refresh_token_cookie'
    app/controllers/concerns/preference/base.rb:762:in 'Preference::Base#create_new_preference_record!'
    app/controllers/concerns/preference/base.rb:721:in 'Preference::Base#load_preference_record_from_refresh_token!'
    app/controllers/concerns/preference/base.rb:217:in 'Preference::Base#set_preferences_cookie'
    app/middleware/core/surface_middleware.rb:12:in 'Core::SurfaceMiddleware#call'
    test/controllers/docs/app/roots_controller_test.rb:9:in 'block in <class:RootsControllerTest>'
    test/support/i18n_locale_reset.rb:11:in 'block in ActiveSupport::TestCase#run'
    test/support/i18n_locale_reset.rb:10:in 'ActiveSupport::TestCase#run'

bin/rails test test/controllers/docs/app/roots_controller_test.rb:8

E

Error:
Sign::App::Configuration::WithdrawalsControllerTest#test_new_requires_schedule_confirmation_to_proceed:
NameError: uninitialized constant Preference::Core::CookieOptions
    app/controllers/concerns/preference/base.rb:1096:in 'Preference::Base#preference_cookie_options'
    app/controllers/concerns/preference/base.rb:971:in 'Preference::Base#preference_auth_cookie_options'
    app/controllers/concerns/preference/base.rb:940:in 'Preference::Base#set_refresh_token_cookie'
    app/controllers/concerns/preference/base.rb:762:in 'Preference::Base#create_new_preference_record!'
    app/controllers/concerns/preference/base.rb:721:in 'Preference::Base#load_preference_record_from_refresh_token!'
    app/controllers/concerns/preference/base.rb:217:in 'Preference::Base#set_preferences_cookie'
    app/middleware/core/surface_middleware.rb:12:in 'Core::SurfaceMiddleware#call'
    test/controllers/sign/app/configuration/withdrawals_controller_test.rb:20:in 'block in <class:WithdrawalsControllerTest>'
    test/support/i18n_locale_reset.rb:11:in 'block in ActiveSupport::TestCase#run'
    test/support/i18n_locale_reset.rb:10:in 'ActiveSupport::TestCase#run'

bin/rails test test/controllers/sign/app/configuration/withdrawals_controller_test.rb:19

E

Error:
Sign::App::Configuration::WithdrawalsControllerTest#test_create_does_not_recover_account_after_31_days:
NameError: uninitialized constant Preference::Core::CookieOptions
    app/controllers/concerns/preference/base.rb:1096:in 'Preference::Base#preference_cookie_options'
    app/controllers/concerns/preference/base.rb:971:in 'Preference::Base#preference_auth_cookie_options'
    app/controllers/concerns/preference/base.rb:940:in 'Preference::Base#set_refresh_token_cookie'
    app/controllers/concerns/preference/base.rb:762:in 'Preference::Base#create_new_preference_record!'
    app/controllers/concerns/preference/base.rb:721:in 'Preference::Base#load_preference_record_from_refresh_token!'
    app/controllers/concerns/preference/base.rb:217:in 'Preference::Base#set_preferences_cookie'
    app/middleware/core/surface_middleware.rb:12:in 'Core::SurfaceMiddleware#call'
    test/controllers/sign/app/configuration/withdrawals_controller_test.rb:83:in 'block in <class:WithdrawalsControllerTest>'
    test/support/i18n_locale_reset.rb:11:in 'block in ActiveSupport::TestCase#run'
    test/support/i18n_locale_reset.rb:10:in 'ActiveSupport::TestCase#run'

bin/rails test test/controllers/sign/app/configuration/withdrawals_controller_test.rb:80

E

Error:
Sign::App::Configuration::WithdrawalsControllerTest#test_edit_shows_recoverable_state_within_31_days:
NameError: uninitialized constant Preference::Core::CookieOptions
    app/controllers/concerns/preference/base.rb:1096:in 'Preference::Base#preference_cookie_options'
    app/controllers/concerns/preference/base.rb:971:in 'Preference::Base#preference_auth_cookie_options'
    app/controllers/concerns/preference/base.rb:940:in 'Preference::Base#set_refresh_token_cookie'
    app/controllers/concerns/preference/base.rb:762:in 'Preference::Base#create_new_preference_record!'
    app/controllers/concerns/preference/base.rb:721:in 'Preference::Base#load_preference_record_from_refresh_token!'
    app/controllers/concerns/preference/base.rb:217:in 'Preference::Base#set_preferences_cookie'
    app/middleware/core/surface_middleware.rb:12:in 'Core::SurfaceMiddleware#call'
    test/controllers/sign/app/configuration/withdrawals_controller_test.rb:61:in 'block in <class:WithdrawalsControllerTest>'
    test/support/i18n_locale_reset.rb:11:in 'block in ActiveSupport::TestCase#run'
    test/support/i18n_locale_reset.rb:10:in 'ActiveSupport::TestCase#run'

bin/rails test test/controllers/sign/app/configuration/withdrawals_controller_test.rb:58

E

Error:
Sign::App::Configuration::WithdrawalsControllerTest#test_create_recovers_account_within_31_days:
NameError: uninitialized constant Preference::Core::CookieOptions
    app/controllers/concerns/preference/base.rb:1096:in 'Preference::Base#preference_cookie_options'
    app/controllers/concerns/preference/base.rb:971:in 'Preference::Base#preference_auth_cookie_options'
    app/controllers/concerns/preference/base.rb:940:in 'Preference::Base#set_refresh_token_cookie'
    app/controllers/concerns/preference/base.rb:762:in 'Preference::Base#create_new_preference_record!'
    app/controllers/concerns/preference/base.rb:721:in 'Preference::Base#load_preference_record_from_refresh_token!'
    app/controllers/concerns/preference/base.rb:217:in 'Preference::Base#set_preferences_cookie'
    app/middleware/core/surface_middleware.rb:12:in 'Core::SurfaceMiddleware#call'
    test/controllers/sign/app/configuration/withdrawals_controller_test.rb:70:in 'block in <class:WithdrawalsControllerTest>'
    test/support/i18n_locale_reset.rb:11:in 'block in ActiveSupport::TestCase#run'
    test/support/i18n_locale_reset.rb:10:in 'ActiveSupport::TestCase#run'

bin/rails test test/controllers/sign/app/configuration/withdrawals_controller_test.rb:67

E

Error:
Sign::App::Configuration::WithdrawalsControllerTest#test_update_requires_deactivate_confirmation:
NameError: uninitialized constant Preference::Core::CookieOptions
    app/controllers/concerns/preference/base.rb:1096:in 'Preference::Base#preference_cookie_options'
    app/controllers/concerns/preference/base.rb:971:in 'Preference::Base#preference_auth_cookie_options'
    app/controllers/concerns/preference/base.rb:940:in 'Preference::Base#set_refresh_token_cookie'
    app/controllers/concerns/preference/base.rb:762:in 'Preference::Base#create_new_preference_record!'
    app/controllers/concerns/preference/base.rb:721:in 'Preference::Base#load_preference_record_from_refresh_token!'
    app/controllers/concerns/preference/base.rb:217:in 'Preference::Base#set_preferences_cookie'
    app/middleware/core/surface_middleware.rb:12:in 'Core::SurfaceMiddleware#call'
    test/controllers/sign/app/configuration/withdrawals_controller_test.rb:33:in 'block in <class:WithdrawalsControllerTest>'
    test/support/i18n_locale_reset.rb:11:in 'block in ActiveSupport::TestCase#run'
    test/support/i18n_locale_reset.rb:10:in 'ActiveSupport::TestCase#run'

bin/rails test test/controllers/sign/app/configuration/withdrawals_controller_test.rb:32

E

Error:
Sign::App::Configuration::WithdrawalsControllerTest#test_update_sets_deactivation_timestamps:
NameError: uninitialized constant Preference::Core::CookieOptions
    app/controllers/concerns/preference/base.rb:1096:in 'Preference::Base#preference_cookie_options'
    app/controllers/concerns/preference/base.rb:971:in 'Preference::Base#preference_auth_cookie_options'
    app/controllers/concerns/preference/base.rb:940:in 'Preference::Base#set_refresh_token_cookie'
    app/controllers/concerns/preference/base.rb:762:in 'Preference::Base#create_new_preference_record!'
    app/controllers/concerns/preference/base.rb:721:in 'Preference::Base#load_preference_record_from_refresh_token!'
    app/controllers/concerns/preference/base.rb:217:in 'Preference::Base#set_preferences_cookie'
    app/middleware/core/surface_middleware.rb:12:in 'Core::SurfaceMiddleware#call'
    test/controllers/sign/app/configuration/withdrawals_controller_test.rb:43:in 'block (2 levels) in <class:WithdrawalsControllerTest>'
    test/controllers/sign/app/configuration/withdrawals_controller_test.rb:42:in 'block in <class:WithdrawalsControllerTest>'
    test/support/i18n_locale_reset.rb:11:in 'block in ActiveSupport::TestCase#run'
    test/support/i18n_locale_reset.rb:10:in 'ActiveSupport::TestCase#run'

bin/rails test test/controllers/sign/app/configuration/withdrawals_controller_test.rb:41

E

Error:
Sign::App::In::SessionsControllerTest#test_update_without_authentication_redirects_to_login:
NameError: uninitialized constant Preference::Core::CookieOptions
    app/controllers/concerns/preference/base.rb:1096:in 'Preference::Base#preference_cookie_options'
    app/controllers/concerns/preference/base.rb:971:in 'Preference::Base#preference_auth_cookie_options'
    app/controllers/concerns/preference/base.rb:940:in 'Preference::Base#set_refresh_token_cookie'
    app/controllers/concerns/preference/base.rb:762:in 'Preference::Base#create_new_preference_record!'
    app/controllers/concerns/preference/base.rb:721:in 'Preference::Base#load_preference_record_from_refresh_token!'
    app/controllers/concerns/preference/base.rb:217:in 'Preference::Base#set_preferences_cookie'
    app/middleware/core/surface_middleware.rb:12:in 'Core::SurfaceMiddleware#call'
    test/controllers/sign/app/in/sessions_controller_test.rb:37:in 'block in <class:SessionsControllerTest>'
    test/support/i18n_locale_reset.rb:11:in 'block in ActiveSupport::TestCase#run'
    test/support/i18n_locale_reset.rb:10:in 'ActiveSupport::TestCase#run'

bin/rails test test/controllers/sign/app/in/sessions_controller_test.rb:36

E

Error:
Sign::App::In::SessionsControllerTest#test_update_with_active_session_returns_forbidden:
NameError: uninitialized constant Preference::Core::CookieOptions
    app/controllers/concerns/preference/base.rb:1096:in 'Preference::Base#preference_cookie_options'
    app/controllers/concerns/preference/base.rb:971:in 'Preference::Base#preference_auth_cookie_options'
    app/controllers/concerns/preference/base.rb:940:in 'Preference::Base#set_refresh_token_cookie'
    app/controllers/concerns/preference/base.rb:762:in 'Preference::Base#create_new_preference_record!'
    app/controllers/concerns/preference/base.rb:721:in 'Preference::Base#load_preference_record_from_refresh_token!'
    app/controllers/concerns/preference/base.rb:217:in 'Preference::Base#set_preferences_cookie'
    app/middleware/core/surface_middleware.rb:12:in 'Core::SurfaceMiddleware#call'
    test/controllers/sign/app/in/sessions_controller_test.rb:173:in 'block in <class:SessionsControllerTest>'
    test/support/i18n_locale_reset.rb:11:in 'block in ActiveSupport::TestCase#run'
    test/support/i18n_locale_reset.rb:10:in 'ActiveSupport::TestCase#run'

bin/rails test test/controllers/sign/app/in/sessions_controller_test.rb:163

E

Error:
Sign::App::In::SessionsControllerTest#test_restricted_session_expires_after_15_minutes_and_is_locked_on_in/session:
NameError: uninitialized constant Preference::Core::CookieOptions
    app/controllers/concerns/preference/base.rb:1096:in 'Preference::Base#preference_cookie_options'
    app/controllers/concerns/preference/base.rb:971:in 'Preference::Base#preference_auth_cookie_options'
    app/controllers/concerns/preference/base.rb:940:in 'Preference::Base#set_refresh_token_cookie'
    app/controllers/concerns/preference/base.rb:762:in 'Preference::Base#create_new_preference_record!'
    app/controllers/concerns/preference/base.rb:721:in 'Preference::Base#load_preference_record_from_refresh_token!'
    app/controllers/concerns/preference/base.rb:217:in 'Preference::Base#set_preferences_cookie'
    app/middleware/core/surface_middleware.rb:12:in 'Core::SurfaceMiddleware#call'
    test/controllers/sign/app/in/sessions_controller_test.rb:206:in 'block (3 levels) in <class:SessionsControllerTest>'
    test/controllers/sign/app/in/sessions_controller_test.rb:201:in 'block (2 levels) in <class:SessionsControllerTest>'
    test/controllers/sign/app/in/sessions_controller_test.rb:200:in 'block in <class:SessionsControllerTest>'
    test/support/i18n_locale_reset.rb:11:in 'block in ActiveSupport::TestCase#run'
    test/support/i18n_locale_reset.rb:10:in 'ActiveSupport::TestCase#run'

bin/rails test test/controllers/sign/app/in/sessions_controller_test.rb:195

E

Error:
Sign::App::In::SessionsControllerTest#test_update_revokes_selected_sessions_and_promotes_restricted_session:
NameError: uninitialized constant Preference::Core::CookieOptions
    app/controllers/concerns/preference/base.rb:1096:in 'Preference::Base#preference_cookie_options'
    app/controllers/concerns/preference/base.rb:971:in 'Preference::Base#preference_auth_cookie_options'
    app/controllers/concerns/preference/base.rb:940:in 'Preference::Base#set_refresh_token_cookie'
    app/controllers/concerns/preference/base.rb:762:in 'Preference::Base#create_new_preference_record!'
    app/controllers/concerns/preference/base.rb:721:in 'Preference::Base#load_preference_record_from_refresh_token!'
    app/controllers/concerns/preference/base.rb:217:in 'Preference::Base#set_preferences_cookie'
    app/middleware/core/surface_middleware.rb:12:in 'Core::SurfaceMiddleware#call'
    test/controllers/sign/app/in/sessions_controller_test.rb:83:in 'block in <class:SessionsControllerTest>'
    test/support/i18n_locale_reset.rb:11:in 'block in ActiveSupport::TestCase#run'
    test/support/i18n_locale_reset.rb:10:in 'ActiveSupport::TestCase#run'

bin/rails test test/controllers/sign/app/in/sessions_controller_test.rb:68

E

Error:
Sign::App::In::SessionsControllerTest#test_destroy_cancels_restricted_session_and_redirects_to_login:
NameError: uninitialized constant Preference::Core::CookieOptions
    app/controllers/concerns/preference/base.rb:1096:in 'Preference::Base#preference_cookie_options'
    app/controllers/concerns/preference/base.rb:971:in 'Preference::Base#preference_auth_cookie_options'
    app/controllers/concerns/preference/base.rb:940:in 'Preference::Base#set_refresh_token_cookie'
    app/controllers/concerns/preference/base.rb:762:in 'Preference::Base#create_new_preference_record!'
    app/controllers/concerns/preference/base.rb:721:in 'Preference::Base#load_preference_record_from_refresh_token!'
    app/controllers/concerns/preference/base.rb:217:in 'Preference::Base#set_preferences_cookie'
    app/middleware/core/surface_middleware.rb:12:in 'Core::SurfaceMiddleware#call'
    test/controllers/sign/app/in/sessions_controller_test.rb:57:in 'block in <class:SessionsControllerTest>'
    test/support/i18n_locale_reset.rb:11:in 'block in ActiveSupport::TestCase#run'
    test/support/i18n_locale_reset.rb:10:in 'ActiveSupport::TestCase#run'

bin/rails test test/controllers/sign/app/in/sessions_controller_test.rb:53

E

Error:
Sign::App::In::SessionsControllerTest#test_update_with_rd_param_decodes_Base64_and_redirects_to_decoded_path:
NameError: uninitialized constant Preference::Core::CookieOptions
    app/controllers/concerns/preference/base.rb:1096:in 'Preference::Base#preference_cookie_options'
    app/controllers/concerns/preference/base.rb:971:in 'Preference::Base#preference_auth_cookie_options'
    app/controllers/concerns/preference/base.rb:940:in 'Preference::Base#set_refresh_token_cookie'
    app/controllers/concerns/preference/base.rb:762:in 'Preference::Base#create_new_preference_record!'
    app/controllers/concerns/preference/base.rb:721:in 'Preference::Base#load_preference_record_from_refresh_token!'
    app/controllers/concerns/preference/base.rb:217:in 'Preference::Base#set_preferences_cookie'
    app/middleware/core/surface_middleware.rb:12:in 'Core::SurfaceMiddleware#call'
    test/controllers/sign/app/in/sessions_controller_test.rb:109:in 'block in <class:SessionsControllerTest>'
    test/support/i18n_locale_reset.rb:11:in 'block in ActiveSupport::TestCase#run'
    test/support/i18n_locale_reset.rb:10:in 'ActiveSupport::TestCase#run'

bin/rails test test/controllers/sign/app/in/sessions_controller_test.rb:97

E

Error:
Sign::App::In::SessionsControllerTest#test_destroy_without_authentication_redirects_to_login:
NameError: uninitialized constant Preference::Core::CookieOptions
    app/controllers/concerns/preference/base.rb:1096:in 'Preference::Base#preference_cookie_options'
    app/controllers/concerns/preference/base.rb:971:in 'Preference::Base#preference_auth_cookie_options'
    app/controllers/concerns/preference/base.rb:940:in 'Preference::Base#set_refresh_token_cookie'
    app/controllers/concerns/preference/base.rb:762:in 'Preference::Base#create_new_preference_record!'
    app/controllers/concerns/preference/base.rb:721:in 'Preference::Base#load_preference_record_from_refresh_token!'
    app/controllers/concerns/preference/base.rb:217:in 'Preference::Base#set_preferences_cookie'
    app/middleware/core/surface_middleware.rb:12:in 'Core::SurfaceMiddleware#call'
    test/controllers/sign/app/in/sessions_controller_test.rb:46:in 'block in <class:SessionsControllerTest>'
    test/support/i18n_locale_reset.rb:11:in 'block in ActiveSupport::TestCase#run'
    test/support/i18n_locale_reset.rb:10:in 'ActiveSupport::TestCase#run'

bin/rails test test/controllers/sign/app/in/sessions_controller_test.rb:45

E

Error:
Sign::App::In::SessionsControllerTest#test_destroy_with_active_session_returns_forbidden:
NameError: uninitialized constant Preference::Core::CookieOptions
    app/controllers/concerns/preference/base.rb:1096:in 'Preference::Base#preference_cookie_options'
    app/controllers/concerns/preference/base.rb:971:in 'Preference::Base#preference_auth_cookie_options'
    app/controllers/concerns/preference/base.rb:940:in 'Preference::Base#set_refresh_token_cookie'
    app/controllers/concerns/preference/base.rb:762:in 'Preference::Base#create_new_preference_record!'
    app/controllers/concerns/preference/base.rb:721:in 'Preference::Base#load_preference_record_from_refresh_token!'
    app/controllers/concerns/preference/base.rb:217:in 'Preference::Base#set_preferences_cookie'
    app/middleware/core/surface_middleware.rb:12:in 'Core::SurfaceMiddleware#call'
    test/controllers/sign/app/in/sessions_controller_test.rb:190:in 'block in <class:SessionsControllerTest>'
    test/support/i18n_locale_reset.rb:11:in 'block in ActiveSupport::TestCase#run'
    test/support/i18n_locale_reset.rb:10:in 'ActiveSupport::TestCase#run'

bin/rails test test/controllers/sign/app/in/sessions_controller_test.rb:180

E

Error:
Sign::App::In::SessionsControllerTest#test_show_with_restricted_session_displays_sessions:
NameError: uninitialized constant Preference::Core::CookieOptions
    app/controllers/concerns/preference/base.rb:1096:in 'Preference::Base#preference_cookie_options'
    app/controllers/concerns/preference/base.rb:971:in 'Preference::Base#preference_auth_cookie_options'
    app/controllers/concerns/preference/base.rb:940:in 'Preference::Base#set_refresh_token_cookie'
    app/controllers/concerns/preference/base.rb:762:in 'Preference::Base#create_new_preference_record!'
    app/controllers/concerns/preference/base.rb:721:in 'Preference::Base#load_preference_record_from_refresh_token!'
    app/controllers/concerns/preference/base.rb:217:in 'Preference::Base#set_preferences_cookie'
    app/middleware/core/surface_middleware.rb:12:in 'Core::SurfaceMiddleware#call'
    test/controllers/sign/app/in/sessions_controller_test.rb:29:in 'block in <class:SessionsControllerTest>'
    test/support/i18n_locale_reset.rb:11:in 'block in ActiveSupport::TestCase#run'
    test/support/i18n_locale_reset.rb:10:in 'ActiveSupport::TestCase#run'

bin/rails test test/controllers/sign/app/in/sessions_controller_test.rb:24

E

Error:
Sign::App::In::SessionsControllerTest#test_show_with_active_session_returns_forbidden:
NameError: uninitialized constant Preference::Core::CookieOptions
    app/controllers/concerns/preference/base.rb:1096:in 'Preference::Base#preference_cookie_options'
    app/controllers/concerns/preference/base.rb:971:in 'Preference::Base#preference_auth_cookie_options'
    app/controllers/concerns/preference/base.rb:940:in 'Preference::Base#set_refresh_token_cookie'
    app/controllers/concerns/preference/base.rb:762:in 'Preference::Base#create_new_preference_record!'
    app/controllers/concerns/preference/base.rb:721:in 'Preference::Base#load_preference_record_from_refresh_token!'
    app/controllers/concerns/preference/base.rb:217:in 'Preference::Base#set_preferences_cookie'
    app/middleware/core/surface_middleware.rb:12:in 'Core::SurfaceMiddleware#call'
    test/controllers/sign/app/in/sessions_controller_test.rb:158:in 'block in <class:SessionsControllerTest>'
    test/support/i18n_locale_reset.rb:11:in 'block in ActiveSupport::TestCase#run'
    test/support/i18n_locale_reset.rb:10:in 'ActiveSupport::TestCase#run'

bin/rails test test/controllers/sign/app/in/sessions_controller_test.rb:148

E

Error:
Sign::App::In::SessionsControllerTest#test_show_without_authentication_redirects_to_login:
NameError: uninitialized constant Preference::Core::CookieOptions
    app/controllers/concerns/preference/base.rb:1096:in 'Preference::Base#preference_cookie_options'
    app/controllers/concerns/preference/base.rb:971:in 'Preference::Base#preference_auth_cookie_options'
    app/controllers/concerns/preference/base.rb:940:in 'Preference::Base#set_refresh_token_cookie'
    app/controllers/concerns/preference/base.rb:762:in 'Preference::Base#create_new_preference_record!'
    app/controllers/concerns/preference/base.rb:721:in 'Preference::Base#load_preference_record_from_refresh_token!'
    app/controllers/concerns/preference/base.rb:217:in 'Preference::Base#set_preferences_cookie'
    app/middleware/core/surface_middleware.rb:12:in 'Core::SurfaceMiddleware#call'
    test/controllers/sign/app/in/sessions_controller_test.rb:17:in 'block in <class:SessionsControllerTest>'
    test/support/i18n_locale_reset.rb:11:in 'block in ActiveSupport::TestCase#run'
    test/support/i18n_locale_reset.rb:10:in 'ActiveSupport::TestCase#run'

bin/rails test test/controllers/sign/app/in/sessions_controller_test.rb:16

E

Error:
Sign::App::In::SessionsControllerTest#test_update_with_invalid_rd_param_falls_back_to_default_path:
NameError: uninitialized constant Preference::Core::CookieOptions
    app/controllers/concerns/preference/base.rb:1096:in 'Preference::Base#preference_cookie_options'
    app/controllers/concerns/preference/base.rb:971:in 'Preference::Base#preference_auth_cookie_options'
    app/controllers/concerns/preference/base.rb:940:in 'Preference::Base#set_refresh_token_cookie'
    app/controllers/concerns/preference/base.rb:762:in 'Preference::Base#create_new_preference_record!'
    app/controllers/concerns/preference/base.rb:721:in 'Preference::Base#load_preference_record_from_refresh_token!'
    app/controllers/concerns/preference/base.rb:217:in 'Preference::Base#set_preferences_cookie'
    app/middleware/core/surface_middleware.rb:12:in 'Core::SurfaceMiddleware#call'
    test/controllers/sign/app/in/sessions_controller_test.rb:133:in 'block in <class:SessionsControllerTest>'
    test/support/i18n_locale_reset.rb:11:in 'block in ActiveSupport::TestCase#run'
    test/support/i18n_locale_reset.rb:10:in 'ActiveSupport::TestCase#run'

bin/rails test test/controllers/sign/app/in/sessions_controller_test.rb:123

..E

Error:
AuthenticationFlowTest#test_S3:_inactive_resource_does_not_destroy_token,_only_revokes:
NameError: uninitialized constant Preference::Core::CookieOptions
    app/controllers/concerns/preference/base.rb:1096:in 'Preference::Base#preference_cookie_options'
    app/controllers/concerns/preference/base.rb:971:in 'Preference::Base#preference_auth_cookie_options'
    app/controllers/concerns/preference/base.rb:940:in 'Preference::Base#set_refresh_token_cookie'
    app/controllers/concerns/preference/base.rb:762:in 'Preference::Base#create_new_preference_record!'
    app/controllers/concerns/preference/base.rb:721:in 'Preference::Base#load_preference_record_from_refresh_token!'
    app/controllers/concerns/preference/base.rb:217:in 'Preference::Base#set_preferences_cookie'
    app/middleware/core/surface_middleware.rb:12:in 'Core::SurfaceMiddleware#call'
    test/integration/authentication_flow_test.rb:185:in 'block in <class:AuthenticationFlowTest>'
    test/support/i18n_locale_reset.rb:11:in 'block in ActiveSupport::TestCase#run'
    test/support/i18n_locale_reset.rb:10:in 'ActiveSupport::TestCase#run'

bin/rails test test/integration/authentication_flow_test.rb:172

.E

Error:
AuthenticationFlowTest#test_guest_can_access_login_page:
NameError: uninitialized constant Preference::Core::CookieOptions
    app/controllers/concerns/preference/base.rb:1096:in 'Preference::Base#preference_cookie_options'
    app/controllers/concerns/preference/base.rb:971:in 'Preference::Base#preference_auth_cookie_options'
    app/controllers/concerns/preference/base.rb:940:in 'Preference::Base#set_refresh_token_cookie'
    app/controllers/concerns/preference/base.rb:762:in 'Preference::Base#create_new_preference_record!'
    app/controllers/concerns/preference/base.rb:721:in 'Preference::Base#load_preference_record_from_refresh_token!'
    app/controllers/concerns/preference/base.rb:217:in 'Preference::Base#set_preferences_cookie'
    app/middleware/core/surface_middleware.rb:12:in 'Core::SurfaceMiddleware#call'
    test/integration/authentication_flow_test.rb:30:in 'block in <class:AuthenticationFlowTest>'
    test/support/i18n_locale_reset.rb:11:in 'block in ActiveSupport::TestCase#run'
    test/support/i18n_locale_reset.rb:10:in 'ActiveSupport::TestCase#run'

bin/rails test test/integration/authentication_flow_test.rb:29

..........E

Error:
Help::Org::HealthsControllerTest#test_GET_/health_returns_OK_response:
NameError: uninitialized constant Preference::Core::CookieOptions
    app/controllers/concerns/preference/base.rb:1096:in 'Preference::Base#preference_cookie_options'
    app/controllers/concerns/preference/base.rb:971:in 'Preference::Base#preference_auth_cookie_options'
    app/controllers/concerns/preference/base.rb:940:in 'Preference::Base#set_refresh_token_cookie'
    app/controllers/concerns/preference/base.rb:762:in 'Preference::Base#create_new_preference_record!'
    app/controllers/concerns/preference/base.rb:721:in 'Preference::Base#load_preference_record_from_refresh_token!'
    app/controllers/concerns/preference/base.rb:217:in 'Preference::Base#set_preferences_cookie'
    app/middleware/core/surface_middleware.rb:12:in 'Core::SurfaceMiddleware#call'
    test/controllers/help/org/healths_controller_test.rb:7:in 'block in <class:HealthsControllerTest>'
    test/support/i18n_locale_reset.rb:11:in 'block in ActiveSupport::TestCase#run'
    test/support/i18n_locale_reset.rb:10:in 'ActiveSupport::TestCase#run'

bin/rails test test/controllers/help/org/healths_controller_test.rb:6

E

Error:
Help::Org::HealthsControllerTest#test_GET_/health_returns_OK_html_response:
NameError: uninitialized constant Preference::Core::CookieOptions
    app/controllers/concerns/preference/base.rb:1096:in 'Preference::Base#preference_cookie_options'
    app/controllers/concerns/preference/base.rb:971:in 'Preference::Base#preference_auth_cookie_options'
    app/controllers/concerns/preference/base.rb:940:in 'Preference::Base#set_refresh_token_cookie'
    app/controllers/concerns/preference/base.rb:762:in 'Preference::Base#create_new_preference_record!'
    app/controllers/concerns/preference/base.rb:721:in 'Preference::Base#load_preference_record_from_refresh_token!'
    app/controllers/concerns/preference/base.rb:217:in 'Preference::Base#set_preferences_cookie'
    app/middleware/core/surface_middleware.rb:12:in 'Core::SurfaceMiddleware#call'
    test/controllers/help/org/healths_controller_test.rb:14:in 'block in <class:HealthsControllerTest>'
    test/support/i18n_locale_reset.rb:11:in 'block in ActiveSupport::TestCase#run'
    test/support/i18n_locale_reset.rb:10:in 'ActiveSupport::TestCase#run'

bin/rails test test/controllers/help/org/healths_controller_test.rb:13

E

Error:
Help::Org::HealthsControllerTest#test_GET_/health_returns_OK_json_response:
NameError: uninitialized constant Preference::Core::CookieOptions
    app/controllers/concerns/preference/base.rb:1096:in 'Preference::Base#preference_cookie_options'
    app/controllers/concerns/preference/base.rb:971:in 'Preference::Base#preference_auth_cookie_options'
    app/controllers/concerns/preference/base.rb:940:in 'Preference::Base#set_refresh_token_cookie'
    app/controllers/concerns/preference/base.rb:762:in 'Preference::Base#create_new_preference_record!'
    app/controllers/concerns/preference/base.rb:721:in 'Preference::Base#load_preference_record_from_refresh_token!'
    app/controllers/concerns/preference/base.rb:217:in 'Preference::Base#set_preferences_cookie'
    app/middleware/core/surface_middleware.rb:12:in 'Core::SurfaceMiddleware#call'
    test/controllers/help/org/healths_controller_test.rb:21:in 'block in <class:HealthsControllerTest>'
    test/support/i18n_locale_reset.rb:11:in 'block in ActiveSupport::TestCase#run'
    test/support/i18n_locale_reset.rb:10:in 'ActiveSupport::TestCase#run'

bin/rails test test/controllers/help/org/healths_controller_test.rb:20

.....................E

Error:
Sign::App::Edge::V1::Token::ChecksControllerTest#test_GET_check_includes_Cache-Control_no-store_header:
NameError: uninitialized constant Preference::Core::CookieOptions
    app/controllers/concerns/preference/base.rb:1096:in 'Preference::Base#preference_cookie_options'
    app/controllers/concerns/preference/base.rb:378:in 'Preference::Base#write_preference_cookie'
    app/controllers/concerns/preference/global.rb:196:in 'Preference::Global#set_locale'
    app/middleware/core/surface_middleware.rb:12:in 'Core::SurfaceMiddleware#call'
    test/controllers/sign/app/edge/v1/token/checks_controller_test.rb:120:in 'block in <class:ChecksControllerTest>'
    test/support/i18n_locale_reset.rb:11:in 'block in ActiveSupport::TestCase#run'
    test/support/i18n_locale_reset.rb:10:in 'ActiveSupport::TestCase#run'

bin/rails test test/controllers/sign/app/edge/v1/token/checks_controller_test.rb:119

E

Error:
Sign::App::Edge::V1::Token::ChecksControllerTest#test_GET_check_without_access_token_returns_401:
NameError: uninitialized constant Preference::Core::CookieOptions
    app/controllers/concerns/preference/base.rb:1096:in 'Preference::Base#preference_cookie_options'
    app/controllers/concerns/preference/base.rb:378:in 'Preference::Base#write_preference_cookie'
    app/controllers/concerns/preference/global.rb:196:in 'Preference::Global#set_locale'
    app/middleware/core/surface_middleware.rb:12:in 'Core::SurfaceMiddleware#call'
    test/controllers/sign/app/edge/v1/token/checks_controller_test.rb:42:in 'block in <class:ChecksControllerTest>'
    test/support/i18n_locale_reset.rb:11:in 'block in ActiveSupport::TestCase#run'
    test/support/i18n_locale_reset.rb:10:in 'ActiveSupport::TestCase#run'

bin/rails test test/controllers/sign/app/edge/v1/token/checks_controller_test.rb:41

E

Error:
Sign::App::Edge::V1::Token::ChecksControllerTest#test_GET_check_with_invalid_JWT_returns_401:
NameError: uninitialized constant Preference::Core::CookieOptions
    app/controllers/concerns/preference/base.rb:1096:in 'Preference::Base#preference_cookie_options'
    app/controllers/concerns/preference/base.rb:378:in 'Preference::Base#write_preference_cookie'
    app/controllers/concerns/preference/global.rb:196:in 'Preference::Global#set_locale'
    app/middleware/core/surface_middleware.rb:12:in 'Core::SurfaceMiddleware#call'
    test/controllers/sign/app/edge/v1/token/checks_controller_test.rb:55:in 'block in <class:ChecksControllerTest>'
    test/support/i18n_locale_reset.rb:11:in 'block in ActiveSupport::TestCase#run'
    test/support/i18n_locale_reset.rb:10:in 'ActiveSupport::TestCase#run'

bin/rails test test/controllers/sign/app/edge/v1/token/checks_controller_test.rb:52

E

Error:
Sign::App::Edge::V1::Token::ChecksControllerTest#test_GET_check_with_expired_JWT_returns_401:
NameError: uninitialized constant Preference::Core::CookieOptions
    app/controllers/concerns/preference/base.rb:1096:in 'Preference::Base#preference_cookie_options'
    app/controllers/concerns/preference/base.rb:378:in 'Preference::Base#write_preference_cookie'
    app/controllers/concerns/preference/global.rb:196:in 'Preference::Global#set_locale'
    app/middleware/core/surface_middleware.rb:12:in 'Core::SurfaceMiddleware#call'
    test/controllers/sign/app/edge/v1/token/checks_controller_test.rb:84:in 'block in <class:ChecksControllerTest>'
    test/support/i18n_locale_reset.rb:11:in 'block in ActiveSupport::TestCase#run'
    test/support/i18n_locale_reset.rb:10:in 'ActiveSupport::TestCase#run'

bin/rails test test/controllers/sign/app/edge/v1/token/checks_controller_test.rb:65

E

Error:
Sign::App::Edge::V1::Token::ChecksControllerTest#test_GET_check_with_Bearer_header_takes_precedence_over_cookie:
NameError: uninitialized constant Preference::Core::CookieOptions
    app/controllers/concerns/preference/base.rb:1096:in 'Preference::Base#preference_cookie_options'
    app/controllers/concerns/preference/base.rb:378:in 'Preference::Base#write_preference_cookie'
    app/controllers/concerns/preference/global.rb:196:in 'Preference::Global#set_locale'
    app/middleware/core/surface_middleware.rb:12:in 'Core::SurfaceMiddleware#call'
    test/controllers/sign/app/edge/v1/token/checks_controller_test.rb:143:in 'block in <class:ChecksControllerTest>'
    test/support/i18n_locale_reset.rb:11:in 'block in ActiveSupport::TestCase#run'
    test/support/i18n_locale_reset.rb:10:in 'ActiveSupport::TestCase#run'

bin/rails test test/controllers/sign/app/edge/v1/token/checks_controller_test.rb:127

E

Error:
Sign::App::Edge::V1::Token::ChecksControllerTest#test_GET_check_with_valid_JWT_access_token_returns_200:
NameError: uninitialized constant Preference::Core::CookieOptions
    app/controllers/concerns/preference/base.rb:1096:in 'Preference::Base#preference_cookie_options'
    app/controllers/concerns/preference/base.rb:378:in 'Preference::Base#write_preference_cookie'
    app/controllers/concerns/preference/global.rb:196:in 'Preference::Global#set_locale'
    app/middleware/core/surface_middleware.rb:12:in 'Core::SurfaceMiddleware#call'
    test/controllers/sign/app/edge/v1/token/checks_controller_test.rb:29:in 'block in <class:ChecksControllerTest>'
    test/support/i18n_locale_reset.rb:11:in 'block in ActiveSupport::TestCase#run'
    test/support/i18n_locale_reset.rb:10:in 'ActiveSupport::TestCase#run'

bin/rails test test/controllers/sign/app/edge/v1/token/checks_controller_test.rb:14

E

Error:
Sign::App::Edge::V1::Token::ChecksControllerTest#test_GET_check_with_missing_sid_returns_401:
NameError: uninitialized constant Preference::Core::CookieOptions
    app/controllers/concerns/preference/base.rb:1096:in 'Preference::Base#preference_cookie_options'
    app/controllers/concerns/preference/base.rb:378:in 'Preference::Base#write_preference_cookie'
    app/controllers/concerns/preference/global.rb:196:in 'Preference::Global#set_locale'
    app/middleware/core/surface_middleware.rb:12:in 'Core::SurfaceMiddleware#call'
    test/controllers/sign/app/edge/v1/token/checks_controller_test.rb:167:in 'block in <class:ChecksControllerTest>'
    test/support/i18n_locale_reset.rb:11:in 'block in ActiveSupport::TestCase#run'
    test/support/i18n_locale_reset.rb:10:in 'ActiveSupport::TestCase#run'

bin/rails test test/controllers/sign/app/edge/v1/token/checks_controller_test.rb:159

E

Error:
Sign::App::Edge::V1::Token::ChecksControllerTest#test_logout_destroys_token_record_so_old_Bearer_access_fails:
NameError: uninitialized constant Preference::Core::CookieOptions
    app/controllers/concerns/preference/base.rb:1096:in 'Preference::Base#preference_cookie_options'
    app/controllers/concerns/preference/base.rb:378:in 'Preference::Base#write_preference_cookie'
    app/controllers/concerns/preference/global.rb:196:in 'Preference::Global#set_locale'
    app/middleware/core/surface_middleware.rb:12:in 'Core::SurfaceMiddleware#call'
    test/controllers/sign/app/edge/v1/token/checks_controller_test.rb:199:in 'block in <class:ChecksControllerTest>'
    test/support/i18n_locale_reset.rb:11:in 'block in ActiveSupport::TestCase#run'
    test/support/i18n_locale_reset.rb:10:in 'ActiveSupport::TestCase#run'

bin/rails test test/controllers/sign/app/edge/v1/token/checks_controller_test.rb:179

E

Error:
Sign::App::Edge::V1::Token::ChecksControllerTest#test_GET_check_with_wrong_resource_type_returns_401:
NameError: uninitialized constant Preference::Core::CookieOptions
    app/controllers/concerns/preference/base.rb:1096:in 'Preference::Base#preference_cookie_options'
    app/controllers/concerns/preference/base.rb:378:in 'Preference::Base#write_preference_cookie'
    app/controllers/concerns/preference/global.rb:196:in 'Preference::Global#set_locale'
    app/middleware/core/surface_middleware.rb:12:in 'Core::SurfaceMiddleware#call'
    test/controllers/sign/app/edge/v1/token/checks_controller_test.rb:109:in 'block in <class:ChecksControllerTest>'
    test/support/i18n_locale_reset.rb:11:in 'block in ActiveSupport::TestCase#run'
    test/support/i18n_locale_reset.rb:10:in 'ActiveSupport::TestCase#run'

bin/rails test test/controllers/sign/app/edge/v1/token/checks_controller_test.rb:94

...E

Error:
Help::App::Edge::V1::HealthsControllerTest#test_returns_success_for_default_format:
NameError: uninitialized constant Preference::Core::CookieOptions
    app/controllers/concerns/preference/base.rb:1096:in 'Preference::Base#preference_cookie_options'
    app/controllers/concerns/preference/base.rb:971:in 'Preference::Base#preference_auth_cookie_options'
    app/controllers/concerns/preference/base.rb:940:in 'Preference::Base#set_refresh_token_cookie'
    app/controllers/concerns/preference/base.rb:762:in 'Preference::Base#create_new_preference_record!'
    app/controllers/concerns/preference/base.rb:721:in 'Preference::Base#load_preference_record_from_refresh_token!'
    app/controllers/concerns/preference/base.rb:217:in 'Preference::Base#set_preferences_cookie'
    app/middleware/core/surface_middleware.rb:12:in 'Core::SurfaceMiddleware#call'
    test/controllers/help/app/edge/v1/healths_controller_test.rb:11:in 'block in <class:HealthsControllerTest>'
    test/support/i18n_locale_reset.rb:11:in 'block in ActiveSupport::TestCase#run'
    test/support/i18n_locale_reset.rb:10:in 'ActiveSupport::TestCase#run'

bin/rails test test/controllers/help/app/edge/v1/healths_controller_test.rb:10

E

Error:
Help::App::Edge::V1::HealthsControllerTest#test_returns_success_for_explicit_html_format:
NameError: uninitialized constant Preference::Core::CookieOptions
    app/controllers/concerns/preference/base.rb:1096:in 'Preference::Base#preference_cookie_options'
    app/controllers/concerns/preference/base.rb:971:in 'Preference::Base#preference_auth_cookie_options'
    app/controllers/concerns/preference/base.rb:940:in 'Preference::Base#set_refresh_token_cookie'
    app/controllers/concerns/preference/base.rb:762:in 'Preference::Base#create_new_preference_record!'
    app/controllers/concerns/preference/base.rb:721:in 'Preference::Base#load_preference_record_from_refresh_token!'
    app/controllers/concerns/preference/base.rb:217:in 'Preference::Base#set_preferences_cookie'
    app/middleware/core/surface_middleware.rb:12:in 'Core::SurfaceMiddleware#call'
    test/controllers/help/app/edge/v1/healths_controller_test.rb:18:in 'block in <class:HealthsControllerTest>'
    test/support/i18n_locale_reset.rb:11:in 'block in ActiveSupport::TestCase#run'
    test/support/i18n_locale_reset.rb:10:in 'ActiveSupport::TestCase#run'

bin/rails test test/controllers/help/app/edge/v1/healths_controller_test.rb:17

E

Error:
Help::App::Edge::V1::HealthsControllerTest#test_raises_error_for_unsupported_yaml_format:
NameError: uninitialized constant Preference::Core::CookieOptions
    app/controllers/concerns/preference/base.rb:1096:in 'Preference::Base#preference_cookie_options'
    app/controllers/concerns/preference/base.rb:971:in 'Preference::Base#preference_auth_cookie_options'
    app/controllers/concerns/preference/base.rb:940:in 'Preference::Base#set_refresh_token_cookie'
    app/controllers/concerns/preference/base.rb:762:in 'Preference::Base#create_new_preference_record!'
    app/controllers/concerns/preference/base.rb:721:in 'Preference::Base#load_preference_record_from_refresh_token!'
    app/controllers/concerns/preference/base.rb:217:in 'Preference::Base#set_preferences_cookie'
    app/middleware/core/surface_middleware.rb:12:in 'Core::SurfaceMiddleware#call'
    test/controllers/help/app/edge/v1/healths_controller_test.rb:32:in 'block in <class:HealthsControllerTest>'
    test/support/i18n_locale_reset.rb:11:in 'block in ActiveSupport::TestCase#run'
    test/support/i18n_locale_reset.rb:10:in 'ActiveSupport::TestCase#run'

bin/rails test test/controllers/help/app/edge/v1/healths_controller_test.rb:31

E

Error:
Help::App::Edge::V1::HealthsControllerTest#test_returns_OK_status_payload_for_json_format:
NameError: uninitialized constant Preference::Core::CookieOptions
    app/controllers/concerns/preference/base.rb:1096:in 'Preference::Base#preference_cookie_options'
    app/controllers/concerns/preference/base.rb:971:in 'Preference::Base#preference_auth_cookie_options'
    app/controllers/concerns/preference/base.rb:940:in 'Preference::Base#set_refresh_token_cookie'
    app/controllers/concerns/preference/base.rb:762:in 'Preference::Base#create_new_preference_record!'
    app/controllers/concerns/preference/base.rb:721:in 'Preference::Base#load_preference_record_from_refresh_token!'
    app/controllers/concerns/preference/base.rb:217:in 'Preference::Base#set_preferences_cookie'
    app/middleware/core/surface_middleware.rb:12:in 'Core::SurfaceMiddleware#call'
    test/controllers/help/app/edge/v1/healths_controller_test.rb:25:in 'block in <class:HealthsControllerTest>'
    test/support/i18n_locale_reset.rb:11:in 'block in ActiveSupport::TestCase#run'
    test/support/i18n_locale_reset.rb:10:in 'ActiveSupport::TestCase#run'

bin/rails test test/controllers/help/app/edge/v1/healths_controller_test.rb:24

..........................E

Error:
Docs::App::HealthsControllerTest#test_GET_/health_returns_OK_response:
NameError: uninitialized constant Preference::Core::CookieOptions
    app/controllers/concerns/preference/base.rb:1096:in 'Preference::Base#preference_cookie_options'
    app/controllers/concerns/preference/base.rb:971:in 'Preference::Base#preference_auth_cookie_options'
    app/controllers/concerns/preference/base.rb:940:in 'Preference::Base#set_refresh_token_cookie'
    app/controllers/concerns/preference/base.rb:762:in 'Preference::Base#create_new_preference_record!'
    app/controllers/concerns/preference/base.rb:721:in 'Preference::Base#load_preference_record_from_refresh_token!'
    app/controllers/concerns/preference/base.rb:217:in 'Preference::Base#set_preferences_cookie'
    app/middleware/core/surface_middleware.rb:12:in 'Core::SurfaceMiddleware#call'
    test/controllers/docs/app/healths_controller_test.rb:7:in 'block in <class:HealthsControllerTest>'
    test/support/i18n_locale_reset.rb:11:in 'block in ActiveSupport::TestCase#run'
    test/support/i18n_locale_reset.rb:10:in 'ActiveSupport::TestCase#run'

bin/rails test test/controllers/docs/app/healths_controller_test.rb:6

E

Error:
Docs::App::HealthsControllerTest#test_GET_/health_returns_OK_html_response:
NameError: uninitialized constant Preference::Core::CookieOptions
    app/controllers/concerns/preference/base.rb:1096:in 'Preference::Base#preference_cookie_options'
    app/controllers/concerns/preference/base.rb:971:in 'Preference::Base#preference_auth_cookie_options'
    app/controllers/concerns/preference/base.rb:940:in 'Preference::Base#set_refresh_token_cookie'
    app/controllers/concerns/preference/base.rb:762:in 'Preference::Base#create_new_preference_record!'
    app/controllers/concerns/preference/base.rb:721:in 'Preference::Base#load_preference_record_from_refresh_token!'
    app/controllers/concerns/preference/base.rb:217:in 'Preference::Base#set_preferences_cookie'
    app/middleware/core/surface_middleware.rb:12:in 'Core::SurfaceMiddleware#call'
    test/controllers/docs/app/healths_controller_test.rb:14:in 'block in <class:HealthsControllerTest>'
    test/support/i18n_locale_reset.rb:11:in 'block in ActiveSupport::TestCase#run'
    test/support/i18n_locale_reset.rb:10:in 'ActiveSupport::TestCase#run'

bin/rails test test/controllers/docs/app/healths_controller_test.rb:13

E

Error:
Docs::App::HealthsControllerTest#test_GET_/health_returns_OK_json_response:
NameError: uninitialized constant Preference::Core::CookieOptions
    app/controllers/concerns/preference/base.rb:1096:in 'Preference::Base#preference_cookie_options'
    app/controllers/concerns/preference/base.rb:971:in 'Preference::Base#preference_auth_cookie_options'
    app/controllers/concerns/preference/base.rb:940:in 'Preference::Base#set_refresh_token_cookie'
    app/controllers/concerns/preference/base.rb:762:in 'Preference::Base#create_new_preference_record!'
    app/controllers/concerns/preference/base.rb:721:in 'Preference::Base#load_preference_record_from_refresh_token!'
    app/controllers/concerns/preference/base.rb:217:in 'Preference::Base#set_preferences_cookie'
    app/middleware/core/surface_middleware.rb:12:in 'Core::SurfaceMiddleware#call'
    test/controllers/docs/app/healths_controller_test.rb:21:in 'block in <class:HealthsControllerTest>'
    test/support/i18n_locale_reset.rb:11:in 'block in ActiveSupport::TestCase#run'
    test/support/i18n_locale_reset.rb:10:in 'ActiveSupport::TestCase#run'

bin/rails test test/controllers/docs/app/healths_controller_test.rb:20

.........E

Error:
Core::App::Edge::V1::CsrfControllerTest#test_returns_csrf_token_payload:
NameError: uninitialized constant Preference::Core::CookieOptions
    app/controllers/concerns/preference/base.rb:1096:in 'Preference::Base#preference_cookie_options'
    app/controllers/concerns/preference/base.rb:971:in 'Preference::Base#preference_auth_cookie_options'
    app/controllers/concerns/preference/base.rb:940:in 'Preference::Base#set_refresh_token_cookie'
    app/controllers/concerns/preference/base.rb:762:in 'Preference::Base#create_new_preference_record!'
    app/controllers/concerns/preference/base.rb:721:in 'Preference::Base#load_preference_record_from_refresh_token!'
    app/controllers/concerns/preference/base.rb:217:in 'Preference::Base#set_preferences_cookie'
    app/middleware/core/surface_middleware.rb:12:in 'Core::SurfaceMiddleware#call'
    test/controllers/core/app/edge/v1/csrf_controller_test.rb:11:in 'block in <class:CsrfControllerTest>'
    test/support/i18n_locale_reset.rb:11:in 'block in ActiveSupport::TestCase#run'
    test/support/i18n_locale_reset.rb:10:in 'ActiveSupport::TestCase#run'

bin/rails test test/controllers/core/app/edge/v1/csrf_controller_test.rb:10

.E

Error:
Core::Com::Contact::TelephonesControllerTest#test_should_verify_hotp_code_successfully:
NameError: uninitialized constant Preference::Core::CookieOptions
    app/controllers/concerns/preference/base.rb:1096:in 'Preference::Base#preference_cookie_options'
    app/controllers/concerns/preference/base.rb:971:in 'Preference::Base#preference_auth_cookie_options'
    app/controllers/concerns/preference/base.rb:940:in 'Preference::Base#set_refresh_token_cookie'
    app/controllers/concerns/preference/base.rb:762:in 'Preference::Base#create_new_preference_record!'
    app/controllers/concerns/preference/base.rb:721:in 'Preference::Base#load_preference_record_from_refresh_token!'
    app/controllers/concerns/preference/base.rb:217:in 'Preference::Base#set_preferences_cookie'
    app/middleware/core/surface_middleware.rb:12:in 'Core::SurfaceMiddleware#call'
    test/controllers/core/com/contact/telephones_controller_test.rb:31:in 'block in <class:TelephonesControllerTest>'
    test/support/i18n_locale_reset.rb:11:in 'block in ActiveSupport::TestCase#run'
    test/support/i18n_locale_reset.rb:10:in 'ActiveSupport::TestCase#run'

bin/rails test test/controllers/core/com/contact/telephones_controller_test.rb:27

E

Error:
Core::Com::Contact::TelephonesControllerTest#test_should_fail_if_code_is_blank:
NameError: uninitialized constant Preference::Core::CookieOptions
    app/controllers/concerns/preference/base.rb:1096:in 'Preference::Base#preference_cookie_options'
    app/controllers/concerns/preference/base.rb:971:in 'Preference::Base#preference_auth_cookie_options'
    app/controllers/concerns/preference/base.rb:940:in 'Preference::Base#set_refresh_token_cookie'
    app/controllers/concerns/preference/base.rb:762:in 'Preference::Base#create_new_preference_record!'
    app/controllers/concerns/preference/base.rb:721:in 'Preference::Base#load_preference_record_from_refresh_token!'
    app/controllers/concerns/preference/base.rb:217:in 'Preference::Base#set_preferences_cookie'
    app/middleware/core/surface_middleware.rb:12:in 'Core::SurfaceMiddleware#call'
    test/controllers/core/com/contact/telephones_controller_test.rb:61:in 'block in <class:TelephonesControllerTest>'
    test/support/i18n_locale_reset.rb:11:in 'block in ActiveSupport::TestCase#run'
    test/support/i18n_locale_reset.rb:10:in 'ActiveSupport::TestCase#run'

bin/rails test test/controllers/core/com/contact/telephones_controller_test.rb:58

E

Error:
Core::Com::Contact::TelephonesControllerTest#test_should_get_new:
NameError: uninitialized constant Preference::Core::CookieOptions
    app/controllers/concerns/preference/base.rb:1096:in 'Preference::Base#preference_cookie_options'
    app/controllers/concerns/preference/base.rb:971:in 'Preference::Base#preference_auth_cookie_options'
    app/controllers/concerns/preference/base.rb:940:in 'Preference::Base#set_refresh_token_cookie'
    app/controllers/concerns/preference/base.rb:762:in 'Preference::Base#create_new_preference_record!'
    app/controllers/concerns/preference/base.rb:721:in 'Preference::Base#load_preference_record_from_refresh_token!'
    app/controllers/concerns/preference/base.rb:217:in 'Preference::Base#set_preferences_cookie'
    app/middleware/core/surface_middleware.rb:12:in 'Core::SurfaceMiddleware#call'
    test/controllers/core/com/contact/telephones_controller_test.rb:23:in 'block in <class:TelephonesControllerTest>'
    test/support/i18n_locale_reset.rb:11:in 'block in ActiveSupport::TestCase#run'
    test/support/i18n_locale_reset.rb:10:in 'ActiveSupport::TestCase#run'

bin/rails test test/controllers/core/com/contact/telephones_controller_test.rb:21

.E

Error:
Core::Com::Contact::TelephonesControllerTest#test_should_fail_if_max_attempts_reached:
NameError: uninitialized constant Preference::Core::CookieOptions
    app/controllers/concerns/preference/base.rb:1096:in 'Preference::Base#preference_cookie_options'
    app/controllers/concerns/preference/base.rb:971:in 'Preference::Base#preference_auth_cookie_options'
    app/controllers/concerns/preference/base.rb:940:in 'Preference::Base#set_refresh_token_cookie'
    app/controllers/concerns/preference/base.rb:762:in 'Preference::Base#create_new_preference_record!'
    app/controllers/concerns/preference/base.rb:721:in 'Preference::Base#load_preference_record_from_refresh_token!'
    app/controllers/concerns/preference/base.rb:217:in 'Preference::Base#set_preferences_cookie'
    app/middleware/core/surface_middleware.rb:12:in 'Core::SurfaceMiddleware#call'
    test/controllers/core/com/contact/telephones_controller_test.rb:73:in 'block in <class:TelephonesControllerTest>'
    test/support/i18n_locale_reset.rb:11:in 'block in ActiveSupport::TestCase#run'
    test/support/i18n_locale_reset.rb:10:in 'ActiveSupport::TestCase#run'

bin/rails test test/controllers/core/com/contact/telephones_controller_test.rb:68

E

Error:
Core::Com::Contact::TelephonesControllerTest#test_should_fail_if_expired:
NameError: uninitialized constant Preference::Core::CookieOptions
    app/controllers/concerns/preference/base.rb:1096:in 'Preference::Base#preference_cookie_options'
    app/controllers/concerns/preference/base.rb:971:in 'Preference::Base#preference_auth_cookie_options'
    app/controllers/concerns/preference/base.rb:940:in 'Preference::Base#set_refresh_token_cookie'
    app/controllers/concerns/preference/base.rb:762:in 'Preference::Base#create_new_preference_record!'
    app/controllers/concerns/preference/base.rb:721:in 'Preference::Base#load_preference_record_from_refresh_token!'
    app/controllers/concerns/preference/base.rb:217:in 'Preference::Base#set_preferences_cookie'
    app/middleware/core/surface_middleware.rb:12:in 'Core::SurfaceMiddleware#call'
    test/controllers/core/com/contact/telephones_controller_test.rb:86:in 'block in <class:TelephonesControllerTest>'
    test/support/i18n_locale_reset.rb:11:in 'block in ActiveSupport::TestCase#run'
    test/support/i18n_locale_reset.rb:10:in 'ActiveSupport::TestCase#run'

bin/rails test test/controllers/core/com/contact/telephones_controller_test.rb:81

E

Error:
Core::Com::Contact::TelephonesControllerTest#test_should_not_verify_with_invalid_code:
NameError: uninitialized constant Preference::Core::CookieOptions
    app/controllers/concerns/preference/base.rb:1096:in 'Preference::Base#preference_cookie_options'
    app/controllers/concerns/preference/base.rb:971:in 'Preference::Base#preference_auth_cookie_options'
    app/controllers/concerns/preference/base.rb:940:in 'Preference::Base#set_refresh_token_cookie'
    app/controllers/concerns/preference/base.rb:762:in 'Preference::Base#create_new_preference_record!'
    app/controllers/concerns/preference/base.rb:721:in 'Preference::Base#load_preference_record_from_refresh_token!'
    app/controllers/concerns/preference/base.rb:217:in 'Preference::Base#set_preferences_cookie'
    app/middleware/core/surface_middleware.rb:12:in 'Core::SurfaceMiddleware#call'
    test/controllers/core/com/contact/telephones_controller_test.rb:49:in 'block in <class:TelephonesControllerTest>'
    test/support/i18n_locale_reset.rb:11:in 'block in ActiveSupport::TestCase#run'
    test/support/i18n_locale_reset.rb:10:in 'ActiveSupport::TestCase#run'

bin/rails test test/controllers/core/com/contact/telephones_controller_test.rb:45

E

Error:
Core::Com::Contact::TelephonesControllerTest#test_should_handle_last_attempt_failure:
NameError: uninitialized constant Preference::Core::CookieOptions
    app/controllers/concerns/preference/base.rb:1096:in 'Preference::Base#preference_cookie_options'
    app/controllers/concerns/preference/base.rb:971:in 'Preference::Base#preference_auth_cookie_options'
    app/controllers/concerns/preference/base.rb:940:in 'Preference::Base#set_refresh_token_cookie'
    app/controllers/concerns/preference/base.rb:762:in 'Preference::Base#create_new_preference_record!'
    app/controllers/concerns/preference/base.rb:721:in 'Preference::Base#load_preference_record_from_refresh_token!'
    app/controllers/concerns/preference/base.rb:217:in 'Preference::Base#set_preferences_cookie'
    app/middleware/core/surface_middleware.rb:12:in 'Core::SurfaceMiddleware#call'
    test/controllers/core/com/contact/telephones_controller_test.rb:115:in 'block in <class:TelephonesControllerTest>'
    test/support/i18n_locale_reset.rb:11:in 'block in ActiveSupport::TestCase#run'
    test/support/i18n_locale_reset.rb:10:in 'ActiveSupport::TestCase#run'

bin/rails test test/controllers/core/com/contact/telephones_controller_test.rb:110

E

Error:
Core::Com::Contact::TelephonesControllerTest#test_should_preserve_query_params_on_redirect:
NameError: uninitialized constant Preference::Core::CookieOptions
    app/controllers/concerns/preference/base.rb:1096:in 'Preference::Base#preference_cookie_options'
    app/controllers/concerns/preference/base.rb:971:in 'Preference::Base#preference_auth_cookie_options'
    app/controllers/concerns/preference/base.rb:940:in 'Preference::Base#set_refresh_token_cookie'
    app/controllers/concerns/preference/base.rb:762:in 'Preference::Base#create_new_preference_record!'
    app/controllers/concerns/preference/base.rb:721:in 'Preference::Base#load_preference_record_from_refresh_token!'
    app/controllers/concerns/preference/base.rb:217:in 'Preference::Base#set_preferences_cookie'
    app/middleware/core/surface_middleware.rb:12:in 'Core::SurfaceMiddleware#call'
    test/controllers/core/com/contact/telephones_controller_test.rb:129:in 'block in <class:TelephonesControllerTest>'
    test/support/i18n_locale_reset.rb:11:in 'block in ActiveSupport::TestCase#run'
    test/support/i18n_locale_reset.rb:10:in 'ActiveSupport::TestCase#run'

bin/rails test test/controllers/core/com/contact/telephones_controller_test.rb:125

.............E

Error:
Sign::App::LayoutTest#test_layout_links_when_not_logged_in:
NameError: uninitialized constant Preference::Core::CookieOptions
    app/controllers/concerns/preference/base.rb:1096:in 'Preference::Base#preference_cookie_options'
    app/controllers/concerns/preference/base.rb:971:in 'Preference::Base#preference_auth_cookie_options'
    app/controllers/concerns/preference/base.rb:940:in 'Preference::Base#set_refresh_token_cookie'
    app/controllers/concerns/preference/base.rb:762:in 'Preference::Base#create_new_preference_record!'
    app/controllers/concerns/preference/base.rb:721:in 'Preference::Base#load_preference_record_from_refresh_token!'
    app/controllers/concerns/preference/base.rb:217:in 'Preference::Base#set_preferences_cookie'
    app/middleware/core/surface_middleware.rb:12:in 'Core::SurfaceMiddleware#call'
    test/integration/sign/app/layout_test.rb:18:in 'block in <class:LayoutTest>'
    test/support/i18n_locale_reset.rb:11:in 'block in ActiveSupport::TestCase#run'
    test/support/i18n_locale_reset.rb:10:in 'ActiveSupport::TestCase#run'

bin/rails test test/integration/sign/app/layout_test.rb:17

........................E

Error:
Sign::App::RootsControllerTest#test_sets_theme_cookie:
NameError: uninitialized constant Preference::Core::CookieOptions
    app/controllers/concerns/preference/base.rb:1096:in 'Preference::Base#preference_cookie_options'
    app/controllers/concerns/preference/base.rb:971:in 'Preference::Base#preference_auth_cookie_options'
    app/controllers/concerns/preference/base.rb:940:in 'Preference::Base#set_refresh_token_cookie'
    app/controllers/concerns/preference/base.rb:762:in 'Preference::Base#create_new_preference_record!'
    app/controllers/concerns/preference/base.rb:721:in 'Preference::Base#load_preference_record_from_refresh_token!'
    app/controllers/concerns/preference/base.rb:217:in 'Preference::Base#set_preferences_cookie'
    app/middleware/core/surface_middleware.rb:12:in 'Core::SurfaceMiddleware#call'
    test/support/root_theme_cookie_helper.rb:6:in 'RootThemeCookieHelper#assert_theme_cookie_for'
    test/controllers/sign/app/roots_controller_test.rb:50:in 'block in <class:RootsControllerTest>'
    test/support/i18n_locale_reset.rb:11:in 'block in ActiveSupport::TestCase#run'
    test/support/i18n_locale_reset.rb:10:in 'ActiveSupport::TestCase#run'

bin/rails test test/controllers/sign/app/roots_controller_test.rb:49

E

Error:
Sign::App::RootsControllerTest#test_footer_contains_navigation_links:
NameError: uninitialized constant Preference::Core::CookieOptions
    app/controllers/concerns/preference/base.rb:1096:in 'Preference::Base#preference_cookie_options'
    app/controllers/concerns/preference/base.rb:971:in 'Preference::Base#preference_auth_cookie_options'
    app/controllers/concerns/preference/base.rb:940:in 'Preference::Base#set_refresh_token_cookie'
    app/controllers/concerns/preference/base.rb:762:in 'Preference::Base#create_new_preference_record!'
    app/controllers/concerns/preference/base.rb:721:in 'Preference::Base#load_preference_record_from_refresh_token!'
    app/controllers/concerns/preference/base.rb:217:in 'Preference::Base#set_preferences_cookie'
    app/middleware/core/surface_middleware.rb:12:in 'Core::SurfaceMiddleware#call'
    test/controllers/sign/app/roots_controller_test.rb:33:in 'block in <class:RootsControllerTest>'
    test/support/i18n_locale_reset.rb:11:in 'block in ActiveSupport::TestCase#run'
    test/support/i18n_locale_reset.rb:10:in 'ActiveSupport::TestCase#run'

bin/rails test test/controllers/sign/app/roots_controller_test.rb:32

E

Error:
Sign::App::RootsControllerTest#test_GET_/_returns_redirect_status:
NameError: uninitialized constant Preference::Core::CookieOptions
    app/controllers/concerns/preference/base.rb:1096:in 'Preference::Base#preference_cookie_options'
    app/controllers/concerns/preference/base.rb:971:in 'Preference::Base#preference_auth_cookie_options'
    app/controllers/concerns/preference/base.rb:940:in 'Preference::Base#set_refresh_token_cookie'
    app/controllers/concerns/preference/base.rb:762:in 'Preference::Base#create_new_preference_record!'
    app/controllers/concerns/preference/base.rb:721:in 'Preference::Base#load_preference_record_from_refresh_token!'
    app/controllers/concerns/preference/base.rb:217:in 'Preference::Base#set_preferences_cookie'
    app/middleware/core/surface_middleware.rb:12:in 'Core::SurfaceMiddleware#call'
    test/controllers/sign/app/roots_controller_test.rb:19:in 'block in <class:RootsControllerTest>'
    test/support/i18n_locale_reset.rb:11:in 'block in ActiveSupport::TestCase#run'
    test/support/i18n_locale_reset.rb:10:in 'ActiveSupport::TestCase#run'

bin/rails test test/controllers/sign/app/roots_controller_test.rb:18

E

Error:
Sign::App::RootsControllerTest#test_GET_/_redirects_to_new_registration_path:
NameError: uninitialized constant Preference::Core::CookieOptions
    app/controllers/concerns/preference/base.rb:1096:in 'Preference::Base#preference_cookie_options'
    app/controllers/concerns/preference/base.rb:971:in 'Preference::Base#preference_auth_cookie_options'
    app/controllers/concerns/preference/base.rb:940:in 'Preference::Base#set_refresh_token_cookie'
    app/controllers/concerns/preference/base.rb:762:in 'Preference::Base#create_new_preference_record!'
    app/controllers/concerns/preference/base.rb:721:in 'Preference::Base#load_preference_record_from_refresh_token!'
    app/controllers/concerns/preference/base.rb:217:in 'Preference::Base#set_preferences_cookie'
    app/middleware/core/surface_middleware.rb:12:in 'Core::SurfaceMiddleware#call'
    test/controllers/sign/app/roots_controller_test.rb:11:in 'block in <class:RootsControllerTest>'
    test/support/i18n_locale_reset.rb:11:in 'block in ActiveSupport::TestCase#run'
    test/support/i18n_locale_reset.rb:10:in 'ActiveSupport::TestCase#run'

bin/rails test test/controllers/sign/app/roots_controller_test.rb:10

E

Error:
Sign::App::RootsControllerTest#test_generates_sha3-384_token_digest_on_root:
NameError: uninitialized constant Preference::Core::CookieOptions
    app/controllers/concerns/preference/base.rb:1096:in 'Preference::Base#preference_cookie_options'
    app/controllers/concerns/preference/base.rb:971:in 'Preference::Base#preference_auth_cookie_options'
    app/controllers/concerns/preference/base.rb:940:in 'Preference::Base#set_refresh_token_cookie'
    app/controllers/concerns/preference/base.rb:762:in 'Preference::Base#create_new_preference_record!'
    app/controllers/concerns/preference/base.rb:721:in 'Preference::Base#load_preference_record_from_refresh_token!'
    app/controllers/concerns/preference/base.rb:217:in 'Preference::Base#set_preferences_cookie'
    app/middleware/core/surface_middleware.rb:12:in 'Core::SurfaceMiddleware#call'
    test/controllers/sign/app/roots_controller_test.rb:44:in 'block in <class:RootsControllerTest>'
    test/support/i18n_locale_reset.rb:11:in 'block in ActiveSupport::TestCase#run'
    test/support/i18n_locale_reset.rb:10:in 'ActiveSupport::TestCase#run'

bin/rails test test/controllers/sign/app/roots_controller_test.rb:43

E

Error:
Sign::App::RootsControllerTest#test_renders_layout_contract:
NameError: uninitialized constant Preference::Core::CookieOptions
    app/controllers/concerns/preference/base.rb:1096:in 'Preference::Base#preference_cookie_options'
    app/controllers/concerns/preference/base.rb:971:in 'Preference::Base#preference_auth_cookie_options'
    app/controllers/concerns/preference/base.rb:940:in 'Preference::Base#set_refresh_token_cookie'
    app/controllers/concerns/preference/base.rb:762:in 'Preference::Base#create_new_preference_record!'
    app/controllers/concerns/preference/base.rb:721:in 'Preference::Base#load_preference_record_from_refresh_token!'
    app/controllers/concerns/preference/base.rb:217:in 'Preference::Base#set_preferences_cookie'
    app/middleware/core/surface_middleware.rb:12:in 'Core::SurfaceMiddleware#call'
    test/controllers/sign/app/roots_controller_test.rb:25:in 'block in <class:RootsControllerTest>'
    test/support/i18n_locale_reset.rb:11:in 'block in ActiveSupport::TestCase#run'
    test/support/i18n_locale_reset.rb:10:in 'ActiveSupport::TestCase#run'

bin/rails test test/controllers/sign/app/roots_controller_test.rb:24

............E

Error:
News::Org::Edge::V1::VersionsControllerTest#test_should_get_show:
NameError: uninitialized constant Preference::Core::CookieOptions
    app/controllers/concerns/preference/base.rb:1096:in 'Preference::Base#preference_cookie_options'
    app/controllers/concerns/preference/base.rb:971:in 'Preference::Base#preference_auth_cookie_options'
    app/controllers/concerns/preference/base.rb:940:in 'Preference::Base#set_refresh_token_cookie'
    app/controllers/concerns/preference/base.rb:762:in 'Preference::Base#create_new_preference_record!'
    app/controllers/concerns/preference/base.rb:721:in 'Preference::Base#load_preference_record_from_refresh_token!'
    app/controllers/concerns/preference/base.rb:217:in 'Preference::Base#set_preferences_cookie'
    app/middleware/core/surface_middleware.rb:12:in 'Core::SurfaceMiddleware#call'
    test/controllers/news/org/edge/v1/versions_controller_test.rb:23:in 'block in <class:VersionsControllerTest>'
    test/support/i18n_locale_reset.rb:11:in 'block in ActiveSupport::TestCase#run'
    test/support/i18n_locale_reset.rb:10:in 'ActiveSupport::TestCase#run'

bin/rails test test/controllers/news/org/edge/v1/versions_controller_test.rb:22

E

Error:
News::Org::Edge::V1::VersionsControllerTest#test_should_get_show_as_json:
NameError: uninitialized constant Preference::Core::CookieOptions
    app/controllers/concerns/preference/base.rb:1096:in 'Preference::Base#preference_cookie_options'
    app/controllers/concerns/preference/base.rb:971:in 'Preference::Base#preference_auth_cookie_options'
    app/controllers/concerns/preference/base.rb:940:in 'Preference::Base#set_refresh_token_cookie'
    app/controllers/concerns/preference/base.rb:762:in 'Preference::Base#create_new_preference_record!'
    app/controllers/concerns/preference/base.rb:721:in 'Preference::Base#load_preference_record_from_refresh_token!'
    app/controllers/concerns/preference/base.rb:217:in 'Preference::Base#set_preferences_cookie'
    app/middleware/core/surface_middleware.rb:12:in 'Core::SurfaceMiddleware#call'
    test/controllers/news/org/edge/v1/versions_controller_test.rb:28:in 'block in <class:VersionsControllerTest>'
    test/support/i18n_locale_reset.rb:11:in 'block in ActiveSupport::TestCase#run'
    test/support/i18n_locale_reset.rb:10:in 'ActiveSupport::TestCase#run'

bin/rails test test/controllers/news/org/edge/v1/versions_controller_test.rb:27

E

Error:
News::Org::Edge::V1::VersionsControllerTest#test_should_get_index:
NameError: uninitialized constant Preference::Core::CookieOptions
    app/controllers/concerns/preference/base.rb:1096:in 'Preference::Base#preference_cookie_options'
    app/controllers/concerns/preference/base.rb:971:in 'Preference::Base#preference_auth_cookie_options'
    app/controllers/concerns/preference/base.rb:940:in 'Preference::Base#set_refresh_token_cookie'
    app/controllers/concerns/preference/base.rb:762:in 'Preference::Base#create_new_preference_record!'
    app/controllers/concerns/preference/base.rb:721:in 'Preference::Base#load_preference_record_from_refresh_token!'
    app/controllers/concerns/preference/base.rb:217:in 'Preference::Base#set_preferences_cookie'
    app/middleware/core/surface_middleware.rb:12:in 'Core::SurfaceMiddleware#call'
    test/controllers/news/org/edge/v1/versions_controller_test.rb:11:in 'block in <class:VersionsControllerTest>'
    test/support/i18n_locale_reset.rb:11:in 'block in ActiveSupport::TestCase#run'
    test/support/i18n_locale_reset.rb:10:in 'ActiveSupport::TestCase#run'

bin/rails test test/controllers/news/org/edge/v1/versions_controller_test.rb:10

E

Error:
News::Org::Edge::V1::VersionsControllerTest#test_should_get_index_as_json:
NameError: uninitialized constant Preference::Core::CookieOptions
    app/controllers/concerns/preference/base.rb:1096:in 'Preference::Base#preference_cookie_options'
    app/controllers/concerns/preference/base.rb:971:in 'Preference::Base#preference_auth_cookie_options'
    app/controllers/concerns/preference/base.rb:940:in 'Preference::Base#set_refresh_token_cookie'
    app/controllers/concerns/preference/base.rb:762:in 'Preference::Base#create_new_preference_record!'
    app/controllers/concerns/preference/base.rb:721:in 'Preference::Base#load_preference_record_from_refresh_token!'
    app/controllers/concerns/preference/base.rb:217:in 'Preference::Base#set_preferences_cookie'
    app/middleware/core/surface_middleware.rb:12:in 'Core::SurfaceMiddleware#call'
    test/controllers/news/org/edge/v1/versions_controller_test.rb:16:in 'block in <class:VersionsControllerTest>'
    test/support/i18n_locale_reset.rb:11:in 'block in ActiveSupport::TestCase#run'
    test/support/i18n_locale_reset.rb:10:in 'ActiveSupport::TestCase#run'

bin/rails test test/controllers/news/org/edge/v1/versions_controller_test.rb:15

...........................................E

Error:
Help::Com::HealthsControllerTest#test_GET_/health_returns_OK_response:
NameError: uninitialized constant Preference::Core::CookieOptions
    app/controllers/concerns/preference/base.rb:1096:in 'Preference::Base#preference_cookie_options'
    app/controllers/concerns/preference/base.rb:971:in 'Preference::Base#preference_auth_cookie_options'
    app/controllers/concerns/preference/base.rb:940:in 'Preference::Base#set_refresh_token_cookie'
    app/controllers/concerns/preference/base.rb:762:in 'Preference::Base#create_new_preference_record!'
    app/controllers/concerns/preference/base.rb:721:in 'Preference::Base#load_preference_record_from_refresh_token!'
    app/controllers/concerns/preference/base.rb:217:in 'Preference::Base#set_preferences_cookie'
    app/middleware/core/surface_middleware.rb:12:in 'Core::SurfaceMiddleware#call'
    test/controllers/help/com/healths_controller_test.rb:19:in 'block in <class:HealthsControllerTest>'
    test/support/i18n_locale_reset.rb:11:in 'block in ActiveSupport::TestCase#run'
    test/support/i18n_locale_reset.rb:10:in 'ActiveSupport::TestCase#run'

bin/rails test test/controllers/help/com/healths_controller_test.rb:18

E

Error:
Help::Com::HealthsControllerTest#test_GET_/health_returns_OK_html_response:
NameError: uninitialized constant Preference::Core::CookieOptions
    app/controllers/concerns/preference/base.rb:1096:in 'Preference::Base#preference_cookie_options'
    app/controllers/concerns/preference/base.rb:971:in 'Preference::Base#preference_auth_cookie_options'
    app/controllers/concerns/preference/base.rb:940:in 'Preference::Base#set_refresh_token_cookie'
    app/controllers/concerns/preference/base.rb:762:in 'Preference::Base#create_new_preference_record!'
    app/controllers/concerns/preference/base.rb:721:in 'Preference::Base#load_preference_record_from_refresh_token!'
    app/controllers/concerns/preference/base.rb:217:in 'Preference::Base#set_preferences_cookie'
    app/middleware/core/surface_middleware.rb:12:in 'Core::SurfaceMiddleware#call'
    test/controllers/help/com/healths_controller_test.rb:26:in 'block in <class:HealthsControllerTest>'
    test/support/i18n_locale_reset.rb:11:in 'block in ActiveSupport::TestCase#run'
    test/support/i18n_locale_reset.rb:10:in 'ActiveSupport::TestCase#run'

bin/rails test test/controllers/help/com/healths_controller_test.rb:25

E

Error:
Help::Com::HealthsControllerTest#test_GET_/health_returns_OK_json_response:
NameError: uninitialized constant Preference::Core::CookieOptions
    app/controllers/concerns/preference/base.rb:1096:in 'Preference::Base#preference_cookie_options'
    app/controllers/concerns/preference/base.rb:971:in 'Preference::Base#preference_auth_cookie_options'
    app/controllers/concerns/preference/base.rb:940:in 'Preference::Base#set_refresh_token_cookie'
    app/controllers/concerns/preference/base.rb:762:in 'Preference::Base#create_new_preference_record!'
    app/controllers/concerns/preference/base.rb:721:in 'Preference::Base#load_preference_record_from_refresh_token!'
    app/controllers/concerns/preference/base.rb:217:in 'Preference::Base#set_preferences_cookie'
    app/middleware/core/surface_middleware.rb:12:in 'Core::SurfaceMiddleware#call'
    test/controllers/help/com/healths_controller_test.rb:33:in 'block in <class:HealthsControllerTest>'
    test/support/i18n_locale_reset.rb:11:in 'block in ActiveSupport::TestCase#run'
    test/support/i18n_locale_reset.rb:10:in 'ActiveSupport::TestCase#run'

bin/rails test test/controllers/help/com/healths_controller_test.rb:32

.....................E

Error:
Sign::Org::Verification::TotpsControllerTest#test_creates_verification_on_success:
NameError: uninitialized constant Preference::Core::CookieOptions
    app/controllers/concerns/preference/base.rb:1096:in 'Preference::Base#preference_cookie_options'
    app/controllers/concerns/preference/base.rb:971:in 'Preference::Base#preference_auth_cookie_options'
    app/controllers/concerns/preference/base.rb:940:in 'Preference::Base#set_refresh_token_cookie'
    app/controllers/concerns/preference/base.rb:762:in 'Preference::Base#create_new_preference_record!'
    app/controllers/concerns/preference/base.rb:721:in 'Preference::Base#load_preference_record_from_refresh_token!'
    app/controllers/concerns/preference/base.rb:217:in 'Preference::Base#set_preferences_cookie'
    app/middleware/core/surface_middleware.rb:12:in 'Core::SurfaceMiddleware#call'
    test/controllers/sign/org/verification/totps_controller_test.rb:32:in 'block in <class:TotpsControllerTest>'
    test/support/i18n_locale_reset.rb:11:in 'block in ActiveSupport::TestCase#run'
    test/support/i18n_locale_reset.rb:10:in 'ActiveSupport::TestCase#run'

bin/rails test test/controllers/sign/org/verification/totps_controller_test.rb:23

E

Error:
Core::Org::Docs::App::VersionsControllerTest#test_should_get_new:
NameError: uninitialized constant Preference::Core::CookieOptions
    app/controllers/concerns/preference/base.rb:1096:in 'Preference::Base#preference_cookie_options'
    app/controllers/concerns/preference/base.rb:971:in 'Preference::Base#preference_auth_cookie_options'
    app/controllers/concerns/preference/base.rb:940:in 'Preference::Base#set_refresh_token_cookie'
    app/controllers/concerns/preference/base.rb:762:in 'Preference::Base#create_new_preference_record!'
    app/controllers/concerns/preference/base.rb:721:in 'Preference::Base#load_preference_record_from_refresh_token!'
    app/controllers/concerns/preference/base.rb:217:in 'Preference::Base#set_preferences_cookie'
    app/middleware/core/surface_middleware.rb:12:in 'Core::SurfaceMiddleware#call'
    test/controllers/core/org/docs/app/versions_controller_test.rb:11:in 'block in <class:VersionsControllerTest>'
    test/support/i18n_locale_reset.rb:11:in 'block in ActiveSupport::TestCase#run'
    test/support/i18n_locale_reset.rb:10:in 'ActiveSupport::TestCase#run'

bin/rails test test/controllers/core/org/docs/app/versions_controller_test.rb:10

E

Error:
Core::Org::Docs::App::VersionsControllerTest#test_should_create_version:
NameError: uninitialized constant Preference::Core::CookieOptions
    app/controllers/concerns/preference/base.rb:1096:in 'Preference::Base#preference_cookie_options'
    app/controllers/concerns/preference/base.rb:971:in 'Preference::Base#preference_auth_cookie_options'
    app/controllers/concerns/preference/base.rb:940:in 'Preference::Base#set_refresh_token_cookie'
    app/controllers/concerns/preference/base.rb:762:in 'Preference::Base#create_new_preference_record!'
    app/controllers/concerns/preference/base.rb:721:in 'Preference::Base#load_preference_record_from_refresh_token!'
    app/controllers/concerns/preference/base.rb:217:in 'Preference::Base#set_preferences_cookie'
    app/middleware/core/surface_middleware.rb:12:in 'Core::SurfaceMiddleware#call'
    test/controllers/core/org/docs/app/versions_controller_test.rb:16:in 'block in <class:VersionsControllerTest>'
    test/support/i18n_locale_reset.rb:11:in 'block in ActiveSupport::TestCase#run'
    test/support/i18n_locale_reset.rb:10:in 'ActiveSupport::TestCase#run'

bin/rails test test/controllers/core/org/docs/app/versions_controller_test.rb:15

E

Error:
Core::Org::Docs::App::VersionsControllerTest#test_should_get_edit:
NameError: uninitialized constant Preference::Core::CookieOptions
    app/controllers/concerns/preference/base.rb:1096:in 'Preference::Base#preference_cookie_options'
    app/controllers/concerns/preference/base.rb:971:in 'Preference::Base#preference_auth_cookie_options'
    app/controllers/concerns/preference/base.rb:940:in 'Preference::Base#set_refresh_token_cookie'
    app/controllers/concerns/preference/base.rb:762:in 'Preference::Base#create_new_preference_record!'
    app/controllers/concerns/preference/base.rb:721:in 'Preference::Base#load_preference_record_from_refresh_token!'
    app/controllers/concerns/preference/base.rb:217:in 'Preference::Base#set_preferences_cookie'
    app/middleware/core/surface_middleware.rb:12:in 'Core::SurfaceMiddleware#call'
    test/controllers/core/org/docs/app/versions_controller_test.rb:21:in 'block in <class:VersionsControllerTest>'
    test/support/i18n_locale_reset.rb:11:in 'block in ActiveSupport::TestCase#run'
    test/support/i18n_locale_reset.rb:10:in 'ActiveSupport::TestCase#run'

bin/rails test test/controllers/core/org/docs/app/versions_controller_test.rb:20

E

Error:
Core::Org::Docs::App::VersionsControllerTest#test_should_destroy_version:
NameError: uninitialized constant Preference::Core::CookieOptions
    app/controllers/concerns/preference/base.rb:1096:in 'Preference::Base#preference_cookie_options'
    app/controllers/concerns/preference/base.rb:971:in 'Preference::Base#preference_auth_cookie_options'
    app/controllers/concerns/preference/base.rb:940:in 'Preference::Base#set_refresh_token_cookie'
    app/controllers/concerns/preference/base.rb:762:in 'Preference::Base#create_new_preference_record!'
    app/controllers/concerns/preference/base.rb:721:in 'Preference::Base#load_preference_record_from_refresh_token!'
    app/controllers/concerns/preference/base.rb:217:in 'Preference::Base#set_preferences_cookie'
    app/middleware/core/surface_middleware.rb:12:in 'Core::SurfaceMiddleware#call'
    test/controllers/core/org/docs/app/versions_controller_test.rb:31:in 'block in <class:VersionsControllerTest>'
    test/support/i18n_locale_reset.rb:11:in 'block in ActiveSupport::TestCase#run'
    test/support/i18n_locale_reset.rb:10:in 'ActiveSupport::TestCase#run'

bin/rails test test/controllers/core/org/docs/app/versions_controller_test.rb:30

E

Error:
Core::Org::Docs::App::VersionsControllerTest#test_should_update_version:
NameError: uninitialized constant Preference::Core::CookieOptions
    app/controllers/concerns/preference/base.rb:1096:in 'Preference::Base#preference_cookie_options'
    app/controllers/concerns/preference/base.rb:971:in 'Preference::Base#preference_auth_cookie_options'
    app/controllers/concerns/preference/base.rb:940:in 'Preference::Base#set_refresh_token_cookie'
    app/controllers/concerns/preference/base.rb:762:in 'Preference::Base#create_new_preference_record!'
    app/controllers/concerns/preference/base.rb:721:in 'Preference::Base#load_preference_record_from_refresh_token!'
    app/controllers/concerns/preference/base.rb:217:in 'Preference::Base#set_preferences_cookie'
    app/middleware/core/surface_middleware.rb:12:in 'Core::SurfaceMiddleware#call'
    test/controllers/core/org/docs/app/versions_controller_test.rb:26:in 'block in <class:VersionsControllerTest>'
    test/support/i18n_locale_reset.rb:11:in 'block in ActiveSupport::TestCase#run'
    test/support/i18n_locale_reset.rb:10:in 'ActiveSupport::TestCase#run'

bin/rails test test/controllers/core/org/docs/app/versions_controller_test.rb:25

E

Error:
Sign::Org::In::SecretsControllerTest#test_should_get_create:
NameError: uninitialized constant Preference::Core::CookieOptions
    app/controllers/concerns/preference/base.rb:1096:in 'Preference::Base#preference_cookie_options'
    app/controllers/concerns/preference/base.rb:971:in 'Preference::Base#preference_auth_cookie_options'
    app/controllers/concerns/preference/base.rb:940:in 'Preference::Base#set_refresh_token_cookie'
    app/controllers/concerns/preference/base.rb:762:in 'Preference::Base#create_new_preference_record!'
    app/controllers/concerns/preference/base.rb:721:in 'Preference::Base#load_preference_record_from_refresh_token!'
    app/controllers/concerns/preference/base.rb:217:in 'Preference::Base#set_preferences_cookie'
    app/middleware/core/surface_middleware.rb:12:in 'Core::SurfaceMiddleware#call'
    test/controllers/sign/org/in/secrets_controller_test.rb:12:in 'block in <class:SecretsControllerTest>'
    test/support/i18n_locale_reset.rb:11:in 'block in ActiveSupport::TestCase#run'
    test/support/i18n_locale_reset.rb:10:in 'ActiveSupport::TestCase#run'

bin/rails test test/controllers/sign/org/in/secrets_controller_test.rb:11

E

Error:
Sign::Org::In::SecretsControllerTest#test_should_get_new:
NameError: uninitialized constant Preference::Core::CookieOptions
    app/controllers/concerns/preference/base.rb:1096:in 'Preference::Base#preference_cookie_options'
    app/controllers/concerns/preference/base.rb:971:in 'Preference::Base#preference_auth_cookie_options'
    app/controllers/concerns/preference/base.rb:940:in 'Preference::Base#set_refresh_token_cookie'
    app/controllers/concerns/preference/base.rb:762:in 'Preference::Base#create_new_preference_record!'
    app/controllers/concerns/preference/base.rb:721:in 'Preference::Base#load_preference_record_from_refresh_token!'
    app/controllers/concerns/preference/base.rb:217:in 'Preference::Base#set_preferences_cookie'
    app/middleware/core/surface_middleware.rb:12:in 'Core::SurfaceMiddleware#call'
    test/controllers/sign/org/in/secrets_controller_test.rb:7:in 'block in <class:SecretsControllerTest>'
    test/support/i18n_locale_reset.rb:11:in 'block in ActiveSupport::TestCase#run'
    test/support/i18n_locale_reset.rb:10:in 'ActiveSupport::TestCase#run'

bin/rails test test/controllers/sign/org/in/secrets_controller_test.rb:6

E

Error:
News::Org::HealthsControllerTest#test_GET_/health_returns_OK_response:
NameError: uninitialized constant Preference::Core::CookieOptions
    app/controllers/concerns/preference/base.rb:1096:in 'Preference::Base#preference_cookie_options'
    app/controllers/concerns/preference/base.rb:971:in 'Preference::Base#preference_auth_cookie_options'
    app/controllers/concerns/preference/base.rb:940:in 'Preference::Base#set_refresh_token_cookie'
    app/controllers/concerns/preference/base.rb:762:in 'Preference::Base#create_new_preference_record!'
    app/controllers/concerns/preference/base.rb:721:in 'Preference::Base#load_preference_record_from_refresh_token!'
    app/controllers/concerns/preference/base.rb:217:in 'Preference::Base#set_preferences_cookie'
    app/middleware/core/surface_middleware.rb:12:in 'Core::SurfaceMiddleware#call'
    test/controllers/news/org/healths_controller_test.rb:7:in 'block in <class:HealthsControllerTest>'
    test/support/i18n_locale_reset.rb:11:in 'block in ActiveSupport::TestCase#run'
    test/support/i18n_locale_reset.rb:10:in 'ActiveSupport::TestCase#run'

bin/rails test test/controllers/news/org/healths_controller_test.rb:6

E

Error:
News::Org::HealthsControllerTest#test_GET_/health_returns_OK_html_response:
NameError: uninitialized constant Preference::Core::CookieOptions
    app/controllers/concerns/preference/base.rb:1096:in 'Preference::Base#preference_cookie_options'
    app/controllers/concerns/preference/base.rb:971:in 'Preference::Base#preference_auth_cookie_options'
    app/controllers/concerns/preference/base.rb:940:in 'Preference::Base#set_refresh_token_cookie'
    app/controllers/concerns/preference/base.rb:762:in 'Preference::Base#create_new_preference_record!'
    app/controllers/concerns/preference/base.rb:721:in 'Preference::Base#load_preference_record_from_refresh_token!'
    app/controllers/concerns/preference/base.rb:217:in 'Preference::Base#set_preferences_cookie'
    app/middleware/core/surface_middleware.rb:12:in 'Core::SurfaceMiddleware#call'
    test/controllers/news/org/healths_controller_test.rb:14:in 'block in <class:HealthsControllerTest>'
    test/support/i18n_locale_reset.rb:11:in 'block in ActiveSupport::TestCase#run'
    test/support/i18n_locale_reset.rb:10:in 'ActiveSupport::TestCase#run'

bin/rails test test/controllers/news/org/healths_controller_test.rb:13

E

Error:
News::Org::HealthsControllerTest#test_GET_/health_returns_OK_json_response:
NameError: uninitialized constant Preference::Core::CookieOptions
    app/controllers/concerns/preference/base.rb:1096:in 'Preference::Base#preference_cookie_options'
    app/controllers/concerns/preference/base.rb:971:in 'Preference::Base#preference_auth_cookie_options'
    app/controllers/concerns/preference/base.rb:940:in 'Preference::Base#set_refresh_token_cookie'
    app/controllers/concerns/preference/base.rb:762:in 'Preference::Base#create_new_preference_record!'
    app/controllers/concerns/preference/base.rb:721:in 'Preference::Base#load_preference_record_from_refresh_token!'
    app/controllers/concerns/preference/base.rb:217:in 'Preference::Base#set_preferences_cookie'
    app/middleware/core/surface_middleware.rb:12:in 'Core::SurfaceMiddleware#call'
    test/controllers/news/org/healths_controller_test.rb:21:in 'block in <class:HealthsControllerTest>'
    test/support/i18n_locale_reset.rb:11:in 'block in ActiveSupport::TestCase#run'
    test/support/i18n_locale_reset.rb:10:in 'ActiveSupport::TestCase#run'

bin/rails test test/controllers/news/org/healths_controller_test.rb:20

..E

Error:
Docs::App::Edge::V1::VersionsControllerTest#test_should_get_show:
NameError: uninitialized constant Preference::Core::CookieOptions
    app/controllers/concerns/preference/base.rb:1096:in 'Preference::Base#preference_cookie_options'
    app/controllers/concerns/preference/base.rb:971:in 'Preference::Base#preference_auth_cookie_options'
    app/controllers/concerns/preference/base.rb:940:in 'Preference::Base#set_refresh_token_cookie'
    app/controllers/concerns/preference/base.rb:762:in 'Preference::Base#create_new_preference_record!'
    app/controllers/concerns/preference/base.rb:721:in 'Preference::Base#load_preference_record_from_refresh_token!'
    app/controllers/concerns/preference/base.rb:217:in 'Preference::Base#set_preferences_cookie'
    app/middleware/core/surface_middleware.rb:12:in 'Core::SurfaceMiddleware#call'
    test/controllers/docs/app/edge/v1/versions_controller_test.rb:23:in 'block in <class:VersionsControllerTest>'
    test/support/i18n_locale_reset.rb:11:in 'block in ActiveSupport::TestCase#run'
    test/support/i18n_locale_reset.rb:10:in 'ActiveSupport::TestCase#run'

bin/rails test test/controllers/docs/app/edge/v1/versions_controller_test.rb:22

E

Error:
Docs::App::Edge::V1::VersionsControllerTest#test_should_get_show_as_json:
NameError: uninitialized constant Preference::Core::CookieOptions
    app/controllers/concerns/preference/base.rb:1096:in 'Preference::Base#preference_cookie_options'
    app/controllers/concerns/preference/base.rb:971:in 'Preference::Base#preference_auth_cookie_options'
    app/controllers/concerns/preference/base.rb:940:in 'Preference::Base#set_refresh_token_cookie'
    app/controllers/concerns/preference/base.rb:762:in 'Preference::Base#create_new_preference_record!'
    app/controllers/concerns/preference/base.rb:721:in 'Preference::Base#load_preference_record_from_refresh_token!'
    app/controllers/concerns/preference/base.rb:217:in 'Preference::Base#set_preferences_cookie'
    app/middleware/core/surface_middleware.rb:12:in 'Core::SurfaceMiddleware#call'
    test/controllers/docs/app/edge/v1/versions_controller_test.rb:28:in 'block in <class:VersionsControllerTest>'
    test/support/i18n_locale_reset.rb:11:in 'block in ActiveSupport::TestCase#run'
    test/support/i18n_locale_reset.rb:10:in 'ActiveSupport::TestCase#run'

bin/rails test test/controllers/docs/app/edge/v1/versions_controller_test.rb:27

E

Error:
Docs::App::Edge::V1::VersionsControllerTest#test_should_get_index:
NameError: uninitialized constant Preference::Core::CookieOptions
    app/controllers/concerns/preference/base.rb:1096:in 'Preference::Base#preference_cookie_options'
    app/controllers/concerns/preference/base.rb:971:in 'Preference::Base#preference_auth_cookie_options'
    app/controllers/concerns/preference/base.rb:940:in 'Preference::Base#set_refresh_token_cookie'
    app/controllers/concerns/preference/base.rb:762:in 'Preference::Base#create_new_preference_record!'
    app/controllers/concerns/preference/base.rb:721:in 'Preference::Base#load_preference_record_from_refresh_token!'
    app/controllers/concerns/preference/base.rb:217:in 'Preference::Base#set_preferences_cookie'
    app/middleware/core/surface_middleware.rb:12:in 'Core::SurfaceMiddleware#call'
    test/controllers/docs/app/edge/v1/versions_controller_test.rb:11:in 'block in <class:VersionsControllerTest>'
    test/support/i18n_locale_reset.rb:11:in 'block in ActiveSupport::TestCase#run'
    test/support/i18n_locale_reset.rb:10:in 'ActiveSupport::TestCase#run'

bin/rails test test/controllers/docs/app/edge/v1/versions_controller_test.rb:10

E

Error:
Docs::App::Edge::V1::VersionsControllerTest#test_should_get_index_as_json:
NameError: uninitialized constant Preference::Core::CookieOptions
    app/controllers/concerns/preference/base.rb:1096:in 'Preference::Base#preference_cookie_options'
    app/controllers/concerns/preference/base.rb:971:in 'Preference::Base#preference_auth_cookie_options'
    app/controllers/concerns/preference/base.rb:940:in 'Preference::Base#set_refresh_token_cookie'
    app/controllers/concerns/preference/base.rb:762:in 'Preference::Base#create_new_preference_record!'
    app/controllers/concerns/preference/base.rb:721:in 'Preference::Base#load_preference_record_from_refresh_token!'
    app/controllers/concerns/preference/base.rb:217:in 'Preference::Base#set_preferences_cookie'
    app/middleware/core/surface_middleware.rb:12:in 'Core::SurfaceMiddleware#call'
    test/controllers/docs/app/edge/v1/versions_controller_test.rb:16:in 'block in <class:VersionsControllerTest>'
    test/support/i18n_locale_reset.rb:11:in 'block in ActiveSupport::TestCase#run'
    test/support/i18n_locale_reset.rb:10:in 'ActiveSupport::TestCase#run'

bin/rails test test/controllers/docs/app/edge/v1/versions_controller_test.rb:15

E

Error:
Core::Org::News::Com::PostsControllerTest#test_should_create_post:
NameError: uninitialized constant Preference::Core::CookieOptions
    app/controllers/concerns/preference/base.rb:1096:in 'Preference::Base#preference_cookie_options'
    app/controllers/concerns/preference/base.rb:971:in 'Preference::Base#preference_auth_cookie_options'
    app/controllers/concerns/preference/base.rb:940:in 'Preference::Base#set_refresh_token_cookie'
    app/controllers/concerns/preference/base.rb:762:in 'Preference::Base#create_new_preference_record!'
    app/controllers/concerns/preference/base.rb:721:in 'Preference::Base#load_preference_record_from_refresh_token!'
    app/controllers/concerns/preference/base.rb:217:in 'Preference::Base#set_preferences_cookie'
    app/middleware/core/surface_middleware.rb:12:in 'Core::SurfaceMiddleware#call'
    test/controllers/core/org/news/com/posts_controller_test.rb:21:in 'block in <class:PostsControllerTest>'
    test/support/i18n_locale_reset.rb:11:in 'block in ActiveSupport::TestCase#run'
    test/support/i18n_locale_reset.rb:10:in 'ActiveSupport::TestCase#run'

bin/rails test test/controllers/core/org/news/com/posts_controller_test.rb:20

E

Error:
Core::Org::News::Com::PostsControllerTest#test_should_update_post:
NameError: uninitialized constant Preference::Core::CookieOptions
    app/controllers/concerns/preference/base.rb:1096:in 'Preference::Base#preference_cookie_options'
    app/controllers/concerns/preference/base.rb:971:in 'Preference::Base#preference_auth_cookie_options'
    app/controllers/concerns/preference/base.rb:940:in 'Preference::Base#set_refresh_token_cookie'
    app/controllers/concerns/preference/base.rb:762:in 'Preference::Base#create_new_preference_record!'
    app/controllers/concerns/preference/base.rb:721:in 'Preference::Base#load_preference_record_from_refresh_token!'
    app/controllers/concerns/preference/base.rb:217:in 'Preference::Base#set_preferences_cookie'
    app/middleware/core/surface_middleware.rb:12:in 'Core::SurfaceMiddleware#call'
    test/controllers/core/org/news/com/posts_controller_test.rb:36:in 'block in <class:PostsControllerTest>'
    test/support/i18n_locale_reset.rb:11:in 'block in ActiveSupport::TestCase#run'
    test/support/i18n_locale_reset.rb:10:in 'ActiveSupport::TestCase#run'

bin/rails test test/controllers/core/org/news/com/posts_controller_test.rb:35

E

Error:
Core::Org::News::Com::PostsControllerTest#test_should_get_index:
NameError: uninitialized constant Preference::Core::CookieOptions
    app/controllers/concerns/preference/base.rb:1096:in 'Preference::Base#preference_cookie_options'
    app/controllers/concerns/preference/base.rb:971:in 'Preference::Base#preference_auth_cookie_options'
    app/controllers/concerns/preference/base.rb:940:in 'Preference::Base#set_refresh_token_cookie'
    app/controllers/concerns/preference/base.rb:762:in 'Preference::Base#create_new_preference_record!'
    app/controllers/concerns/preference/base.rb:721:in 'Preference::Base#load_preference_record_from_refresh_token!'
    app/controllers/concerns/preference/base.rb:217:in 'Preference::Base#set_preferences_cookie'
    app/middleware/core/surface_middleware.rb:12:in 'Core::SurfaceMiddleware#call'
    test/controllers/core/org/news/com/posts_controller_test.rb:11:in 'block in <class:PostsControllerTest>'
    test/support/i18n_locale_reset.rb:11:in 'block in ActiveSupport::TestCase#run'
    test/support/i18n_locale_reset.rb:10:in 'ActiveSupport::TestCase#run'

bin/rails test test/controllers/core/org/news/com/posts_controller_test.rb:10

E

Error:
Core::Org::News::Com::PostsControllerTest#test_should_get_edit:
NameError: uninitialized constant Preference::Core::CookieOptions
    app/controllers/concerns/preference/base.rb:1096:in 'Preference::Base#preference_cookie_options'
    app/controllers/concerns/preference/base.rb:971:in 'Preference::Base#preference_auth_cookie_options'
    app/controllers/concerns/preference/base.rb:940:in 'Preference::Base#set_refresh_token_cookie'
    app/controllers/concerns/preference/base.rb:762:in 'Preference::Base#create_new_preference_record!'
    app/controllers/concerns/preference/base.rb:721:in 'Preference::Base#load_preference_record_from_refresh_token!'
    app/controllers/concerns/preference/base.rb:217:in 'Preference::Base#set_preferences_cookie'
    app/middleware/core/surface_middleware.rb:12:in 'Core::SurfaceMiddleware#call'
    test/controllers/core/org/news/com/posts_controller_test.rb:31:in 'block in <class:PostsControllerTest>'
    test/support/i18n_locale_reset.rb:11:in 'block in ActiveSupport::TestCase#run'
    test/support/i18n_locale_reset.rb:10:in 'ActiveSupport::TestCase#run'

bin/rails test test/controllers/core/org/news/com/posts_controller_test.rb:30

E

Error:
Core::Org::News::Com::PostsControllerTest#test_should_destroy_post:
NameError: uninitialized constant Preference::Core::CookieOptions
    app/controllers/concerns/preference/base.rb:1096:in 'Preference::Base#preference_cookie_options'
    app/controllers/concerns/preference/base.rb:971:in 'Preference::Base#preference_auth_cookie_options'
    app/controllers/concerns/preference/base.rb:940:in 'Preference::Base#set_refresh_token_cookie'
    app/controllers/concerns/preference/base.rb:762:in 'Preference::Base#create_new_preference_record!'
    app/controllers/concerns/preference/base.rb:721:in 'Preference::Base#load_preference_record_from_refresh_token!'
    app/controllers/concerns/preference/base.rb:217:in 'Preference::Base#set_preferences_cookie'
    app/middleware/core/surface_middleware.rb:12:in 'Core::SurfaceMiddleware#call'
    test/controllers/core/org/news/com/posts_controller_test.rb:41:in 'block in <class:PostsControllerTest>'
    test/support/i18n_locale_reset.rb:11:in 'block in ActiveSupport::TestCase#run'
    test/support/i18n_locale_reset.rb:10:in 'ActiveSupport::TestCase#run'

bin/rails test test/controllers/core/org/news/com/posts_controller_test.rb:40

E

Error:
Core::Org::News::Com::PostsControllerTest#test_should_get_new:
NameError: uninitialized constant Preference::Core::CookieOptions
    app/controllers/concerns/preference/base.rb:1096:in 'Preference::Base#preference_cookie_options'
    app/controllers/concerns/preference/base.rb:971:in 'Preference::Base#preference_auth_cookie_options'
    app/controllers/concerns/preference/base.rb:940:in 'Preference::Base#set_refresh_token_cookie'
    app/controllers/concerns/preference/base.rb:762:in 'Preference::Base#create_new_preference_record!'
    app/controllers/concerns/preference/base.rb:721:in 'Preference::Base#load_preference_record_from_refresh_token!'
    app/controllers/concerns/preference/base.rb:217:in 'Preference::Base#set_preferences_cookie'
    app/middleware/core/surface_middleware.rb:12:in 'Core::SurfaceMiddleware#call'
    test/controllers/core/org/news/com/posts_controller_test.rb:16:in 'block in <class:PostsControllerTest>'
    test/support/i18n_locale_reset.rb:11:in 'block in ActiveSupport::TestCase#run'
    test/support/i18n_locale_reset.rb:10:in 'ActiveSupport::TestCase#run'

bin/rails test test/controllers/core/org/news/com/posts_controller_test.rb:15

E

Error:
Core::Org::News::Com::PostsControllerTest#test_should_show_post:
NameError: uninitialized constant Preference::Core::CookieOptions
    app/controllers/concerns/preference/base.rb:1096:in 'Preference::Base#preference_cookie_options'
    app/controllers/concerns/preference/base.rb:971:in 'Preference::Base#preference_auth_cookie_options'
    app/controllers/concerns/preference/base.rb:940:in 'Preference::Base#set_refresh_token_cookie'
    app/controllers/concerns/preference/base.rb:762:in 'Preference::Base#create_new_preference_record!'
    app/controllers/concerns/preference/base.rb:721:in 'Preference::Base#load_preference_record_from_refresh_token!'
    app/controllers/concerns/preference/base.rb:217:in 'Preference::Base#set_preferences_cookie'
    app/middleware/core/surface_middleware.rb:12:in 'Core::SurfaceMiddleware#call'
    test/controllers/core/org/news/com/posts_controller_test.rb:26:in 'block in <class:PostsControllerTest>'
    test/support/i18n_locale_reset.rb:11:in 'block in ActiveSupport::TestCase#run'
    test/support/i18n_locale_reset.rb:10:in 'ActiveSupport::TestCase#run'

bin/rails test test/controllers/core/org/news/com/posts_controller_test.rb:25

..E

Error:
Sign::Org::Configuration::WithdrawalsControllerTest#test_should_get_show:
NameError: uninitialized constant Preference::Core::CookieOptions
    app/controllers/concerns/preference/base.rb:1096:in 'Preference::Base#preference_cookie_options'
    app/controllers/concerns/preference/base.rb:971:in 'Preference::Base#preference_auth_cookie_options'
    app/controllers/concerns/preference/base.rb:940:in 'Preference::Base#set_refresh_token_cookie'
    app/controllers/concerns/preference/base.rb:762:in 'Preference::Base#create_new_preference_record!'
    app/controllers/concerns/preference/base.rb:721:in 'Preference::Base#load_preference_record_from_refresh_token!'
    app/controllers/concerns/preference/base.rb:217:in 'Preference::Base#set_preferences_cookie'
    app/middleware/core/surface_middleware.rb:12:in 'Core::SurfaceMiddleware#call'
    test/controllers/sign/org/configuration/withdrawals_controller_test.rb:20:in 'block in <class:WithdrawalsControllerTest>'
    test/support/i18n_locale_reset.rb:11:in 'block in ActiveSupport::TestCase#run'
    test/support/i18n_locale_reset.rb:10:in 'ActiveSupport::TestCase#run'

bin/rails test test/controllers/sign/org/configuration/withdrawals_controller_test.rb:19

.....E

Error:
Sign::Org::In::SessionsControllerTest#test_update_for_passkey_session_without_gate_redirects_to_login:
NameError: uninitialized constant Preference::Core::CookieOptions
    app/controllers/concerns/preference/base.rb:1096:in 'Preference::Base#preference_cookie_options'
    app/controllers/concerns/preference/base.rb:971:in 'Preference::Base#preference_auth_cookie_options'
    app/controllers/concerns/preference/base.rb:940:in 'Preference::Base#set_refresh_token_cookie'
    app/controllers/concerns/preference/base.rb:762:in 'Preference::Base#create_new_preference_record!'
    app/controllers/concerns/preference/base.rb:721:in 'Preference::Base#load_preference_record_from_refresh_token!'
    app/controllers/concerns/preference/base.rb:217:in 'Preference::Base#set_preferences_cookie'
    app/middleware/core/surface_middleware.rb:12:in 'Core::SurfaceMiddleware#call'
    test/controllers/sign/org/in/sessions_controller_test.rb:29:in 'block in <class:SessionsControllerTest>'
    test/support/i18n_locale_reset.rb:11:in 'block in ActiveSupport::TestCase#run'
    test/support/i18n_locale_reset.rb:10:in 'ActiveSupport::TestCase#run'

bin/rails test test/controllers/sign/org/in/sessions_controller_test.rb:28

E

Error:
Sign::Org::In::SessionsControllerTest#test_update_without_gate_redirects_to_login_with_alert:
NameError: uninitialized constant Preference::Core::CookieOptions
    app/controllers/concerns/preference/base.rb:1096:in 'Preference::Base#preference_cookie_options'
    app/controllers/concerns/preference/base.rb:971:in 'Preference::Base#preference_auth_cookie_options'
    app/controllers/concerns/preference/base.rb:940:in 'Preference::Base#set_refresh_token_cookie'
    app/controllers/concerns/preference/base.rb:762:in 'Preference::Base#create_new_preference_record!'
    app/controllers/concerns/preference/base.rb:721:in 'Preference::Base#load_preference_record_from_refresh_token!'
    app/controllers/concerns/preference/base.rb:217:in 'Preference::Base#set_preferences_cookie'
    app/middleware/core/surface_middleware.rb:12:in 'Core::SurfaceMiddleware#call'
    test/controllers/sign/org/in/sessions_controller_test.rb:14:in 'block in <class:SessionsControllerTest>'
    test/support/i18n_locale_reset.rb:11:in 'block in ActiveSupport::TestCase#run'
    test/support/i18n_locale_reset.rb:10:in 'ActiveSupport::TestCase#run'

bin/rails test test/controllers/sign/org/in/sessions_controller_test.rb:13

E

Error:
Sign::Org::In::SessionsControllerTest#test_edit_for_passkey_session_without_gate_redirects_to_login:
NameError: uninitialized constant Preference::Core::CookieOptions
    app/controllers/concerns/preference/base.rb:1096:in 'Preference::Base#preference_cookie_options'
    app/controllers/concerns/preference/base.rb:971:in 'Preference::Base#preference_auth_cookie_options'
    app/controllers/concerns/preference/base.rb:940:in 'Preference::Base#set_refresh_token_cookie'
    app/controllers/concerns/preference/base.rb:762:in 'Preference::Base#create_new_preference_record!'
    app/controllers/concerns/preference/base.rb:721:in 'Preference::Base#load_preference_record_from_refresh_token!'
    app/controllers/concerns/preference/base.rb:217:in 'Preference::Base#set_preferences_cookie'
    app/middleware/core/surface_middleware.rb:12:in 'Core::SurfaceMiddleware#call'
    test/controllers/sign/org/in/sessions_controller_test.rb:22:in 'block in <class:SessionsControllerTest>'
    test/support/i18n_locale_reset.rb:11:in 'block in ActiveSupport::TestCase#run'
    test/support/i18n_locale_reset.rb:10:in 'ActiveSupport::TestCase#run'

bin/rails test test/controllers/sign/org/in/sessions_controller_test.rb:21

E

Error:
Sign::Org::In::SessionsControllerTest#test_edit_without_gate_redirects_to_login_with_alert:
NameError: uninitialized constant Preference::Core::CookieOptions
    app/controllers/concerns/preference/base.rb:1096:in 'Preference::Base#preference_cookie_options'
    app/controllers/concerns/preference/base.rb:971:in 'Preference::Base#preference_auth_cookie_options'
    app/controllers/concerns/preference/base.rb:940:in 'Preference::Base#set_refresh_token_cookie'
    app/controllers/concerns/preference/base.rb:762:in 'Preference::Base#create_new_preference_record!'
    app/controllers/concerns/preference/base.rb:721:in 'Preference::Base#load_preference_record_from_refresh_token!'
    app/controllers/concerns/preference/base.rb:217:in 'Preference::Base#set_preferences_cookie'
    app/middleware/core/surface_middleware.rb:12:in 'Core::SurfaceMiddleware#call'
    test/controllers/sign/org/in/sessions_controller_test.rb:7:in 'block in <class:SessionsControllerTest>'
    test/support/i18n_locale_reset.rb:11:in 'block in ActiveSupport::TestCase#run'
    test/support/i18n_locale_reset.rb:10:in 'ActiveSupport::TestCase#run'

bin/rails test test/controllers/sign/org/in/sessions_controller_test.rb:6

.......E

Error:
EmailDeliveryTest#test_deliver_later_enqueues_a_job_in_solid_queue:
NameError: uninitialized constant Preference::Core::CookieOptions
    app/controllers/concerns/preference/base.rb:1096:in 'Preference::Base#preference_cookie_options'
    app/controllers/concerns/preference/base.rb:971:in 'Preference::Base#preference_auth_cookie_options'
    app/controllers/concerns/preference/base.rb:940:in 'Preference::Base#set_refresh_token_cookie'
    app/controllers/concerns/preference/base.rb:762:in 'Preference::Base#create_new_preference_record!'
    app/controllers/concerns/preference/base.rb:721:in 'Preference::Base#load_preference_record_from_refresh_token!'
    app/controllers/concerns/preference/base.rb:217:in 'Preference::Base#set_preferences_cookie'
    app/middleware/core/surface_middleware.rb:12:in 'Core::SurfaceMiddleware#call'
    test/integration/email_delivery_test.rb:30:in 'block (2 levels) in <class:EmailDeliveryTest>'
    test/integration/email_delivery_test.rb:29:in 'block in <class:EmailDeliveryTest>'
    test/support/i18n_locale_reset.rb:11:in 'block in ActiveSupport::TestCase#run'
    test/support/i18n_locale_reset.rb:10:in 'ActiveSupport::TestCase#run'

bin/rails test test/integration/email_delivery_test.rb:25

..........................................E

Error:
News::App::Edge::V1::PostsControllerTest#test_should_get_index:
NameError: uninitialized constant Preference::Core::CookieOptions
    app/controllers/concerns/preference/base.rb:1096:in 'Preference::Base#preference_cookie_options'
    app/controllers/concerns/preference/base.rb:971:in 'Preference::Base#preference_auth_cookie_options'
    app/controllers/concerns/preference/base.rb:940:in 'Preference::Base#set_refresh_token_cookie'
    app/controllers/concerns/preference/base.rb:762:in 'Preference::Base#create_new_preference_record!'
    app/controllers/concerns/preference/base.rb:721:in 'Preference::Base#load_preference_record_from_refresh_token!'
    app/controllers/concerns/preference/base.rb:217:in 'Preference::Base#set_preferences_cookie'
    app/middleware/core/surface_middleware.rb:12:in 'Core::SurfaceMiddleware#call'
    test/controllers/news/app/edge/v1/posts_controller_test.rb:15:in 'block in <class:PostsControllerTest>'
    test/support/i18n_locale_reset.rb:11:in 'block in ActiveSupport::TestCase#run'
    test/support/i18n_locale_reset.rb:10:in 'ActiveSupport::TestCase#run'

bin/rails test test/controllers/news/app/edge/v1/posts_controller_test.rb:14

E

Error:
News::App::Edge::V1::PostsControllerTest#test_should_get_show:
NameError: uninitialized constant Preference::Core::CookieOptions
    app/controllers/concerns/preference/base.rb:1096:in 'Preference::Base#preference_cookie_options'
    app/controllers/concerns/preference/base.rb:971:in 'Preference::Base#preference_auth_cookie_options'
    app/controllers/concerns/preference/base.rb:940:in 'Preference::Base#set_refresh_token_cookie'
    app/controllers/concerns/preference/base.rb:762:in 'Preference::Base#create_new_preference_record!'
    app/controllers/concerns/preference/base.rb:721:in 'Preference::Base#load_preference_record_from_refresh_token!'
    app/controllers/concerns/preference/base.rb:217:in 'Preference::Base#set_preferences_cookie'
    app/middleware/core/surface_middleware.rb:12:in 'Core::SurfaceMiddleware#call'
    test/controllers/news/app/edge/v1/posts_controller_test.rb:20:in 'block in <class:PostsControllerTest>'
    test/support/i18n_locale_reset.rb:11:in 'block in ActiveSupport::TestCase#run'
    test/support/i18n_locale_reset.rb:10:in 'ActiveSupport::TestCase#run'

bin/rails test test/controllers/news/app/edge/v1/posts_controller_test.rb:19

......E

Error:
RackAttackThrottleTest#test_auth/tenant_ip_throttle_limits_GET_to_sign-in_form:
NameError: uninitialized constant Preference::Core::CookieOptions
    app/controllers/concerns/preference/base.rb:1096:in 'Preference::Base#preference_cookie_options'
    app/controllers/concerns/preference/base.rb:971:in 'Preference::Base#preference_auth_cookie_options'
    app/controllers/concerns/preference/base.rb:940:in 'Preference::Base#set_refresh_token_cookie'
    app/controllers/concerns/preference/base.rb:762:in 'Preference::Base#create_new_preference_record!'
    app/controllers/concerns/preference/base.rb:721:in 'Preference::Base#load_preference_record_from_refresh_token!'
    app/controllers/concerns/preference/base.rb:217:in 'Preference::Base#set_preferences_cookie'
    app/middleware/core/surface_middleware.rb:12:in 'Core::SurfaceMiddleware#call'
    test/integration/rack_attack_throttle_test.rb:46:in 'RackAttackThrottleTest#get_with_host'
    test/integration/rack_attack_throttle_test.rb:133:in 'block in <class:RackAttackThrottleTest>'
    test/support/i18n_locale_reset.rb:11:in 'block in ActiveSupport::TestCase#run'
    test/support/i18n_locale_reset.rb:10:in 'ActiveSupport::TestCase#run'

bin/rails test test/integration/rack_attack_throttle_test.rb:129

E

Error:
RackAttackThrottleTest#test_throttled_response_includes_Retry-After_header:
NameError: uninitialized constant Preference::Core::CookieOptions
    app/controllers/concerns/preference/base.rb:1096:in 'Preference::Base#preference_cookie_options'
    app/controllers/concerns/preference/base.rb:971:in 'Preference::Base#preference_auth_cookie_options'
    app/controllers/concerns/preference/base.rb:940:in 'Preference::Base#set_refresh_token_cookie'
    app/controllers/concerns/preference/base.rb:762:in 'Preference::Base#create_new_preference_record!'
    app/controllers/concerns/preference/base.rb:721:in 'Preference::Base#load_preference_record_from_refresh_token!'
    app/controllers/concerns/preference/base.rb:217:in 'Preference::Base#set_preferences_cookie'
    app/middleware/core/surface_middleware.rb:12:in 'Core::SurfaceMiddleware#call'
    test/integration/rack_attack_throttle_test.rb:46:in 'RackAttackThrottleTest#get_with_host'
    test/integration/rack_attack_throttle_test.rb:213:in 'block in <class:RackAttackThrottleTest>'
    test/support/i18n_locale_reset.rb:11:in 'block in ActiveSupport::TestCase#run'
    test/support/i18n_locale_reset.rb:10:in 'ActiveSupport::TestCase#run'

bin/rails test test/integration/rack_attack_throttle_test.rb:210

E

Error:
RackAttackThrottleTest#test_auth/tenant_ip_throttle_limits_POST_to_sign-up_endpoints:
NameError: uninitialized constant Preference::Core::CookieOptions
    app/controllers/concerns/preference/base.rb:1096:in 'Preference::Base#preference_cookie_options'
    app/controllers/concerns/preference/base.rb:971:in 'Preference::Base#preference_auth_cookie_options'
    app/controllers/concerns/preference/base.rb:940:in 'Preference::Base#set_refresh_token_cookie'
    app/controllers/concerns/preference/base.rb:762:in 'Preference::Base#create_new_preference_record!'
    app/controllers/concerns/preference/base.rb:721:in 'Preference::Base#load_preference_record_from_refresh_token!'
    app/controllers/concerns/preference/base.rb:217:in 'Preference::Base#set_preferences_cookie'
    app/middleware/core/surface_middleware.rb:12:in 'Core::SurfaceMiddleware#call'
    test/integration/rack_attack_throttle_test.rb:50:in 'RackAttackThrottleTest#post_with_host'
    test/integration/rack_attack_throttle_test.rb:106:in 'block in <class:RackAttackThrottleTest>'
    test/support/i18n_locale_reset.rb:11:in 'block in ActiveSupport::TestCase#run'
    test/support/i18n_locale_reset.rb:10:in 'ActiveSupport::TestCase#run'

bin/rails test test/integration/rack_attack_throttle_test.rb:102

E

Error:
RackAttackThrottleTest#test_auth/tenant_ip_throttle_limits_POST_to_sign-in_endpoints:
NameError: uninitialized constant Preference::Core::CookieOptions
    app/controllers/concerns/preference/base.rb:1096:in 'Preference::Base#preference_cookie_options'
    app/controllers/concerns/preference/base.rb:971:in 'Preference::Base#preference_auth_cookie_options'
    app/controllers/concerns/preference/base.rb:940:in 'Preference::Base#set_refresh_token_cookie'
    app/controllers/concerns/preference/base.rb:762:in 'Preference::Base#create_new_preference_record!'
    app/controllers/concerns/preference/base.rb:721:in 'Preference::Base#load_preference_record_from_refresh_token!'
    app/controllers/concerns/preference/base.rb:217:in 'Preference::Base#set_preferences_cookie'
    app/middleware/core/surface_middleware.rb:12:in 'Core::SurfaceMiddleware#call'
    test/integration/rack_attack_throttle_test.rb:50:in 'RackAttackThrottleTest#post_with_host'
    test/integration/rack_attack_throttle_test.rb:93:in 'block in <class:RackAttackThrottleTest>'
    test/support/i18n_locale_reset.rb:11:in 'block in ActiveSupport::TestCase#run'
    test/support/i18n_locale_reset.rb:10:in 'ActiveSupport::TestCase#run'

bin/rails test test/integration/rack_attack_throttle_test.rb:89

E

Error:
RackAttackThrottleTest#test_auth/tenant_ip_throttle_limits_GET_to_sign-up_form:
NameError: uninitialized constant Preference::Core::CookieOptions
    app/controllers/concerns/preference/base.rb:1096:in 'Preference::Base#preference_cookie_options'
    app/controllers/concerns/preference/base.rb:971:in 'Preference::Base#preference_auth_cookie_options'
    app/controllers/concerns/preference/base.rb:940:in 'Preference::Base#set_refresh_token_cookie'
    app/controllers/concerns/preference/base.rb:762:in 'Preference::Base#create_new_preference_record!'
    app/controllers/concerns/preference/base.rb:721:in 'Preference::Base#load_preference_record_from_refresh_token!'
    app/controllers/concerns/preference/base.rb:217:in 'Preference::Base#set_preferences_cookie'
    app/middleware/core/surface_middleware.rb:12:in 'Core::SurfaceMiddleware#call'
    test/integration/rack_attack_throttle_test.rb:46:in 'RackAttackThrottleTest#get_with_host'
    test/integration/rack_attack_throttle_test.rb:147:in 'block in <class:RackAttackThrottleTest>'
    test/support/i18n_locale_reset.rb:11:in 'block in ActiveSupport::TestCase#run'
    test/support/i18n_locale_reset.rb:10:in 'ActiveSupport::TestCase#run'

bin/rails test test/integration/rack_attack_throttle_test.rb:143

E

Error:
RackAttackThrottleTest#test_global/ip_throttle_limits_requests_and_returns_JSON_for_API:
NameError: uninitialized constant Preference::Core::CookieOptions
    app/controllers/concerns/preference/base.rb:1096:in 'Preference::Base#preference_cookie_options'
    app/controllers/concerns/preference/base.rb:971:in 'Preference::Base#preference_auth_cookie_options'
    app/controllers/concerns/preference/base.rb:940:in 'Preference::Base#set_refresh_token_cookie'
    app/controllers/concerns/preference/base.rb:762:in 'Preference::Base#create_new_preference_record!'
    app/controllers/concerns/preference/base.rb:721:in 'Preference::Base#load_preference_record_from_refresh_token!'
    app/controllers/concerns/preference/base.rb:217:in 'Preference::Base#set_preferences_cookie'
    app/middleware/core/surface_middleware.rb:12:in 'Core::SurfaceMiddleware#call'
    test/integration/rack_attack_throttle_test.rb:46:in 'RackAttackThrottleTest#get_with_host'
    test/integration/rack_attack_throttle_test.rb:60:in 'block in <class:RackAttackThrottleTest>'
    test/support/i18n_locale_reset.rb:11:in 'block in ActiveSupport::TestCase#run'
    test/support/i18n_locale_reset.rb:10:in 'ActiveSupport::TestCase#run'

bin/rails test test/integration/rack_attack_throttle_test.rb:56

.E

Error:
RackAttackThrottleTest#test_throttles_are_per-tenant_(different_hosts_have_separate_counters):
NameError: uninitialized constant Preference::Core::CookieOptions
    app/controllers/concerns/preference/base.rb:1096:in 'Preference::Base#preference_cookie_options'
    app/controllers/concerns/preference/base.rb:971:in 'Preference::Base#preference_auth_cookie_options'
    app/controllers/concerns/preference/base.rb:940:in 'Preference::Base#set_refresh_token_cookie'
    app/controllers/concerns/preference/base.rb:762:in 'Preference::Base#create_new_preference_record!'
    app/controllers/concerns/preference/base.rb:721:in 'Preference::Base#load_preference_record_from_refresh_token!'
    app/controllers/concerns/preference/base.rb:217:in 'Preference::Base#set_preferences_cookie'
    app/middleware/core/surface_middleware.rb:12:in 'Core::SurfaceMiddleware#call'
    test/integration/rack_attack_throttle_test.rb:46:in 'RackAttackThrottleTest#get_with_host'
    test/integration/rack_attack_throttle_test.rb:188:in 'block in <class:RackAttackThrottleTest>'
    test/support/i18n_locale_reset.rb:11:in 'block in ActiveSupport::TestCase#run'
    test/support/i18n_locale_reset.rb:10:in 'ActiveSupport::TestCase#run'

bin/rails test test/integration/rack_attack_throttle_test.rb:175

E

Error:
RackAttackThrottleTest#test_global/ip_throttle_returns_plain_text_for_HTML_Accept:
NameError: uninitialized constant Preference::Core::CookieOptions
    app/controllers/concerns/preference/base.rb:1096:in 'Preference::Base#preference_cookie_options'
    app/controllers/concerns/preference/base.rb:971:in 'Preference::Base#preference_auth_cookie_options'
    app/controllers/concerns/preference/base.rb:940:in 'Preference::Base#set_refresh_token_cookie'
    app/controllers/concerns/preference/base.rb:762:in 'Preference::Base#create_new_preference_record!'
    app/controllers/concerns/preference/base.rb:721:in 'Preference::Base#load_preference_record_from_refresh_token!'
    app/controllers/concerns/preference/base.rb:217:in 'Preference::Base#set_preferences_cookie'
    app/middleware/core/surface_middleware.rb:12:in 'Core::SurfaceMiddleware#call'
    test/integration/rack_attack_throttle_test.rb:46:in 'RackAttackThrottleTest#get_with_host'
    test/integration/rack_attack_throttle_test.rb:75:in 'block in <class:RackAttackThrottleTest>'
    test/support/i18n_locale_reset.rb:11:in 'block in ActiveSupport::TestCase#run'
    test/support/i18n_locale_reset.rb:10:in 'ActiveSupport::TestCase#run'

bin/rails test test/integration/rack_attack_throttle_test.rb:71

E

Error:
RackAttackThrottleTest#test_token_refresh/tenant_ip_throttle_is_strictest_for_token_refresh:
NameError: uninitialized constant Preference::Core::CookieOptions
    app/controllers/concerns/preference/base.rb:1096:in 'Preference::Base#preference_cookie_options'
    app/controllers/concerns/preference/base.rb:378:in 'Preference::Base#write_preference_cookie'
    app/controllers/concerns/preference/global.rb:196:in 'Preference::Global#set_locale'
    app/middleware/core/surface_middleware.rb:12:in 'Core::SurfaceMiddleware#call'
    test/integration/rack_attack_throttle_test.rb:50:in 'RackAttackThrottleTest#post_with_host'
    test/integration/rack_attack_throttle_test.rb:163:in 'block in <class:RackAttackThrottleTest>'
    test/support/i18n_locale_reset.rb:11:in 'block in ActiveSupport::TestCase#run'
    test/support/i18n_locale_reset.rb:10:in 'ActiveSupport::TestCase#run'

bin/rails test test/integration/rack_attack_throttle_test.rb:159

...............E

Error:
News::Com::HealthsControllerTest#test_GET_/health_returns_OK_response:
NameError: uninitialized constant Preference::Core::CookieOptions
    app/controllers/concerns/preference/base.rb:1096:in 'Preference::Base#preference_cookie_options'
    app/controllers/concerns/preference/base.rb:971:in 'Preference::Base#preference_auth_cookie_options'
    app/controllers/concerns/preference/base.rb:940:in 'Preference::Base#set_refresh_token_cookie'
    app/controllers/concerns/preference/base.rb:762:in 'Preference::Base#create_new_preference_record!'
    app/controllers/concerns/preference/base.rb:721:in 'Preference::Base#load_preference_record_from_refresh_token!'
    app/controllers/concerns/preference/base.rb:217:in 'Preference::Base#set_preferences_cookie'
    app/middleware/core/surface_middleware.rb:12:in 'Core::SurfaceMiddleware#call'
    test/controllers/news/com/healths_controller_test.rb:7:in 'block in <class:HealthsControllerTest>'
    test/support/i18n_locale_reset.rb:11:in 'block in ActiveSupport::TestCase#run'
    test/support/i18n_locale_reset.rb:10:in 'ActiveSupport::TestCase#run'

bin/rails test test/controllers/news/com/healths_controller_test.rb:6

E

Error:
News::Com::HealthsControllerTest#test_GET_/health_returns_OK_html_response:
NameError: uninitialized constant Preference::Core::CookieOptions
    app/controllers/concerns/preference/base.rb:1096:in 'Preference::Base#preference_cookie_options'
    app/controllers/concerns/preference/base.rb:971:in 'Preference::Base#preference_auth_cookie_options'
    app/controllers/concerns/preference/base.rb:940:in 'Preference::Base#set_refresh_token_cookie'
    app/controllers/concerns/preference/base.rb:762:in 'Preference::Base#create_new_preference_record!'
    app/controllers/concerns/preference/base.rb:721:in 'Preference::Base#load_preference_record_from_refresh_token!'
    app/controllers/concerns/preference/base.rb:217:in 'Preference::Base#set_preferences_cookie'
    app/middleware/core/surface_middleware.rb:12:in 'Core::SurfaceMiddleware#call'
    test/controllers/news/com/healths_controller_test.rb:14:in 'block in <class:HealthsControllerTest>'
    test/support/i18n_locale_reset.rb:11:in 'block in ActiveSupport::TestCase#run'
    test/support/i18n_locale_reset.rb:10:in 'ActiveSupport::TestCase#run'

bin/rails test test/controllers/news/com/healths_controller_test.rb:13

E

Error:
News::Com::HealthsControllerTest#test_GET_/health_returns_OK_json_response:
NameError: uninitialized constant Preference::Core::CookieOptions
    app/controllers/concerns/preference/base.rb:1096:in 'Preference::Base#preference_cookie_options'
    app/controllers/concerns/preference/base.rb:971:in 'Preference::Base#preference_auth_cookie_options'
    app/controllers/concerns/preference/base.rb:940:in 'Preference::Base#set_refresh_token_cookie'
    app/controllers/concerns/preference/base.rb:762:in 'Preference::Base#create_new_preference_record!'
    app/controllers/concerns/preference/base.rb:721:in 'Preference::Base#load_preference_record_from_refresh_token!'
    app/controllers/concerns/preference/base.rb:217:in 'Preference::Base#set_preferences_cookie'
    app/middleware/core/surface_middleware.rb:12:in 'Core::SurfaceMiddleware#call'
    test/controllers/news/com/healths_controller_test.rb:21:in 'block in <class:HealthsControllerTest>'
    test/support/i18n_locale_reset.rb:11:in 'block in ActiveSupport::TestCase#run'
    test/support/i18n_locale_reset.rb:10:in 'ActiveSupport::TestCase#run'

bin/rails test test/controllers/news/com/healths_controller_test.rb:20

..........E

Error:
Core::Org::Docs::Org::PostsControllerTest#test_should_create_post:
NameError: uninitialized constant Preference::Core::CookieOptions
    app/controllers/concerns/preference/base.rb:1096:in 'Preference::Base#preference_cookie_options'
    app/controllers/concerns/preference/base.rb:971:in 'Preference::Base#preference_auth_cookie_options'
    app/controllers/concerns/preference/base.rb:940:in 'Preference::Base#set_refresh_token_cookie'
    app/controllers/concerns/preference/base.rb:762:in 'Preference::Base#create_new_preference_record!'
    app/controllers/concerns/preference/base.rb:721:in 'Preference::Base#load_preference_record_from_refresh_token!'
    app/controllers/concerns/preference/base.rb:217:in 'Preference::Base#set_preferences_cookie'
    app/middleware/core/surface_middleware.rb:12:in 'Core::SurfaceMiddleware#call'
    test/controllers/core/org/docs/org/posts_controller_test.rb:21:in 'block in <class:PostsControllerTest>'
    test/support/i18n_locale_reset.rb:11:in 'block in ActiveSupport::TestCase#run'
    test/support/i18n_locale_reset.rb:10:in 'ActiveSupport::TestCase#run'

bin/rails test test/controllers/core/org/docs/org/posts_controller_test.rb:20

E

Error:
Core::Org::Docs::Org::PostsControllerTest#test_should_update_post:
NameError: uninitialized constant Preference::Core::CookieOptions
    app/controllers/concerns/preference/base.rb:1096:in 'Preference::Base#preference_cookie_options'
    app/controllers/concerns/preference/base.rb:971:in 'Preference::Base#preference_auth_cookie_options'
    app/controllers/concerns/preference/base.rb:940:in 'Preference::Base#set_refresh_token_cookie'
    app/controllers/concerns/preference/base.rb:762:in 'Preference::Base#create_new_preference_record!'
    app/controllers/concerns/preference/base.rb:721:in 'Preference::Base#load_preference_record_from_refresh_token!'
    app/controllers/concerns/preference/base.rb:217:in 'Preference::Base#set_preferences_cookie'
    app/middleware/core/surface_middleware.rb:12:in 'Core::SurfaceMiddleware#call'
    test/controllers/core/org/docs/org/posts_controller_test.rb:36:in 'block in <class:PostsControllerTest>'
    test/support/i18n_locale_reset.rb:11:in 'block in ActiveSupport::TestCase#run'
    test/support/i18n_locale_reset.rb:10:in 'ActiveSupport::TestCase#run'

bin/rails test test/controllers/core/org/docs/org/posts_controller_test.rb:35

E

Error:
Core::Org::Docs::Org::PostsControllerTest#test_should_get_index:
NameError: uninitialized constant Preference::Core::CookieOptions
    app/controllers/concerns/preference/base.rb:1096:in 'Preference::Base#preference_cookie_options'
    app/controllers/concerns/preference/base.rb:971:in 'Preference::Base#preference_auth_cookie_options'
    app/controllers/concerns/preference/base.rb:940:in 'Preference::Base#set_refresh_token_cookie'
    app/controllers/concerns/preference/base.rb:762:in 'Preference::Base#create_new_preference_record!'
    app/controllers/concerns/preference/base.rb:721:in 'Preference::Base#load_preference_record_from_refresh_token!'
    app/controllers/concerns/preference/base.rb:217:in 'Preference::Base#set_preferences_cookie'
    app/middleware/core/surface_middleware.rb:12:in 'Core::SurfaceMiddleware#call'
    test/controllers/core/org/docs/org/posts_controller_test.rb:11:in 'block in <class:PostsControllerTest>'
    test/support/i18n_locale_reset.rb:11:in 'block in ActiveSupport::TestCase#run'
    test/support/i18n_locale_reset.rb:10:in 'ActiveSupport::TestCase#run'

bin/rails test test/controllers/core/org/docs/org/posts_controller_test.rb:10

E

Error:
Core::Org::Docs::Org::PostsControllerTest#test_should_get_edit:
NameError: uninitialized constant Preference::Core::CookieOptions
    app/controllers/concerns/preference/base.rb:1096:in 'Preference::Base#preference_cookie_options'
    app/controllers/concerns/preference/base.rb:971:in 'Preference::Base#preference_auth_cookie_options'
    app/controllers/concerns/preference/base.rb:940:in 'Preference::Base#set_refresh_token_cookie'
    app/controllers/concerns/preference/base.rb:762:in 'Preference::Base#create_new_preference_record!'
    app/controllers/concerns/preference/base.rb:721:in 'Preference::Base#load_preference_record_from_refresh_token!'
    app/controllers/concerns/preference/base.rb:217:in 'Preference::Base#set_preferences_cookie'
    app/middleware/core/surface_middleware.rb:12:in 'Core::SurfaceMiddleware#call'
    test/controllers/core/org/docs/org/posts_controller_test.rb:31:in 'block in <class:PostsControllerTest>'
    test/support/i18n_locale_reset.rb:11:in 'block in ActiveSupport::TestCase#run'
    test/support/i18n_locale_reset.rb:10:in 'ActiveSupport::TestCase#run'

bin/rails test test/controllers/core/org/docs/org/posts_controller_test.rb:30

E

Error:
Core::Org::Docs::Org::PostsControllerTest#test_should_destroy_post:
NameError: uninitialized constant Preference::Core::CookieOptions
    app/controllers/concerns/preference/base.rb:1096:in 'Preference::Base#preference_cookie_options'
    app/controllers/concerns/preference/base.rb:971:in 'Preference::Base#preference_auth_cookie_options'
    app/controllers/concerns/preference/base.rb:940:in 'Preference::Base#set_refresh_token_cookie'
    app/controllers/concerns/preference/base.rb:762:in 'Preference::Base#create_new_preference_record!'
    app/controllers/concerns/preference/base.rb:721:in 'Preference::Base#load_preference_record_from_refresh_token!'
    app/controllers/concerns/preference/base.rb:217:in 'Preference::Base#set_preferences_cookie'
    app/middleware/core/surface_middleware.rb:12:in 'Core::SurfaceMiddleware#call'
    test/controllers/core/org/docs/org/posts_controller_test.rb:41:in 'block in <class:PostsControllerTest>'
    test/support/i18n_locale_reset.rb:11:in 'block in ActiveSupport::TestCase#run'
    test/support/i18n_locale_reset.rb:10:in 'ActiveSupport::TestCase#run'

bin/rails test test/controllers/core/org/docs/org/posts_controller_test.rb:40

E

Error:
Core::Org::Docs::Org::PostsControllerTest#test_should_get_new:
NameError: uninitialized constant Preference::Core::CookieOptions
    app/controllers/concerns/preference/base.rb:1096:in 'Preference::Base#preference_cookie_options'
    app/controllers/concerns/preference/base.rb:971:in 'Preference::Base#preference_auth_cookie_options'
    app/controllers/concerns/preference/base.rb:940:in 'Preference::Base#set_refresh_token_cookie'
    app/controllers/concerns/preference/base.rb:762:in 'Preference::Base#create_new_preference_record!'
    app/controllers/concerns/preference/base.rb:721:in 'Preference::Base#load_preference_record_from_refresh_token!'
    app/controllers/concerns/preference/base.rb:217:in 'Preference::Base#set_preferences_cookie'
    app/middleware/core/surface_middleware.rb:12:in 'Core::SurfaceMiddleware#call'
    test/controllers/core/org/docs/org/posts_controller_test.rb:16:in 'block in <class:PostsControllerTest>'
    test/support/i18n_locale_reset.rb:11:in 'block in ActiveSupport::TestCase#run'
    test/support/i18n_locale_reset.rb:10:in 'ActiveSupport::TestCase#run'

bin/rails test test/controllers/core/org/docs/org/posts_controller_test.rb:15

E

Error:
Core::Org::Docs::Org::PostsControllerTest#test_should_show_post:
NameError: uninitialized constant Preference::Core::CookieOptions
    app/controllers/concerns/preference/base.rb:1096:in 'Preference::Base#preference_cookie_options'
    app/controllers/concerns/preference/base.rb:971:in 'Preference::Base#preference_auth_cookie_options'
    app/controllers/concerns/preference/base.rb:940:in 'Preference::Base#set_refresh_token_cookie'
    app/controllers/concerns/preference/base.rb:762:in 'Preference::Base#create_new_preference_record!'
    app/controllers/concerns/preference/base.rb:721:in 'Preference::Base#load_preference_record_from_refresh_token!'
    app/controllers/concerns/preference/base.rb:217:in 'Preference::Base#set_preferences_cookie'
    app/middleware/core/surface_middleware.rb:12:in 'Core::SurfaceMiddleware#call'
    test/controllers/core/org/docs/org/posts_controller_test.rb:26:in 'block in <class:PostsControllerTest>'
    test/support/i18n_locale_reset.rb:11:in 'block in ActiveSupport::TestCase#run'
    test/support/i18n_locale_reset.rb:10:in 'ActiveSupport::TestCase#run'

bin/rails test test/controllers/core/org/docs/org/posts_controller_test.rb:25

E

Error:
VerificationSessionsTest#test_GET_within_15_minutes_skips_verification:
NameError: uninitialized constant Preference::Core::CookieOptions
    app/controllers/concerns/preference/base.rb:1096:in 'Preference::Base#preference_cookie_options'
    app/controllers/concerns/preference/base.rb:971:in 'Preference::Base#preference_auth_cookie_options'
    app/controllers/concerns/preference/base.rb:940:in 'Preference::Base#set_refresh_token_cookie'
    app/controllers/concerns/preference/base.rb:762:in 'Preference::Base#create_new_preference_record!'
    app/controllers/concerns/preference/base.rb:721:in 'Preference::Base#load_preference_record_from_refresh_token!'
    app/controllers/concerns/preference/base.rb:217:in 'Preference::Base#set_preferences_cookie'
    app/middleware/core/surface_middleware.rb:12:in 'Core::SurfaceMiddleware#call'
    test/integration/verification_sessions_test.rb:42:in 'block in <class:VerificationSessionsTest>'
    test/support/i18n_locale_reset.rb:11:in 'block in ActiveSupport::TestCase#run'
    test/support/i18n_locale_reset.rb:10:in 'ActiveSupport::TestCase#run'

bin/rails test test/integration/verification_sessions_test.rb:38

E

Error:
VerificationSessionsTest#test_POST_within_30_minutes_skips_verification:
NameError: uninitialized constant Preference::Core::CookieOptions
    app/controllers/concerns/preference/base.rb:1096:in 'Preference::Base#preference_cookie_options'
    app/controllers/concerns/preference/base.rb:971:in 'Preference::Base#preference_auth_cookie_options'
    app/controllers/concerns/preference/base.rb:940:in 'Preference::Base#set_refresh_token_cookie'
    app/controllers/concerns/preference/base.rb:762:in 'Preference::Base#create_new_preference_record!'
    app/controllers/concerns/preference/base.rb:721:in 'Preference::Base#load_preference_record_from_refresh_token!'
    app/controllers/concerns/preference/base.rb:217:in 'Preference::Base#set_preferences_cookie'
    app/middleware/core/surface_middleware.rb:12:in 'Core::SurfaceMiddleware#call'
    test/integration/verification_sessions_test.rb:54:in 'block in <class:VerificationSessionsTest>'
    test/support/i18n_locale_reset.rb:11:in 'block in ActiveSupport::TestCase#run'
    test/support/i18n_locale_reset.rb:10:in 'ActiveSupport::TestCase#run'

bin/rails test test/integration/verification_sessions_test.rb:50

.....................E

Error:
Sign::Org::Configuration::OutsControllerTest#test_should_destroy_with_staff_session:
NameError: uninitialized constant Preference::Core::CookieOptions
    app/controllers/concerns/preference/base.rb:1096:in 'Preference::Base#preference_cookie_options'
    app/controllers/concerns/preference/base.rb:971:in 'Preference::Base#preference_auth_cookie_options'
    app/controllers/concerns/preference/base.rb:940:in 'Preference::Base#set_refresh_token_cookie'
    app/controllers/concerns/preference/base.rb:762:in 'Preference::Base#create_new_preference_record!'
    app/controllers/concerns/preference/base.rb:721:in 'Preference::Base#load_preference_record_from_refresh_token!'
    app/controllers/concerns/preference/base.rb:217:in 'Preference::Base#set_preferences_cookie'
    app/middleware/core/surface_middleware.rb:12:in 'Core::SurfaceMiddleware#call'
    test/controllers/sign/org/configuration/outs_controller_test.rb:31:in 'block in <class:OutsControllerTest>'
    test/support/i18n_locale_reset.rb:11:in 'block in ActiveSupport::TestCase#run'
    test/support/i18n_locale_reset.rb:10:in 'ActiveSupport::TestCase#run'

bin/rails test test/controllers/sign/org/configuration/outs_controller_test.rb:28

...............................................E

Error:
Core::Org::News::App::VersionsControllerTest#test_should_get_new:
NameError: uninitialized constant Preference::Core::CookieOptions
    app/controllers/concerns/preference/base.rb:1096:in 'Preference::Base#preference_cookie_options'
    app/controllers/concerns/preference/base.rb:971:in 'Preference::Base#preference_auth_cookie_options'
    app/controllers/concerns/preference/base.rb:940:in 'Preference::Base#set_refresh_token_cookie'
    app/controllers/concerns/preference/base.rb:762:in 'Preference::Base#create_new_preference_record!'
    app/controllers/concerns/preference/base.rb:721:in 'Preference::Base#load_preference_record_from_refresh_token!'
    app/controllers/concerns/preference/base.rb:217:in 'Preference::Base#set_preferences_cookie'
    app/middleware/core/surface_middleware.rb:12:in 'Core::SurfaceMiddleware#call'
    test/controllers/core/org/news/app/versions_controller_test.rb:11:in 'block in <class:VersionsControllerTest>'
    test/support/i18n_locale_reset.rb:11:in 'block in ActiveSupport::TestCase#run'
    test/support/i18n_locale_reset.rb:10:in 'ActiveSupport::TestCase#run'

bin/rails test test/controllers/core/org/news/app/versions_controller_test.rb:10

E

Error:
Core::Org::News::App::VersionsControllerTest#test_should_create_version:
NameError: uninitialized constant Preference::Core::CookieOptions
    app/controllers/concerns/preference/base.rb:1096:in 'Preference::Base#preference_cookie_options'
    app/controllers/concerns/preference/base.rb:971:in 'Preference::Base#preference_auth_cookie_options'
    app/controllers/concerns/preference/base.rb:940:in 'Preference::Base#set_refresh_token_cookie'
    app/controllers/concerns/preference/base.rb:762:in 'Preference::Base#create_new_preference_record!'
    app/controllers/concerns/preference/base.rb:721:in 'Preference::Base#load_preference_record_from_refresh_token!'
    app/controllers/concerns/preference/base.rb:217:in 'Preference::Base#set_preferences_cookie'
    app/middleware/core/surface_middleware.rb:12:in 'Core::SurfaceMiddleware#call'
    test/controllers/core/org/news/app/versions_controller_test.rb:16:in 'block in <class:VersionsControllerTest>'
    test/support/i18n_locale_reset.rb:11:in 'block in ActiveSupport::TestCase#run'
    test/support/i18n_locale_reset.rb:10:in 'ActiveSupport::TestCase#run'

bin/rails test test/controllers/core/org/news/app/versions_controller_test.rb:15

E

Error:
Core::Org::News::App::VersionsControllerTest#test_should_get_edit:
NameError: uninitialized constant Preference::Core::CookieOptions
    app/controllers/concerns/preference/base.rb:1096:in 'Preference::Base#preference_cookie_options'
    app/controllers/concerns/preference/base.rb:971:in 'Preference::Base#preference_auth_cookie_options'
    app/controllers/concerns/preference/base.rb:940:in 'Preference::Base#set_refresh_token_cookie'
    app/controllers/concerns/preference/base.rb:762:in 'Preference::Base#create_new_preference_record!'
    app/controllers/concerns/preference/base.rb:721:in 'Preference::Base#load_preference_record_from_refresh_token!'
    app/controllers/concerns/preference/base.rb:217:in 'Preference::Base#set_preferences_cookie'
    app/middleware/core/surface_middleware.rb:12:in 'Core::SurfaceMiddleware#call'
    test/controllers/core/org/news/app/versions_controller_test.rb:21:in 'block in <class:VersionsControllerTest>'
    test/support/i18n_locale_reset.rb:11:in 'block in ActiveSupport::TestCase#run'
    test/support/i18n_locale_reset.rb:10:in 'ActiveSupport::TestCase#run'

bin/rails test test/controllers/core/org/news/app/versions_controller_test.rb:20

E

Error:
Core::Org::News::App::VersionsControllerTest#test_should_destroy_version:
NameError: uninitialized constant Preference::Core::CookieOptions
    app/controllers/concerns/preference/base.rb:1096:in 'Preference::Base#preference_cookie_options'
    app/controllers/concerns/preference/base.rb:971:in 'Preference::Base#preference_auth_cookie_options'
    app/controllers/concerns/preference/base.rb:940:in 'Preference::Base#set_refresh_token_cookie'
    app/controllers/concerns/preference/base.rb:762:in 'Preference::Base#create_new_preference_record!'
    app/controllers/concerns/preference/base.rb:721:in 'Preference::Base#load_preference_record_from_refresh_token!'
    app/controllers/concerns/preference/base.rb:217:in 'Preference::Base#set_preferences_cookie'
    app/middleware/core/surface_middleware.rb:12:in 'Core::SurfaceMiddleware#call'
    test/controllers/core/org/news/app/versions_controller_test.rb:31:in 'block in <class:VersionsControllerTest>'
    test/support/i18n_locale_reset.rb:11:in 'block in ActiveSupport::TestCase#run'
    test/support/i18n_locale_reset.rb:10:in 'ActiveSupport::TestCase#run'

bin/rails test test/controllers/core/org/news/app/versions_controller_test.rb:30

E

Error:
Core::Org::News::App::VersionsControllerTest#test_should_update_version:
NameError: uninitialized constant Preference::Core::CookieOptions
    app/controllers/concerns/preference/base.rb:1096:in 'Preference::Base#preference_cookie_options'
    app/controllers/concerns/preference/base.rb:971:in 'Preference::Base#preference_auth_cookie_options'
    app/controllers/concerns/preference/base.rb:940:in 'Preference::Base#set_refresh_token_cookie'
    app/controllers/concerns/preference/base.rb:762:in 'Preference::Base#create_new_preference_record!'
    app/controllers/concerns/preference/base.rb:721:in 'Preference::Base#load_preference_record_from_refresh_token!'
    app/controllers/concerns/preference/base.rb:217:in 'Preference::Base#set_preferences_cookie'
    app/middleware/core/surface_middleware.rb:12:in 'Core::SurfaceMiddleware#call'
    test/controllers/core/org/news/app/versions_controller_test.rb:26:in 'block in <class:VersionsControllerTest>'
    test/support/i18n_locale_reset.rb:11:in 'block in ActiveSupport::TestCase#run'
    test/support/i18n_locale_reset.rb:10:in 'ActiveSupport::TestCase#run'

bin/rails test test/controllers/core/org/news/app/versions_controller_test.rb:25

...........E

Error:
Sign::App::In::SecretsControllerTest#test_telephone_and_matching_permanent_secret_logs_in_successfully:
NameError: uninitialized constant Preference::Core::CookieOptions
    app/controllers/concerns/preference/base.rb:1096:in 'Preference::Base#preference_cookie_options'
    app/controllers/concerns/preference/base.rb:971:in 'Preference::Base#preference_auth_cookie_options'
    app/controllers/concerns/preference/base.rb:940:in 'Preference::Base#set_refresh_token_cookie'
    app/controllers/concerns/preference/base.rb:762:in 'Preference::Base#create_new_preference_record!'
    app/controllers/concerns/preference/base.rb:721:in 'Preference::Base#load_preference_record_from_refresh_token!'
    app/controllers/concerns/preference/base.rb:217:in 'Preference::Base#set_preferences_cookie'
    app/middleware/core/surface_middleware.rb:12:in 'Core::SurfaceMiddleware#call'
    test/controllers/sign/app/in/secrets_controller_test.rb:98:in 'block in <class:SecretsControllerTest>'
    test/support/i18n_locale_reset.rb:11:in 'block in ActiveSupport::TestCase#run'
    test/support/i18n_locale_reset.rb:10:in 'ActiveSupport::TestCase#run'

bin/rails test test/controllers/sign/app/in/secrets_controller_test.rb:95

E

Error:
Sign::App::In::SecretsControllerTest#test_should_return_unprocessable_content_with_invalid_params:
NameError: uninitialized constant Preference::Core::CookieOptions
    app/controllers/concerns/preference/base.rb:1096:in 'Preference::Base#preference_cookie_options'
    app/controllers/concerns/preference/base.rb:971:in 'Preference::Base#preference_auth_cookie_options'
    app/controllers/concerns/preference/base.rb:940:in 'Preference::Base#set_refresh_token_cookie'
    app/controllers/concerns/preference/base.rb:762:in 'Preference::Base#create_new_preference_record!'
    app/controllers/concerns/preference/base.rb:721:in 'Preference::Base#load_preference_record_from_refresh_token!'
    app/controllers/concerns/preference/base.rb:217:in 'Preference::Base#set_preferences_cookie'
    app/middleware/core/surface_middleware.rb:12:in 'Core::SurfaceMiddleware#call'
    test/controllers/sign/app/in/secrets_controller_test.rb:30:in 'block in <class:SecretsControllerTest>'
    test/support/i18n_locale_reset.rb:11:in 'block in ActiveSupport::TestCase#run'
    test/support/i18n_locale_reset.rb:10:in 'ActiveSupport::TestCase#run'

bin/rails test test/controllers/sign/app/in/secrets_controller_test.rb:29

E

Error:
Sign::App::In::SecretsControllerTest#test_one-time_secret_with_uses_remaining_0_fails_authentication:
NameError: uninitialized constant Preference::Core::CookieOptions
    app/controllers/concerns/preference/base.rb:1096:in 'Preference::Base#preference_cookie_options'
    app/controllers/concerns/preference/base.rb:971:in 'Preference::Base#preference_auth_cookie_options'
    app/controllers/concerns/preference/base.rb:940:in 'Preference::Base#set_refresh_token_cookie'
    app/controllers/concerns/preference/base.rb:762:in 'Preference::Base#create_new_preference_record!'
    app/controllers/concerns/preference/base.rb:721:in 'Preference::Base#load_preference_record_from_refresh_token!'
    app/controllers/concerns/preference/base.rb:217:in 'Preference::Base#set_preferences_cookie'
    app/middleware/core/surface_middleware.rb:12:in 'Core::SurfaceMiddleware#call'
    test/controllers/sign/app/in/secrets_controller_test.rb:224:in 'block in <class:SecretsControllerTest>'
    test/support/i18n_locale_reset.rb:11:in 'block in ActiveSupport::TestCase#run'
    test/support/i18n_locale_reset.rb:10:in 'ActiveSupport::TestCase#run'

bin/rails test test/controllers/sign/app/in/secrets_controller_test.rb:220

E

Error:
Sign::App::In::SecretsControllerTest#test_identifier_without_@_or_+_is_rejected:
NameError: uninitialized constant Preference::Core::CookieOptions
    app/controllers/concerns/preference/base.rb:1096:in 'Preference::Base#preference_cookie_options'
    app/controllers/concerns/preference/base.rb:971:in 'Preference::Base#preference_auth_cookie_options'
    app/controllers/concerns/preference/base.rb:940:in 'Preference::Base#set_refresh_token_cookie'
    app/controllers/concerns/preference/base.rb:762:in 'Preference::Base#create_new_preference_record!'
    app/controllers/concerns/preference/base.rb:721:in 'Preference::Base#load_preference_record_from_refresh_token!'
    app/controllers/concerns/preference/base.rb:217:in 'Preference::Base#set_preferences_cookie'
    app/middleware/core/surface_middleware.rb:12:in 'Core::SurfaceMiddleware#call'
    test/controllers/sign/app/in/secrets_controller_test.rb:40:in 'block in <class:SecretsControllerTest>'
    test/support/i18n_locale_reset.rb:11:in 'block in ActiveSupport::TestCase#run'
    test/support/i18n_locale_reset.rb:10:in 'ActiveSupport::TestCase#run'

bin/rails test test/controllers/sign/app/in/secrets_controller_test.rb:37

E

Error:
Sign::App::In::SecretsControllerTest#test_secret_login_succeeds_without_extra_confirmation_parameter:
NameError: uninitialized constant Preference::Core::CookieOptions
    app/controllers/concerns/preference/base.rb:1096:in 'Preference::Base#preference_cookie_options'
    app/controllers/concerns/preference/base.rb:971:in 'Preference::Base#preference_auth_cookie_options'
    app/controllers/concerns/preference/base.rb:940:in 'Preference::Base#set_refresh_token_cookie'
    app/controllers/concerns/preference/base.rb:762:in 'Preference::Base#create_new_preference_record!'
    app/controllers/concerns/preference/base.rb:721:in 'Preference::Base#load_preference_record_from_refresh_token!'
    app/controllers/concerns/preference/base.rb:217:in 'Preference::Base#set_preferences_cookie'
    app/middleware/core/surface_middleware.rb:12:in 'Core::SurfaceMiddleware#call'
    test/controllers/sign/app/in/secrets_controller_test.rb:257:in 'block in <class:SecretsControllerTest>'
    test/support/i18n_locale_reset.rb:11:in 'block in ActiveSupport::TestCase#run'
    test/support/i18n_locale_reset.rb:10:in 'ActiveSupport::TestCase#run'

bin/rails test test/controllers/sign/app/in/secrets_controller_test.rb:254

E

Error:
Sign::App::In::SecretsControllerTest#test_turnstile_failure_returns_unified_authentication_error:
NameError: uninitialized constant Preference::Core::CookieOptions
    app/controllers/concerns/preference/base.rb:1096:in 'Preference::Base#preference_cookie_options'
    app/controllers/concerns/preference/base.rb:971:in 'Preference::Base#preference_auth_cookie_options'
    app/controllers/concerns/preference/base.rb:940:in 'Preference::Base#set_refresh_token_cookie'
    app/controllers/concerns/preference/base.rb:762:in 'Preference::Base#create_new_preference_record!'
    app/controllers/concerns/preference/base.rb:721:in 'Preference::Base#load_preference_record_from_refresh_token!'
    app/controllers/concerns/preference/base.rb:217:in 'Preference::Base#set_preferences_cookie'
    app/middleware/core/surface_middleware.rb:12:in 'Core::SurfaceMiddleware#call'
    test/controllers/sign/app/in/secrets_controller_test.rb:72:in 'block in <class:SecretsControllerTest>'
    test/support/i18n_locale_reset.rb:11:in 'block in ActiveSupport::TestCase#run'
    test/support/i18n_locale_reset.rb:10:in 'ActiveSupport::TestCase#run'

bin/rails test test/controllers/sign/app/in/secrets_controller_test.rb:68

E

Error:
Sign::App::In::SecretsControllerTest#test_secret_login_with_session_limit_exceeded_redirects_to_session_management:
NameError: uninitialized constant Preference::Core::CookieOptions
    app/controllers/concerns/preference/base.rb:1096:in 'Preference::Base#preference_cookie_options'
    app/controllers/concerns/preference/base.rb:971:in 'Preference::Base#preference_auth_cookie_options'
    app/controllers/concerns/preference/base.rb:940:in 'Preference::Base#set_refresh_token_cookie'
    app/controllers/concerns/preference/base.rb:762:in 'Preference::Base#create_new_preference_record!'
    app/controllers/concerns/preference/base.rb:721:in 'Preference::Base#load_preference_record_from_refresh_token!'
    app/controllers/concerns/preference/base.rb:217:in 'Preference::Base#set_preferences_cookie'
    app/middleware/core/surface_middleware.rb:12:in 'Core::SurfaceMiddleware#call'
    test/controllers/sign/app/in/secrets_controller_test.rb:336:in 'block in <class:SecretsControllerTest>'
    test/support/i18n_locale_reset.rb:11:in 'block in ActiveSupport::TestCase#run'
    test/support/i18n_locale_reset.rb:10:in 'ActiveSupport::TestCase#run'

bin/rails test test/controllers/sign/app/in/secrets_controller_test.rb:325

E

Error:
Sign::App::In::SecretsControllerTest#test_email_and_matching_permanent_secret_logs_in_successfully:
NameError: uninitialized constant Preference::Core::CookieOptions
    app/controllers/concerns/preference/base.rb:1096:in 'Preference::Base#preference_cookie_options'
    app/controllers/concerns/preference/base.rb:971:in 'Preference::Base#preference_auth_cookie_options'
    app/controllers/concerns/preference/base.rb:940:in 'Preference::Base#set_refresh_token_cookie'
    app/controllers/concerns/preference/base.rb:762:in 'Preference::Base#create_new_preference_record!'
    app/controllers/concerns/preference/base.rb:721:in 'Preference::Base#load_preference_record_from_refresh_token!'
    app/controllers/concerns/preference/base.rb:217:in 'Preference::Base#set_preferences_cookie'
    app/middleware/core/surface_middleware.rb:12:in 'Core::SurfaceMiddleware#call'
    test/controllers/sign/app/in/secrets_controller_test.rb:83:in 'block in <class:SecretsControllerTest>'
    test/support/i18n_locale_reset.rb:11:in 'block in ActiveSupport::TestCase#run'
    test/support/i18n_locale_reset.rb:10:in 'ActiveSupport::TestCase#run'

bin/rails test test/controllers/sign/app/in/secrets_controller_test.rb:80

E

Error:
Sign::App::In::SecretsControllerTest#test_secret_with_disallowed_kind_fails_authentication:
NameError: uninitialized constant Preference::Core::CookieOptions
    app/controllers/concerns/preference/base.rb:1096:in 'Preference::Base#preference_cookie_options'
    app/controllers/concerns/preference/base.rb:971:in 'Preference::Base#preference_auth_cookie_options'
    app/controllers/concerns/preference/base.rb:940:in 'Preference::Base#set_refresh_token_cookie'
    app/controllers/concerns/preference/base.rb:762:in 'Preference::Base#create_new_preference_record!'
    app/controllers/concerns/preference/base.rb:721:in 'Preference::Base#load_preference_record_from_refresh_token!'
    app/controllers/concerns/preference/base.rb:217:in 'Preference::Base#set_preferences_cookie'
    app/middleware/core/surface_middleware.rb:12:in 'Core::SurfaceMiddleware#call'
    test/controllers/sign/app/in/secrets_controller_test.rb:246:in 'block in <class:SecretsControllerTest>'
    test/support/i18n_locale_reset.rb:11:in 'block in ActiveSupport::TestCase#run'
    test/support/i18n_locale_reset.rb:10:in 'ActiveSupport::TestCase#run'

bin/rails test test/controllers/sign/app/in/secrets_controller_test.rb:243

E

Error:
Sign::App::In::SecretsControllerTest#test_secret_with_disallowed_status_fails_authentication:
NameError: uninitialized constant Preference::Core::CookieOptions
    app/controllers/concerns/preference/base.rb:1096:in 'Preference::Base#preference_cookie_options'
    app/controllers/concerns/preference/base.rb:971:in 'Preference::Base#preference_auth_cookie_options'
    app/controllers/concerns/preference/base.rb:940:in 'Preference::Base#set_refresh_token_cookie'
    app/controllers/concerns/preference/base.rb:762:in 'Preference::Base#create_new_preference_record!'
    app/controllers/concerns/preference/base.rb:721:in 'Preference::Base#load_preference_record_from_refresh_token!'
    app/controllers/concerns/preference/base.rb:217:in 'Preference::Base#set_preferences_cookie'
    app/middleware/core/surface_middleware.rb:12:in 'Core::SurfaceMiddleware#call'
    test/controllers/sign/app/in/secrets_controller_test.rb:235:in 'block in <class:SecretsControllerTest>'
    test/support/i18n_locale_reset.rb:11:in 'block in ActiveSupport::TestCase#run'
    test/support/i18n_locale_reset.rb:10:in 'ActiveSupport::TestCase#run'

bin/rails test test/controllers/sign/app/in/secrets_controller_test.rb:232

E

Error:
Sign::App::In::SecretsControllerTest#test_returns_409_when_user_is_at_session_hard_reject_limit:
NameError: uninitialized constant Preference::Core::CookieOptions
    app/controllers/concerns/preference/base.rb:1096:in 'Preference::Base#preference_cookie_options'
    app/controllers/concerns/preference/base.rb:971:in 'Preference::Base#preference_auth_cookie_options'
    app/controllers/concerns/preference/base.rb:940:in 'Preference::Base#set_refresh_token_cookie'
    app/controllers/concerns/preference/base.rb:762:in 'Preference::Base#create_new_preference_record!'
    app/controllers/concerns/preference/base.rb:721:in 'Preference::Base#load_preference_record_from_refresh_token!'
    app/controllers/concerns/preference/base.rb:217:in 'Preference::Base#set_preferences_cookie'
    app/middleware/core/surface_middleware.rb:12:in 'Core::SurfaceMiddleware#call'
    test/controllers/sign/app/in/secrets_controller_test.rb:60:in 'block in <class:SecretsControllerTest>'
    test/support/i18n_locale_reset.rb:11:in 'block in ActiveSupport::TestCase#run'
    test/support/i18n_locale_reset.rb:10:in 'ActiveSupport::TestCase#run'

bin/rails test test/controllers/sign/app/in/secrets_controller_test.rb:48

E

Error:
Sign::App::In::SecretsControllerTest#test_unknown_user_fails_with_unified_message:
NameError: uninitialized constant Preference::Core::CookieOptions
    app/controllers/concerns/preference/base.rb:1096:in 'Preference::Base#preference_cookie_options'
    app/controllers/concerns/preference/base.rb:971:in 'Preference::Base#preference_auth_cookie_options'
    app/controllers/concerns/preference/base.rb:940:in 'Preference::Base#set_refresh_token_cookie'
    app/controllers/concerns/preference/base.rb:762:in 'Preference::Base#create_new_preference_record!'
    app/controllers/concerns/preference/base.rb:721:in 'Preference::Base#load_preference_record_from_refresh_token!'
    app/controllers/concerns/preference/base.rb:217:in 'Preference::Base#set_preferences_cookie'
    app/middleware/core/surface_middleware.rb:12:in 'Core::SurfaceMiddleware#call'
    test/controllers/sign/app/in/secrets_controller_test.rb:130:in 'block in <class:SecretsControllerTest>'
    test/support/i18n_locale_reset.rb:11:in 'block in ActiveSupport::TestCase#run'
    test/support/i18n_locale_reset.rb:10:in 'ActiveSupport::TestCase#run'

bin/rails test test/controllers/sign/app/in/secrets_controller_test.rb:129

E

Error:
Sign::App::In::SecretsControllerTest#test_guest_request_does_not_query_users_with_null_mfa_user_id:
NameError: uninitialized constant Preference::Core::CookieOptions
    app/controllers/concerns/preference/base.rb:1096:in 'Preference::Base#preference_cookie_options'
    app/controllers/concerns/preference/base.rb:971:in 'Preference::Base#preference_auth_cookie_options'
    app/controllers/concerns/preference/base.rb:940:in 'Preference::Base#set_refresh_token_cookie'
    app/controllers/concerns/preference/base.rb:762:in 'Preference::Base#create_new_preference_record!'
    app/controllers/concerns/preference/base.rb:721:in 'Preference::Base#load_preference_record_from_refresh_token!'
    app/controllers/concerns/preference/base.rb:217:in 'Preference::Base#set_preferences_cookie'
    app/middleware/core/surface_middleware.rb:12:in 'Core::SurfaceMiddleware#call'
    test/controllers/sign/app/in/secrets_controller_test.rb:269:in 'block (2 levels) in <class:SecretsControllerTest>'
    test/controllers/sign/app/in/secrets_controller_test.rb:317:in 'block in Sign::App::In::SecretsControllerTest#capture_sql_queries'
    test/controllers/sign/app/in/secrets_controller_test.rb:316:in 'Sign::App::In::SecretsControllerTest#capture_sql_queries'
    test/controllers/sign/app/in/secrets_controller_test.rb:268:in 'block in <class:SecretsControllerTest>'
    test/support/i18n_locale_reset.rb:11:in 'block in ActiveSupport::TestCase#run'
    test/support/i18n_locale_reset.rb:10:in 'ActiveSupport::TestCase#run'

bin/rails test test/controllers/sign/app/in/secrets_controller_test.rb:266

E

Error:
Sign::App::In::SecretsControllerTest#test_expired_secret_fails_authentication:
NameError: uninitialized constant Preference::Core::CookieOptions
    app/controllers/concerns/preference/base.rb:1096:in 'Preference::Base#preference_cookie_options'
    app/controllers/concerns/preference/base.rb:971:in 'Preference::Base#preference_auth_cookie_options'
    app/controllers/concerns/preference/base.rb:940:in 'Preference::Base#set_refresh_token_cookie'
    app/controllers/concerns/preference/base.rb:762:in 'Preference::Base#create_new_preference_record!'
    app/controllers/concerns/preference/base.rb:721:in 'Preference::Base#load_preference_record_from_refresh_token!'
    app/controllers/concerns/preference/base.rb:217:in 'Preference::Base#set_preferences_cookie'
    app/middleware/core/surface_middleware.rb:12:in 'Core::SurfaceMiddleware#call'
    test/controllers/sign/app/in/secrets_controller_test.rb:212:in 'block in <class:SecretsControllerTest>'
    test/support/i18n_locale_reset.rb:11:in 'block in ActiveSupport::TestCase#run'
    test/support/i18n_locale_reset.rb:10:in 'ActiveSupport::TestCase#run'

bin/rails test test/controllers/sign/app/in/secrets_controller_test.rb:209

E

Error:
Sign::App::In::SecretsControllerTest#test_mismatched_secret_fails_with_unified_message:
NameError: uninitialized constant Preference::Core::CookieOptions
    app/controllers/concerns/preference/base.rb:1096:in 'Preference::Base#preference_cookie_options'
    app/controllers/concerns/preference/base.rb:971:in 'Preference::Base#preference_auth_cookie_options'
    app/controllers/concerns/preference/base.rb:940:in 'Preference::Base#set_refresh_token_cookie'
    app/controllers/concerns/preference/base.rb:762:in 'Preference::Base#create_new_preference_record!'
    app/controllers/concerns/preference/base.rb:721:in 'Preference::Base#load_preference_record_from_refresh_token!'
    app/controllers/concerns/preference/base.rb:217:in 'Preference::Base#set_preferences_cookie'
    app/middleware/core/surface_middleware.rb:12:in 'Core::SurfaceMiddleware#call'
    test/controllers/sign/app/in/secrets_controller_test.rb:121:in 'block in <class:SecretsControllerTest>'
    test/support/i18n_locale_reset.rb:11:in 'block in ActiveSupport::TestCase#run'
    test/support/i18n_locale_reset.rb:10:in 'ActiveSupport::TestCase#run'

bin/rails test test/controllers/sign/app/in/secrets_controller_test.rb:118

E

Error:
Sign::App::In::SecretsControllerTest#test_known_user_with_no_secret_fails_with_unified_message:
NameError: uninitialized constant Preference::Core::CookieOptions
    app/controllers/concerns/preference/base.rb:1096:in 'Preference::Base#preference_cookie_options'
    app/controllers/concerns/preference/base.rb:971:in 'Preference::Base#preference_auth_cookie_options'
    app/controllers/concerns/preference/base.rb:940:in 'Preference::Base#set_refresh_token_cookie'
    app/controllers/concerns/preference/base.rb:762:in 'Preference::Base#create_new_preference_record!'
    app/controllers/concerns/preference/base.rb:721:in 'Preference::Base#load_preference_record_from_refresh_token!'
    app/controllers/concerns/preference/base.rb:217:in 'Preference::Base#set_preferences_cookie'
    app/middleware/core/surface_middleware.rb:12:in 'Core::SurfaceMiddleware#call'
    test/controllers/sign/app/in/secrets_controller_test.rb:141:in 'block in <class:SecretsControllerTest>'
    test/support/i18n_locale_reset.rb:11:in 'block in ActiveSupport::TestCase#run'
    test/support/i18n_locale_reset.rb:10:in 'ActiveSupport::TestCase#run'

bin/rails test test/controllers/sign/app/in/secrets_controller_test.rb:138

E

Error:
Sign::App::In::SecretsControllerTest#test_should_get_new:
NameError: uninitialized constant Preference::Core::CookieOptions
    app/controllers/concerns/preference/base.rb:1096:in 'Preference::Base#preference_cookie_options'
    app/controllers/concerns/preference/base.rb:971:in 'Preference::Base#preference_auth_cookie_options'
    app/controllers/concerns/preference/base.rb:940:in 'Preference::Base#set_refresh_token_cookie'
    app/controllers/concerns/preference/base.rb:762:in 'Preference::Base#create_new_preference_record!'
    app/controllers/concerns/preference/base.rb:721:in 'Preference::Base#load_preference_record_from_refresh_token!'
    app/controllers/concerns/preference/base.rb:217:in 'Preference::Base#set_preferences_cookie'
    app/middleware/core/surface_middleware.rb:12:in 'Core::SurfaceMiddleware#call'
    test/controllers/sign/app/in/secrets_controller_test.rb:25:in 'block in <class:SecretsControllerTest>'
    test/support/i18n_locale_reset.rb:11:in 'block in ActiveSupport::TestCase#run'
    test/support/i18n_locale_reset.rb:10:in 'ActiveSupport::TestCase#run'

bin/rails test test/controllers/sign/app/in/secrets_controller_test.rb:24

E

Error:
Sign::App::In::SecretsControllerTest#test_one-time_secret_decrements_uses_and_cannot_be_reused_once_exhausted:
NameError: uninitialized constant Preference::Core::CookieOptions
    app/controllers/concerns/preference/base.rb:1096:in 'Preference::Base#preference_cookie_options'
    app/controllers/concerns/preference/base.rb:971:in 'Preference::Base#preference_auth_cookie_options'
    app/controllers/concerns/preference/base.rb:940:in 'Preference::Base#set_refresh_token_cookie'
    app/controllers/concerns/preference/base.rb:762:in 'Preference::Base#create_new_preference_record!'
    app/controllers/concerns/preference/base.rb:721:in 'Preference::Base#load_preference_record_from_refresh_token!'
    app/controllers/concerns/preference/base.rb:217:in 'Preference::Base#set_preferences_cookie'
    app/middleware/core/surface_middleware.rb:12:in 'Core::SurfaceMiddleware#call'
    test/controllers/sign/app/in/secrets_controller_test.rb:187:in 'block in <class:SecretsControllerTest>'
    test/support/i18n_locale_reset.rb:11:in 'block in ActiveSupport::TestCase#run'
    test/support/i18n_locale_reset.rb:10:in 'ActiveSupport::TestCase#run'

bin/rails test test/controllers/sign/app/in/secrets_controller_test.rb:184

E

Error:
Sign::App::In::SecretsControllerTest#test_secret_login_returns_same_response_for_secret_mismatch_and_missing_verified_pii:
NameError: uninitialized constant Preference::Core::CookieOptions
    app/controllers/concerns/preference/base.rb:1096:in 'Preference::Base#preference_cookie_options'
    app/controllers/concerns/preference/base.rb:971:in 'Preference::Base#preference_auth_cookie_options'
    app/controllers/concerns/preference/base.rb:940:in 'Preference::Base#set_refresh_token_cookie'
    app/controllers/concerns/preference/base.rb:762:in 'Preference::Base#create_new_preference_record!'
    app/controllers/concerns/preference/base.rb:721:in 'Preference::Base#load_preference_record_from_refresh_token!'
    app/controllers/concerns/preference/base.rb:217:in 'Preference::Base#set_preferences_cookie'
    app/middleware/core/surface_middleware.rb:12:in 'Core::SurfaceMiddleware#call'
    test/controllers/sign/app/in/secrets_controller_test.rb:152:in 'block in <class:SecretsControllerTest>'
    test/support/i18n_locale_reset.rb:11:in 'block in ActiveSupport::TestCase#run'
    test/support/i18n_locale_reset.rb:10:in 'ActiveSupport::TestCase#run'

bin/rails test test/controllers/sign/app/in/secrets_controller_test.rb:149

E

Error:
Sign::App::In::SecretsControllerTest#test_secret_sign-in_redirects_to_MFA_challenge_for_weak_method_when_MFA_is_enabled:
NameError: uninitialized constant Preference::Core::CookieOptions
    app/controllers/concerns/preference/base.rb:1096:in 'Preference::Base#preference_cookie_options'
    app/controllers/concerns/preference/base.rb:971:in 'Preference::Base#preference_auth_cookie_options'
    app/controllers/concerns/preference/base.rb:940:in 'Preference::Base#set_refresh_token_cookie'
    app/controllers/concerns/preference/base.rb:762:in 'Preference::Base#create_new_preference_record!'
    app/controllers/concerns/preference/base.rb:721:in 'Preference::Base#load_preference_record_from_refresh_token!'
    app/controllers/concerns/preference/base.rb:217:in 'Preference::Base#set_preferences_cookie'
    app/middleware/core/surface_middleware.rb:12:in 'Core::SurfaceMiddleware#call'
    test/controllers/sign/app/in/secrets_controller_test.rb:110:in 'block in <class:SecretsControllerTest>'
    test/support/i18n_locale_reset.rb:11:in 'block in ActiveSupport::TestCase#run'
    test/support/i18n_locale_reset.rb:10:in 'ActiveSupport::TestCase#run'

bin/rails test test/controllers/sign/app/in/secrets_controller_test.rb:106

..............E

Error:
Core::App::ConfigurationsControllerTest#test_should_get_show_when_logged_in:
NameError: uninitialized constant Preference::Core::CookieOptions
    app/controllers/concerns/preference/base.rb:1096:in 'Preference::Base#preference_cookie_options'
    app/controllers/concerns/preference/base.rb:971:in 'Preference::Base#preference_auth_cookie_options'
    app/controllers/concerns/preference/base.rb:940:in 'Preference::Base#set_refresh_token_cookie'
    app/controllers/concerns/preference/base.rb:762:in 'Preference::Base#create_new_preference_record!'
    app/controllers/concerns/preference/base.rb:721:in 'Preference::Base#load_preference_record_from_refresh_token!'
    app/controllers/concerns/preference/base.rb:217:in 'Preference::Base#set_preferences_cookie'
    app/middleware/core/surface_middleware.rb:12:in 'Core::SurfaceMiddleware#call'
    test/controllers/core/configurations_controller_test.rb:16:in 'block in <class:ConfigurationsControllerTest>'
    test/support/i18n_locale_reset.rb:11:in 'block in ActiveSupport::TestCase#run'
    test/support/i18n_locale_reset.rb:10:in 'ActiveSupport::TestCase#run'

bin/rails test test/controllers/core/configurations_controller_test.rb:15

.E

Error:
Sign::App::Verification::TotpsControllerTest#test_new_keeps_scope_and_return_to_in_form_hidden_fields:
NameError: uninitialized constant Preference::Core::CookieOptions
    app/controllers/concerns/preference/base.rb:1096:in 'Preference::Base#preference_cookie_options'
    app/controllers/concerns/preference/base.rb:971:in 'Preference::Base#preference_auth_cookie_options'
    app/controllers/concerns/preference/base.rb:940:in 'Preference::Base#set_refresh_token_cookie'
    app/controllers/concerns/preference/base.rb:762:in 'Preference::Base#create_new_preference_record!'
    app/controllers/concerns/preference/base.rb:721:in 'Preference::Base#load_preference_record_from_refresh_token!'
    app/controllers/concerns/preference/base.rb:217:in 'Preference::Base#set_preferences_cookie'
    app/middleware/core/surface_middleware.rb:12:in 'Core::SurfaceMiddleware#call'
    test/controllers/sign/app/verification/totps_controller_test.rb:76:in 'block in <class:TotpsControllerTest>'
    test/support/i18n_locale_reset.rb:11:in 'block in ActiveSupport::TestCase#run'
    test/support/i18n_locale_reset.rb:10:in 'ActiveSupport::TestCase#run'

bin/rails test test/controllers/sign/app/verification/totps_controller_test.rb:66

E

Error:
Sign::App::Verification::TotpsControllerTest#test_renders_new_on_failure:
NameError: uninitialized constant Preference::Core::CookieOptions
    app/controllers/concerns/preference/base.rb:1096:in 'Preference::Base#preference_cookie_options'
    app/controllers/concerns/preference/base.rb:971:in 'Preference::Base#preference_auth_cookie_options'
    app/controllers/concerns/preference/base.rb:940:in 'Preference::Base#set_refresh_token_cookie'
    app/controllers/concerns/preference/base.rb:762:in 'Preference::Base#create_new_preference_record!'
    app/controllers/concerns/preference/base.rb:721:in 'Preference::Base#load_preference_record_from_refresh_token!'
    app/controllers/concerns/preference/base.rb:217:in 'Preference::Base#set_preferences_cookie'
    app/middleware/core/surface_middleware.rb:12:in 'Core::SurfaceMiddleware#call'
    test/controllers/sign/app/verification/totps_controller_test.rb:56:in 'block in <class:TotpsControllerTest>'
    test/support/i18n_locale_reset.rb:11:in 'block in ActiveSupport::TestCase#run'
    test/support/i18n_locale_reset.rb:10:in 'ActiveSupport::TestCase#run'

bin/rails test test/controllers/sign/app/verification/totps_controller_test.rb:46

E

Error:
Sign::App::Verification::TotpsControllerTest#test_POST_returns_plain_error_when_no_usable_step-up_methods_exist:
NameError: uninitialized constant Preference::Core::CookieOptions
    app/controllers/concerns/preference/base.rb:1096:in 'Preference::Base#preference_cookie_options'
    app/controllers/concerns/preference/base.rb:971:in 'Preference::Base#preference_auth_cookie_options'
    app/controllers/concerns/preference/base.rb:940:in 'Preference::Base#set_refresh_token_cookie'
    app/controllers/concerns/preference/base.rb:762:in 'Preference::Base#create_new_preference_record!'
    app/controllers/concerns/preference/base.rb:721:in 'Preference::Base#load_preference_record_from_refresh_token!'
    app/controllers/concerns/preference/base.rb:217:in 'Preference::Base#set_preferences_cookie'
    app/middleware/core/surface_middleware.rb:12:in 'Core::SurfaceMiddleware#call'
    test/controllers/sign/app/verification/totps_controller_test.rb:93:in 'block (3 levels) in <class:TotpsControllerTest>'
    test/controllers/sign/app/verification/totps_controller_test.rb:92:in 'block (2 levels) in <class:TotpsControllerTest>'
    test/controllers/sign/app/verification/totps_controller_test.rb:91:in 'block in <class:TotpsControllerTest>'
    test/support/i18n_locale_reset.rb:11:in 'block in ActiveSupport::TestCase#run'
    test/support/i18n_locale_reset.rb:10:in 'ActiveSupport::TestCase#run'

bin/rails test test/controllers/sign/app/verification/totps_controller_test.rb:90

E

Error:
Sign::App::Verification::TotpsControllerTest#test_creates_verification_on_success:
NameError: uninitialized constant Preference::Core::CookieOptions
    app/controllers/concerns/preference/base.rb:1096:in 'Preference::Base#preference_cookie_options'
    app/controllers/concerns/preference/base.rb:971:in 'Preference::Base#preference_auth_cookie_options'
    app/controllers/concerns/preference/base.rb:940:in 'Preference::Base#set_refresh_token_cookie'
    app/controllers/concerns/preference/base.rb:762:in 'Preference::Base#create_new_preference_record!'
    app/controllers/concerns/preference/base.rb:721:in 'Preference::Base#load_preference_record_from_refresh_token!'
    app/controllers/concerns/preference/base.rb:217:in 'Preference::Base#set_preferences_cookie'
    app/middleware/core/surface_middleware.rb:12:in 'Core::SurfaceMiddleware#call'
    test/controllers/sign/app/verification/totps_controller_test.rb:26:in 'block in <class:TotpsControllerTest>'
    test/support/i18n_locale_reset.rb:11:in 'block in ActiveSupport::TestCase#run'
    test/support/i18n_locale_reset.rb:10:in 'ActiveSupport::TestCase#run'

bin/rails test test/controllers/sign/app/verification/totps_controller_test.rb:16

.........E

Error:
Sign::Org::Configuration::PasskeysControllerTest#test_should_get_new:
NameError: uninitialized constant Preference::Core::CookieOptions
    app/controllers/concerns/preference/base.rb:1096:in 'Preference::Base#preference_cookie_options'
    app/controllers/concerns/preference/base.rb:971:in 'Preference::Base#preference_auth_cookie_options'
    app/controllers/concerns/preference/base.rb:940:in 'Preference::Base#set_refresh_token_cookie'
    app/controllers/concerns/preference/base.rb:762:in 'Preference::Base#create_new_preference_record!'
    app/controllers/concerns/preference/base.rb:721:in 'Preference::Base#load_preference_record_from_refresh_token!'
    app/controllers/concerns/preference/base.rb:217:in 'Preference::Base#set_preferences_cookie'
    app/middleware/core/surface_middleware.rb:12:in 'Core::SurfaceMiddleware#call'
    test/controllers/sign/org/configuration/passkeys_controller_test.rb:30:in 'block in <class:PasskeysControllerTest>'
    test/support/i18n_locale_reset.rb:11:in 'block in ActiveSupport::TestCase#run'
    test/support/i18n_locale_reset.rb:10:in 'ActiveSupport::TestCase#run'

bin/rails test test/controllers/sign/org/configuration/passkeys_controller_test.rb:29

.E

Error:
Sign::Org::Configuration::PasskeysControllerTest#test_should_get_index:
NameError: uninitialized constant Preference::Core::CookieOptions
    app/controllers/concerns/preference/base.rb:1096:in 'Preference::Base#preference_cookie_options'
    app/controllers/concerns/preference/base.rb:971:in 'Preference::Base#preference_auth_cookie_options'
    app/controllers/concerns/preference/base.rb:940:in 'Preference::Base#set_refresh_token_cookie'
    app/controllers/concerns/preference/base.rb:762:in 'Preference::Base#create_new_preference_record!'
    app/controllers/concerns/preference/base.rb:721:in 'Preference::Base#load_preference_record_from_refresh_token!'
    app/controllers/concerns/preference/base.rb:217:in 'Preference::Base#set_preferences_cookie'
    app/middleware/core/surface_middleware.rb:12:in 'Core::SurfaceMiddleware#call'
    test/controllers/sign/org/configuration/passkeys_controller_test.rb:18:in 'block in <class:PasskeysControllerTest>'
    test/support/i18n_locale_reset.rb:11:in 'block in ActiveSupport::TestCase#run'
    test/support/i18n_locale_reset.rb:10:in 'ActiveSupport::TestCase#run'

bin/rails test test/controllers/sign/org/configuration/passkeys_controller_test.rb:17

........................E

Error:
Sign::App::UpsControllerTest#test_renders_registration_layout_structure:
NameError: uninitialized constant Preference::Core::CookieOptions
    app/controllers/concerns/preference/base.rb:1096:in 'Preference::Base#preference_cookie_options'
    app/controllers/concerns/preference/base.rb:971:in 'Preference::Base#preference_auth_cookie_options'
    app/controllers/concerns/preference/base.rb:940:in 'Preference::Base#set_refresh_token_cookie'
    app/controllers/concerns/preference/base.rb:762:in 'Preference::Base#create_new_preference_record!'
    app/controllers/concerns/preference/base.rb:721:in 'Preference::Base#load_preference_record_from_refresh_token!'
    app/controllers/concerns/preference/base.rb:217:in 'Preference::Base#set_preferences_cookie'
    app/middleware/core/surface_middleware.rb:12:in 'Core::SurfaceMiddleware#call'
    test/controllers/sign/app/ups_controller_test.rb:34:in 'block in <class:UpsControllerTest>'
    test/support/i18n_locale_reset.rb:11:in 'block in ActiveSupport::TestCase#run'
    test/support/i18n_locale_reset.rb:10:in 'ActiveSupport::TestCase#run'

bin/rails test test/controllers/sign/app/ups_controller_test.rb:33

E

Error:
Sign::App::UpsControllerTest#test_footer_contains_navigation_links:
NameError: uninitialized constant Preference::Core::CookieOptions
    app/controllers/concerns/preference/base.rb:1096:in 'Preference::Base#preference_cookie_options'
    app/controllers/concerns/preference/base.rb:971:in 'Preference::Base#preference_auth_cookie_options'
    app/controllers/concerns/preference/base.rb:940:in 'Preference::Base#set_refresh_token_cookie'
    app/controllers/concerns/preference/base.rb:762:in 'Preference::Base#create_new_preference_record!'
    app/controllers/concerns/preference/base.rb:721:in 'Preference::Base#load_preference_record_from_refresh_token!'
    app/controllers/concerns/preference/base.rb:217:in 'Preference::Base#set_preferences_cookie'
    app/middleware/core/surface_middleware.rb:12:in 'Core::SurfaceMiddleware#call'
    test/controllers/sign/app/ups_controller_test.rb:65:in 'block in <class:UpsControllerTest>'
    test/support/i18n_locale_reset.rb:11:in 'block in ActiveSupport::TestCase#run'
    test/support/i18n_locale_reset.rb:10:in 'ActiveSupport::TestCase#run'

bin/rails test test/controllers/sign/app/ups_controller_test.rb:64

E

Error:
Sign::App::UpsControllerTest#test_renders_specific_cta_text:
NameError: uninitialized constant Preference::Core::CookieOptions
    app/controllers/concerns/preference/base.rb:1096:in 'Preference::Base#preference_cookie_options'
    app/controllers/concerns/preference/base.rb:971:in 'Preference::Base#preference_auth_cookie_options'
    app/controllers/concerns/preference/base.rb:940:in 'Preference::Base#set_refresh_token_cookie'
    app/controllers/concerns/preference/base.rb:762:in 'Preference::Base#create_new_preference_record!'
    app/controllers/concerns/preference/base.rb:721:in 'Preference::Base#load_preference_record_from_refresh_token!'
    app/controllers/concerns/preference/base.rb:217:in 'Preference::Base#set_preferences_cookie'
    app/middleware/core/surface_middleware.rb:12:in 'Core::SurfaceMiddleware#call'
    test/controllers/sign/app/ups_controller_test.rb:74:in 'block in <class:UpsControllerTest>'
    test/support/i18n_locale_reset.rb:11:in 'block in ActiveSupport::TestCase#run'
    test/support/i18n_locale_reset.rb:10:in 'ActiveSupport::TestCase#run'

bin/rails test test/controllers/sign/app/ups_controller_test.rb:73

E

Error:
Sign::App::UpsControllerTest#test_shows_registration_methods_and_social_providers:
NameError: uninitialized constant Preference::Core::CookieOptions
    app/controllers/concerns/preference/base.rb:1096:in 'Preference::Base#preference_cookie_options'
    app/controllers/concerns/preference/base.rb:971:in 'Preference::Base#preference_auth_cookie_options'
    app/controllers/concerns/preference/base.rb:940:in 'Preference::Base#set_refresh_token_cookie'
    app/controllers/concerns/preference/base.rb:762:in 'Preference::Base#create_new_preference_record!'
    app/controllers/concerns/preference/base.rb:721:in 'Preference::Base#load_preference_record_from_refresh_token!'
    app/controllers/concerns/preference/base.rb:217:in 'Preference::Base#set_preferences_cookie'
    app/middleware/core/surface_middleware.rb:12:in 'Core::SurfaceMiddleware#call'
    test/controllers/sign/app/ups_controller_test.rb:24:in 'block in <class:UpsControllerTest>'
    test/support/i18n_locale_reset.rb:11:in 'block in ActiveSupport::TestCase#run'
    test/support/i18n_locale_reset.rb:10:in 'ActiveSupport::TestCase#run'

bin/rails test test/controllers/sign/app/ups_controller_test.rb:23

E

Error:
Sign::App::UpsControllerTest#test_should_get_new:
NameError: uninitialized constant Preference::Core::CookieOptions
    app/controllers/concerns/preference/base.rb:1096:in 'Preference::Base#preference_cookie_options'
    app/controllers/concerns/preference/base.rb:971:in 'Preference::Base#preference_auth_cookie_options'
    app/controllers/concerns/preference/base.rb:940:in 'Preference::Base#set_refresh_token_cookie'
    app/controllers/concerns/preference/base.rb:762:in 'Preference::Base#create_new_preference_record!'
    app/controllers/concerns/preference/base.rb:721:in 'Preference::Base#load_preference_record_from_refresh_token!'
    app/controllers/concerns/preference/base.rb:217:in 'Preference::Base#set_preferences_cookie'
    app/middleware/core/surface_middleware.rb:12:in 'Core::SurfaceMiddleware#call'
    test/controllers/sign/app/ups_controller_test.rb:9:in 'block in <class:UpsControllerTest>'
    test/support/i18n_locale_reset.rb:11:in 'block in ActiveSupport::TestCase#run'
    test/support/i18n_locale_reset.rb:10:in 'ActiveSupport::TestCase#run'

bin/rails test test/controllers/sign/app/ups_controller_test.rb:8

E

Error:
Sign::App::UpsControllerTest#test_header_contains_authentication_links:
NameError: uninitialized constant Preference::Core::CookieOptions
    app/controllers/concerns/preference/base.rb:1096:in 'Preference::Base#preference_cookie_options'
    app/controllers/concerns/preference/base.rb:971:in 'Preference::Base#preference_auth_cookie_options'
    app/controllers/concerns/preference/base.rb:940:in 'Preference::Base#set_refresh_token_cookie'
    app/controllers/concerns/preference/base.rb:762:in 'Preference::Base#create_new_preference_record!'
    app/controllers/concerns/preference/base.rb:721:in 'Preference::Base#load_preference_record_from_refresh_token!'
    app/controllers/concerns/preference/base.rb:217:in 'Preference::Base#set_preferences_cookie'
    app/middleware/core/surface_middleware.rb:12:in 'Core::SurfaceMiddleware#call'
    test/controllers/sign/app/ups_controller_test.rb:54:in 'block in <class:UpsControllerTest>'
    test/support/i18n_locale_reset.rb:11:in 'block in ActiveSupport::TestCase#run'
    test/support/i18n_locale_reset.rb:10:in 'ActiveSupport::TestCase#run'

bin/rails test test/controllers/sign/app/ups_controller_test.rb:53

E

Error:
Sign::App::UpsControllerTest#test_sets_lang_attribute_on_html_element:
NameError: uninitialized constant Preference::Core::CookieOptions
    app/controllers/concerns/preference/base.rb:1096:in 'Preference::Base#preference_cookie_options'
    app/controllers/concerns/preference/base.rb:971:in 'Preference::Base#preference_auth_cookie_options'
    app/controllers/concerns/preference/base.rb:940:in 'Preference::Base#set_refresh_token_cookie'
    app/controllers/concerns/preference/base.rb:762:in 'Preference::Base#create_new_preference_record!'
    app/controllers/concerns/preference/base.rb:721:in 'Preference::Base#load_preference_record_from_refresh_token!'
    app/controllers/concerns/preference/base.rb:217:in 'Preference::Base#set_preferences_cookie'
    app/middleware/core/surface_middleware.rb:12:in 'Core::SurfaceMiddleware#call'
    test/controllers/sign/app/ups_controller_test.rb:15:in 'block in <class:UpsControllerTest>'
    test/support/i18n_locale_reset.rb:11:in 'block in ActiveSupport::TestCase#run'
    test/support/i18n_locale_reset.rb:10:in 'ActiveSupport::TestCase#run'

bin/rails test test/controllers/sign/app/ups_controller_test.rb:14

.E

Error:
Sign::App::Configuration::EmailsControllerTest#test_index_displays_verified_status:
NameError: uninitialized constant Preference::Core::CookieOptions
    app/controllers/concerns/preference/base.rb:1096:in 'Preference::Base#preference_cookie_options'
    app/controllers/concerns/preference/base.rb:971:in 'Preference::Base#preference_auth_cookie_options'
    app/controllers/concerns/preference/base.rb:940:in 'Preference::Base#set_refresh_token_cookie'
    app/controllers/concerns/preference/base.rb:762:in 'Preference::Base#create_new_preference_record!'
    app/controllers/concerns/preference/base.rb:721:in 'Preference::Base#load_preference_record_from_refresh_token!'
    app/controllers/concerns/preference/base.rb:217:in 'Preference::Base#set_preferences_cookie'
    app/middleware/core/surface_middleware.rb:12:in 'Core::SurfaceMiddleware#call'
    test/controllers/sign/app/configuration/emails_controller_test.rb:39:in 'block in <class:EmailsControllerTest>'
    test/support/i18n_locale_reset.rb:11:in 'block in ActiveSupport::TestCase#run'
    test/support/i18n_locale_reset.rb:10:in 'ActiveSupport::TestCase#run'

bin/rails test test/controllers/sign/app/configuration/emails_controller_test.rb:32

E

Error:
Sign::App::Configuration::EmailsControllerTest#test_destroy_allows_removing_last_email_when_telephone_and_passkey_are_present:
NameError: uninitialized constant Preference::Core::CookieOptions
    app/controllers/concerns/preference/base.rb:1096:in 'Preference::Base#preference_cookie_options'
    app/controllers/concerns/preference/base.rb:971:in 'Preference::Base#preference_auth_cookie_options'
    app/controllers/concerns/preference/base.rb:940:in 'Preference::Base#set_refresh_token_cookie'
    app/controllers/concerns/preference/base.rb:762:in 'Preference::Base#create_new_preference_record!'
    app/controllers/concerns/preference/base.rb:721:in 'Preference::Base#load_preference_record_from_refresh_token!'
    app/controllers/concerns/preference/base.rb:217:in 'Preference::Base#set_preferences_cookie'
    app/middleware/core/surface_middleware.rb:12:in 'Core::SurfaceMiddleware#call'
    test/controllers/sign/app/configuration/emails_controller_test.rb:97:in 'block (2 levels) in <class:EmailsControllerTest>'
    test/controllers/sign/app/configuration/emails_controller_test.rb:96:in 'block in <class:EmailsControllerTest>'
    test/support/i18n_locale_reset.rb:11:in 'block in ActiveSupport::TestCase#run'
    test/support/i18n_locale_reset.rb:10:in 'ActiveSupport::TestCase#run'

bin/rails test test/controllers/sign/app/configuration/emails_controller_test.rb:65

E

Error:
Sign::App::Configuration::EmailsControllerTest#test_destroy_removes_email_when_not_last_method:
NameError: uninitialized constant Preference::Core::CookieOptions
    app/controllers/concerns/preference/base.rb:1096:in 'Preference::Base#preference_cookie_options'
    app/controllers/concerns/preference/base.rb:971:in 'Preference::Base#preference_auth_cookie_options'
    app/controllers/concerns/preference/base.rb:940:in 'Preference::Base#set_refresh_token_cookie'
    app/controllers/concerns/preference/base.rb:762:in 'Preference::Base#create_new_preference_record!'
    app/controllers/concerns/preference/base.rb:721:in 'Preference::Base#load_preference_record_from_refresh_token!'
    app/controllers/concerns/preference/base.rb:217:in 'Preference::Base#set_preferences_cookie'
    app/middleware/core/surface_middleware.rb:12:in 'Core::SurfaceMiddleware#call'
    test/controllers/sign/app/configuration/emails_controller_test.rb:59:in 'block (2 levels) in <class:EmailsControllerTest>'
    test/controllers/sign/app/configuration/emails_controller_test.rb:58:in 'block in <class:EmailsControllerTest>'
    test/support/i18n_locale_reset.rb:11:in 'block in ActiveSupport::TestCase#run'
    test/support/i18n_locale_reset.rb:10:in 'ActiveSupport::TestCase#run'

bin/rails test test/controllers/sign/app/configuration/emails_controller_test.rb:46

E

Error:
Sign::App::Configuration::EmailsControllerTest#test_destroy_blocks_removing_last_email_when_telephone_exists_but_no_passkey_or_social:
NameError: uninitialized constant Preference::Core::CookieOptions
    app/controllers/concerns/preference/base.rb:1096:in 'Preference::Base#preference_cookie_options'
    app/controllers/concerns/preference/base.rb:971:in 'Preference::Base#preference_auth_cookie_options'
    app/controllers/concerns/preference/base.rb:940:in 'Preference::Base#set_refresh_token_cookie'
    app/controllers/concerns/preference/base.rb:762:in 'Preference::Base#create_new_preference_record!'
    app/controllers/concerns/preference/base.rb:721:in 'Preference::Base#load_preference_record_from_refresh_token!'
    app/controllers/concerns/preference/base.rb:217:in 'Preference::Base#set_preferences_cookie'
    app/middleware/core/surface_middleware.rb:12:in 'Core::SurfaceMiddleware#call'
    test/controllers/sign/app/configuration/emails_controller_test.rb:127:in 'block (2 levels) in <class:EmailsControllerTest>'
    test/controllers/sign/app/configuration/emails_controller_test.rb:126:in 'block in <class:EmailsControllerTest>'
    test/support/i18n_locale_reset.rb:11:in 'block in ActiveSupport::TestCase#run'
    test/support/i18n_locale_reset.rb:10:in 'ActiveSupport::TestCase#run'

bin/rails test test/controllers/sign/app/configuration/emails_controller_test.rb:103

E

Error:
Sign::App::Configuration::EmailsControllerTest#test_should_get_index:
NameError: uninitialized constant Preference::Core::CookieOptions
    app/controllers/concerns/preference/base.rb:1096:in 'Preference::Base#preference_cookie_options'
    app/controllers/concerns/preference/base.rb:971:in 'Preference::Base#preference_auth_cookie_options'
    app/controllers/concerns/preference/base.rb:940:in 'Preference::Base#set_refresh_token_cookie'
    app/controllers/concerns/preference/base.rb:762:in 'Preference::Base#create_new_preference_record!'
    app/controllers/concerns/preference/base.rb:721:in 'Preference::Base#load_preference_record_from_refresh_token!'
    app/controllers/concerns/preference/base.rb:217:in 'Preference::Base#set_preferences_cookie'
    app/middleware/core/surface_middleware.rb:12:in 'Core::SurfaceMiddleware#call'
    test/controllers/sign/app/configuration/emails_controller_test.rb:28:in 'block in <class:EmailsControllerTest>'
    test/support/i18n_locale_reset.rb:11:in 'block in ActiveSupport::TestCase#run'
    test/support/i18n_locale_reset.rb:10:in 'ActiveSupport::TestCase#run'

bin/rails test test/controllers/sign/app/configuration/emails_controller_test.rb:27

...........E

Error:
Sign::Org::UpsControllerTest#test_renders_recruit_contact_and_home_links:
NameError: uninitialized constant Preference::Core::CookieOptions
    app/controllers/concerns/preference/base.rb:1096:in 'Preference::Base#preference_cookie_options'
    app/controllers/concerns/preference/base.rb:971:in 'Preference::Base#preference_auth_cookie_options'
    app/controllers/concerns/preference/base.rb:940:in 'Preference::Base#set_refresh_token_cookie'
    app/controllers/concerns/preference/base.rb:762:in 'Preference::Base#create_new_preference_record!'
    app/controllers/concerns/preference/base.rb:721:in 'Preference::Base#load_preference_record_from_refresh_token!'
    app/controllers/concerns/preference/base.rb:217:in 'Preference::Base#set_preferences_cookie'
    app/middleware/core/surface_middleware.rb:12:in 'Core::SurfaceMiddleware#call'
    test/controllers/sign/org/ups_controller_test.rb:21:in 'block in <class:UpsControllerTest>'
    test/support/i18n_locale_reset.rb:11:in 'block in ActiveSupport::TestCase#run'
    test/support/i18n_locale_reset.rb:10:in 'ActiveSupport::TestCase#run'

bin/rails test test/controllers/sign/org/ups_controller_test.rb:20

E

Error:
Sign::Org::UpsControllerTest#test_should_get_new:
NameError: uninitialized constant Preference::Core::CookieOptions
    app/controllers/concerns/preference/base.rb:1096:in 'Preference::Base#preference_cookie_options'
    app/controllers/concerns/preference/base.rb:971:in 'Preference::Base#preference_auth_cookie_options'
    app/controllers/concerns/preference/base.rb:940:in 'Preference::Base#set_refresh_token_cookie'
    app/controllers/concerns/preference/base.rb:762:in 'Preference::Base#create_new_preference_record!'
    app/controllers/concerns/preference/base.rb:721:in 'Preference::Base#load_preference_record_from_refresh_token!'
    app/controllers/concerns/preference/base.rb:217:in 'Preference::Base#set_preferences_cookie'
    app/middleware/core/surface_middleware.rb:12:in 'Core::SurfaceMiddleware#call'
    test/controllers/sign/org/ups_controller_test.rb:11:in 'block in <class:UpsControllerTest>'
    test/support/i18n_locale_reset.rb:11:in 'block in ActiveSupport::TestCase#run'
    test/support/i18n_locale_reset.rb:10:in 'ActiveSupport::TestCase#run'

bin/rails test test/controllers/sign/org/ups_controller_test.rb:10

E

Error:
TurnstileFormsTest#test_Turnstile_widget_is_rendered:
NameError: uninitialized constant Preference::Core::CookieOptions
    app/controllers/concerns/preference/base.rb:1096:in 'Preference::Base#preference_cookie_options'
    app/controllers/concerns/preference/base.rb:971:in 'Preference::Base#preference_auth_cookie_options'
    app/controllers/concerns/preference/base.rb:940:in 'Preference::Base#set_refresh_token_cookie'
    app/controllers/concerns/preference/base.rb:762:in 'Preference::Base#create_new_preference_record!'
    app/controllers/concerns/preference/base.rb:721:in 'Preference::Base#load_preference_record_from_refresh_token!'
    app/controllers/concerns/preference/base.rb:217:in 'Preference::Base#set_preferences_cookie'
    app/middleware/core/surface_middleware.rb:12:in 'Core::SurfaceMiddleware#call'
    test/integration/turnstile_forms_test.rb:62:in 'block (2 levels) in <class:TurnstileFormsTest>'
    test/integration/turnstile_forms_test.rb:53:in 'Array#each'
    test/integration/turnstile_forms_test.rb:53:in 'block in <class:TurnstileFormsTest>'
    test/support/i18n_locale_reset.rb:11:in 'block in ActiveSupport::TestCase#run'
    test/support/i18n_locale_reset.rb:10:in 'ActiveSupport::TestCase#run'

bin/rails test test/integration/turnstile_forms_test.rb:52

E

Error:
TurnstileFormsTest#test_all_Turnstile_forms_have_turbo_disabled:
NameError: uninitialized constant Preference::Core::CookieOptions
    app/controllers/concerns/preference/base.rb:1096:in 'Preference::Base#preference_cookie_options'
    app/controllers/concerns/preference/base.rb:971:in 'Preference::Base#preference_auth_cookie_options'
    app/controllers/concerns/preference/base.rb:940:in 'Preference::Base#set_refresh_token_cookie'
    app/controllers/concerns/preference/base.rb:762:in 'Preference::Base#create_new_preference_record!'
    app/controllers/concerns/preference/base.rb:721:in 'Preference::Base#load_preference_record_from_refresh_token!'
    app/controllers/concerns/preference/base.rb:217:in 'Preference::Base#set_preferences_cookie'
    app/middleware/core/surface_middleware.rb:12:in 'Core::SurfaceMiddleware#call'
    test/integration/turnstile_forms_test.rb:34:in 'block (2 levels) in <class:TurnstileFormsTest>'
    test/integration/turnstile_forms_test.rb:25:in 'Array#each'
    test/integration/turnstile_forms_test.rb:25:in 'block in <class:TurnstileFormsTest>'
    test/support/i18n_locale_reset.rb:11:in 'block in ActiveSupport::TestCase#run'
    test/support/i18n_locale_reset.rb:10:in 'ActiveSupport::TestCase#run'

bin/rails test test/integration/turnstile_forms_test.rb:24

.....................E

Error:
Sign::Org::PasskeysControllerTest#test_should_get_new:
NameError: uninitialized constant Preference::Core::CookieOptions
    app/controllers/concerns/preference/base.rb:1096:in 'Preference::Base#preference_cookie_options'
    app/controllers/concerns/preference/base.rb:971:in 'Preference::Base#preference_auth_cookie_options'
    app/controllers/concerns/preference/base.rb:940:in 'Preference::Base#set_refresh_token_cookie'
    app/controllers/concerns/preference/base.rb:762:in 'Preference::Base#create_new_preference_record!'
    app/controllers/concerns/preference/base.rb:721:in 'Preference::Base#load_preference_record_from_refresh_token!'
    app/controllers/concerns/preference/base.rb:217:in 'Preference::Base#set_preferences_cookie'
    app/middleware/core/surface_middleware.rb:12:in 'Core::SurfaceMiddleware#call'
    test/controllers/sign/org/passkeys_controller_test.rb:11:in 'block in <class:PasskeysControllerTest>'
    test/support/i18n_locale_reset.rb:11:in 'block in ActiveSupport::TestCase#run'
    test/support/i18n_locale_reset.rb:10:in 'ActiveSupport::TestCase#run'

bin/rails test test/controllers/sign/org/passkeys_controller_test.rb:10

....E

Error:
AppleAuthTest#test_callback_initializes_preference_timezone_options_when_missing:
NameError: uninitialized constant Preference::Core::CookieOptions
    app/controllers/concerns/preference/base.rb:1096:in 'Preference::Base#preference_cookie_options'
    app/controllers/concerns/preference/base.rb:971:in 'Preference::Base#preference_auth_cookie_options'
    app/controllers/concerns/preference/base.rb:940:in 'Preference::Base#set_refresh_token_cookie'
    app/controllers/concerns/preference/base.rb:762:in 'Preference::Base#create_new_preference_record!'
    app/controllers/concerns/preference/base.rb:721:in 'Preference::Base#load_preference_record_from_refresh_token!'
    app/controllers/concerns/preference/base.rb:217:in 'Preference::Base#set_preferences_cookie'
    app/middleware/core/surface_middleware.rb:12:in 'Core::SurfaceMiddleware#call'
    test/integration/apple_auth_test.rb:69:in 'block in <class:AppleAuthTest>'
    test/support/i18n_locale_reset.rb:11:in 'block in ActiveSupport::TestCase#run'
    test/support/i18n_locale_reset.rb:10:in 'ActiveSupport::TestCase#run'

bin/rails test test/integration/apple_auth_test.rb:43

E

Error:
AppleAuthTest#test_Apple_login_without_email_does_NOT_save_email_to_UserSocialApple:
NameError: uninitialized constant Preference::Core::CookieOptions
    app/controllers/concerns/preference/base.rb:1096:in 'Preference::Base#preference_cookie_options'
    app/controllers/concerns/preference/base.rb:971:in 'Preference::Base#preference_auth_cookie_options'
    app/controllers/concerns/preference/base.rb:940:in 'Preference::Base#set_refresh_token_cookie'
    app/controllers/concerns/preference/base.rb:762:in 'Preference::Base#create_new_preference_record!'
    app/controllers/concerns/preference/base.rb:721:in 'Preference::Base#load_preference_record_from_refresh_token!'
    app/controllers/concerns/preference/base.rb:217:in 'Preference::Base#set_preferences_cookie'
    app/middleware/core/surface_middleware.rb:12:in 'Core::SurfaceMiddleware#call'
    test/integration/apple_auth_test.rb:170:in 'block in <class:AppleAuthTest>'
    test/support/i18n_locale_reset.rb:11:in 'block in ActiveSupport::TestCase#run'
    test/support/i18n_locale_reset.rb:10:in 'ActiveSupport::TestCase#run'

bin/rails test test/integration/apple_auth_test.rb:153

E

Error:
AppleAuthTest#test_Google_login_without_email_creates_user_successfully:
NameError: uninitialized constant Preference::Core::CookieOptions
    app/controllers/concerns/preference/base.rb:1096:in 'Preference::Base#preference_cookie_options'
    app/controllers/concerns/preference/base.rb:971:in 'Preference::Base#preference_auth_cookie_options'
    app/controllers/concerns/preference/base.rb:940:in 'Preference::Base#set_refresh_token_cookie'
    app/controllers/concerns/preference/base.rb:762:in 'Preference::Base#create_new_preference_record!'
    app/controllers/concerns/preference/base.rb:721:in 'Preference::Base#load_preference_record_from_refresh_token!'
    app/controllers/concerns/preference/base.rb:217:in 'Preference::Base#set_preferences_cookie'
    app/middleware/core/surface_middleware.rb:12:in 'Core::SurfaceMiddleware#call'
    test/integration/apple_auth_test.rb:204:in 'block (3 levels) in <class:AppleAuthTest>'
    test/integration/apple_auth_test.rb:203:in 'block (2 levels) in <class:AppleAuthTest>'
    test/integration/apple_auth_test.rb:202:in 'block in <class:AppleAuthTest>'
    test/support/i18n_locale_reset.rb:11:in 'block in ActiveSupport::TestCase#run'
    test/support/i18n_locale_reset.rb:10:in 'ActiveSupport::TestCase#run'

bin/rails test test/integration/apple_auth_test.rb:184

E

Error:
AppleAuthTest#test_Apple_login_without_email_in_auth_hash_creates_user_successfully:
NameError: uninitialized constant Preference::Core::CookieOptions
    app/controllers/concerns/preference/base.rb:1096:in 'Preference::Base#preference_cookie_options'
    app/controllers/concerns/preference/base.rb:971:in 'Preference::Base#preference_auth_cookie_options'
    app/controllers/concerns/preference/base.rb:940:in 'Preference::Base#set_refresh_token_cookie'
    app/controllers/concerns/preference/base.rb:762:in 'Preference::Base#create_new_preference_record!'
    app/controllers/concerns/preference/base.rb:721:in 'Preference::Base#load_preference_record_from_refresh_token!'
    app/controllers/concerns/preference/base.rb:217:in 'Preference::Base#set_preferences_cookie'
    app/middleware/core/surface_middleware.rb:12:in 'Core::SurfaceMiddleware#call'
    test/integration/apple_auth_test.rb:133:in 'block (3 levels) in <class:AppleAuthTest>'
    test/integration/apple_auth_test.rb:132:in 'block (2 levels) in <class:AppleAuthTest>'
    test/integration/apple_auth_test.rb:131:in 'block in <class:AppleAuthTest>'
    test/support/i18n_locale_reset.rb:11:in 'block in ActiveSupport::TestCase#run'
    test/support/i18n_locale_reset.rb:10:in 'ActiveSupport::TestCase#run'

bin/rails test test/integration/apple_auth_test.rb:114

E

Error:
AppleAuthTest#test_should_create_new_user_with_unverified_status_on_first_login:
NameError: uninitialized constant Preference::Core::CookieOptions
    app/controllers/concerns/preference/base.rb:1096:in 'Preference::Base#preference_cookie_options'
    app/controllers/concerns/preference/base.rb:971:in 'Preference::Base#preference_auth_cookie_options'
    app/controllers/concerns/preference/base.rb:940:in 'Preference::Base#set_refresh_token_cookie'
    app/controllers/concerns/preference/base.rb:762:in 'Preference::Base#create_new_preference_record!'
    app/controllers/concerns/preference/base.rb:721:in 'Preference::Base#load_preference_record_from_refresh_token!'
    app/controllers/concerns/preference/base.rb:217:in 'Preference::Base#set_preferences_cookie'
    app/middleware/core/surface_middleware.rb:12:in 'Core::SurfaceMiddleware#call'
    test/integration/apple_auth_test.rb:33:in 'block in <class:AppleAuthTest>'
    test/support/i18n_locale_reset.rb:11:in 'block in ActiveSupport::TestCase#run'
    test/support/i18n_locale_reset.rb:10:in 'ActiveSupport::TestCase#run'

bin/rails test test/integration/apple_auth_test.rb:19

E

Error:
AppleAuthTest#test_should_sign_in_existing_user_normally:
NameError: uninitialized constant Preference::Core::CookieOptions
    app/controllers/concerns/preference/base.rb:1096:in 'Preference::Base#preference_cookie_options'
    app/controllers/concerns/preference/base.rb:971:in 'Preference::Base#preference_auth_cookie_options'
    app/controllers/concerns/preference/base.rb:940:in 'Preference::Base#set_refresh_token_cookie'
    app/controllers/concerns/preference/base.rb:762:in 'Preference::Base#create_new_preference_record!'
    app/controllers/concerns/preference/base.rb:721:in 'Preference::Base#load_preference_record_from_refresh_token!'
    app/controllers/concerns/preference/base.rb:217:in 'Preference::Base#set_preferences_cookie'
    app/middleware/core/surface_middleware.rb:12:in 'Core::SurfaceMiddleware#call'
    test/integration/apple_auth_test.rb:102:in 'block in <class:AppleAuthTest>'
    test/support/i18n_locale_reset.rb:11:in 'block in ActiveSupport::TestCase#run'
    test/support/i18n_locale_reset.rb:10:in 'ActiveSupport::TestCase#run'

bin/rails test test/integration/apple_auth_test.rb:80

........E

Error:
Core::Org::News::Org::VersionsControllerTest#test_should_get_new:
NameError: uninitialized constant Preference::Core::CookieOptions
    app/controllers/concerns/preference/base.rb:1096:in 'Preference::Base#preference_cookie_options'
    app/controllers/concerns/preference/base.rb:971:in 'Preference::Base#preference_auth_cookie_options'
    app/controllers/concerns/preference/base.rb:940:in 'Preference::Base#set_refresh_token_cookie'
    app/controllers/concerns/preference/base.rb:762:in 'Preference::Base#create_new_preference_record!'
    app/controllers/concerns/preference/base.rb:721:in 'Preference::Base#load_preference_record_from_refresh_token!'
    app/controllers/concerns/preference/base.rb:217:in 'Preference::Base#set_preferences_cookie'
    app/middleware/core/surface_middleware.rb:12:in 'Core::SurfaceMiddleware#call'
    test/controllers/core/org/news/org/versions_controller_test.rb:11:in 'block in <class:VersionsControllerTest>'
    test/support/i18n_locale_reset.rb:11:in 'block in ActiveSupport::TestCase#run'
    test/support/i18n_locale_reset.rb:10:in 'ActiveSupport::TestCase#run'

bin/rails test test/controllers/core/org/news/org/versions_controller_test.rb:10

E

Error:
Core::Org::News::Org::VersionsControllerTest#test_should_create_version:
NameError: uninitialized constant Preference::Core::CookieOptions
    app/controllers/concerns/preference/base.rb:1096:in 'Preference::Base#preference_cookie_options'
    app/controllers/concerns/preference/base.rb:971:in 'Preference::Base#preference_auth_cookie_options'
    app/controllers/concerns/preference/base.rb:940:in 'Preference::Base#set_refresh_token_cookie'
    app/controllers/concerns/preference/base.rb:762:in 'Preference::Base#create_new_preference_record!'
    app/controllers/concerns/preference/base.rb:721:in 'Preference::Base#load_preference_record_from_refresh_token!'
    app/controllers/concerns/preference/base.rb:217:in 'Preference::Base#set_preferences_cookie'
    app/middleware/core/surface_middleware.rb:12:in 'Core::SurfaceMiddleware#call'
    test/controllers/core/org/news/org/versions_controller_test.rb:16:in 'block in <class:VersionsControllerTest>'
    test/support/i18n_locale_reset.rb:11:in 'block in ActiveSupport::TestCase#run'
    test/support/i18n_locale_reset.rb:10:in 'ActiveSupport::TestCase#run'

bin/rails test test/controllers/core/org/news/org/versions_controller_test.rb:15

E

Error:
Core::Org::News::Org::VersionsControllerTest#test_should_get_edit:
NameError: uninitialized constant Preference::Core::CookieOptions
    app/controllers/concerns/preference/base.rb:1096:in 'Preference::Base#preference_cookie_options'
    app/controllers/concerns/preference/base.rb:971:in 'Preference::Base#preference_auth_cookie_options'
    app/controllers/concerns/preference/base.rb:940:in 'Preference::Base#set_refresh_token_cookie'
    app/controllers/concerns/preference/base.rb:762:in 'Preference::Base#create_new_preference_record!'
    app/controllers/concerns/preference/base.rb:721:in 'Preference::Base#load_preference_record_from_refresh_token!'
    app/controllers/concerns/preference/base.rb:217:in 'Preference::Base#set_preferences_cookie'
    app/middleware/core/surface_middleware.rb:12:in 'Core::SurfaceMiddleware#call'
    test/controllers/core/org/news/org/versions_controller_test.rb:21:in 'block in <class:VersionsControllerTest>'
    test/support/i18n_locale_reset.rb:11:in 'block in ActiveSupport::TestCase#run'
    test/support/i18n_locale_reset.rb:10:in 'ActiveSupport::TestCase#run'

bin/rails test test/controllers/core/org/news/org/versions_controller_test.rb:20

E

Error:
Core::Org::News::Org::VersionsControllerTest#test_should_destroy_version:
NameError: uninitialized constant Preference::Core::CookieOptions
    app/controllers/concerns/preference/base.rb:1096:in 'Preference::Base#preference_cookie_options'
    app/controllers/concerns/preference/base.rb:971:in 'Preference::Base#preference_auth_cookie_options'
    app/controllers/concerns/preference/base.rb:940:in 'Preference::Base#set_refresh_token_cookie'
    app/controllers/concerns/preference/base.rb:762:in 'Preference::Base#create_new_preference_record!'
    app/controllers/concerns/preference/base.rb:721:in 'Preference::Base#load_preference_record_from_refresh_token!'
    app/controllers/concerns/preference/base.rb:217:in 'Preference::Base#set_preferences_cookie'
    app/middleware/core/surface_middleware.rb:12:in 'Core::SurfaceMiddleware#call'
    test/controllers/core/org/news/org/versions_controller_test.rb:31:in 'block in <class:VersionsControllerTest>'
    test/support/i18n_locale_reset.rb:11:in 'block in ActiveSupport::TestCase#run'
    test/support/i18n_locale_reset.rb:10:in 'ActiveSupport::TestCase#run'

bin/rails test test/controllers/core/org/news/org/versions_controller_test.rb:30

E

Error:
Core::Org::News::Org::VersionsControllerTest#test_should_update_version:
NameError: uninitialized constant Preference::Core::CookieOptions
    app/controllers/concerns/preference/base.rb:1096:in 'Preference::Base#preference_cookie_options'
    app/controllers/concerns/preference/base.rb:971:in 'Preference::Base#preference_auth_cookie_options'
    app/controllers/concerns/preference/base.rb:940:in 'Preference::Base#set_refresh_token_cookie'
    app/controllers/concerns/preference/base.rb:762:in 'Preference::Base#create_new_preference_record!'
    app/controllers/concerns/preference/base.rb:721:in 'Preference::Base#load_preference_record_from_refresh_token!'
    app/controllers/concerns/preference/base.rb:217:in 'Preference::Base#set_preferences_cookie'
    app/middleware/core/surface_middleware.rb:12:in 'Core::SurfaceMiddleware#call'
    test/controllers/core/org/news/org/versions_controller_test.rb:26:in 'block in <class:VersionsControllerTest>'
    test/support/i18n_locale_reset.rb:11:in 'block in ActiveSupport::TestCase#run'
    test/support/i18n_locale_reset.rb:10:in 'ActiveSupport::TestCase#run'

bin/rails test test/controllers/core/org/news/org/versions_controller_test.rb:25

E

Error:
Core::Org::News::Com::VersionsControllerTest#test_should_get_new:
NameError: uninitialized constant Preference::Core::CookieOptions
    app/controllers/concerns/preference/base.rb:1096:in 'Preference::Base#preference_cookie_options'
    app/controllers/concerns/preference/base.rb:971:in 'Preference::Base#preference_auth_cookie_options'
    app/controllers/concerns/preference/base.rb:940:in 'Preference::Base#set_refresh_token_cookie'
    app/controllers/concerns/preference/base.rb:762:in 'Preference::Base#create_new_preference_record!'
    app/controllers/concerns/preference/base.rb:721:in 'Preference::Base#load_preference_record_from_refresh_token!'
    app/controllers/concerns/preference/base.rb:217:in 'Preference::Base#set_preferences_cookie'
    app/middleware/core/surface_middleware.rb:12:in 'Core::SurfaceMiddleware#call'
    test/controllers/core/org/news/com/versions_controller_test.rb:11:in 'block in <class:VersionsControllerTest>'
    test/support/i18n_locale_reset.rb:11:in 'block in ActiveSupport::TestCase#run'
    test/support/i18n_locale_reset.rb:10:in 'ActiveSupport::TestCase#run'

bin/rails test test/controllers/core/org/news/com/versions_controller_test.rb:10

E

Error:
Core::Org::News::Com::VersionsControllerTest#test_should_create_version:
NameError: uninitialized constant Preference::Core::CookieOptions
    app/controllers/concerns/preference/base.rb:1096:in 'Preference::Base#preference_cookie_options'
    app/controllers/concerns/preference/base.rb:971:in 'Preference::Base#preference_auth_cookie_options'
    app/controllers/concerns/preference/base.rb:940:in 'Preference::Base#set_refresh_token_cookie'
    app/controllers/concerns/preference/base.rb:762:in 'Preference::Base#create_new_preference_record!'
    app/controllers/concerns/preference/base.rb:721:in 'Preference::Base#load_preference_record_from_refresh_token!'
    app/controllers/concerns/preference/base.rb:217:in 'Preference::Base#set_preferences_cookie'
    app/middleware/core/surface_middleware.rb:12:in 'Core::SurfaceMiddleware#call'
    test/controllers/core/org/news/com/versions_controller_test.rb:16:in 'block in <class:VersionsControllerTest>'
    test/support/i18n_locale_reset.rb:11:in 'block in ActiveSupport::TestCase#run'
    test/support/i18n_locale_reset.rb:10:in 'ActiveSupport::TestCase#run'

bin/rails test test/controllers/core/org/news/com/versions_controller_test.rb:15

E

Error:
Core::Org::News::Com::VersionsControllerTest#test_should_get_edit:
NameError: uninitialized constant Preference::Core::CookieOptions
    app/controllers/concerns/preference/base.rb:1096:in 'Preference::Base#preference_cookie_options'
    app/controllers/concerns/preference/base.rb:971:in 'Preference::Base#preference_auth_cookie_options'
    app/controllers/concerns/preference/base.rb:940:in 'Preference::Base#set_refresh_token_cookie'
    app/controllers/concerns/preference/base.rb:762:in 'Preference::Base#create_new_preference_record!'
    app/controllers/concerns/preference/base.rb:721:in 'Preference::Base#load_preference_record_from_refresh_token!'
    app/controllers/concerns/preference/base.rb:217:in 'Preference::Base#set_preferences_cookie'
    app/middleware/core/surface_middleware.rb:12:in 'Core::SurfaceMiddleware#call'
    test/controllers/core/org/news/com/versions_controller_test.rb:21:in 'block in <class:VersionsControllerTest>'
    test/support/i18n_locale_reset.rb:11:in 'block in ActiveSupport::TestCase#run'
    test/support/i18n_locale_reset.rb:10:in 'ActiveSupport::TestCase#run'

bin/rails test test/controllers/core/org/news/com/versions_controller_test.rb:20

E

Error:
Core::Org::News::Com::VersionsControllerTest#test_should_destroy_version:
NameError: uninitialized constant Preference::Core::CookieOptions
    app/controllers/concerns/preference/base.rb:1096:in 'Preference::Base#preference_cookie_options'
    app/controllers/concerns/preference/base.rb:971:in 'Preference::Base#preference_auth_cookie_options'
    app/controllers/concerns/preference/base.rb:940:in 'Preference::Base#set_refresh_token_cookie'
    app/controllers/concerns/preference/base.rb:762:in 'Preference::Base#create_new_preference_record!'
    app/controllers/concerns/preference/base.rb:721:in 'Preference::Base#load_preference_record_from_refresh_token!'
    app/controllers/concerns/preference/base.rb:217:in 'Preference::Base#set_preferences_cookie'
    app/middleware/core/surface_middleware.rb:12:in 'Core::SurfaceMiddleware#call'
    test/controllers/core/org/news/com/versions_controller_test.rb:31:in 'block in <class:VersionsControllerTest>'
    test/support/i18n_locale_reset.rb:11:in 'block in ActiveSupport::TestCase#run'
    test/support/i18n_locale_reset.rb:10:in 'ActiveSupport::TestCase#run'

bin/rails test test/controllers/core/org/news/com/versions_controller_test.rb:30

E

Error:
Core::Org::News::Com::VersionsControllerTest#test_should_update_version:
NameError: uninitialized constant Preference::Core::CookieOptions
    app/controllers/concerns/preference/base.rb:1096:in 'Preference::Base#preference_cookie_options'
    app/controllers/concerns/preference/base.rb:971:in 'Preference::Base#preference_auth_cookie_options'
    app/controllers/concerns/preference/base.rb:940:in 'Preference::Base#set_refresh_token_cookie'
    app/controllers/concerns/preference/base.rb:762:in 'Preference::Base#create_new_preference_record!'
    app/controllers/concerns/preference/base.rb:721:in 'Preference::Base#load_preference_record_from_refresh_token!'
    app/controllers/concerns/preference/base.rb:217:in 'Preference::Base#set_preferences_cookie'
    app/middleware/core/surface_middleware.rb:12:in 'Core::SurfaceMiddleware#call'
    test/controllers/core/org/news/com/versions_controller_test.rb:26:in 'block in <class:VersionsControllerTest>'
    test/support/i18n_locale_reset.rb:11:in 'block in ActiveSupport::TestCase#run'
    test/support/i18n_locale_reset.rb:10:in 'ActiveSupport::TestCase#run'

bin/rails test test/controllers/core/org/news/com/versions_controller_test.rb:25

.....E

Error:
Sign::Org::In::PasskeysControllerTest#test_should_get_new:
NameError: uninitialized constant Preference::Core::CookieOptions
    app/controllers/concerns/preference/base.rb:1096:in 'Preference::Base#preference_cookie_options'
    app/controllers/concerns/preference/base.rb:971:in 'Preference::Base#preference_auth_cookie_options'
    app/controllers/concerns/preference/base.rb:940:in 'Preference::Base#set_refresh_token_cookie'
    app/controllers/concerns/preference/base.rb:762:in 'Preference::Base#create_new_preference_record!'
    app/controllers/concerns/preference/base.rb:721:in 'Preference::Base#load_preference_record_from_refresh_token!'
    app/controllers/concerns/preference/base.rb:217:in 'Preference::Base#set_preferences_cookie'
    app/middleware/core/surface_middleware.rb:12:in 'Core::SurfaceMiddleware#call'
    test/controllers/sign/org/in/passkeys_controller_test.rb:7:in 'block in <class:PasskeysControllerTest>'
    test/support/i18n_locale_reset.rb:11:in 'block in ActiveSupport::TestCase#run'
    test/support/i18n_locale_reset.rb:10:in 'ActiveSupport::TestCase#run'

bin/rails test test/controllers/sign/org/in/passkeys_controller_test.rb:6

E

Error:
Sign::Org::In::PasskeysControllerTest#test_should_post_options:
NameError: uninitialized constant Preference::Core::CookieOptions
    app/controllers/concerns/preference/base.rb:1096:in 'Preference::Base#preference_cookie_options'
    app/controllers/concerns/preference/base.rb:971:in 'Preference::Base#preference_auth_cookie_options'
    app/controllers/concerns/preference/base.rb:940:in 'Preference::Base#set_refresh_token_cookie'
    app/controllers/concerns/preference/base.rb:762:in 'Preference::Base#create_new_preference_record!'
    app/controllers/concerns/preference/base.rb:721:in 'Preference::Base#load_preference_record_from_refresh_token!'
    app/controllers/concerns/preference/base.rb:217:in 'Preference::Base#set_preferences_cookie'
    app/middleware/core/surface_middleware.rb:12:in 'Core::SurfaceMiddleware#call'
    test/controllers/sign/org/in/passkeys_controller_test.rb:12:in 'block in <class:PasskeysControllerTest>'
    test/support/i18n_locale_reset.rb:11:in 'block in ActiveSupport::TestCase#run'
    test/support/i18n_locale_reset.rb:10:in 'ActiveSupport::TestCase#run'

bin/rails test test/controllers/sign/org/in/passkeys_controller_test.rb:11

.........................................E

Error:
OrgVerificationI18nTest#test_verification_view_displays_translated_strings_in_English:
NameError: uninitialized constant Preference::Core::CookieOptions
    app/controllers/concerns/preference/base.rb:1096:in 'Preference::Base#preference_cookie_options'
    app/controllers/concerns/preference/base.rb:971:in 'Preference::Base#preference_auth_cookie_options'
    app/controllers/concerns/preference/base.rb:940:in 'Preference::Base#set_refresh_token_cookie'
    app/controllers/concerns/preference/base.rb:762:in 'Preference::Base#create_new_preference_record!'
    app/controllers/concerns/preference/base.rb:721:in 'Preference::Base#load_preference_record_from_refresh_token!'
    app/controllers/concerns/preference/base.rb:217:in 'Preference::Base#set_preferences_cookie'
    app/middleware/core/surface_middleware.rb:12:in 'Core::SurfaceMiddleware#call'
    test/integration/org_verification_i18n_test.rb:47:in 'block in <class:OrgVerificationI18nTest>'
    test/support/i18n_locale_reset.rb:11:in 'block in ActiveSupport::TestCase#run'
    test/support/i18n_locale_reset.rb:10:in 'ActiveSupport::TestCase#run'

bin/rails test test/integration/org_verification_i18n_test.rb:44

E

Error:
OrgVerificationI18nTest#test_verification_view_displays_translated_strings_in_Japanese:
NameError: uninitialized constant Preference::Core::CookieOptions
    app/controllers/concerns/preference/base.rb:1096:in 'Preference::Base#preference_cookie_options'
    app/controllers/concerns/preference/base.rb:971:in 'Preference::Base#preference_auth_cookie_options'
    app/controllers/concerns/preference/base.rb:940:in 'Preference::Base#set_refresh_token_cookie'
    app/controllers/concerns/preference/base.rb:762:in 'Preference::Base#create_new_preference_record!'
    app/controllers/concerns/preference/base.rb:721:in 'Preference::Base#load_preference_record_from_refresh_token!'
    app/controllers/concerns/preference/base.rb:217:in 'Preference::Base#set_preferences_cookie'
    app/middleware/core/surface_middleware.rb:12:in 'Core::SurfaceMiddleware#call'
    test/integration/org_verification_i18n_test.rb:38:in 'block in <class:OrgVerificationI18nTest>'
    test/support/i18n_locale_reset.rb:11:in 'block in ActiveSupport::TestCase#run'
    test/support/i18n_locale_reset.rb:10:in 'ActiveSupport::TestCase#run'

bin/rails test test/integration/org_verification_i18n_test.rb:35

E

Error:
Core::Org::Help::Com::ContactsControllerTest#test_should_create_contact:
NameError: uninitialized constant Preference::Core::CookieOptions
    app/controllers/concerns/preference/base.rb:1096:in 'Preference::Base#preference_cookie_options'
    app/controllers/concerns/preference/base.rb:971:in 'Preference::Base#preference_auth_cookie_options'
    app/controllers/concerns/preference/base.rb:940:in 'Preference::Base#set_refresh_token_cookie'
    app/controllers/concerns/preference/base.rb:762:in 'Preference::Base#create_new_preference_record!'
    app/controllers/concerns/preference/base.rb:721:in 'Preference::Base#load_preference_record_from_refresh_token!'
    app/controllers/concerns/preference/base.rb:217:in 'Preference::Base#set_preferences_cookie'
    app/middleware/core/surface_middleware.rb:12:in 'Core::SurfaceMiddleware#call'
    test/controllers/core/org/help/com/contacts_controller_test.rb:21:in 'block in <class:ContactsControllerTest>'
    test/support/i18n_locale_reset.rb:11:in 'block in ActiveSupport::TestCase#run'
    test/support/i18n_locale_reset.rb:10:in 'ActiveSupport::TestCase#run'

bin/rails test test/controllers/core/org/help/com/contacts_controller_test.rb:20

E

Error:
Core::Org::Help::Com::ContactsControllerTest#test_should_update_contact:
NameError: uninitialized constant Preference::Core::CookieOptions
    app/controllers/concerns/preference/base.rb:1096:in 'Preference::Base#preference_cookie_options'
    app/controllers/concerns/preference/base.rb:971:in 'Preference::Base#preference_auth_cookie_options'
    app/controllers/concerns/preference/base.rb:940:in 'Preference::Base#set_refresh_token_cookie'
    app/controllers/concerns/preference/base.rb:762:in 'Preference::Base#create_new_preference_record!'
    app/controllers/concerns/preference/base.rb:721:in 'Preference::Base#load_preference_record_from_refresh_token!'
    app/controllers/concerns/preference/base.rb:217:in 'Preference::Base#set_preferences_cookie'
    app/middleware/core/surface_middleware.rb:12:in 'Core::SurfaceMiddleware#call'
    test/controllers/core/org/help/com/contacts_controller_test.rb:36:in 'block in <class:ContactsControllerTest>'
    test/support/i18n_locale_reset.rb:11:in 'block in ActiveSupport::TestCase#run'
    test/support/i18n_locale_reset.rb:10:in 'ActiveSupport::TestCase#run'

bin/rails test test/controllers/core/org/help/com/contacts_controller_test.rb:35

E

Error:
Core::Org::Help::Com::ContactsControllerTest#test_should_get_index:
NameError: uninitialized constant Preference::Core::CookieOptions
    app/controllers/concerns/preference/base.rb:1096:in 'Preference::Base#preference_cookie_options'
    app/controllers/concerns/preference/base.rb:971:in 'Preference::Base#preference_auth_cookie_options'
    app/controllers/concerns/preference/base.rb:940:in 'Preference::Base#set_refresh_token_cookie'
    app/controllers/concerns/preference/base.rb:762:in 'Preference::Base#create_new_preference_record!'
    app/controllers/concerns/preference/base.rb:721:in 'Preference::Base#load_preference_record_from_refresh_token!'
    app/controllers/concerns/preference/base.rb:217:in 'Preference::Base#set_preferences_cookie'
    app/middleware/core/surface_middleware.rb:12:in 'Core::SurfaceMiddleware#call'
    test/controllers/core/org/help/com/contacts_controller_test.rb:11:in 'block in <class:ContactsControllerTest>'
    test/support/i18n_locale_reset.rb:11:in 'block in ActiveSupport::TestCase#run'
    test/support/i18n_locale_reset.rb:10:in 'ActiveSupport::TestCase#run'

bin/rails test test/controllers/core/org/help/com/contacts_controller_test.rb:10

E

Error:
Core::Org::Help::Com::ContactsControllerTest#test_should_get_edit:
NameError: uninitialized constant Preference::Core::CookieOptions
    app/controllers/concerns/preference/base.rb:1096:in 'Preference::Base#preference_cookie_options'
    app/controllers/concerns/preference/base.rb:971:in 'Preference::Base#preference_auth_cookie_options'
    app/controllers/concerns/preference/base.rb:940:in 'Preference::Base#set_refresh_token_cookie'
    app/controllers/concerns/preference/base.rb:762:in 'Preference::Base#create_new_preference_record!'
    app/controllers/concerns/preference/base.rb:721:in 'Preference::Base#load_preference_record_from_refresh_token!'
    app/controllers/concerns/preference/base.rb:217:in 'Preference::Base#set_preferences_cookie'
    app/middleware/core/surface_middleware.rb:12:in 'Core::SurfaceMiddleware#call'
    test/controllers/core/org/help/com/contacts_controller_test.rb:31:in 'block in <class:ContactsControllerTest>'
    test/support/i18n_locale_reset.rb:11:in 'block in ActiveSupport::TestCase#run'
    test/support/i18n_locale_reset.rb:10:in 'ActiveSupport::TestCase#run'

bin/rails test test/controllers/core/org/help/com/contacts_controller_test.rb:30

E

Error:
Core::Org::Help::Com::ContactsControllerTest#test_should_destroy_contact:
NameError: uninitialized constant Preference::Core::CookieOptions
    app/controllers/concerns/preference/base.rb:1096:in 'Preference::Base#preference_cookie_options'
    app/controllers/concerns/preference/base.rb:971:in 'Preference::Base#preference_auth_cookie_options'
    app/controllers/concerns/preference/base.rb:940:in 'Preference::Base#set_refresh_token_cookie'
    app/controllers/concerns/preference/base.rb:762:in 'Preference::Base#create_new_preference_record!'
    app/controllers/concerns/preference/base.rb:721:in 'Preference::Base#load_preference_record_from_refresh_token!'
    app/controllers/concerns/preference/base.rb:217:in 'Preference::Base#set_preferences_cookie'
    app/middleware/core/surface_middleware.rb:12:in 'Core::SurfaceMiddleware#call'
    test/controllers/core/org/help/com/contacts_controller_test.rb:41:in 'block in <class:ContactsControllerTest>'
    test/support/i18n_locale_reset.rb:11:in 'block in ActiveSupport::TestCase#run'
    test/support/i18n_locale_reset.rb:10:in 'ActiveSupport::TestCase#run'

bin/rails test test/controllers/core/org/help/com/contacts_controller_test.rb:40

E

Error:
Core::Org::Help::Com::ContactsControllerTest#test_should_get_new:
NameError: uninitialized constant Preference::Core::CookieOptions
    app/controllers/concerns/preference/base.rb:1096:in 'Preference::Base#preference_cookie_options'
    app/controllers/concerns/preference/base.rb:971:in 'Preference::Base#preference_auth_cookie_options'
    app/controllers/concerns/preference/base.rb:940:in 'Preference::Base#set_refresh_token_cookie'
    app/controllers/concerns/preference/base.rb:762:in 'Preference::Base#create_new_preference_record!'
    app/controllers/concerns/preference/base.rb:721:in 'Preference::Base#load_preference_record_from_refresh_token!'
    app/controllers/concerns/preference/base.rb:217:in 'Preference::Base#set_preferences_cookie'
    app/middleware/core/surface_middleware.rb:12:in 'Core::SurfaceMiddleware#call'
    test/controllers/core/org/help/com/contacts_controller_test.rb:16:in 'block in <class:ContactsControllerTest>'
    test/support/i18n_locale_reset.rb:11:in 'block in ActiveSupport::TestCase#run'
    test/support/i18n_locale_reset.rb:10:in 'ActiveSupport::TestCase#run'

bin/rails test test/controllers/core/org/help/com/contacts_controller_test.rb:15

E

Error:
Core::Org::Help::Com::ContactsControllerTest#test_should_show_contact:
NameError: uninitialized constant Preference::Core::CookieOptions
    app/controllers/concerns/preference/base.rb:1096:in 'Preference::Base#preference_cookie_options'
    app/controllers/concerns/preference/base.rb:971:in 'Preference::Base#preference_auth_cookie_options'
    app/controllers/concerns/preference/base.rb:940:in 'Preference::Base#set_refresh_token_cookie'
    app/controllers/concerns/preference/base.rb:762:in 'Preference::Base#create_new_preference_record!'
    app/controllers/concerns/preference/base.rb:721:in 'Preference::Base#load_preference_record_from_refresh_token!'
    app/controllers/concerns/preference/base.rb:217:in 'Preference::Base#set_preferences_cookie'
    app/middleware/core/surface_middleware.rb:12:in 'Core::SurfaceMiddleware#call'
    test/controllers/core/org/help/com/contacts_controller_test.rb:26:in 'block in <class:ContactsControllerTest>'
    test/support/i18n_locale_reset.rb:11:in 'block in ActiveSupport::TestCase#run'
    test/support/i18n_locale_reset.rb:10:in 'ActiveSupport::TestCase#run'

bin/rails test test/controllers/core/org/help/com/contacts_controller_test.rb:25

E

Error:
Sign::App::Configuration::ApplesControllerTest#test_should_show_up_link_on_show_page:
NameError: uninitialized constant Preference::Core::CookieOptions
    app/controllers/concerns/preference/base.rb:1096:in 'Preference::Base#preference_cookie_options'
    app/controllers/concerns/preference/base.rb:971:in 'Preference::Base#preference_auth_cookie_options'
    app/controllers/concerns/preference/base.rb:940:in 'Preference::Base#set_refresh_token_cookie'
    app/controllers/concerns/preference/base.rb:762:in 'Preference::Base#create_new_preference_record!'
    app/controllers/concerns/preference/base.rb:721:in 'Preference::Base#load_preference_record_from_refresh_token!'
    app/controllers/concerns/preference/base.rb:217:in 'Preference::Base#set_preferences_cookie'
    app/middleware/core/surface_middleware.rb:12:in 'Core::SurfaceMiddleware#call'
    test/controllers/sign/app/configuration/apples_controller_test.rb:22:in 'block in <class:ApplesControllerTest>'
    test/support/i18n_locale_reset.rb:11:in 'block in ActiveSupport::TestCase#run'
    test/support/i18n_locale_reset.rb:10:in 'ActiveSupport::TestCase#run'

bin/rails test test/controllers/sign/app/configuration/apples_controller_test.rb:21

E

Error:
Sign::App::Configuration::ApplesControllerTest#test_should_get_show_when_logged_in:
NameError: uninitialized constant Preference::Core::CookieOptions
    app/controllers/concerns/preference/base.rb:1096:in 'Preference::Base#preference_cookie_options'
    app/controllers/concerns/preference/base.rb:971:in 'Preference::Base#preference_auth_cookie_options'
    app/controllers/concerns/preference/base.rb:940:in 'Preference::Base#set_refresh_token_cookie'
    app/controllers/concerns/preference/base.rb:762:in 'Preference::Base#create_new_preference_record!'
    app/controllers/concerns/preference/base.rb:721:in 'Preference::Base#load_preference_record_from_refresh_token!'
    app/controllers/concerns/preference/base.rb:217:in 'Preference::Base#set_preferences_cookie'
    app/middleware/core/surface_middleware.rb:12:in 'Core::SurfaceMiddleware#call'
    test/controllers/sign/app/configuration/apples_controller_test.rb:17:in 'block in <class:ApplesControllerTest>'
    test/support/i18n_locale_reset.rb:11:in 'block in ActiveSupport::TestCase#run'
    test/support/i18n_locale_reset.rb:10:in 'ActiveSupport::TestCase#run'

bin/rails test test/controllers/sign/app/configuration/apples_controller_test.rb:16

................E

Error:
Core::Com::ConfigurationsControllerTest#test_should_get_show_when_logged_in:
NameError: uninitialized constant Preference::Core::CookieOptions
    app/controllers/concerns/preference/base.rb:1096:in 'Preference::Base#preference_cookie_options'
    app/controllers/concerns/preference/base.rb:971:in 'Preference::Base#preference_auth_cookie_options'
    app/controllers/concerns/preference/base.rb:940:in 'Preference::Base#set_refresh_token_cookie'
    app/controllers/concerns/preference/base.rb:762:in 'Preference::Base#create_new_preference_record!'
    app/controllers/concerns/preference/base.rb:721:in 'Preference::Base#load_preference_record_from_refresh_token!'
    app/controllers/concerns/preference/base.rb:217:in 'Preference::Base#set_preferences_cookie'
    app/middleware/core/surface_middleware.rb:12:in 'Core::SurfaceMiddleware#call'
    test/controllers/core/configurations_controller_test.rb:38:in 'block in <class:ConfigurationsControllerTest>'
    test/support/i18n_locale_reset.rb:11:in 'block in ActiveSupport::TestCase#run'
    test/support/i18n_locale_reset.rb:10:in 'ActiveSupport::TestCase#run'

bin/rails test test/controllers/core/configurations_controller_test.rb:37

.E

Error:
News::Org::Edge::V1::PostsControllerTest#test_should_get_index:
NameError: uninitialized constant Preference::Core::CookieOptions
    app/controllers/concerns/preference/base.rb:1096:in 'Preference::Base#preference_cookie_options'
    app/controllers/concerns/preference/base.rb:971:in 'Preference::Base#preference_auth_cookie_options'
    app/controllers/concerns/preference/base.rb:940:in 'Preference::Base#set_refresh_token_cookie'
    app/controllers/concerns/preference/base.rb:762:in 'Preference::Base#create_new_preference_record!'
    app/controllers/concerns/preference/base.rb:721:in 'Preference::Base#load_preference_record_from_refresh_token!'
    app/controllers/concerns/preference/base.rb:217:in 'Preference::Base#set_preferences_cookie'
    app/middleware/core/surface_middleware.rb:12:in 'Core::SurfaceMiddleware#call'
    test/controllers/news/org/edge/v1/posts_controller_test.rb:15:in 'block in <class:PostsControllerTest>'
    test/support/i18n_locale_reset.rb:11:in 'block in ActiveSupport::TestCase#run'
    test/support/i18n_locale_reset.rb:10:in 'ActiveSupport::TestCase#run'

bin/rails test test/controllers/news/org/edge/v1/posts_controller_test.rb:14

E

Error:
News::Org::Edge::V1::PostsControllerTest#test_should_get_show:
NameError: uninitialized constant Preference::Core::CookieOptions
    app/controllers/concerns/preference/base.rb:1096:in 'Preference::Base#preference_cookie_options'
    app/controllers/concerns/preference/base.rb:971:in 'Preference::Base#preference_auth_cookie_options'
    app/controllers/concerns/preference/base.rb:940:in 'Preference::Base#set_refresh_token_cookie'
    app/controllers/concerns/preference/base.rb:762:in 'Preference::Base#create_new_preference_record!'
    app/controllers/concerns/preference/base.rb:721:in 'Preference::Base#load_preference_record_from_refresh_token!'
    app/controllers/concerns/preference/base.rb:217:in 'Preference::Base#set_preferences_cookie'
    app/middleware/core/surface_middleware.rb:12:in 'Core::SurfaceMiddleware#call'
    test/controllers/news/org/edge/v1/posts_controller_test.rb:20:in 'block in <class:PostsControllerTest>'
    test/support/i18n_locale_reset.rb:11:in 'block in ActiveSupport::TestCase#run'
    test/support/i18n_locale_reset.rb:10:in 'ActiveSupport::TestCase#run'

bin/rails test test/controllers/news/org/edge/v1/posts_controller_test.rb:19

.............E

Error:
Sign::App::SessionsControllerTest#test_should_create_session:
NameError: uninitialized constant Preference::Core::CookieOptions
    app/controllers/concerns/preference/base.rb:1096:in 'Preference::Base#preference_cookie_options'
    app/controllers/concerns/preference/base.rb:971:in 'Preference::Base#preference_auth_cookie_options'
    app/controllers/concerns/preference/base.rb:940:in 'Preference::Base#set_refresh_token_cookie'
    app/controllers/concerns/preference/base.rb:762:in 'Preference::Base#create_new_preference_record!'
    app/controllers/concerns/preference/base.rb:721:in 'Preference::Base#load_preference_record_from_refresh_token!'
    app/controllers/concerns/preference/base.rb:217:in 'Preference::Base#set_preferences_cookie'
    app/middleware/core/surface_middleware.rb:12:in 'Core::SurfaceMiddleware#call'
    test/controllers/sign/app/sessions_controller_test.rb:14:in 'block (2 levels) in <class:SessionsControllerTest>'
    test/controllers/sign/app/sessions_controller_test.rb:9:in 'block in <class:SessionsControllerTest>'
    test/support/i18n_locale_reset.rb:11:in 'block in ActiveSupport::TestCase#run'
    test/support/i18n_locale_reset.rb:10:in 'ActiveSupport::TestCase#run'

bin/rails test test/controllers/sign/app/sessions_controller_test.rb:8

................E

Error:
Sign::App::Web::V1::In::Telephone::OtpsControllerTest#test_success_rotates_OTP_so_only_latest_code_verifies:
NameError: uninitialized constant Preference::Core::CookieOptions
    app/controllers/concerns/preference/base.rb:1096:in 'Preference::Base#preference_cookie_options'
    app/controllers/concerns/preference/base.rb:971:in 'Preference::Base#preference_auth_cookie_options'
    app/controllers/concerns/preference/base.rb:940:in 'Preference::Base#set_refresh_token_cookie'
    app/controllers/concerns/preference/base.rb:762:in 'Preference::Base#create_new_preference_record!'
    app/controllers/concerns/preference/base.rb:721:in 'Preference::Base#load_preference_record_from_refresh_token!'
    app/controllers/concerns/preference/base.rb:217:in 'Preference::Base#set_preferences_cookie'
    app/middleware/core/surface_middleware.rb:12:in 'Core::SurfaceMiddleware#call'
    test/controllers/sign/app/web/v1/in/telephone/otps_controller_test.rb:79:in 'block in <class:OtpsControllerTest>'
    test/support/i18n_locale_reset.rb:11:in 'block in ActiveSupport::TestCase#run'
    test/support/i18n_locale_reset.rb:10:in 'ActiveSupport::TestCase#run'

bin/rails test test/controllers/sign/app/web/v1/in/telephone/otps_controller_test.rb:67

E

Error:
Sign::App::Web::V1::In::Telephone::OtpsControllerTest#test_after_cooldown_returns_200_and_logs_issued_occurrence:
NameError: uninitialized constant Preference::Core::CookieOptions
    app/controllers/concerns/preference/base.rb:1096:in 'Preference::Base#preference_cookie_options'
    app/controllers/concerns/preference/base.rb:971:in 'Preference::Base#preference_auth_cookie_options'
    app/controllers/concerns/preference/base.rb:940:in 'Preference::Base#set_refresh_token_cookie'
    app/controllers/concerns/preference/base.rb:762:in 'Preference::Base#create_new_preference_record!'
    app/controllers/concerns/preference/base.rb:721:in 'Preference::Base#load_preference_record_from_refresh_token!'
    app/controllers/concerns/preference/base.rb:217:in 'Preference::Base#set_preferences_cookie'
    app/middleware/core/surface_middleware.rb:12:in 'Core::SurfaceMiddleware#call'
    test/controllers/sign/app/web/v1/in/telephone/otps_controller_test.rb:50:in 'block (2 levels) in <class:OtpsControllerTest>'
    test/controllers/sign/app/web/v1/in/telephone/otps_controller_test.rb:49:in 'block in <class:OtpsControllerTest>'
    test/support/i18n_locale_reset.rb:11:in 'block in ActiveSupport::TestCase#run'
    test/support/i18n_locale_reset.rb:10:in 'ActiveSupport::TestCase#run'

bin/rails test test/controllers/sign/app/web/v1/in/telephone/otps_controller_test.rb:36

E

Error:
Sign::App::Web::V1::In::Telephone::OtpsControllerTest#test_recent_issued_returns_429_with_retry_after_and_header:
NameError: uninitialized constant Preference::Core::CookieOptions
    app/controllers/concerns/preference/base.rb:1096:in 'Preference::Base#preference_cookie_options'
    app/controllers/concerns/preference/base.rb:971:in 'Preference::Base#preference_auth_cookie_options'
    app/controllers/concerns/preference/base.rb:940:in 'Preference::Base#set_refresh_token_cookie'
    app/controllers/concerns/preference/base.rb:762:in 'Preference::Base#create_new_preference_record!'
    app/controllers/concerns/preference/base.rb:721:in 'Preference::Base#load_preference_record_from_refresh_token!'
    app/controllers/concerns/preference/base.rb:217:in 'Preference::Base#set_preferences_cookie'
    app/middleware/core/surface_middleware.rb:12:in 'Core::SurfaceMiddleware#call'
    test/controllers/sign/app/web/v1/in/telephone/otps_controller_test.rb:25:in 'block in <class:OtpsControllerTest>'
    test/support/i18n_locale_reset.rb:11:in 'block in ActiveSupport::TestCase#run'
    test/support/i18n_locale_reset.rb:10:in 'ActiveSupport::TestCase#run'

bin/rails test test/controllers/sign/app/web/v1/in/telephone/otps_controller_test.rb:15

E

Error:
SocialAuthStateTest#test_login_callbacks_succeed_without_app-managed_state:
NameError: uninitialized constant Preference::Core::CookieOptions
    app/controllers/concerns/preference/base.rb:1096:in 'Preference::Base#preference_cookie_options'
    app/controllers/concerns/preference/base.rb:971:in 'Preference::Base#preference_auth_cookie_options'
    app/controllers/concerns/preference/base.rb:940:in 'Preference::Base#set_refresh_token_cookie'
    app/controllers/concerns/preference/base.rb:762:in 'Preference::Base#create_new_preference_record!'
    app/controllers/concerns/preference/base.rb:721:in 'Preference::Base#load_preference_record_from_refresh_token!'
    app/controllers/concerns/preference/base.rb:217:in 'Preference::Base#set_preferences_cookie'
    app/middleware/core/surface_middleware.rb:12:in 'Core::SurfaceMiddleware#call'
    test/integration/social_auth_state_test.rb:25:in 'block in <class:SocialAuthStateTest>'
    test/support/i18n_locale_reset.rb:11:in 'block in ActiveSupport::TestCase#run'
    test/support/i18n_locale_reset.rb:10:in 'ActiveSupport::TestCase#run'

bin/rails test test/integration/social_auth_state_test.rb:21

E

Error:
SocialAuthStateTest#test_link_fails_when_flow_context_is_expired:
NameError: uninitialized constant Preference::Core::CookieOptions
    app/controllers/concerns/preference/base.rb:1096:in 'Preference::Base#preference_cookie_options'
    app/controllers/concerns/preference/base.rb:971:in 'Preference::Base#preference_auth_cookie_options'
    app/controllers/concerns/preference/base.rb:940:in 'Preference::Base#set_refresh_token_cookie'
    app/controllers/concerns/preference/base.rb:762:in 'Preference::Base#create_new_preference_record!'
    app/controllers/concerns/preference/base.rb:721:in 'Preference::Base#load_preference_record_from_refresh_token!'
    app/controllers/concerns/preference/base.rb:217:in 'Preference::Base#set_preferences_cookie'
    app/middleware/core/surface_middleware.rb:12:in 'Core::SurfaceMiddleware#call'
    test/integration/social_auth_state_test.rb:59:in 'block in <class:SocialAuthStateTest>'
    test/support/i18n_locale_reset.rb:11:in 'block in ActiveSupport::TestCase#run'
    test/support/i18n_locale_reset.rb:10:in 'ActiveSupport::TestCase#run'

bin/rails test test/integration/social_auth_state_test.rb:55

E

Error:
SocialAuthStateTest#test_link_fails_when_flow_context_is_missing:
NameError: uninitialized constant Preference::Core::CookieOptions
    app/controllers/concerns/preference/base.rb:1096:in 'Preference::Base#preference_cookie_options'
    app/controllers/concerns/preference/base.rb:971:in 'Preference::Base#preference_auth_cookie_options'
    app/controllers/concerns/preference/base.rb:940:in 'Preference::Base#set_refresh_token_cookie'
    app/controllers/concerns/preference/base.rb:762:in 'Preference::Base#create_new_preference_record!'
    app/controllers/concerns/preference/base.rb:721:in 'Preference::Base#load_preference_record_from_refresh_token!'
    app/controllers/concerns/preference/base.rb:217:in 'Preference::Base#set_preferences_cookie'
    app/middleware/core/surface_middleware.rb:12:in 'Core::SurfaceMiddleware#call'
    test/integration/social_auth_state_test.rb:43:in 'block in <class:SocialAuthStateTest>'
    test/support/i18n_locale_reset.rb:11:in 'block in ActiveSupport::TestCase#run'
    test/support/i18n_locale_reset.rb:10:in 'ActiveSupport::TestCase#run'

bin/rails test test/integration/social_auth_state_test.rb:39

...........E

Error:
News::App::RootsControllerTest#test_sets_theme_cookie:
NameError: uninitialized constant Preference::Core::CookieOptions
    app/controllers/concerns/preference/base.rb:1096:in 'Preference::Base#preference_cookie_options'
    app/controllers/concerns/preference/base.rb:971:in 'Preference::Base#preference_auth_cookie_options'
    app/controllers/concerns/preference/base.rb:940:in 'Preference::Base#set_refresh_token_cookie'
    app/controllers/concerns/preference/base.rb:762:in 'Preference::Base#create_new_preference_record!'
    app/controllers/concerns/preference/base.rb:721:in 'Preference::Base#load_preference_record_from_refresh_token!'
    app/controllers/concerns/preference/base.rb:217:in 'Preference::Base#set_preferences_cookie'
    app/middleware/core/surface_middleware.rb:12:in 'Core::SurfaceMiddleware#call'
    test/support/root_theme_cookie_helper.rb:6:in 'RootThemeCookieHelper#assert_theme_cookie_for'
    test/controllers/news/app/roots_controller_test.rb:53:in 'block in <class:RootsControllerTest>'
    test/support/i18n_locale_reset.rb:11:in 'block in ActiveSupport::TestCase#run'
    test/support/i18n_locale_reset.rb:10:in 'ActiveSupport::TestCase#run'

bin/rails test test/controllers/news/app/roots_controller_test.rb:52

E

Error:
News::App::RootsControllerTest#test_generates_sha3-384_token_digest_on_root:
NameError: uninitialized constant Preference::Core::CookieOptions
    app/controllers/concerns/preference/base.rb:1096:in 'Preference::Base#preference_cookie_options'
    app/controllers/concerns/preference/base.rb:971:in 'Preference::Base#preference_auth_cookie_options'
    app/controllers/concerns/preference/base.rb:940:in 'Preference::Base#set_refresh_token_cookie'
    app/controllers/concerns/preference/base.rb:762:in 'Preference::Base#create_new_preference_record!'
    app/controllers/concerns/preference/base.rb:721:in 'Preference::Base#load_preference_record_from_refresh_token!'
    app/controllers/concerns/preference/base.rb:217:in 'Preference::Base#set_preferences_cookie'
    app/middleware/core/surface_middleware.rb:12:in 'Core::SurfaceMiddleware#call'
    test/controllers/news/app/roots_controller_test.rb:47:in 'block in <class:RootsControllerTest>'
    test/support/i18n_locale_reset.rb:11:in 'block in ActiveSupport::TestCase#run'
    test/support/i18n_locale_reset.rb:10:in 'ActiveSupport::TestCase#run'

bin/rails test test/controllers/news/app/roots_controller_test.rb:46

E

Error:
News::App::RootsControllerTest#test_sets_lang_attribute_on_html_element:
NameError: uninitialized constant Preference::Core::CookieOptions
    app/controllers/concerns/preference/base.rb:1096:in 'Preference::Base#preference_cookie_options'
    app/controllers/concerns/preference/base.rb:971:in 'Preference::Base#preference_auth_cookie_options'
    app/controllers/concerns/preference/base.rb:940:in 'Preference::Base#set_refresh_token_cookie'
    app/controllers/concerns/preference/base.rb:762:in 'Preference::Base#create_new_preference_record!'
    app/controllers/concerns/preference/base.rb:721:in 'Preference::Base#load_preference_record_from_refresh_token!'
    app/controllers/concerns/preference/base.rb:217:in 'Preference::Base#set_preferences_cookie'
    app/middleware/core/surface_middleware.rb:12:in 'Core::SurfaceMiddleware#call'
    test/controllers/news/app/roots_controller_test.rb:15:in 'block in <class:RootsControllerTest>'
    test/support/i18n_locale_reset.rb:11:in 'block in ActiveSupport::TestCase#run'
    test/support/i18n_locale_reset.rb:10:in 'ActiveSupport::TestCase#run'

bin/rails test test/controllers/news/app/roots_controller_test.rb:14

E

Error:
News::App::RootsControllerTest#test_renders_expected_layout_structure:
NameError: uninitialized constant Preference::Core::CookieOptions
    app/controllers/concerns/preference/base.rb:1096:in 'Preference::Base#preference_cookie_options'
    app/controllers/concerns/preference/base.rb:971:in 'Preference::Base#preference_auth_cookie_options'
    app/controllers/concerns/preference/base.rb:940:in 'Preference::Base#set_refresh_token_cookie'
    app/controllers/concerns/preference/base.rb:762:in 'Preference::Base#create_new_preference_record!'
    app/controllers/concerns/preference/base.rb:721:in 'Preference::Base#load_preference_record_from_refresh_token!'
    app/controllers/concerns/preference/base.rb:217:in 'Preference::Base#set_preferences_cookie'
    app/middleware/core/surface_middleware.rb:12:in 'Core::SurfaceMiddleware#call'
    test/controllers/news/app/roots_controller_test.rb:24:in 'block in <class:RootsControllerTest>'
    test/support/i18n_locale_reset.rb:11:in 'block in ActiveSupport::TestCase#run'
    test/support/i18n_locale_reset.rb:10:in 'ActiveSupport::TestCase#run'

bin/rails test test/controllers/news/app/roots_controller_test.rb:23

E

Error:
News::App::RootsControllerTest#test_should_get_show:
NameError: uninitialized constant Preference::Core::CookieOptions
    app/controllers/concerns/preference/base.rb:1096:in 'Preference::Base#preference_cookie_options'
    app/controllers/concerns/preference/base.rb:971:in 'Preference::Base#preference_auth_cookie_options'
    app/controllers/concerns/preference/base.rb:940:in 'Preference::Base#set_refresh_token_cookie'
    app/controllers/concerns/preference/base.rb:762:in 'Preference::Base#create_new_preference_record!'
    app/controllers/concerns/preference/base.rb:721:in 'Preference::Base#load_preference_record_from_refresh_token!'
    app/controllers/concerns/preference/base.rb:217:in 'Preference::Base#set_preferences_cookie'
    app/middleware/core/surface_middleware.rb:12:in 'Core::SurfaceMiddleware#call'
    test/controllers/news/app/roots_controller_test.rb:9:in 'block in <class:RootsControllerTest>'
    test/support/i18n_locale_reset.rb:11:in 'block in ActiveSupport::TestCase#run'
    test/support/i18n_locale_reset.rb:10:in 'ActiveSupport::TestCase#run'

bin/rails test test/controllers/news/app/roots_controller_test.rb:8

....E

Error:
AppleSocialFlowsTest#test_sign_in_uses_existing_identity:
NameError: uninitialized constant Preference::Core::CookieOptions
    app/controllers/concerns/preference/base.rb:1096:in 'Preference::Base#preference_cookie_options'
    app/controllers/concerns/preference/base.rb:971:in 'Preference::Base#preference_auth_cookie_options'
    app/controllers/concerns/preference/base.rb:940:in 'Preference::Base#set_refresh_token_cookie'
    app/controllers/concerns/preference/base.rb:762:in 'Preference::Base#create_new_preference_record!'
    app/controllers/concerns/preference/base.rb:721:in 'Preference::Base#load_preference_record_from_refresh_token!'
    app/controllers/concerns/preference/base.rb:217:in 'Preference::Base#set_preferences_cookie'
    app/middleware/core/surface_middleware.rb:12:in 'Core::SurfaceMiddleware#call'
    test/integration/apple_social_flows_test.rb:44:in 'block in <class:AppleSocialFlowsTest>'
    test/support/i18n_locale_reset.rb:11:in 'block in ActiveSupport::TestCase#run'
    test/support/i18n_locale_reset.rb:10:in 'ActiveSupport::TestCase#run'

bin/rails test test/integration/apple_social_flows_test.rb:31

E

Error:
AppleSocialFlowsTest#test_link_conflict_returns_error:
NameError: uninitialized constant Preference::Core::CookieOptions
    app/controllers/concerns/preference/base.rb:1096:in 'Preference::Base#preference_cookie_options'
    app/controllers/concerns/preference/base.rb:971:in 'Preference::Base#preference_auth_cookie_options'
    app/controllers/concerns/preference/base.rb:940:in 'Preference::Base#set_refresh_token_cookie'
    app/controllers/concerns/preference/base.rb:762:in 'Preference::Base#create_new_preference_record!'
    app/controllers/concerns/preference/base.rb:721:in 'Preference::Base#load_preference_record_from_refresh_token!'
    app/controllers/concerns/preference/base.rb:217:in 'Preference::Base#set_preferences_cookie'
    app/middleware/core/surface_middleware.rb:12:in 'Core::SurfaceMiddleware#call'
    test/integration/apple_social_flows_test.rb:105:in 'block in <class:AppleSocialFlowsTest>'
    test/support/i18n_locale_reset.rb:11:in 'block in ActiveSupport::TestCase#run'
    test/support/i18n_locale_reset.rb:10:in 'ActiveSupport::TestCase#run'

bin/rails test test/integration/apple_social_flows_test.rb:90

E

Error:
AppleSocialFlowsTest#test_link_succeeds_for_logged_in_user:
NameError: uninitialized constant Preference::Core::CookieOptions
    app/controllers/concerns/preference/base.rb:1096:in 'Preference::Base#preference_cookie_options'
    app/controllers/concerns/preference/base.rb:971:in 'Preference::Base#preference_auth_cookie_options'
    app/controllers/concerns/preference/base.rb:940:in 'Preference::Base#set_refresh_token_cookie'
    app/controllers/concerns/preference/base.rb:762:in 'Preference::Base#create_new_preference_record!'
    app/controllers/concerns/preference/base.rb:721:in 'Preference::Base#load_preference_record_from_refresh_token!'
    app/controllers/concerns/preference/base.rb:217:in 'Preference::Base#set_preferences_cookie'
    app/middleware/core/surface_middleware.rb:12:in 'Core::SurfaceMiddleware#call'
    test/integration/apple_social_flows_test.rb:55:in 'block in <class:AppleSocialFlowsTest>'
    test/support/i18n_locale_reset.rb:11:in 'block in ActiveSupport::TestCase#run'
    test/support/i18n_locale_reset.rb:10:in 'ActiveSupport::TestCase#run'

bin/rails test test/integration/apple_social_flows_test.rb:51

E

Error:
AppleSocialFlowsTest#test_link_succeeds_even_when_auth_headers_are_missing_on_callback:
NameError: uninitialized constant Preference::Core::CookieOptions
    app/controllers/concerns/preference/base.rb:1096:in 'Preference::Base#preference_cookie_options'
    app/controllers/concerns/preference/base.rb:971:in 'Preference::Base#preference_auth_cookie_options'
    app/controllers/concerns/preference/base.rb:940:in 'Preference::Base#set_refresh_token_cookie'
    app/controllers/concerns/preference/base.rb:762:in 'Preference::Base#create_new_preference_record!'
    app/controllers/concerns/preference/base.rb:721:in 'Preference::Base#load_preference_record_from_refresh_token!'
    app/controllers/concerns/preference/base.rb:217:in 'Preference::Base#set_preferences_cookie'
    app/middleware/core/surface_middleware.rb:12:in 'Core::SurfaceMiddleware#call'
    test/integration/apple_social_flows_test.rb:74:in 'block in <class:AppleSocialFlowsTest>'
    test/support/i18n_locale_reset.rb:11:in 'block in ActiveSupport::TestCase#run'
    test/support/i18n_locale_reset.rb:10:in 'ActiveSupport::TestCase#run'

bin/rails test test/integration/apple_social_flows_test.rb:70

E

Error:
AppleSocialFlowsTest#test_sign_up_creates_user_and_identity:
NameError: uninitialized constant Preference::Core::CookieOptions
    app/controllers/concerns/preference/base.rb:1096:in 'Preference::Base#preference_cookie_options'
    app/controllers/concerns/preference/base.rb:971:in 'Preference::Base#preference_auth_cookie_options'
    app/controllers/concerns/preference/base.rb:940:in 'Preference::Base#set_refresh_token_cookie'
    app/controllers/concerns/preference/base.rb:762:in 'Preference::Base#create_new_preference_record!'
    app/controllers/concerns/preference/base.rb:721:in 'Preference::Base#load_preference_record_from_refresh_token!'
    app/controllers/concerns/preference/base.rb:217:in 'Preference::Base#set_preferences_cookie'
    app/middleware/core/surface_middleware.rb:12:in 'Core::SurfaceMiddleware#call'
    test/integration/apple_social_flows_test.rb:23:in 'block (3 levels) in <class:AppleSocialFlowsTest>'
    test/integration/apple_social_flows_test.rb:22:in 'block (2 levels) in <class:AppleSocialFlowsTest>'
    test/integration/apple_social_flows_test.rb:21:in 'block in <class:AppleSocialFlowsTest>'
    test/support/i18n_locale_reset.rb:11:in 'block in ActiveSupport::TestCase#run'
    test/support/i18n_locale_reset.rb:10:in 'ActiveSupport::TestCase#run'

bin/rails test test/integration/apple_social_flows_test.rb:18

...........E

Error:
Core::Com::Edge::V1::CsrfControllerTest#test_returns_csrf_token_payload:
NameError: uninitialized constant Preference::Core::CookieOptions
    app/controllers/concerns/preference/base.rb:1096:in 'Preference::Base#preference_cookie_options'
    app/controllers/concerns/preference/base.rb:971:in 'Preference::Base#preference_auth_cookie_options'
    app/controllers/concerns/preference/base.rb:940:in 'Preference::Base#set_refresh_token_cookie'
    app/controllers/concerns/preference/base.rb:762:in 'Preference::Base#create_new_preference_record!'
    app/controllers/concerns/preference/base.rb:721:in 'Preference::Base#load_preference_record_from_refresh_token!'
    app/controllers/concerns/preference/base.rb:217:in 'Preference::Base#set_preferences_cookie'
    app/middleware/core/surface_middleware.rb:12:in 'Core::SurfaceMiddleware#call'
    test/controllers/core/com/edge/v1/csrf_controller_test.rb:11:in 'block in <class:CsrfControllerTest>'
    test/support/i18n_locale_reset.rb:11:in 'block in ActiveSupport::TestCase#run'
    test/support/i18n_locale_reset.rb:10:in 'ActiveSupport::TestCase#run'

bin/rails test test/controllers/core/com/edge/v1/csrf_controller_test.rb:10

....................................................................................................E

Error:
Sign::App::Configuration::OutsControllerTest#test_should_show_up_link_on_edit_page:
NameError: uninitialized constant Preference::Core::CookieOptions
    app/controllers/concerns/preference/base.rb:1096:in 'Preference::Base#preference_cookie_options'
    app/controllers/concerns/preference/base.rb:971:in 'Preference::Base#preference_auth_cookie_options'
    app/controllers/concerns/preference/base.rb:940:in 'Preference::Base#set_refresh_token_cookie'
    app/controllers/concerns/preference/base.rb:762:in 'Preference::Base#create_new_preference_record!'
    app/controllers/concerns/preference/base.rb:721:in 'Preference::Base#load_preference_record_from_refresh_token!'
    app/controllers/concerns/preference/base.rb:217:in 'Preference::Base#set_preferences_cookie'
    app/middleware/core/surface_middleware.rb:12:in 'Core::SurfaceMiddleware#call'
    test/controllers/sign/app/configuration/outs_controller_test.rb:22:in 'block in <class:OutsControllerTest>'
    test/support/i18n_locale_reset.rb:11:in 'block in ActiveSupport::TestCase#run'
    test/support/i18n_locale_reset.rb:10:in 'ActiveSupport::TestCase#run'

bin/rails test test/controllers/sign/app/configuration/outs_controller_test.rb:21

.E

Error:
Sign::App::Configuration::OutsControllerTest#test_should_destroy_with_user_session:
NameError: uninitialized constant Preference::Core::CookieOptions
    app/controllers/concerns/preference/base.rb:1096:in 'Preference::Base#preference_cookie_options'
    app/controllers/concerns/preference/base.rb:971:in 'Preference::Base#preference_auth_cookie_options'
    app/controllers/concerns/preference/base.rb:940:in 'Preference::Base#set_refresh_token_cookie'
    app/controllers/concerns/preference/base.rb:762:in 'Preference::Base#create_new_preference_record!'
    app/controllers/concerns/preference/base.rb:721:in 'Preference::Base#load_preference_record_from_refresh_token!'
    app/controllers/concerns/preference/base.rb:217:in 'Preference::Base#set_preferences_cookie'
    app/middleware/core/surface_middleware.rb:12:in 'Core::SurfaceMiddleware#call'
    test/controllers/sign/app/configuration/outs_controller_test.rb:39:in 'block in <class:OutsControllerTest>'
    test/support/i18n_locale_reset.rb:11:in 'block in ActiveSupport::TestCase#run'
    test/support/i18n_locale_reset.rb:10:in 'ActiveSupport::TestCase#run'

bin/rails test test/controllers/sign/app/configuration/outs_controller_test.rb:36

.............E

Error:
Sign::App::Configuration::SecretsControllerTest#test_should_show_back_link_on_edit_page:
NameError: uninitialized constant Preference::Core::CookieOptions
    app/controllers/concerns/preference/base.rb:1096:in 'Preference::Base#preference_cookie_options'
    app/controllers/concerns/preference/base.rb:971:in 'Preference::Base#preference_auth_cookie_options'
    app/controllers/concerns/preference/base.rb:940:in 'Preference::Base#set_refresh_token_cookie'
    app/controllers/concerns/preference/base.rb:762:in 'Preference::Base#create_new_preference_record!'
    app/controllers/concerns/preference/base.rb:721:in 'Preference::Base#load_preference_record_from_refresh_token!'
    app/controllers/concerns/preference/base.rb:217:in 'Preference::Base#set_preferences_cookie'
    app/middleware/core/surface_middleware.rb:12:in 'Core::SurfaceMiddleware#call'
    test/controllers/sign/app/configuration/secrets_controller_test.rb:95:in 'block in <class:SecretsControllerTest>'
    test/support/i18n_locale_reset.rb:11:in 'block in ActiveSupport::TestCase#run'
    test/support/i18n_locale_reset.rb:10:in 'ActiveSupport::TestCase#run'

bin/rails test test/controllers/sign/app/configuration/secrets_controller_test.rb:94

E

Error:
Sign::App::Configuration::SecretsControllerTest#test_new_returns_forbidden_plain_message_when_user_has_no_verified_recovery_identity:
NameError: uninitialized constant Preference::Core::CookieOptions
    app/controllers/concerns/preference/base.rb:1096:in 'Preference::Base#preference_cookie_options'
    app/controllers/concerns/preference/base.rb:971:in 'Preference::Base#preference_auth_cookie_options'
    app/controllers/concerns/preference/base.rb:940:in 'Preference::Base#set_refresh_token_cookie'
    app/controllers/concerns/preference/base.rb:762:in 'Preference::Base#create_new_preference_record!'
    app/controllers/concerns/preference/base.rb:721:in 'Preference::Base#load_preference_record_from_refresh_token!'
    app/controllers/concerns/preference/base.rb:217:in 'Preference::Base#set_preferences_cookie'
    app/middleware/core/surface_middleware.rb:12:in 'Core::SurfaceMiddleware#call'
    test/controllers/sign/app/configuration/secrets_controller_test.rb:75:in 'block in <class:SecretsControllerTest>'
    test/support/i18n_locale_reset.rb:11:in 'block in ActiveSupport::TestCase#run'
    test/support/i18n_locale_reset.rb:10:in 'ActiveSupport::TestCase#run'

bin/rails test test/controllers/sign/app/configuration/secrets_controller_test.rb:64

E

Error:
Sign::App::Configuration::SecretsControllerTest#test_should_get_edit:
NameError: uninitialized constant Preference::Core::CookieOptions
    app/controllers/concerns/preference/base.rb:1096:in 'Preference::Base#preference_cookie_options'
    app/controllers/concerns/preference/base.rb:971:in 'Preference::Base#preference_auth_cookie_options'
    app/controllers/concerns/preference/base.rb:940:in 'Preference::Base#set_refresh_token_cookie'
    app/controllers/concerns/preference/base.rb:762:in 'Preference::Base#create_new_preference_record!'
    app/controllers/concerns/preference/base.rb:721:in 'Preference::Base#load_preference_record_from_refresh_token!'
    app/controllers/concerns/preference/base.rb:217:in 'Preference::Base#set_preferences_cookie'
    app/middleware/core/surface_middleware.rb:12:in 'Core::SurfaceMiddleware#call'
    test/controllers/sign/app/configuration/secrets_controller_test.rb:89:in 'block in <class:SecretsControllerTest>'
    test/support/i18n_locale_reset.rb:11:in 'block in ActiveSupport::TestCase#run'
    test/support/i18n_locale_reset.rb:10:in 'ActiveSupport::TestCase#run'

bin/rails test test/controllers/sign/app/configuration/secrets_controller_test.rb:88

.E

Error:
Sign::App::Configuration::SecretsControllerTest#test_URL_uses_public_id_not_numeric_ID:
NameError: uninitialized constant Preference::Core::CookieOptions
    app/controllers/concerns/preference/base.rb:1096:in 'Preference::Base#preference_cookie_options'
    app/controllers/concerns/preference/base.rb:971:in 'Preference::Base#preference_auth_cookie_options'
    app/controllers/concerns/preference/base.rb:940:in 'Preference::Base#set_refresh_token_cookie'
    app/controllers/concerns/preference/base.rb:762:in 'Preference::Base#create_new_preference_record!'
    app/controllers/concerns/preference/base.rb:721:in 'Preference::Base#load_preference_record_from_refresh_token!'
    app/controllers/concerns/preference/base.rb:217:in 'Preference::Base#set_preferences_cookie'
    app/middleware/core/surface_middleware.rb:12:in 'Core::SurfaceMiddleware#call'
    test/controllers/sign/app/configuration/secrets_controller_test.rb:152:in 'block in <class:SecretsControllerTest>'
    test/support/i18n_locale_reset.rb:11:in 'block in ActiveSupport::TestCase#run'
    test/support/i18n_locale_reset.rb:10:in 'ActiveSupport::TestCase#run'

bin/rails test test/controllers/sign/app/configuration/secrets_controller_test.rb:151

E

Error:
Sign::App::Configuration::SecretsControllerTest#test_should_show_back_link_on_new_page:
NameError: uninitialized constant Preference::Core::CookieOptions
    app/controllers/concerns/preference/base.rb:1096:in 'Preference::Base#preference_cookie_options'
    app/controllers/concerns/preference/base.rb:971:in 'Preference::Base#preference_auth_cookie_options'
    app/controllers/concerns/preference/base.rb:940:in 'Preference::Base#set_refresh_token_cookie'
    app/controllers/concerns/preference/base.rb:762:in 'Preference::Base#create_new_preference_record!'
    app/controllers/concerns/preference/base.rb:721:in 'Preference::Base#load_preference_record_from_refresh_token!'
    app/controllers/concerns/preference/base.rb:217:in 'Preference::Base#set_preferences_cookie'
    app/middleware/core/surface_middleware.rb:12:in 'Core::SurfaceMiddleware#call'
    test/controllers/sign/app/configuration/secrets_controller_test.rb:82:in 'block in <class:SecretsControllerTest>'
    test/support/i18n_locale_reset.rb:11:in 'block in ActiveSupport::TestCase#run'
    test/support/i18n_locale_reset.rb:10:in 'ActiveSupport::TestCase#run'

bin/rails test test/controllers/sign/app/configuration/secrets_controller_test.rb:81

E

Error:
Sign::App::Configuration::SecretsControllerTest#test_should_not_access_secret_by_numeric_ID:
NameError: uninitialized constant Preference::Core::CookieOptions
    app/controllers/concerns/preference/base.rb:1096:in 'Preference::Base#preference_cookie_options'
    app/controllers/concerns/preference/base.rb:971:in 'Preference::Base#preference_auth_cookie_options'
    app/controllers/concerns/preference/base.rb:940:in 'Preference::Base#set_refresh_token_cookie'
    app/controllers/concerns/preference/base.rb:762:in 'Preference::Base#create_new_preference_record!'
    app/controllers/concerns/preference/base.rb:721:in 'Preference::Base#load_preference_record_from_refresh_token!'
    app/controllers/concerns/preference/base.rb:217:in 'Preference::Base#set_preferences_cookie'
    app/middleware/core/surface_middleware.rb:12:in 'Core::SurfaceMiddleware#call'
    test/controllers/sign/app/configuration/secrets_controller_test.rb:167:in 'block in <class:SecretsControllerTest>'
    test/support/i18n_locale_reset.rb:11:in 'block in ActiveSupport::TestCase#run'
    test/support/i18n_locale_reset.rb:10:in 'ActiveSupport::TestCase#run'

bin/rails test test/controllers/sign/app/configuration/secrets_controller_test.rb:166

.E

Error:
Sign::App::Configuration::SecretsControllerTest#test_should_get_index:
NameError: uninitialized constant Preference::Core::CookieOptions
    app/controllers/concerns/preference/base.rb:1096:in 'Preference::Base#preference_cookie_options'
    app/controllers/concerns/preference/base.rb:971:in 'Preference::Base#preference_auth_cookie_options'
    app/controllers/concerns/preference/base.rb:940:in 'Preference::Base#set_refresh_token_cookie'
    app/controllers/concerns/preference/base.rb:762:in 'Preference::Base#create_new_preference_record!'
    app/controllers/concerns/preference/base.rb:721:in 'Preference::Base#load_preference_record_from_refresh_token!'
    app/controllers/concerns/preference/base.rb:217:in 'Preference::Base#set_preferences_cookie'
    app/middleware/core/surface_middleware.rb:12:in 'Core::SurfaceMiddleware#call'
    test/controllers/sign/app/configuration/secrets_controller_test.rb:40:in 'block in <class:SecretsControllerTest>'
    test/support/i18n_locale_reset.rb:11:in 'block in ActiveSupport::TestCase#run'
    test/support/i18n_locale_reset.rb:10:in 'ActiveSupport::TestCase#run'

bin/rails test test/controllers/sign/app/configuration/secrets_controller_test.rb:39

E

Error:
Sign::App::Configuration::SecretsControllerTest#test_should_get_show:
NameError: uninitialized constant Preference::Core::CookieOptions
    app/controllers/concerns/preference/base.rb:1096:in 'Preference::Base#preference_cookie_options'
    app/controllers/concerns/preference/base.rb:971:in 'Preference::Base#preference_auth_cookie_options'
    app/controllers/concerns/preference/base.rb:940:in 'Preference::Base#set_refresh_token_cookie'
    app/controllers/concerns/preference/base.rb:762:in 'Preference::Base#create_new_preference_record!'
    app/controllers/concerns/preference/base.rb:721:in 'Preference::Base#load_preference_record_from_refresh_token!'
    app/controllers/concerns/preference/base.rb:217:in 'Preference::Base#set_preferences_cookie'
    app/middleware/core/surface_middleware.rb:12:in 'Core::SurfaceMiddleware#call'
    test/controllers/sign/app/configuration/secrets_controller_test.rb:53:in 'block in <class:SecretsControllerTest>'
    test/support/i18n_locale_reset.rb:11:in 'block in ActiveSupport::TestCase#run'
    test/support/i18n_locale_reset.rb:10:in 'ActiveSupport::TestCase#run'

bin/rails test test/controllers/sign/app/configuration/secrets_controller_test.rb:52

E

Error:
Sign::App::Configuration::SecretsControllerTest#test_destroy_blocks_last_method:
NameError: uninitialized constant Preference::Core::CookieOptions
    app/controllers/concerns/preference/base.rb:1096:in 'Preference::Base#preference_cookie_options'
    app/controllers/concerns/preference/base.rb:971:in 'Preference::Base#preference_auth_cookie_options'
    app/controllers/concerns/preference/base.rb:940:in 'Preference::Base#set_refresh_token_cookie'
    app/controllers/concerns/preference/base.rb:762:in 'Preference::Base#create_new_preference_record!'
    app/controllers/concerns/preference/base.rb:721:in 'Preference::Base#load_preference_record_from_refresh_token!'
    app/controllers/concerns/preference/base.rb:217:in 'Preference::Base#set_preferences_cookie'
    app/middleware/core/surface_middleware.rb:12:in 'Core::SurfaceMiddleware#call'
    test/controllers/sign/app/configuration/secrets_controller_test.rb:226:in 'block (2 levels) in <class:SecretsControllerTest>'
    test/controllers/sign/app/configuration/secrets_controller_test.rb:225:in 'block in <class:SecretsControllerTest>'
    test/support/i18n_locale_reset.rb:11:in 'block in ActiveSupport::TestCase#run'
    test/support/i18n_locale_reset.rb:10:in 'ActiveSupport::TestCase#run'

bin/rails test test/controllers/sign/app/configuration/secrets_controller_test.rb:211

E

Error:
Sign::App::Configuration::SecretsControllerTest#test_create_returns_unprocessable_entity_plain_message_when_user_has_no_verified_recovery_identity:
NameError: uninitialized constant Preference::Core::CookieOptions
    app/controllers/concerns/preference/base.rb:1096:in 'Preference::Base#preference_cookie_options'
    app/controllers/concerns/preference/base.rb:971:in 'Preference::Base#preference_auth_cookie_options'
    app/controllers/concerns/preference/base.rb:940:in 'Preference::Base#set_refresh_token_cookie'
    app/controllers/concerns/preference/base.rb:762:in 'Preference::Base#create_new_preference_record!'
    app/controllers/concerns/preference/base.rb:721:in 'Preference::Base#load_preference_record_from_refresh_token!'
    app/controllers/concerns/preference/base.rb:217:in 'Preference::Base#set_preferences_cookie'
    app/middleware/core/surface_middleware.rb:12:in 'Core::SurfaceMiddleware#call'
    test/controllers/sign/app/configuration/secrets_controller_test.rb:125:in 'block (2 levels) in <class:SecretsControllerTest>'
    test/controllers/sign/app/configuration/secrets_controller_test.rb:124:in 'block in <class:SecretsControllerTest>'
    test/support/i18n_locale_reset.rb:11:in 'block in ActiveSupport::TestCase#run'
    test/support/i18n_locale_reset.rb:10:in 'ActiveSupport::TestCase#run'

bin/rails test test/controllers/sign/app/configuration/secrets_controller_test.rb:113

E

Error:
Sign::App::Configuration::SecretsControllerTest#test_should_create_secret_and_redirect_to_index:
NameError: uninitialized constant Preference::Core::CookieOptions
    app/controllers/concerns/preference/base.rb:1096:in 'Preference::Base#preference_cookie_options'
    app/controllers/concerns/preference/base.rb:971:in 'Preference::Base#preference_auth_cookie_options'
    app/controllers/concerns/preference/base.rb:940:in 'Preference::Base#set_refresh_token_cookie'
    app/controllers/concerns/preference/base.rb:762:in 'Preference::Base#create_new_preference_record!'
    app/controllers/concerns/preference/base.rb:721:in 'Preference::Base#load_preference_record_from_refresh_token!'
    app/controllers/concerns/preference/base.rb:217:in 'Preference::Base#set_preferences_cookie'
    app/middleware/core/surface_middleware.rb:12:in 'Core::SurfaceMiddleware#call'
    test/controllers/sign/app/configuration/secrets_controller_test.rb:103:in 'block (2 levels) in <class:SecretsControllerTest>'
    test/controllers/sign/app/configuration/secrets_controller_test.rb:102:in 'block in <class:SecretsControllerTest>'
    test/support/i18n_locale_reset.rb:11:in 'block in ActiveSupport::TestCase#run'
    test/support/i18n_locale_reset.rb:10:in 'ActiveSupport::TestCase#run'

bin/rails test test/controllers/sign/app/configuration/secrets_controller_test.rb:101

E

Error:
Sign::App::Configuration::SecretsControllerTest#test_should_access_secret_by_public_id:
NameError: uninitialized constant Preference::Core::CookieOptions
    app/controllers/concerns/preference/base.rb:1096:in 'Preference::Base#preference_cookie_options'
    app/controllers/concerns/preference/base.rb:971:in 'Preference::Base#preference_auth_cookie_options'
    app/controllers/concerns/preference/base.rb:940:in 'Preference::Base#set_refresh_token_cookie'
    app/controllers/concerns/preference/base.rb:762:in 'Preference::Base#create_new_preference_record!'
    app/controllers/concerns/preference/base.rb:721:in 'Preference::Base#load_preference_record_from_refresh_token!'
    app/controllers/concerns/preference/base.rb:217:in 'Preference::Base#set_preferences_cookie'
    app/middleware/core/surface_middleware.rb:12:in 'Core::SurfaceMiddleware#call'
    test/controllers/sign/app/configuration/secrets_controller_test.rb:161:in 'block in <class:SecretsControllerTest>'
    test/support/i18n_locale_reset.rb:11:in 'block in ActiveSupport::TestCase#run'
    test/support/i18n_locale_reset.rb:10:in 'ActiveSupport::TestCase#run'

bin/rails test test/controllers/sign/app/configuration/secrets_controller_test.rb:160

E

Error:
Sign::App::Configuration::SecretsControllerTest#test_should_show_back_link_on_index_page:
NameError: uninitialized constant Preference::Core::CookieOptions
    app/controllers/concerns/preference/base.rb:1096:in 'Preference::Base#preference_cookie_options'
    app/controllers/concerns/preference/base.rb:971:in 'Preference::Base#preference_auth_cookie_options'
    app/controllers/concerns/preference/base.rb:940:in 'Preference::Base#set_refresh_token_cookie'
    app/controllers/concerns/preference/base.rb:762:in 'Preference::Base#create_new_preference_record!'
    app/controllers/concerns/preference/base.rb:721:in 'Preference::Base#load_preference_record_from_refresh_token!'
    app/controllers/concerns/preference/base.rb:217:in 'Preference::Base#set_preferences_cookie'
    app/middleware/core/surface_middleware.rb:12:in 'Core::SurfaceMiddleware#call'
    test/controllers/sign/app/configuration/secrets_controller_test.rb:46:in 'block in <class:SecretsControllerTest>'
    test/support/i18n_locale_reset.rb:11:in 'block in ActiveSupport::TestCase#run'
    test/support/i18n_locale_reset.rb:10:in 'ActiveSupport::TestCase#run'

bin/rails test test/controllers/sign/app/configuration/secrets_controller_test.rb:45

E

Error:
Sign::App::Configuration::SecretsControllerTest#test_should_get_destroy:
NameError: uninitialized constant Preference::Core::CookieOptions
    app/controllers/concerns/preference/base.rb:1096:in 'Preference::Base#preference_cookie_options'
    app/controllers/concerns/preference/base.rb:971:in 'Preference::Base#preference_auth_cookie_options'
    app/controllers/concerns/preference/base.rb:940:in 'Preference::Base#set_refresh_token_cookie'
    app/controllers/concerns/preference/base.rb:762:in 'Preference::Base#create_new_preference_record!'
    app/controllers/concerns/preference/base.rb:721:in 'Preference::Base#load_preference_record_from_refresh_token!'
    app/controllers/concerns/preference/base.rb:217:in 'Preference::Base#set_preferences_cookie'
    app/middleware/core/surface_middleware.rb:12:in 'Core::SurfaceMiddleware#call'
    test/controllers/sign/app/configuration/secrets_controller_test.rb:144:in 'block in <class:SecretsControllerTest>'
    test/support/i18n_locale_reset.rb:11:in 'block in ActiveSupport::TestCase#run'
    test/support/i18n_locale_reset.rb:10:in 'ActiveSupport::TestCase#run'

bin/rails test test/controllers/sign/app/configuration/secrets_controller_test.rb:143

E

Error:
Sign::App::Configuration::SecretsControllerTest#test_should_get_new:
NameError: uninitialized constant Preference::Core::CookieOptions
    app/controllers/concerns/preference/base.rb:1096:in 'Preference::Base#preference_cookie_options'
    app/controllers/concerns/preference/base.rb:971:in 'Preference::Base#preference_auth_cookie_options'
    app/controllers/concerns/preference/base.rb:940:in 'Preference::Base#set_refresh_token_cookie'
    app/controllers/concerns/preference/base.rb:762:in 'Preference::Base#create_new_preference_record!'
    app/controllers/concerns/preference/base.rb:721:in 'Preference::Base#load_preference_record_from_refresh_token!'
    app/controllers/concerns/preference/base.rb:217:in 'Preference::Base#set_preferences_cookie'
    app/middleware/core/surface_middleware.rb:12:in 'Core::SurfaceMiddleware#call'
    test/controllers/sign/app/configuration/secrets_controller_test.rb:59:in 'block in <class:SecretsControllerTest>'
    test/support/i18n_locale_reset.rb:11:in 'block in ActiveSupport::TestCase#run'
    test/support/i18n_locale_reset.rb:10:in 'ActiveSupport::TestCase#run'

bin/rails test test/controllers/sign/app/configuration/secrets_controller_test.rb:58

E

Error:
Sign::App::Configuration::SecretsControllerTest#test_should_return_404_for_other_user's_secret:
NameError: uninitialized constant Preference::Core::CookieOptions
    app/controllers/concerns/preference/base.rb:1096:in 'Preference::Base#preference_cookie_options'
    app/controllers/concerns/preference/base.rb:971:in 'Preference::Base#preference_auth_cookie_options'
    app/controllers/concerns/preference/base.rb:940:in 'Preference::Base#set_refresh_token_cookie'
    app/controllers/concerns/preference/base.rb:762:in 'Preference::Base#create_new_preference_record!'
    app/controllers/concerns/preference/base.rb:721:in 'Preference::Base#load_preference_record_from_refresh_token!'
    app/controllers/concerns/preference/base.rb:217:in 'Preference::Base#set_preferences_cookie'
    app/middleware/core/surface_middleware.rb:12:in 'Core::SurfaceMiddleware#call'
    test/controllers/sign/app/configuration/secrets_controller_test.rb:181:in 'block in <class:SecretsControllerTest>'
    test/support/i18n_locale_reset.rb:11:in 'block in ActiveSupport::TestCase#run'
    test/support/i18n_locale_reset.rb:10:in 'ActiveSupport::TestCase#run'

bin/rails test test/controllers/sign/app/configuration/secrets_controller_test.rb:171

E

Error:
Docs::App::Edge::V1::PostsControllerTest#test_should_get_index:
NameError: uninitialized constant Preference::Core::CookieOptions
    app/controllers/concerns/preference/base.rb:1096:in 'Preference::Base#preference_cookie_options'
    app/controllers/concerns/preference/base.rb:971:in 'Preference::Base#preference_auth_cookie_options'
    app/controllers/concerns/preference/base.rb:940:in 'Preference::Base#set_refresh_token_cookie'
    app/controllers/concerns/preference/base.rb:762:in 'Preference::Base#create_new_preference_record!'
    app/controllers/concerns/preference/base.rb:721:in 'Preference::Base#load_preference_record_from_refresh_token!'
    app/controllers/concerns/preference/base.rb:217:in 'Preference::Base#set_preferences_cookie'
    app/middleware/core/surface_middleware.rb:12:in 'Core::SurfaceMiddleware#call'
    test/controllers/docs/app/edge/v1/posts_controller_test.rb:15:in 'block in <class:PostsControllerTest>'
    test/support/i18n_locale_reset.rb:11:in 'block in ActiveSupport::TestCase#run'
    test/support/i18n_locale_reset.rb:10:in 'ActiveSupport::TestCase#run'

bin/rails test test/controllers/docs/app/edge/v1/posts_controller_test.rb:14

E

Error:
Docs::App::Edge::V1::PostsControllerTest#test_should_get_show:
NameError: uninitialized constant Preference::Core::CookieOptions
    app/controllers/concerns/preference/base.rb:1096:in 'Preference::Base#preference_cookie_options'
    app/controllers/concerns/preference/base.rb:971:in 'Preference::Base#preference_auth_cookie_options'
    app/controllers/concerns/preference/base.rb:940:in 'Preference::Base#set_refresh_token_cookie'
    app/controllers/concerns/preference/base.rb:762:in 'Preference::Base#create_new_preference_record!'
    app/controllers/concerns/preference/base.rb:721:in 'Preference::Base#load_preference_record_from_refresh_token!'
    app/controllers/concerns/preference/base.rb:217:in 'Preference::Base#set_preferences_cookie'
    app/middleware/core/surface_middleware.rb:12:in 'Core::SurfaceMiddleware#call'
    test/controllers/docs/app/edge/v1/posts_controller_test.rb:20:in 'block in <class:PostsControllerTest>'
    test/support/i18n_locale_reset.rb:11:in 'block in ActiveSupport::TestCase#run'
    test/support/i18n_locale_reset.rb:10:in 'ActiveSupport::TestCase#run'

bin/rails test test/controllers/docs/app/edge/v1/posts_controller_test.rb:19

E

Error:
Docs::Com::RootsControllerTest#test_sets_theme_cookie:
NameError: uninitialized constant Preference::Core::CookieOptions
    app/controllers/concerns/preference/base.rb:1096:in 'Preference::Base#preference_cookie_options'
    app/controllers/concerns/preference/base.rb:971:in 'Preference::Base#preference_auth_cookie_options'
    app/controllers/concerns/preference/base.rb:940:in 'Preference::Base#set_refresh_token_cookie'
    app/controllers/concerns/preference/base.rb:762:in 'Preference::Base#create_new_preference_record!'
    app/controllers/concerns/preference/base.rb:721:in 'Preference::Base#load_preference_record_from_refresh_token!'
    app/controllers/concerns/preference/base.rb:217:in 'Preference::Base#set_preferences_cookie'
    app/middleware/core/surface_middleware.rb:12:in 'Core::SurfaceMiddleware#call'
    test/support/root_theme_cookie_helper.rb:6:in 'RootThemeCookieHelper#assert_theme_cookie_for'
    test/controllers/docs/com/roots_controller_test.rb:50:in 'block in <class:RootsControllerTest>'
    test/support/i18n_locale_reset.rb:11:in 'block in ActiveSupport::TestCase#run'
    test/support/i18n_locale_reset.rb:10:in 'ActiveSupport::TestCase#run'

bin/rails test test/controllers/docs/com/roots_controller_test.rb:49

E

Error:
Docs::Com::RootsControllerTest#test_generates_sha3-384_token_digest_on_root:
NameError: uninitialized constant Preference::Core::CookieOptions
    app/controllers/concerns/preference/base.rb:1096:in 'Preference::Base#preference_cookie_options'
    app/controllers/concerns/preference/base.rb:971:in 'Preference::Base#preference_auth_cookie_options'
    app/controllers/concerns/preference/base.rb:940:in 'Preference::Base#set_refresh_token_cookie'
    app/controllers/concerns/preference/base.rb:762:in 'Preference::Base#create_new_preference_record!'
    app/controllers/concerns/preference/base.rb:721:in 'Preference::Base#load_preference_record_from_refresh_token!'
    app/controllers/concerns/preference/base.rb:217:in 'Preference::Base#set_preferences_cookie'
    app/middleware/core/surface_middleware.rb:12:in 'Core::SurfaceMiddleware#call'
    test/controllers/docs/com/roots_controller_test.rb:44:in 'block in <class:RootsControllerTest>'
    test/support/i18n_locale_reset.rb:11:in 'block in ActiveSupport::TestCase#run'
    test/support/i18n_locale_reset.rb:10:in 'ActiveSupport::TestCase#run'

bin/rails test test/controllers/docs/com/roots_controller_test.rb:43

E

Error:
Docs::Com::RootsControllerTest#test_sets_lang_attribute_on_html_element:
NameError: uninitialized constant Preference::Core::CookieOptions
    app/controllers/concerns/preference/base.rb:1096:in 'Preference::Base#preference_cookie_options'
    app/controllers/concerns/preference/base.rb:971:in 'Preference::Base#preference_auth_cookie_options'
    app/controllers/concerns/preference/base.rb:940:in 'Preference::Base#set_refresh_token_cookie'
    app/controllers/concerns/preference/base.rb:762:in 'Preference::Base#create_new_preference_record!'
    app/controllers/concerns/preference/base.rb:721:in 'Preference::Base#load_preference_record_from_refresh_token!'
    app/controllers/concerns/preference/base.rb:217:in 'Preference::Base#set_preferences_cookie'
    app/middleware/core/surface_middleware.rb:12:in 'Core::SurfaceMiddleware#call'
    test/controllers/docs/com/roots_controller_test.rb:19:in 'block in <class:RootsControllerTest>'
    test/support/i18n_locale_reset.rb:11:in 'block in ActiveSupport::TestCase#run'
    test/support/i18n_locale_reset.rb:10:in 'ActiveSupport::TestCase#run'

bin/rails test test/controllers/docs/com/roots_controller_test.rb:18

E

Error:
Docs::Com::RootsControllerTest#test_renders_expected_layout_structure:
NameError: uninitialized constant Preference::Core::CookieOptions
    app/controllers/concerns/preference/base.rb:1096:in 'Preference::Base#preference_cookie_options'
    app/controllers/concerns/preference/base.rb:971:in 'Preference::Base#preference_auth_cookie_options'
    app/controllers/concerns/preference/base.rb:940:in 'Preference::Base#set_refresh_token_cookie'
    app/controllers/concerns/preference/base.rb:762:in 'Preference::Base#create_new_preference_record!'
    app/controllers/concerns/preference/base.rb:721:in 'Preference::Base#load_preference_record_from_refresh_token!'
    app/controllers/concerns/preference/base.rb:217:in 'Preference::Base#set_preferences_cookie'
    app/middleware/core/surface_middleware.rb:12:in 'Core::SurfaceMiddleware#call'
    test/controllers/docs/com/roots_controller_test.rb:28:in 'block in <class:RootsControllerTest>'
    test/support/i18n_locale_reset.rb:11:in 'block in ActiveSupport::TestCase#run'
    test/support/i18n_locale_reset.rb:10:in 'ActiveSupport::TestCase#run'

bin/rails test test/controllers/docs/com/roots_controller_test.rb:27

E

Error:
Docs::Com::RootsControllerTest#test_should_get_show:
NameError: uninitialized constant Preference::Core::CookieOptions
    app/controllers/concerns/preference/base.rb:1096:in 'Preference::Base#preference_cookie_options'
    app/controllers/concerns/preference/base.rb:971:in 'Preference::Base#preference_auth_cookie_options'
    app/controllers/concerns/preference/base.rb:940:in 'Preference::Base#set_refresh_token_cookie'
    app/controllers/concerns/preference/base.rb:762:in 'Preference::Base#create_new_preference_record!'
    app/controllers/concerns/preference/base.rb:721:in 'Preference::Base#load_preference_record_from_refresh_token!'
    app/controllers/concerns/preference/base.rb:217:in 'Preference::Base#set_preferences_cookie'
    app/middleware/core/surface_middleware.rb:12:in 'Core::SurfaceMiddleware#call'
    test/controllers/docs/com/roots_controller_test.rb:13:in 'block in <class:RootsControllerTest>'
    test/support/i18n_locale_reset.rb:11:in 'block in ActiveSupport::TestCase#run'
    test/support/i18n_locale_reset.rb:10:in 'ActiveSupport::TestCase#run'

bin/rails test test/controllers/docs/com/roots_controller_test.rb:12

E

Error:
Help::App::HealthsControllerTest#test_GET_/health_returns_OK_response:
NameError: uninitialized constant Preference::Core::CookieOptions
    app/controllers/concerns/preference/base.rb:1096:in 'Preference::Base#preference_cookie_options'
    app/controllers/concerns/preference/base.rb:971:in 'Preference::Base#preference_auth_cookie_options'
    app/controllers/concerns/preference/base.rb:940:in 'Preference::Base#set_refresh_token_cookie'
    app/controllers/concerns/preference/base.rb:762:in 'Preference::Base#create_new_preference_record!'
    app/controllers/concerns/preference/base.rb:721:in 'Preference::Base#load_preference_record_from_refresh_token!'
    app/controllers/concerns/preference/base.rb:217:in 'Preference::Base#set_preferences_cookie'
    app/middleware/core/surface_middleware.rb:12:in 'Core::SurfaceMiddleware#call'
    test/controllers/help/app/healths_controller_test.rb:7:in 'block in <class:HealthsControllerTest>'
    test/support/i18n_locale_reset.rb:11:in 'block in ActiveSupport::TestCase#run'
    test/support/i18n_locale_reset.rb:10:in 'ActiveSupport::TestCase#run'

bin/rails test test/controllers/help/app/healths_controller_test.rb:6

E

Error:
Help::App::HealthsControllerTest#test_GET_/health_returns_OK_html_response:
NameError: uninitialized constant Preference::Core::CookieOptions
    app/controllers/concerns/preference/base.rb:1096:in 'Preference::Base#preference_cookie_options'
    app/controllers/concerns/preference/base.rb:971:in 'Preference::Base#preference_auth_cookie_options'
    app/controllers/concerns/preference/base.rb:940:in 'Preference::Base#set_refresh_token_cookie'
    app/controllers/concerns/preference/base.rb:762:in 'Preference::Base#create_new_preference_record!'
    app/controllers/concerns/preference/base.rb:721:in 'Preference::Base#load_preference_record_from_refresh_token!'
    app/controllers/concerns/preference/base.rb:217:in 'Preference::Base#set_preferences_cookie'
    app/middleware/core/surface_middleware.rb:12:in 'Core::SurfaceMiddleware#call'
    test/controllers/help/app/healths_controller_test.rb:14:in 'block in <class:HealthsControllerTest>'
    test/support/i18n_locale_reset.rb:11:in 'block in ActiveSupport::TestCase#run'
    test/support/i18n_locale_reset.rb:10:in 'ActiveSupport::TestCase#run'

bin/rails test test/controllers/help/app/healths_controller_test.rb:13

E

Error:
Help::App::HealthsControllerTest#test_GET_/health_returns_OK_json_response:
NameError: uninitialized constant Preference::Core::CookieOptions
    app/controllers/concerns/preference/base.rb:1096:in 'Preference::Base#preference_cookie_options'
    app/controllers/concerns/preference/base.rb:971:in 'Preference::Base#preference_auth_cookie_options'
    app/controllers/concerns/preference/base.rb:940:in 'Preference::Base#set_refresh_token_cookie'
    app/controllers/concerns/preference/base.rb:762:in 'Preference::Base#create_new_preference_record!'
    app/controllers/concerns/preference/base.rb:721:in 'Preference::Base#load_preference_record_from_refresh_token!'
    app/controllers/concerns/preference/base.rb:217:in 'Preference::Base#set_preferences_cookie'
    app/middleware/core/surface_middleware.rb:12:in 'Core::SurfaceMiddleware#call'
    test/controllers/help/app/healths_controller_test.rb:21:in 'block in <class:HealthsControllerTest>'
    test/support/i18n_locale_reset.rb:11:in 'block in ActiveSupport::TestCase#run'
    test/support/i18n_locale_reset.rb:10:in 'ActiveSupport::TestCase#run'

bin/rails test test/controllers/help/app/healths_controller_test.rb:20

E

Error:
CoreContactsFlowTest#test_app_contacts_creates_inquiry_directly_and_validates_title/body_boundaries:
NameError: uninitialized constant Preference::Core::CookieOptions
    app/controllers/concerns/preference/base.rb:1096:in 'Preference::Base#preference_cookie_options'
    app/controllers/concerns/preference/base.rb:971:in 'Preference::Base#preference_auth_cookie_options'
    app/controllers/concerns/preference/base.rb:940:in 'Preference::Base#set_refresh_token_cookie'
    app/controllers/concerns/preference/base.rb:762:in 'Preference::Base#create_new_preference_record!'
    app/controllers/concerns/preference/base.rb:721:in 'Preference::Base#load_preference_record_from_refresh_token!'
    app/controllers/concerns/preference/base.rb:217:in 'Preference::Base#set_preferences_cookie'
    app/middleware/core/surface_middleware.rb:12:in 'Core::SurfaceMiddleware#call'
    test/integration/core_contacts_flow_test.rb:56:in 'block (2 levels) in <class:CoreContactsFlowTest>'
    test/integration/core_contacts_flow_test.rb:55:in 'block in <class:CoreContactsFlowTest>'
    test/support/i18n_locale_reset.rb:11:in 'block in ActiveSupport::TestCase#run'
    test/support/i18n_locale_reset.rb:10:in 'ActiveSupport::TestCase#run'

bin/rails test test/integration/core_contacts_flow_test.rb:49

E

Error:
CoreContactsFlowTest#test_org_contacts_requires_registered_email_and_telephone:
NameError: uninitialized constant Preference::Core::CookieOptions
    app/controllers/concerns/preference/base.rb:1096:in 'Preference::Base#preference_cookie_options'
    app/controllers/concerns/preference/base.rb:971:in 'Preference::Base#preference_auth_cookie_options'
    app/controllers/concerns/preference/base.rb:940:in 'Preference::Base#set_refresh_token_cookie'
    app/controllers/concerns/preference/base.rb:762:in 'Preference::Base#create_new_preference_record!'
    app/controllers/concerns/preference/base.rb:721:in 'Preference::Base#load_preference_record_from_refresh_token!'
    app/controllers/concerns/preference/base.rb:217:in 'Preference::Base#set_preferences_cookie'
    app/middleware/core/surface_middleware.rb:12:in 'Core::SurfaceMiddleware#call'
    test/integration/core_contacts_flow_test.rb:97:in 'block in <class:CoreContactsFlowTest>'
    test/support/i18n_locale_reset.rb:11:in 'block in ActiveSupport::TestCase#run'
    test/support/i18n_locale_reset.rb:10:in 'ActiveSupport::TestCase#run'

bin/rails test test/integration/core_contacts_flow_test.rb:93

E

Error:
CoreContactsFlowTest#test_com_contacts_keeps_public_verification_flow:
NameError: uninitialized constant Preference::Core::CookieOptions
    app/controllers/concerns/preference/base.rb:1096:in 'Preference::Base#preference_cookie_options'
    app/controllers/concerns/preference/base.rb:971:in 'Preference::Base#preference_auth_cookie_options'
    app/controllers/concerns/preference/base.rb:940:in 'Preference::Base#set_refresh_token_cookie'
    app/controllers/concerns/preference/base.rb:762:in 'Preference::Base#create_new_preference_record!'
    app/controllers/concerns/preference/base.rb:721:in 'Preference::Base#load_preference_record_from_refresh_token!'
    app/controllers/concerns/preference/base.rb:217:in 'Preference::Base#set_preferences_cookie'
    app/middleware/core/surface_middleware.rb:12:in 'Core::SurfaceMiddleware#call'
    test/integration/core_contacts_flow_test.rb:136:in 'block in <class:CoreContactsFlowTest>'
    test/support/i18n_locale_reset.rb:11:in 'block in ActiveSupport::TestCase#run'
    test/support/i18n_locale_reset.rb:10:in 'ActiveSupport::TestCase#run'

bin/rails test test/integration/core_contacts_flow_test.rb:131

E

Error:
CoreContactsFlowTest#test_app_contacts_requires_registered_email_and_telephone_in_new/create:
NameError: uninitialized constant Preference::Core::CookieOptions
    app/controllers/concerns/preference/base.rb:1096:in 'Preference::Base#preference_cookie_options'
    app/controllers/concerns/preference/base.rb:971:in 'Preference::Base#preference_auth_cookie_options'
    app/controllers/concerns/preference/base.rb:940:in 'Preference::Base#set_refresh_token_cookie'
    app/controllers/concerns/preference/base.rb:762:in 'Preference::Base#create_new_preference_record!'
    app/controllers/concerns/preference/base.rb:721:in 'Preference::Base#load_preference_record_from_refresh_token!'
    app/controllers/concerns/preference/base.rb:217:in 'Preference::Base#set_preferences_cookie'
    app/middleware/core/surface_middleware.rb:12:in 'Core::SurfaceMiddleware#call'
    test/integration/core_contacts_flow_test.rb:32:in 'block in <class:CoreContactsFlowTest>'
    test/support/i18n_locale_reset.rb:11:in 'block in ActiveSupport::TestCase#run'
    test/support/i18n_locale_reset.rb:10:in 'ActiveSupport::TestCase#run'

bin/rails test test/integration/core_contacts_flow_test.rb:28

E

Error:
CoreContactsFlowTest#test_app_contacts_new_redirects_when_not_logged_in:
NameError: uninitialized constant Preference::Core::CookieOptions
    app/controllers/concerns/preference/base.rb:1096:in 'Preference::Base#preference_cookie_options'
    app/controllers/concerns/preference/base.rb:971:in 'Preference::Base#preference_auth_cookie_options'
    app/controllers/concerns/preference/base.rb:940:in 'Preference::Base#set_refresh_token_cookie'
    app/controllers/concerns/preference/base.rb:762:in 'Preference::Base#create_new_preference_record!'
    app/controllers/concerns/preference/base.rb:721:in 'Preference::Base#load_preference_record_from_refresh_token!'
    app/controllers/concerns/preference/base.rb:217:in 'Preference::Base#set_preferences_cookie'
    app/middleware/core/surface_middleware.rb:12:in 'Core::SurfaceMiddleware#call'
    test/integration/core_contacts_flow_test.rb:24:in 'block in <class:CoreContactsFlowTest>'
    test/support/i18n_locale_reset.rb:11:in 'block in ActiveSupport::TestCase#run'
    test/support/i18n_locale_reset.rb:10:in 'ActiveSupport::TestCase#run'

bin/rails test test/integration/core_contacts_flow_test.rb:22

E

Error:
CoreContactsFlowTest#test_org_contacts_creates_inquiry_directly:
NameError: uninitialized constant Preference::Core::CookieOptions
    app/controllers/concerns/preference/base.rb:1096:in 'Preference::Base#preference_cookie_options'
    app/controllers/concerns/preference/base.rb:971:in 'Preference::Base#preference_auth_cookie_options'
    app/controllers/concerns/preference/base.rb:940:in 'Preference::Base#set_refresh_token_cookie'
    app/controllers/concerns/preference/base.rb:762:in 'Preference::Base#create_new_preference_record!'
    app/controllers/concerns/preference/base.rb:721:in 'Preference::Base#load_preference_record_from_refresh_token!'
    app/controllers/concerns/preference/base.rb:217:in 'Preference::Base#set_preferences_cookie'
    app/middleware/core/surface_middleware.rb:12:in 'Core::SurfaceMiddleware#call'
    test/integration/core_contacts_flow_test.rb:117:in 'block (3 levels) in <class:CoreContactsFlowTest>'
    test/integration/core_contacts_flow_test.rb:114:in 'block (2 levels) in <class:CoreContactsFlowTest>'
    test/integration/core_contacts_flow_test.rb:113:in 'block in <class:CoreContactsFlowTest>'
    test/support/i18n_locale_reset.rb:11:in 'block in ActiveSupport::TestCase#run'
    test/support/i18n_locale_reset.rb:10:in 'ActiveSupport::TestCase#run'

bin/rails test test/integration/core_contacts_flow_test.rb:107

E

Error:
CoreContactsFlowTest#test_org_contacts_new_redirects_when_not_logged_in:
NameError: uninitialized constant Preference::Core::CookieOptions
    app/controllers/concerns/preference/base.rb:1096:in 'Preference::Base#preference_cookie_options'
    app/controllers/concerns/preference/base.rb:971:in 'Preference::Base#preference_auth_cookie_options'
    app/controllers/concerns/preference/base.rb:940:in 'Preference::Base#set_refresh_token_cookie'
    app/controllers/concerns/preference/base.rb:762:in 'Preference::Base#create_new_preference_record!'
    app/controllers/concerns/preference/base.rb:721:in 'Preference::Base#load_preference_record_from_refresh_token!'
    app/controllers/concerns/preference/base.rb:217:in 'Preference::Base#set_preferences_cookie'
    app/middleware/core/surface_middleware.rb:12:in 'Core::SurfaceMiddleware#call'
    test/integration/core_contacts_flow_test.rb:89:in 'block in <class:CoreContactsFlowTest>'
    test/support/i18n_locale_reset.rb:11:in 'block in ActiveSupport::TestCase#run'
    test/support/i18n_locale_reset.rb:10:in 'ActiveSupport::TestCase#run'

bin/rails test test/integration/core_contacts_flow_test.rb:87

...............................E

Error:
Sign::Org::Verification::PasskeysControllerTest#test_creates_verification_on_success:
NameError: uninitialized constant Preference::Core::CookieOptions
    app/controllers/concerns/preference/base.rb:1096:in 'Preference::Base#preference_cookie_options'
    app/controllers/concerns/preference/base.rb:971:in 'Preference::Base#preference_auth_cookie_options'
    app/controllers/concerns/preference/base.rb:940:in 'Preference::Base#set_refresh_token_cookie'
    app/controllers/concerns/preference/base.rb:762:in 'Preference::Base#create_new_preference_record!'
    app/controllers/concerns/preference/base.rb:721:in 'Preference::Base#load_preference_record_from_refresh_token!'
    app/controllers/concerns/preference/base.rb:217:in 'Preference::Base#set_preferences_cookie'
    app/middleware/core/surface_middleware.rb:12:in 'Core::SurfaceMiddleware#call'
    test/controllers/sign/org/verification/passkeys_controller_test.rb:29:in 'block (4 levels) in <class:PasskeysControllerTest>'
    test/support/any_instance_stub.rb:21:in 'AnyInstanceStubProxy#stub'
    test/controllers/sign/org/verification/passkeys_controller_test.rb:28:in 'block (3 levels) in <class:PasskeysControllerTest>'
    test/support/any_instance_stub.rb:21:in 'AnyInstanceStubProxy#stub'
    test/controllers/sign/org/verification/passkeys_controller_test.rb:27:in 'block (2 levels) in <class:PasskeysControllerTest>'
    test/support/any_instance_stub.rb:21:in 'AnyInstanceStubProxy#stub'
    test/controllers/sign/org/verification/passkeys_controller_test.rb:26:in 'block in <class:PasskeysControllerTest>'
    test/support/i18n_locale_reset.rb:11:in 'block in ActiveSupport::TestCase#run'
    test/support/i18n_locale_reset.rb:10:in 'ActiveSupport::TestCase#run'

bin/rails test test/controllers/sign/org/verification/passkeys_controller_test.rb:23

...............................E

Error:
Help::App::RootsControllerTest#test_generates_sha3-384_token_digest_on_root:
NameError: uninitialized constant Preference::Core::CookieOptions
    app/controllers/concerns/preference/base.rb:1096:in 'Preference::Base#preference_cookie_options'
    app/controllers/concerns/preference/base.rb:971:in 'Preference::Base#preference_auth_cookie_options'
    app/controllers/concerns/preference/base.rb:940:in 'Preference::Base#set_refresh_token_cookie'
    app/controllers/concerns/preference/base.rb:762:in 'Preference::Base#create_new_preference_record!'
    app/controllers/concerns/preference/base.rb:721:in 'Preference::Base#load_preference_record_from_refresh_token!'
    app/controllers/concerns/preference/base.rb:217:in 'Preference::Base#set_preferences_cookie'
    app/middleware/core/surface_middleware.rb:12:in 'Core::SurfaceMiddleware#call'
    test/controllers/help/app/roots_controller_test.rb:55:in 'block in <class:RootsControllerTest>'
    test/support/i18n_locale_reset.rb:11:in 'block in ActiveSupport::TestCase#run'
    test/support/i18n_locale_reset.rb:10:in 'ActiveSupport::TestCase#run'

bin/rails test test/controllers/help/app/roots_controller_test.rb:54

E

Error:
Help::App::RootsControllerTest#test_should_get_show:
NameError: uninitialized constant Preference::Core::CookieOptions
    app/controllers/concerns/preference/base.rb:1096:in 'Preference::Base#preference_cookie_options'
    app/controllers/concerns/preference/base.rb:971:in 'Preference::Base#preference_auth_cookie_options'
    app/controllers/concerns/preference/base.rb:940:in 'Preference::Base#set_refresh_token_cookie'
    app/controllers/concerns/preference/base.rb:762:in 'Preference::Base#create_new_preference_record!'
    app/controllers/concerns/preference/base.rb:721:in 'Preference::Base#load_preference_record_from_refresh_token!'
    app/controllers/concerns/preference/base.rb:217:in 'Preference::Base#set_preferences_cookie'
    app/middleware/core/surface_middleware.rb:12:in 'Core::SurfaceMiddleware#call'
    test/controllers/help/app/roots_controller_test.rb:9:in 'block in <class:RootsControllerTest>'
    test/support/i18n_locale_reset.rb:11:in 'block in ActiveSupport::TestCase#run'
    test/support/i18n_locale_reset.rb:10:in 'ActiveSupport::TestCase#run'

bin/rails test test/controllers/help/app/roots_controller_test.rb:8

E

Error:
Help::App::RootsControllerTest#test_renders_expected_layout_structure:
NameError: uninitialized constant Preference::Core::CookieOptions
    app/controllers/concerns/preference/base.rb:1096:in 'Preference::Base#preference_cookie_options'
    app/controllers/concerns/preference/base.rb:971:in 'Preference::Base#preference_auth_cookie_options'
    app/controllers/concerns/preference/base.rb:940:in 'Preference::Base#set_refresh_token_cookie'
    app/controllers/concerns/preference/base.rb:762:in 'Preference::Base#create_new_preference_record!'
    app/controllers/concerns/preference/base.rb:721:in 'Preference::Base#load_preference_record_from_refresh_token!'
    app/controllers/concerns/preference/base.rb:217:in 'Preference::Base#set_preferences_cookie'
    app/middleware/core/surface_middleware.rb:12:in 'Core::SurfaceMiddleware#call'
    test/controllers/help/app/roots_controller_test.rb:39:in 'block in <class:RootsControllerTest>'
    test/support/i18n_locale_reset.rb:11:in 'block in ActiveSupport::TestCase#run'
    test/support/i18n_locale_reset.rb:10:in 'ActiveSupport::TestCase#run'

bin/rails test test/controllers/help/app/roots_controller_test.rb:38

E

Error:
Help::App::RootsControllerTest#test_renders_contact_link:
NameError: uninitialized constant Preference::Core::CookieOptions
    app/controllers/concerns/preference/base.rb:1096:in 'Preference::Base#preference_cookie_options'
    app/controllers/concerns/preference/base.rb:971:in 'Preference::Base#preference_auth_cookie_options'
    app/controllers/concerns/preference/base.rb:940:in 'Preference::Base#set_refresh_token_cookie'
    app/controllers/concerns/preference/base.rb:762:in 'Preference::Base#create_new_preference_record!'
    app/controllers/concerns/preference/base.rb:721:in 'Preference::Base#load_preference_record_from_refresh_token!'
    app/controllers/concerns/preference/base.rb:217:in 'Preference::Base#set_preferences_cookie'
    app/middleware/core/surface_middleware.rb:12:in 'Core::SurfaceMiddleware#call'
    test/controllers/help/app/roots_controller_test.rb:31:in 'block in <class:RootsControllerTest>'
    test/support/i18n_locale_reset.rb:11:in 'block in ActiveSupport::TestCase#run'
    test/support/i18n_locale_reset.rb:10:in 'ActiveSupport::TestCase#run'

bin/rails test test/controllers/help/app/roots_controller_test.rb:30

E

Error:
Help::App::RootsControllerTest#test_redirects_to_canonical_path_by_stripping_ri=jp:
NameError: uninitialized constant Preference::Core::CookieOptions
    app/controllers/concerns/preference/base.rb:1096:in 'Preference::Base#preference_cookie_options'
    app/controllers/concerns/preference/base.rb:971:in 'Preference::Base#preference_auth_cookie_options'
    app/controllers/concerns/preference/base.rb:940:in 'Preference::Base#set_refresh_token_cookie'
    app/controllers/concerns/preference/base.rb:762:in 'Preference::Base#create_new_preference_record!'
    app/controllers/concerns/preference/base.rb:721:in 'Preference::Base#load_preference_record_from_refresh_token!'
    app/controllers/concerns/preference/base.rb:217:in 'Preference::Base#set_preferences_cookie'
    app/middleware/core/surface_middleware.rb:12:in 'Core::SurfaceMiddleware#call'
    test/controllers/help/app/roots_controller_test.rb:15:in 'block in <class:RootsControllerTest>'
    test/support/i18n_locale_reset.rb:11:in 'block in ActiveSupport::TestCase#run'
    test/support/i18n_locale_reset.rb:10:in 'ActiveSupport::TestCase#run'

bin/rails test test/controllers/help/app/roots_controller_test.rb:14

E

Error:
Help::App::RootsControllerTest#test_sets_lang_attribute_on_html_element:
NameError: uninitialized constant Preference::Core::CookieOptions
    app/controllers/concerns/preference/base.rb:1096:in 'Preference::Base#preference_cookie_options'
    app/controllers/concerns/preference/base.rb:971:in 'Preference::Base#preference_auth_cookie_options'
    app/controllers/concerns/preference/base.rb:940:in 'Preference::Base#set_refresh_token_cookie'
    app/controllers/concerns/preference/base.rb:762:in 'Preference::Base#create_new_preference_record!'
    app/controllers/concerns/preference/base.rb:721:in 'Preference::Base#load_preference_record_from_refresh_token!'
    app/controllers/concerns/preference/base.rb:217:in 'Preference::Base#set_preferences_cookie'
    app/middleware/core/surface_middleware.rb:12:in 'Core::SurfaceMiddleware#call'
    test/controllers/help/app/roots_controller_test.rb:23:in 'block in <class:RootsControllerTest>'
    test/support/i18n_locale_reset.rb:11:in 'block in ActiveSupport::TestCase#run'
    test/support/i18n_locale_reset.rb:10:in 'ActiveSupport::TestCase#run'

bin/rails test test/controllers/help/app/roots_controller_test.rb:22

E

Error:
Help::App::RootsControllerTest#test_sets_theme_cookie:
NameError: uninitialized constant Preference::Core::CookieOptions
    app/controllers/concerns/preference/base.rb:1096:in 'Preference::Base#preference_cookie_options'
    app/controllers/concerns/preference/base.rb:971:in 'Preference::Base#preference_auth_cookie_options'
    app/controllers/concerns/preference/base.rb:940:in 'Preference::Base#set_refresh_token_cookie'
    app/controllers/concerns/preference/base.rb:762:in 'Preference::Base#create_new_preference_record!'
    app/controllers/concerns/preference/base.rb:721:in 'Preference::Base#load_preference_record_from_refresh_token!'
    app/controllers/concerns/preference/base.rb:217:in 'Preference::Base#set_preferences_cookie'
    app/middleware/core/surface_middleware.rb:12:in 'Core::SurfaceMiddleware#call'
    test/controllers/help/app/roots_controller_test.rb:62:in 'block in <class:RootsControllerTest>'
    test/support/i18n_locale_reset.rb:11:in 'block in ActiveSupport::TestCase#run'
    test/support/i18n_locale_reset.rb:10:in 'ActiveSupport::TestCase#run'

bin/rails test test/controllers/help/app/roots_controller_test.rb:60

.......E

Error:
Core::Com::Contact::EmailsControllerTest#test_should_not_verify_with_invalid_code:
NameError: uninitialized constant Preference::Core::CookieOptions
    app/controllers/concerns/preference/base.rb:1096:in 'Preference::Base#preference_cookie_options'
    app/controllers/concerns/preference/base.rb:971:in 'Preference::Base#preference_auth_cookie_options'
    app/controllers/concerns/preference/base.rb:940:in 'Preference::Base#set_refresh_token_cookie'
    app/controllers/concerns/preference/base.rb:762:in 'Preference::Base#create_new_preference_record!'
    app/controllers/concerns/preference/base.rb:721:in 'Preference::Base#load_preference_record_from_refresh_token!'
    app/controllers/concerns/preference/base.rb:217:in 'Preference::Base#set_preferences_cookie'
    app/middleware/core/surface_middleware.rb:12:in 'Core::SurfaceMiddleware#call'
    test/controllers/core/com/contact/emails_controller_test.rb:100:in 'block in <class:EmailsControllerTest>'
    test/support/i18n_locale_reset.rb:11:in 'block in ActiveSupport::TestCase#run'
    test/support/i18n_locale_reset.rb:10:in 'ActiveSupport::TestCase#run'

bin/rails test test/controllers/core/com/contact/emails_controller_test.rb:96

E

Error:
Core::Com::Contact::EmailsControllerTest#test_should_verify_hotp_code_successfully_and_send_sms:
NameError: uninitialized constant Preference::Core::CookieOptions
    app/controllers/concerns/preference/base.rb:1096:in 'Preference::Base#preference_cookie_options'
    app/controllers/concerns/preference/base.rb:971:in 'Preference::Base#preference_auth_cookie_options'
    app/controllers/concerns/preference/base.rb:940:in 'Preference::Base#set_refresh_token_cookie'
    app/controllers/concerns/preference/base.rb:762:in 'Preference::Base#create_new_preference_record!'
    app/controllers/concerns/preference/base.rb:721:in 'Preference::Base#load_preference_record_from_refresh_token!'
    app/controllers/concerns/preference/base.rb:217:in 'Preference::Base#set_preferences_cookie'
    app/middleware/core/surface_middleware.rb:12:in 'Core::SurfaceMiddleware#call'
    test/controllers/core/com/contact/emails_controller_test.rb:64:in 'block (2 levels) in <class:EmailsControllerTest>'
    test/controllers/core/com/contact/emails_controller_test.rb:63:in 'block in <class:EmailsControllerTest>'
    test/support/i18n_locale_reset.rb:11:in 'block in ActiveSupport::TestCase#run'
    test/support/i18n_locale_reset.rb:10:in 'ActiveSupport::TestCase#run'

bin/rails test test/controllers/core/com/contact/emails_controller_test.rb:57

E

Error:
Core::Com::Contact::EmailsControllerTest#test_should_fail_if_code_is_blank:
NameError: uninitialized constant Preference::Core::CookieOptions
    app/controllers/concerns/preference/base.rb:1096:in 'Preference::Base#preference_cookie_options'
    app/controllers/concerns/preference/base.rb:971:in 'Preference::Base#preference_auth_cookie_options'
    app/controllers/concerns/preference/base.rb:940:in 'Preference::Base#set_refresh_token_cookie'
    app/controllers/concerns/preference/base.rb:762:in 'Preference::Base#create_new_preference_record!'
    app/controllers/concerns/preference/base.rb:721:in 'Preference::Base#load_preference_record_from_refresh_token!'
    app/controllers/concerns/preference/base.rb:217:in 'Preference::Base#set_preferences_cookie'
    app/middleware/core/surface_middleware.rb:12:in 'Core::SurfaceMiddleware#call'
    test/controllers/core/com/contact/emails_controller_test.rb:110:in 'block in <class:EmailsControllerTest>'
    test/support/i18n_locale_reset.rb:11:in 'block in ActiveSupport::TestCase#run'
    test/support/i18n_locale_reset.rb:10:in 'ActiveSupport::TestCase#run'

bin/rails test test/controllers/core/com/contact/emails_controller_test.rb:108

E

Error:
Core::Com::Contact::EmailsControllerTest#test_should_get_new:
NameError: uninitialized constant Preference::Core::CookieOptions
    app/controllers/concerns/preference/base.rb:1096:in 'Preference::Base#preference_cookie_options'
    app/controllers/concerns/preference/base.rb:971:in 'Preference::Base#preference_auth_cookie_options'
    app/controllers/concerns/preference/base.rb:940:in 'Preference::Base#set_refresh_token_cookie'
    app/controllers/concerns/preference/base.rb:762:in 'Preference::Base#create_new_preference_record!'
    app/controllers/concerns/preference/base.rb:721:in 'Preference::Base#load_preference_record_from_refresh_token!'
    app/controllers/concerns/preference/base.rb:217:in 'Preference::Base#set_preferences_cookie'
    app/middleware/core/surface_middleware.rb:12:in 'Core::SurfaceMiddleware#call'
    test/controllers/core/com/contact/emails_controller_test.rb:35:in 'block in <class:EmailsControllerTest>'
    test/support/i18n_locale_reset.rb:11:in 'block in ActiveSupport::TestCase#run'
    test/support/i18n_locale_reset.rb:10:in 'ActiveSupport::TestCase#run'

bin/rails test test/controllers/core/com/contact/emails_controller_test.rb:33

E

Error:
Core::Com::Contact::EmailsControllerTest#test_should_handle_verification_without_telephone_side_effect_gracefully:
NameError: uninitialized constant Preference::Core::CookieOptions
    app/controllers/concerns/preference/base.rb:1096:in 'Preference::Base#preference_cookie_options'
    app/controllers/concerns/preference/base.rb:971:in 'Preference::Base#preference_auth_cookie_options'
    app/controllers/concerns/preference/base.rb:940:in 'Preference::Base#set_refresh_token_cookie'
    app/controllers/concerns/preference/base.rb:762:in 'Preference::Base#create_new_preference_record!'
    app/controllers/concerns/preference/base.rb:721:in 'Preference::Base#load_preference_record_from_refresh_token!'
    app/controllers/concerns/preference/base.rb:217:in 'Preference::Base#set_preferences_cookie'
    app/middleware/core/surface_middleware.rb:12:in 'Core::SurfaceMiddleware#call'
    test/controllers/core/com/contact/emails_controller_test.rb:85:in 'block (2 levels) in <class:EmailsControllerTest>'
    test/controllers/core/com/contact/emails_controller_test.rb:84:in 'block in <class:EmailsControllerTest>'
    test/support/i18n_locale_reset.rb:11:in 'block in ActiveSupport::TestCase#run'
    test/support/i18n_locale_reset.rb:10:in 'ActiveSupport::TestCase#run'

bin/rails test test/controllers/core/com/contact/emails_controller_test.rb:77

E

Error:
Core::Com::Contact::EmailsControllerTest#test_should_fail_if_max_attempts_reached:
NameError: uninitialized constant Preference::Core::CookieOptions
    app/controllers/concerns/preference/base.rb:1096:in 'Preference::Base#preference_cookie_options'
    app/controllers/concerns/preference/base.rb:971:in 'Preference::Base#preference_auth_cookie_options'
    app/controllers/concerns/preference/base.rb:940:in 'Preference::Base#set_refresh_token_cookie'
    app/controllers/concerns/preference/base.rb:762:in 'Preference::Base#create_new_preference_record!'
    app/controllers/concerns/preference/base.rb:721:in 'Preference::Base#load_preference_record_from_refresh_token!'
    app/controllers/concerns/preference/base.rb:217:in 'Preference::Base#set_preferences_cookie'
    app/middleware/core/surface_middleware.rb:12:in 'Core::SurfaceMiddleware#call'
    test/controllers/core/com/contact/emails_controller_test.rb:132:in 'block in <class:EmailsControllerTest>'
    test/support/i18n_locale_reset.rb:11:in 'block in ActiveSupport::TestCase#run'
    test/support/i18n_locale_reset.rb:10:in 'ActiveSupport::TestCase#run'

bin/rails test test/controllers/core/com/contact/emails_controller_test.rb:127

E

Error:
Core::Com::Contact::EmailsControllerTest#test_should_fail_if_expired:
NameError: uninitialized constant Preference::Core::CookieOptions
    app/controllers/concerns/preference/base.rb:1096:in 'Preference::Base#preference_cookie_options'
    app/controllers/concerns/preference/base.rb:971:in 'Preference::Base#preference_auth_cookie_options'
    app/controllers/concerns/preference/base.rb:940:in 'Preference::Base#set_refresh_token_cookie'
    app/controllers/concerns/preference/base.rb:762:in 'Preference::Base#create_new_preference_record!'
    app/controllers/concerns/preference/base.rb:721:in 'Preference::Base#load_preference_record_from_refresh_token!'
    app/controllers/concerns/preference/base.rb:217:in 'Preference::Base#set_preferences_cookie'
    app/middleware/core/surface_middleware.rb:12:in 'Core::SurfaceMiddleware#call'
    test/controllers/core/com/contact/emails_controller_test.rb:121:in 'block in <class:EmailsControllerTest>'
    test/support/i18n_locale_reset.rb:11:in 'block in ActiveSupport::TestCase#run'
    test/support/i18n_locale_reset.rb:10:in 'ActiveSupport::TestCase#run'

bin/rails test test/controllers/core/com/contact/emails_controller_test.rb:116

E

Error:
Core::Com::Contact::EmailsControllerTest#test_should_handle_last_attempt_failure:
NameError: uninitialized constant Preference::Core::CookieOptions
    app/controllers/concerns/preference/base.rb:1096:in 'Preference::Base#preference_cookie_options'
    app/controllers/concerns/preference/base.rb:971:in 'Preference::Base#preference_auth_cookie_options'
    app/controllers/concerns/preference/base.rb:940:in 'Preference::Base#set_refresh_token_cookie'
    app/controllers/concerns/preference/base.rb:762:in 'Preference::Base#create_new_preference_record!'
    app/controllers/concerns/preference/base.rb:721:in 'Preference::Base#load_preference_record_from_refresh_token!'
    app/controllers/concerns/preference/base.rb:217:in 'Preference::Base#set_preferences_cookie'
    app/middleware/core/surface_middleware.rb:12:in 'Core::SurfaceMiddleware#call'
    test/controllers/core/com/contact/emails_controller_test.rb:143:in 'block in <class:EmailsControllerTest>'
    test/support/i18n_locale_reset.rb:11:in 'block in ActiveSupport::TestCase#run'
    test/support/i18n_locale_reset.rb:10:in 'ActiveSupport::TestCase#run'

bin/rails test test/controllers/core/com/contact/emails_controller_test.rb:138

E

Error:
Core::Com::Contact::EmailsControllerTest#test_should_handle_invalid_contact_status:
NameError: uninitialized constant Preference::Core::CookieOptions
    app/controllers/concerns/preference/base.rb:1096:in 'Preference::Base#preference_cookie_options'
    app/controllers/concerns/preference/base.rb:971:in 'Preference::Base#preference_auth_cookie_options'
    app/controllers/concerns/preference/base.rb:940:in 'Preference::Base#set_refresh_token_cookie'
    app/controllers/concerns/preference/base.rb:762:in 'Preference::Base#create_new_preference_record!'
    app/controllers/concerns/preference/base.rb:721:in 'Preference::Base#load_preference_record_from_refresh_token!'
    app/controllers/concerns/preference/base.rb:217:in 'Preference::Base#set_preferences_cookie'
    app/middleware/core/surface_middleware.rb:12:in 'Core::SurfaceMiddleware#call'
    test/controllers/core/com/contact/emails_controller_test.rb:176:in 'block in <class:EmailsControllerTest>'
    test/support/i18n_locale_reset.rb:11:in 'block in ActiveSupport::TestCase#run'
    test/support/i18n_locale_reset.rb:10:in 'ActiveSupport::TestCase#run'

bin/rails test test/controllers/core/com/contact/emails_controller_test.rb:173

E

Error:
Core::Com::Contact::EmailsControllerTest#test_should_handle_missing_contact:
NameError: uninitialized constant Preference::Core::CookieOptions
    app/controllers/concerns/preference/base.rb:1096:in 'Preference::Base#preference_cookie_options'
    app/controllers/concerns/preference/base.rb:971:in 'Preference::Base#preference_auth_cookie_options'
    app/controllers/concerns/preference/base.rb:940:in 'Preference::Base#set_refresh_token_cookie'
    app/controllers/concerns/preference/base.rb:762:in 'Preference::Base#create_new_preference_record!'
    app/controllers/concerns/preference/base.rb:721:in 'Preference::Base#load_preference_record_from_refresh_token!'
    app/controllers/concerns/preference/base.rb:217:in 'Preference::Base#set_preferences_cookie'
    app/middleware/core/surface_middleware.rb:12:in 'Core::SurfaceMiddleware#call'
    test/controllers/core/com/contact/emails_controller_test.rb:169:in 'block in <class:EmailsControllerTest>'
    test/support/i18n_locale_reset.rb:11:in 'block in ActiveSupport::TestCase#run'
    test/support/i18n_locale_reset.rb:10:in 'ActiveSupport::TestCase#run'

bin/rails test test/controllers/core/com/contact/emails_controller_test.rb:167

E

Error:
Core::Com::Contact::EmailsControllerTest#test_should_preserve_query_params_on_redirect:
NameError: uninitialized constant Preference::Core::CookieOptions
    app/controllers/concerns/preference/base.rb:1096:in 'Preference::Base#preference_cookie_options'
    app/controllers/concerns/preference/base.rb:971:in 'Preference::Base#preference_auth_cookie_options'
    app/controllers/concerns/preference/base.rb:940:in 'Preference::Base#set_refresh_token_cookie'
    app/controllers/concerns/preference/base.rb:762:in 'Preference::Base#create_new_preference_record!'
    app/controllers/concerns/preference/base.rb:721:in 'Preference::Base#load_preference_record_from_refresh_token!'
    app/controllers/concerns/preference/base.rb:217:in 'Preference::Base#set_preferences_cookie'
    app/middleware/core/surface_middleware.rb:12:in 'Core::SurfaceMiddleware#call'
    test/controllers/core/com/contact/emails_controller_test.rb:158:in 'block (2 levels) in <class:EmailsControllerTest>'
    test/controllers/core/com/contact/emails_controller_test.rb:157:in 'block in <class:EmailsControllerTest>'
    test/support/i18n_locale_reset.rb:11:in 'block in ActiveSupport::TestCase#run'
    test/support/i18n_locale_reset.rb:10:in 'ActiveSupport::TestCase#run'

bin/rails test test/controllers/core/com/contact/emails_controller_test.rb:151

......................E

Error:
Core::Org::News::Org::PostsControllerTest#test_should_create_post:
NameError: uninitialized constant Preference::Core::CookieOptions
    app/controllers/concerns/preference/base.rb:1096:in 'Preference::Base#preference_cookie_options'
    app/controllers/concerns/preference/base.rb:971:in 'Preference::Base#preference_auth_cookie_options'
    app/controllers/concerns/preference/base.rb:940:in 'Preference::Base#set_refresh_token_cookie'
    app/controllers/concerns/preference/base.rb:762:in 'Preference::Base#create_new_preference_record!'
    app/controllers/concerns/preference/base.rb:721:in 'Preference::Base#load_preference_record_from_refresh_token!'
    app/controllers/concerns/preference/base.rb:217:in 'Preference::Base#set_preferences_cookie'
    app/middleware/core/surface_middleware.rb:12:in 'Core::SurfaceMiddleware#call'
    test/controllers/core/org/news/org/posts_controller_test.rb:21:in 'block in <class:PostsControllerTest>'
    test/support/i18n_locale_reset.rb:11:in 'block in ActiveSupport::TestCase#run'
    test/support/i18n_locale_reset.rb:10:in 'ActiveSupport::TestCase#run'

bin/rails test test/controllers/core/org/news/org/posts_controller_test.rb:20

E

Error:
Core::Org::News::Org::PostsControllerTest#test_should_update_post:
NameError: uninitialized constant Preference::Core::CookieOptions
    app/controllers/concerns/preference/base.rb:1096:in 'Preference::Base#preference_cookie_options'
    app/controllers/concerns/preference/base.rb:971:in 'Preference::Base#preference_auth_cookie_options'
    app/controllers/concerns/preference/base.rb:940:in 'Preference::Base#set_refresh_token_cookie'
    app/controllers/concerns/preference/base.rb:762:in 'Preference::Base#create_new_preference_record!'
    app/controllers/concerns/preference/base.rb:721:in 'Preference::Base#load_preference_record_from_refresh_token!'
    app/controllers/concerns/preference/base.rb:217:in 'Preference::Base#set_preferences_cookie'
    app/middleware/core/surface_middleware.rb:12:in 'Core::SurfaceMiddleware#call'
    test/controllers/core/org/news/org/posts_controller_test.rb:36:in 'block in <class:PostsControllerTest>'
    test/support/i18n_locale_reset.rb:11:in 'block in ActiveSupport::TestCase#run'
    test/support/i18n_locale_reset.rb:10:in 'ActiveSupport::TestCase#run'

bin/rails test test/controllers/core/org/news/org/posts_controller_test.rb:35

E

Error:
Core::Org::News::Org::PostsControllerTest#test_should_get_index:
NameError: uninitialized constant Preference::Core::CookieOptions
    app/controllers/concerns/preference/base.rb:1096:in 'Preference::Base#preference_cookie_options'
    app/controllers/concerns/preference/base.rb:971:in 'Preference::Base#preference_auth_cookie_options'
    app/controllers/concerns/preference/base.rb:940:in 'Preference::Base#set_refresh_token_cookie'
    app/controllers/concerns/preference/base.rb:762:in 'Preference::Base#create_new_preference_record!'
    app/controllers/concerns/preference/base.rb:721:in 'Preference::Base#load_preference_record_from_refresh_token!'
    app/controllers/concerns/preference/base.rb:217:in 'Preference::Base#set_preferences_cookie'
    app/middleware/core/surface_middleware.rb:12:in 'Core::SurfaceMiddleware#call'
    test/controllers/core/org/news/org/posts_controller_test.rb:11:in 'block in <class:PostsControllerTest>'
    test/support/i18n_locale_reset.rb:11:in 'block in ActiveSupport::TestCase#run'
    test/support/i18n_locale_reset.rb:10:in 'ActiveSupport::TestCase#run'

bin/rails test test/controllers/core/org/news/org/posts_controller_test.rb:10

E

Error:
Core::Org::News::Org::PostsControllerTest#test_should_get_edit:
NameError: uninitialized constant Preference::Core::CookieOptions
    app/controllers/concerns/preference/base.rb:1096:in 'Preference::Base#preference_cookie_options'
    app/controllers/concerns/preference/base.rb:971:in 'Preference::Base#preference_auth_cookie_options'
    app/controllers/concerns/preference/base.rb:940:in 'Preference::Base#set_refresh_token_cookie'
    app/controllers/concerns/preference/base.rb:762:in 'Preference::Base#create_new_preference_record!'
    app/controllers/concerns/preference/base.rb:721:in 'Preference::Base#load_preference_record_from_refresh_token!'
    app/controllers/concerns/preference/base.rb:217:in 'Preference::Base#set_preferences_cookie'
    app/middleware/core/surface_middleware.rb:12:in 'Core::SurfaceMiddleware#call'
    test/controllers/core/org/news/org/posts_controller_test.rb:31:in 'block in <class:PostsControllerTest>'
    test/support/i18n_locale_reset.rb:11:in 'block in ActiveSupport::TestCase#run'
    test/support/i18n_locale_reset.rb:10:in 'ActiveSupport::TestCase#run'

bin/rails test test/controllers/core/org/news/org/posts_controller_test.rb:30

E

Error:
Core::Org::News::Org::PostsControllerTest#test_should_destroy_post:
NameError: uninitialized constant Preference::Core::CookieOptions
    app/controllers/concerns/preference/base.rb:1096:in 'Preference::Base#preference_cookie_options'
    app/controllers/concerns/preference/base.rb:971:in 'Preference::Base#preference_auth_cookie_options'
    app/controllers/concerns/preference/base.rb:940:in 'Preference::Base#set_refresh_token_cookie'
    app/controllers/concerns/preference/base.rb:762:in 'Preference::Base#create_new_preference_record!'
    app/controllers/concerns/preference/base.rb:721:in 'Preference::Base#load_preference_record_from_refresh_token!'
    app/controllers/concerns/preference/base.rb:217:in 'Preference::Base#set_preferences_cookie'
    app/middleware/core/surface_middleware.rb:12:in 'Core::SurfaceMiddleware#call'
    test/controllers/core/org/news/org/posts_controller_test.rb:41:in 'block in <class:PostsControllerTest>'
    test/support/i18n_locale_reset.rb:11:in 'block in ActiveSupport::TestCase#run'
    test/support/i18n_locale_reset.rb:10:in 'ActiveSupport::TestCase#run'

bin/rails test test/controllers/core/org/news/org/posts_controller_test.rb:40

E

Error:
Core::Org::News::Org::PostsControllerTest#test_should_get_new:
NameError: uninitialized constant Preference::Core::CookieOptions
    app/controllers/concerns/preference/base.rb:1096:in 'Preference::Base#preference_cookie_options'
    app/controllers/concerns/preference/base.rb:971:in 'Preference::Base#preference_auth_cookie_options'
    app/controllers/concerns/preference/base.rb:940:in 'Preference::Base#set_refresh_token_cookie'
    app/controllers/concerns/preference/base.rb:762:in 'Preference::Base#create_new_preference_record!'
    app/controllers/concerns/preference/base.rb:721:in 'Preference::Base#load_preference_record_from_refresh_token!'
    app/controllers/concerns/preference/base.rb:217:in 'Preference::Base#set_preferences_cookie'
    app/middleware/core/surface_middleware.rb:12:in 'Core::SurfaceMiddleware#call'
    test/controllers/core/org/news/org/posts_controller_test.rb:16:in 'block in <class:PostsControllerTest>'
    test/support/i18n_locale_reset.rb:11:in 'block in ActiveSupport::TestCase#run'
    test/support/i18n_locale_reset.rb:10:in 'ActiveSupport::TestCase#run'

bin/rails test test/controllers/core/org/news/org/posts_controller_test.rb:15

E

Error:
Core::Org::News::Org::PostsControllerTest#test_should_show_post:
NameError: uninitialized constant Preference::Core::CookieOptions
    app/controllers/concerns/preference/base.rb:1096:in 'Preference::Base#preference_cookie_options'
    app/controllers/concerns/preference/base.rb:971:in 'Preference::Base#preference_auth_cookie_options'
    app/controllers/concerns/preference/base.rb:940:in 'Preference::Base#set_refresh_token_cookie'
    app/controllers/concerns/preference/base.rb:762:in 'Preference::Base#create_new_preference_record!'
    app/controllers/concerns/preference/base.rb:721:in 'Preference::Base#load_preference_record_from_refresh_token!'
    app/controllers/concerns/preference/base.rb:217:in 'Preference::Base#set_preferences_cookie'
    app/middleware/core/surface_middleware.rb:12:in 'Core::SurfaceMiddleware#call'
    test/controllers/core/org/news/org/posts_controller_test.rb:26:in 'block in <class:PostsControllerTest>'
    test/support/i18n_locale_reset.rb:11:in 'block in ActiveSupport::TestCase#run'
    test/support/i18n_locale_reset.rb:10:in 'ActiveSupport::TestCase#run'

bin/rails test test/controllers/core/org/news/org/posts_controller_test.rb:25

............................................................E

Error:
Sign::Org::Configuration::SecretsControllerTest#test_URL_uses_public_id_not_numeric_ID:
NameError: uninitialized constant Preference::Core::CookieOptions
    app/controllers/concerns/preference/base.rb:1096:in 'Preference::Base#preference_cookie_options'
    app/controllers/concerns/preference/base.rb:971:in 'Preference::Base#preference_auth_cookie_options'
    app/controllers/concerns/preference/base.rb:940:in 'Preference::Base#set_refresh_token_cookie'
    app/controllers/concerns/preference/base.rb:762:in 'Preference::Base#create_new_preference_record!'
    app/controllers/concerns/preference/base.rb:721:in 'Preference::Base#load_preference_record_from_refresh_token!'
    app/controllers/concerns/preference/base.rb:217:in 'Preference::Base#set_preferences_cookie'
    app/middleware/core/surface_middleware.rb:12:in 'Core::SurfaceMiddleware#call'
    test/controllers/sign/org/configuration/secrets_controller_test.rb:84:in 'block in <class:SecretsControllerTest>'
    test/support/i18n_locale_reset.rb:11:in 'block in ActiveSupport::TestCase#run'
    test/support/i18n_locale_reset.rb:10:in 'ActiveSupport::TestCase#run'

bin/rails test test/controllers/sign/org/configuration/secrets_controller_test.rb:83

E

Error:
Sign::Org::Configuration::SecretsControllerTest#test_should_get_show:
NameError: uninitialized constant Preference::Core::CookieOptions
    app/controllers/concerns/preference/base.rb:1096:in 'Preference::Base#preference_cookie_options'
    app/controllers/concerns/preference/base.rb:971:in 'Preference::Base#preference_auth_cookie_options'
    app/controllers/concerns/preference/base.rb:940:in 'Preference::Base#set_refresh_token_cookie'
    app/controllers/concerns/preference/base.rb:762:in 'Preference::Base#create_new_preference_record!'
    app/controllers/concerns/preference/base.rb:721:in 'Preference::Base#load_preference_record_from_refresh_token!'
    app/controllers/concerns/preference/base.rb:217:in 'Preference::Base#set_preferences_cookie'
    app/middleware/core/surface_middleware.rb:12:in 'Core::SurfaceMiddleware#call'
    test/controllers/sign/org/configuration/secrets_controller_test.rb:35:in 'block in <class:SecretsControllerTest>'
    test/support/i18n_locale_reset.rb:11:in 'block in ActiveSupport::TestCase#run'
    test/support/i18n_locale_reset.rb:10:in 'ActiveSupport::TestCase#run'

bin/rails test test/controllers/sign/org/configuration/secrets_controller_test.rb:34

E

Error:
Sign::Org::Configuration::SecretsControllerTest#test_should_get_destroy:
NameError: uninitialized constant Preference::Core::CookieOptions
    app/controllers/concerns/preference/base.rb:1096:in 'Preference::Base#preference_cookie_options'
    app/controllers/concerns/preference/base.rb:971:in 'Preference::Base#preference_auth_cookie_options'
    app/controllers/concerns/preference/base.rb:940:in 'Preference::Base#set_refresh_token_cookie'
    app/controllers/concerns/preference/base.rb:762:in 'Preference::Base#create_new_preference_record!'
    app/controllers/concerns/preference/base.rb:721:in 'Preference::Base#load_preference_record_from_refresh_token!'
    app/controllers/concerns/preference/base.rb:217:in 'Preference::Base#set_preferences_cookie'
    app/middleware/core/surface_middleware.rb:12:in 'Core::SurfaceMiddleware#call'
    test/controllers/sign/org/configuration/secrets_controller_test.rb:76:in 'block in <class:SecretsControllerTest>'
    test/support/i18n_locale_reset.rb:11:in 'block in ActiveSupport::TestCase#run'
    test/support/i18n_locale_reset.rb:10:in 'ActiveSupport::TestCase#run'

bin/rails test test/controllers/sign/org/configuration/secrets_controller_test.rb:75

E

Error:
Sign::Org::Configuration::SecretsControllerTest#test_should_create_secret_and_redirect_to_index:
NameError: uninitialized constant Preference::Core::CookieOptions
    app/controllers/concerns/preference/base.rb:1096:in 'Preference::Base#preference_cookie_options'
    app/controllers/concerns/preference/base.rb:971:in 'Preference::Base#preference_auth_cookie_options'
    app/controllers/concerns/preference/base.rb:940:in 'Preference::Base#set_refresh_token_cookie'
    app/controllers/concerns/preference/base.rb:762:in 'Preference::Base#create_new_preference_record!'
    app/controllers/concerns/preference/base.rb:721:in 'Preference::Base#load_preference_record_from_refresh_token!'
    app/controllers/concerns/preference/base.rb:217:in 'Preference::Base#set_preferences_cookie'
    app/middleware/core/surface_middleware.rb:12:in 'Core::SurfaceMiddleware#call'
    test/controllers/sign/org/configuration/secrets_controller_test.rb:54:in 'block (2 levels) in <class:SecretsControllerTest>'
    test/controllers/sign/org/configuration/secrets_controller_test.rb:53:in 'block in <class:SecretsControllerTest>'
    test/support/i18n_locale_reset.rb:11:in 'block in ActiveSupport::TestCase#run'
    test/support/i18n_locale_reset.rb:10:in 'ActiveSupport::TestCase#run'

bin/rails test test/controllers/sign/org/configuration/secrets_controller_test.rb:52

E

Error:
Sign::Org::Configuration::SecretsControllerTest#test_should_access_secret_by_public_id:
NameError: uninitialized constant Preference::Core::CookieOptions
    app/controllers/concerns/preference/base.rb:1096:in 'Preference::Base#preference_cookie_options'
    app/controllers/concerns/preference/base.rb:971:in 'Preference::Base#preference_auth_cookie_options'
    app/controllers/concerns/preference/base.rb:940:in 'Preference::Base#set_refresh_token_cookie'
    app/controllers/concerns/preference/base.rb:762:in 'Preference::Base#create_new_preference_record!'
    app/controllers/concerns/preference/base.rb:721:in 'Preference::Base#load_preference_record_from_refresh_token!'
    app/controllers/concerns/preference/base.rb:217:in 'Preference::Base#set_preferences_cookie'
    app/middleware/core/surface_middleware.rb:12:in 'Core::SurfaceMiddleware#call'
    test/controllers/sign/org/configuration/secrets_controller_test.rb:93:in 'block in <class:SecretsControllerTest>'
    test/support/i18n_locale_reset.rb:11:in 'block in ActiveSupport::TestCase#run'
    test/support/i18n_locale_reset.rb:10:in 'ActiveSupport::TestCase#run'

bin/rails test test/controllers/sign/org/configuration/secrets_controller_test.rb:92

E

Error:
Sign::Org::Configuration::SecretsControllerTest#test_should_get_index:
NameError: uninitialized constant Preference::Core::CookieOptions
    app/controllers/concerns/preference/base.rb:1096:in 'Preference::Base#preference_cookie_options'
    app/controllers/concerns/preference/base.rb:971:in 'Preference::Base#preference_auth_cookie_options'
    app/controllers/concerns/preference/base.rb:940:in 'Preference::Base#set_refresh_token_cookie'
    app/controllers/concerns/preference/base.rb:762:in 'Preference::Base#create_new_preference_record!'
    app/controllers/concerns/preference/base.rb:721:in 'Preference::Base#load_preference_record_from_refresh_token!'
    app/controllers/concerns/preference/base.rb:217:in 'Preference::Base#set_preferences_cookie'
    app/middleware/core/surface_middleware.rb:12:in 'Core::SurfaceMiddleware#call'
    test/controllers/sign/org/configuration/secrets_controller_test.rb:29:in 'block in <class:SecretsControllerTest>'
    test/support/i18n_locale_reset.rb:11:in 'block in ActiveSupport::TestCase#run'
    test/support/i18n_locale_reset.rb:10:in 'ActiveSupport::TestCase#run'

bin/rails test test/controllers/sign/org/configuration/secrets_controller_test.rb:28

E

Error:
Sign::Org::Configuration::SecretsControllerTest#test_should_get_edit:
NameError: uninitialized constant Preference::Core::CookieOptions
    app/controllers/concerns/preference/base.rb:1096:in 'Preference::Base#preference_cookie_options'
    app/controllers/concerns/preference/base.rb:971:in 'Preference::Base#preference_auth_cookie_options'
    app/controllers/concerns/preference/base.rb:940:in 'Preference::Base#set_refresh_token_cookie'
    app/controllers/concerns/preference/base.rb:762:in 'Preference::Base#create_new_preference_record!'
    app/controllers/concerns/preference/base.rb:721:in 'Preference::Base#load_preference_record_from_refresh_token!'
    app/controllers/concerns/preference/base.rb:217:in 'Preference::Base#set_preferences_cookie'
    app/middleware/core/surface_middleware.rb:12:in 'Core::SurfaceMiddleware#call'
    test/controllers/sign/org/configuration/secrets_controller_test.rb:47:in 'block in <class:SecretsControllerTest>'
    test/support/i18n_locale_reset.rb:11:in 'block in ActiveSupport::TestCase#run'
    test/support/i18n_locale_reset.rb:10:in 'ActiveSupport::TestCase#run'

bin/rails test test/controllers/sign/org/configuration/secrets_controller_test.rb:46

E

Error:
Sign::Org::Configuration::SecretsControllerTest#test_should_not_access_secret_by_numeric_ID:
NameError: uninitialized constant Preference::Core::CookieOptions
    app/controllers/concerns/preference/base.rb:1096:in 'Preference::Base#preference_cookie_options'
    app/controllers/concerns/preference/base.rb:971:in 'Preference::Base#preference_auth_cookie_options'
    app/controllers/concerns/preference/base.rb:940:in 'Preference::Base#set_refresh_token_cookie'
    app/controllers/concerns/preference/base.rb:762:in 'Preference::Base#create_new_preference_record!'
    app/controllers/concerns/preference/base.rb:721:in 'Preference::Base#load_preference_record_from_refresh_token!'
    app/controllers/concerns/preference/base.rb:217:in 'Preference::Base#set_preferences_cookie'
    app/middleware/core/surface_middleware.rb:12:in 'Core::SurfaceMiddleware#call'
    test/controllers/sign/org/configuration/secrets_controller_test.rb:99:in 'block in <class:SecretsControllerTest>'
    test/support/i18n_locale_reset.rb:11:in 'block in ActiveSupport::TestCase#run'
    test/support/i18n_locale_reset.rb:10:in 'ActiveSupport::TestCase#run'

bin/rails test test/controllers/sign/org/configuration/secrets_controller_test.rb:98

E

Error:
Sign::Org::Configuration::SecretsControllerTest#test_should_get_new:
NameError: uninitialized constant Preference::Core::CookieOptions
    app/controllers/concerns/preference/base.rb:1096:in 'Preference::Base#preference_cookie_options'
    app/controllers/concerns/preference/base.rb:971:in 'Preference::Base#preference_auth_cookie_options'
    app/controllers/concerns/preference/base.rb:940:in 'Preference::Base#set_refresh_token_cookie'
    app/controllers/concerns/preference/base.rb:762:in 'Preference::Base#create_new_preference_record!'
    app/controllers/concerns/preference/base.rb:721:in 'Preference::Base#load_preference_record_from_refresh_token!'
    app/controllers/concerns/preference/base.rb:217:in 'Preference::Base#set_preferences_cookie'
    app/middleware/core/surface_middleware.rb:12:in 'Core::SurfaceMiddleware#call'
    test/controllers/sign/org/configuration/secrets_controller_test.rb:41:in 'block in <class:SecretsControllerTest>'
    test/support/i18n_locale_reset.rb:11:in 'block in ActiveSupport::TestCase#run'
    test/support/i18n_locale_reset.rb:10:in 'ActiveSupport::TestCase#run'

bin/rails test test/controllers/sign/org/configuration/secrets_controller_test.rb:40

E

Error:
Sign::Org::Configuration::SecretsControllerTest#test_should_update_secret_and_redirect_to_index:
NameError: uninitialized constant Preference::Core::CookieOptions
    app/controllers/concerns/preference/base.rb:1096:in 'Preference::Base#preference_cookie_options'
    app/controllers/concerns/preference/base.rb:971:in 'Preference::Base#preference_auth_cookie_options'
    app/controllers/concerns/preference/base.rb:940:in 'Preference::Base#set_refresh_token_cookie'
    app/controllers/concerns/preference/base.rb:762:in 'Preference::Base#create_new_preference_record!'
    app/controllers/concerns/preference/base.rb:721:in 'Preference::Base#load_preference_record_from_refresh_token!'
    app/controllers/concerns/preference/base.rb:217:in 'Preference::Base#set_preferences_cookie'
    app/middleware/core/surface_middleware.rb:12:in 'Core::SurfaceMiddleware#call'
    test/controllers/sign/org/configuration/secrets_controller_test.rb:65:in 'block in <class:SecretsControllerTest>'
    test/support/i18n_locale_reset.rb:11:in 'block in ActiveSupport::TestCase#run'
    test/support/i18n_locale_reset.rb:10:in 'ActiveSupport::TestCase#run'

bin/rails test test/controllers/sign/org/configuration/secrets_controller_test.rb:64

.........E

Error:
Core::App::RootsControllerTest#test_sets_theme_cookie:
NameError: uninitialized constant Preference::Core::CookieOptions
    app/controllers/concerns/preference/base.rb:1096:in 'Preference::Base#preference_cookie_options'
    app/controllers/concerns/preference/base.rb:971:in 'Preference::Base#preference_auth_cookie_options'
    app/controllers/concerns/preference/base.rb:940:in 'Preference::Base#set_refresh_token_cookie'
    app/controllers/concerns/preference/base.rb:762:in 'Preference::Base#create_new_preference_record!'
    app/controllers/concerns/preference/base.rb:721:in 'Preference::Base#load_preference_record_from_refresh_token!'
    app/controllers/concerns/preference/base.rb:217:in 'Preference::Base#set_preferences_cookie'
    app/middleware/core/surface_middleware.rb:12:in 'Core::SurfaceMiddleware#call'
    test/support/root_theme_cookie_helper.rb:6:in 'RootThemeCookieHelper#assert_theme_cookie_for'
    test/controllers/core/app/roots_controller_test.rb:31:in 'block in <class:RootsControllerTest>'
    test/support/i18n_locale_reset.rb:11:in 'block in ActiveSupport::TestCase#run'
    test/support/i18n_locale_reset.rb:10:in 'ActiveSupport::TestCase#run'

bin/rails test test/controllers/core/app/roots_controller_test.rb:30

E

Error:
Core::App::RootsControllerTest#test_should_redirect_to_CORE_SERVICE_URL:
NameError: uninitialized constant Preference::Core::CookieOptions
    app/controllers/concerns/preference/base.rb:1096:in 'Preference::Base#preference_cookie_options'
    app/controllers/concerns/preference/base.rb:971:in 'Preference::Base#preference_auth_cookie_options'
    app/controllers/concerns/preference/base.rb:940:in 'Preference::Base#set_refresh_token_cookie'
    app/controllers/concerns/preference/base.rb:762:in 'Preference::Base#create_new_preference_record!'
    app/controllers/concerns/preference/base.rb:721:in 'Preference::Base#load_preference_record_from_refresh_token!'
    app/controllers/concerns/preference/base.rb:217:in 'Preference::Base#set_preferences_cookie'
    app/middleware/core/surface_middleware.rb:12:in 'Core::SurfaceMiddleware#call'
    test/controllers/core/app/roots_controller_test.rb:12:in 'block in <class:RootsControllerTest>'
    test/support/i18n_locale_reset.rb:11:in 'block in ActiveSupport::TestCase#run'
    test/support/i18n_locale_reset.rb:10:in 'ActiveSupport::TestCase#run'

bin/rails test test/controllers/core/app/roots_controller_test.rb:11

E

Error:
Core::App::RootsControllerTest#test_generates_sha3-384_token_digest_on_root:
NameError: uninitialized constant Preference::Core::CookieOptions
    app/controllers/concerns/preference/base.rb:1096:in 'Preference::Base#preference_cookie_options'
    app/controllers/concerns/preference/base.rb:971:in 'Preference::Base#preference_auth_cookie_options'
    app/controllers/concerns/preference/base.rb:940:in 'Preference::Base#set_refresh_token_cookie'
    app/controllers/concerns/preference/base.rb:762:in 'Preference::Base#create_new_preference_record!'
    app/controllers/concerns/preference/base.rb:721:in 'Preference::Base#load_preference_record_from_refresh_token!'
    app/controllers/concerns/preference/base.rb:217:in 'Preference::Base#set_preferences_cookie'
    app/middleware/core/surface_middleware.rb:12:in 'Core::SurfaceMiddleware#call'
    test/controllers/core/app/roots_controller_test.rb:25:in 'block in <class:RootsControllerTest>'
    test/support/i18n_locale_reset.rb:11:in 'block in ActiveSupport::TestCase#run'
    test/support/i18n_locale_reset.rb:10:in 'ActiveSupport::TestCase#run'

bin/rails test test/controllers/core/app/roots_controller_test.rb:24

E

Error:
Core::App::RootsControllerTest#test_renders_layout_contract:
NameError: uninitialized constant Preference::Core::CookieOptions
    app/controllers/concerns/preference/base.rb:1096:in 'Preference::Base#preference_cookie_options'
    app/controllers/concerns/preference/base.rb:971:in 'Preference::Base#preference_auth_cookie_options'
    app/controllers/concerns/preference/base.rb:940:in 'Preference::Base#set_refresh_token_cookie'
    app/controllers/concerns/preference/base.rb:762:in 'Preference::Base#create_new_preference_record!'
    app/controllers/concerns/preference/base.rb:721:in 'Preference::Base#load_preference_record_from_refresh_token!'
    app/controllers/concerns/preference/base.rb:217:in 'Preference::Base#set_preferences_cookie'
    app/middleware/core/surface_middleware.rb:12:in 'Core::SurfaceMiddleware#call'
    test/controllers/core/app/roots_controller_test.rb:18:in 'block in <class:RootsControllerTest>'
    test/support/i18n_locale_reset.rb:11:in 'block in ActiveSupport::TestCase#run'
    test/support/i18n_locale_reset.rb:10:in 'ActiveSupport::TestCase#run'

bin/rails test test/controllers/core/app/roots_controller_test.rb:17

.E

Error:
Sign::App::In::PasskeysControllerTest#test_verification_logs_user_in_on_success:
NameError: uninitialized constant Preference::Core::CookieOptions
    app/controllers/concerns/preference/base.rb:1096:in 'Preference::Base#preference_cookie_options'
    app/controllers/concerns/preference/base.rb:971:in 'Preference::Base#preference_auth_cookie_options'
    app/controllers/concerns/preference/base.rb:940:in 'Preference::Base#set_refresh_token_cookie'
    app/controllers/concerns/preference/base.rb:762:in 'Preference::Base#create_new_preference_record!'
    app/controllers/concerns/preference/base.rb:721:in 'Preference::Base#load_preference_record_from_refresh_token!'
    app/controllers/concerns/preference/base.rb:217:in 'Preference::Base#set_preferences_cookie'
    app/middleware/core/surface_middleware.rb:12:in 'Core::SurfaceMiddleware#call'
    test/controllers/sign/app/in/passkeys_controller_test.rb:139:in 'block in <class:PasskeysControllerTest>'
    test/support/i18n_locale_reset.rb:11:in 'block in ActiveSupport::TestCase#run'
    test/support/i18n_locale_reset.rb:10:in 'ActiveSupport::TestCase#run'

bin/rails test test/controllers/sign/app/in/passkeys_controller_test.rb:135

E

Error:
Sign::App::In::PasskeysControllerTest#test_verification_with_session_limit_exceeded_returns_session_restricted:
NameError: uninitialized constant Preference::Core::CookieOptions
    app/controllers/concerns/preference/base.rb:1096:in 'Preference::Base#preference_cookie_options'
    app/controllers/concerns/preference/base.rb:971:in 'Preference::Base#preference_auth_cookie_options'
    app/controllers/concerns/preference/base.rb:940:in 'Preference::Base#set_refresh_token_cookie'
    app/controllers/concerns/preference/base.rb:762:in 'Preference::Base#create_new_preference_record!'
    app/controllers/concerns/preference/base.rb:721:in 'Preference::Base#load_preference_record_from_refresh_token!'
    app/controllers/concerns/preference/base.rb:217:in 'Preference::Base#set_preferences_cookie'
    app/middleware/core/surface_middleware.rb:12:in 'Core::SurfaceMiddleware#call'
    test/controllers/sign/app/in/passkeys_controller_test.rb:183:in 'block in <class:PasskeysControllerTest>'
    test/support/i18n_locale_reset.rb:11:in 'block in ActiveSupport::TestCase#run'
    test/support/i18n_locale_reset.rb:10:in 'ActiveSupport::TestCase#run'

bin/rails test test/controllers/sign/app/in/passkeys_controller_test.rb:173

E

Error:
Sign::App::In::PasskeysControllerTest#test_options_returns_409_when_user_is_at_session_hard_reject_limit:
NameError: uninitialized constant Preference::Core::CookieOptions
    app/controllers/concerns/preference/base.rb:1096:in 'Preference::Base#preference_cookie_options'
    app/controllers/concerns/preference/base.rb:971:in 'Preference::Base#preference_auth_cookie_options'
    app/controllers/concerns/preference/base.rb:940:in 'Preference::Base#set_refresh_token_cookie'
    app/controllers/concerns/preference/base.rb:762:in 'Preference::Base#create_new_preference_record!'
    app/controllers/concerns/preference/base.rb:721:in 'Preference::Base#load_preference_record_from_refresh_token!'
    app/controllers/concerns/preference/base.rb:217:in 'Preference::Base#set_preferences_cookie'
    app/middleware/core/surface_middleware.rb:12:in 'Core::SurfaceMiddleware#call'
    test/controllers/sign/app/in/passkeys_controller_test.rb:284:in 'block in <class:PasskeysControllerTest>'
    test/support/i18n_locale_reset.rb:11:in 'block in ActiveSupport::TestCase#run'
    test/support/i18n_locale_reset.rb:10:in 'ActiveSupport::TestCase#run'

bin/rails test test/controllers/sign/app/in/passkeys_controller_test.rb:274

E

Error:
Sign::App::In::PasskeysControllerTest#test_options_returns_error_if_identifier_not_found:
NameError: uninitialized constant Preference::Core::CookieOptions
    app/controllers/concerns/preference/base.rb:1096:in 'Preference::Base#preference_cookie_options'
    app/controllers/concerns/preference/base.rb:971:in 'Preference::Base#preference_auth_cookie_options'
    app/controllers/concerns/preference/base.rb:940:in 'Preference::Base#set_refresh_token_cookie'
    app/controllers/concerns/preference/base.rb:762:in 'Preference::Base#create_new_preference_record!'
    app/controllers/concerns/preference/base.rb:721:in 'Preference::Base#load_preference_record_from_refresh_token!'
    app/controllers/concerns/preference/base.rb:217:in 'Preference::Base#set_preferences_cookie'
    app/middleware/core/surface_middleware.rb:12:in 'Core::SurfaceMiddleware#call'
    test/controllers/sign/app/in/passkeys_controller_test.rb:53:in 'block in <class:PasskeysControllerTest>'
    test/support/i18n_locale_reset.rb:11:in 'block in ActiveSupport::TestCase#run'
    test/support/i18n_locale_reset.rb:10:in 'ActiveSupport::TestCase#run'

bin/rails test test/controllers/sign/app/in/passkeys_controller_test.rb:52

E

Error:
Sign::App::In::PasskeysControllerTest#test_should_get_new:
NameError: uninitialized constant Preference::Core::CookieOptions
    app/controllers/concerns/preference/base.rb:1096:in 'Preference::Base#preference_cookie_options'
    app/controllers/concerns/preference/base.rb:971:in 'Preference::Base#preference_auth_cookie_options'
    app/controllers/concerns/preference/base.rb:940:in 'Preference::Base#set_refresh_token_cookie'
    app/controllers/concerns/preference/base.rb:762:in 'Preference::Base#create_new_preference_record!'
    app/controllers/concerns/preference/base.rb:721:in 'Preference::Base#load_preference_record_from_refresh_token!'
    app/controllers/concerns/preference/base.rb:217:in 'Preference::Base#set_preferences_cookie'
    app/middleware/core/surface_middleware.rb:12:in 'Core::SurfaceMiddleware#call'
    test/controllers/sign/app/in/passkeys_controller_test.rb:46:in 'block in <class:PasskeysControllerTest>'
    test/support/i18n_locale_reset.rb:11:in 'block in ActiveSupport::TestCase#run'
    test/support/i18n_locale_reset.rb:10:in 'ActiveSupport::TestCase#run'

bin/rails test test/controllers/sign/app/in/passkeys_controller_test.rb:45

E

Error:
Sign::App::In::PasskeysControllerTest#test_options_returns_challenge_and_allowCredentials_for_telephone_identifier:
NameError: uninitialized constant Preference::Core::CookieOptions
    app/controllers/concerns/preference/base.rb:1096:in 'Preference::Base#preference_cookie_options'
    app/controllers/concerns/preference/base.rb:971:in 'Preference::Base#preference_auth_cookie_options'
    app/controllers/concerns/preference/base.rb:940:in 'Preference::Base#set_refresh_token_cookie'
    app/controllers/concerns/preference/base.rb:762:in 'Preference::Base#create_new_preference_record!'
    app/controllers/concerns/preference/base.rb:721:in 'Preference::Base#load_preference_record_from_refresh_token!'
    app/controllers/concerns/preference/base.rb:217:in 'Preference::Base#set_preferences_cookie'
    app/middleware/core/surface_middleware.rb:12:in 'Core::SurfaceMiddleware#call'
    test/controllers/sign/app/in/passkeys_controller_test.rb:97:in 'block in <class:PasskeysControllerTest>'
    test/support/i18n_locale_reset.rb:11:in 'block in ActiveSupport::TestCase#run'
    test/support/i18n_locale_reset.rb:10:in 'ActiveSupport::TestCase#run'

bin/rails test test/controllers/sign/app/in/passkeys_controller_test.rb:96

E

Error:
Sign::App::In::PasskeysControllerTest#test_options_returns_challenge_and_allowCredentials_for_email_identifier:
NameError: uninitialized constant Preference::Core::CookieOptions
    app/controllers/concerns/preference/base.rb:1096:in 'Preference::Base#preference_cookie_options'
    app/controllers/concerns/preference/base.rb:971:in 'Preference::Base#preference_auth_cookie_options'
    app/controllers/concerns/preference/base.rb:940:in 'Preference::Base#set_refresh_token_cookie'
    app/controllers/concerns/preference/base.rb:762:in 'Preference::Base#create_new_preference_record!'
    app/controllers/concerns/preference/base.rb:721:in 'Preference::Base#load_preference_record_from_refresh_token!'
    app/controllers/concerns/preference/base.rb:217:in 'Preference::Base#set_preferences_cookie'
    app/middleware/core/surface_middleware.rb:12:in 'Core::SurfaceMiddleware#call'
    test/controllers/sign/app/in/passkeys_controller_test.rb:74:in 'block in <class:PasskeysControllerTest>'
    test/support/i18n_locale_reset.rb:11:in 'block in ActiveSupport::TestCase#run'
    test/support/i18n_locale_reset.rb:10:in 'ActiveSupport::TestCase#run'

bin/rails test test/controllers/sign/app/in/passkeys_controller_test.rb:71

E

Error:
Sign::App::In::PasskeysControllerTest#test_options_returns_turnstile_error_when_response_token_is_missing:
NameError: uninitialized constant Preference::Core::CookieOptions
    app/controllers/concerns/preference/base.rb:1096:in 'Preference::Base#preference_cookie_options'
    app/controllers/concerns/preference/base.rb:971:in 'Preference::Base#preference_auth_cookie_options'
    app/controllers/concerns/preference/base.rb:940:in 'Preference::Base#set_refresh_token_cookie'
    app/controllers/concerns/preference/base.rb:762:in 'Preference::Base#create_new_preference_record!'
    app/controllers/concerns/preference/base.rb:721:in 'Preference::Base#load_preference_record_from_refresh_token!'
    app/controllers/concerns/preference/base.rb:217:in 'Preference::Base#set_preferences_cookie'
    app/middleware/core/surface_middleware.rb:12:in 'Core::SurfaceMiddleware#call'
    test/controllers/sign/app/in/passkeys_controller_test.rb:297:in 'block in <class:PasskeysControllerTest>'
    test/support/i18n_locale_reset.rb:11:in 'block in ActiveSupport::TestCase#run'
    test/support/i18n_locale_reset.rb:10:in 'ActiveSupport::TestCase#run'

bin/rails test test/controllers/sign/app/in/passkeys_controller_test.rb:293

E

Error:
Sign::App::In::PasskeysControllerTest#test_options_returns_error_if_no_passkeys:
NameError: uninitialized constant Preference::Core::CookieOptions
    app/controllers/concerns/preference/base.rb:1096:in 'Preference::Base#preference_cookie_options'
    app/controllers/concerns/preference/base.rb:971:in 'Preference::Base#preference_auth_cookie_options'
    app/controllers/concerns/preference/base.rb:940:in 'Preference::Base#set_refresh_token_cookie'
    app/controllers/concerns/preference/base.rb:762:in 'Preference::Base#create_new_preference_record!'
    app/controllers/concerns/preference/base.rb:721:in 'Preference::Base#load_preference_record_from_refresh_token!'
    app/controllers/concerns/preference/base.rb:217:in 'Preference::Base#set_preferences_cookie'
    app/middleware/core/surface_middleware.rb:12:in 'Core::SurfaceMiddleware#call'
    test/controllers/sign/app/in/passkeys_controller_test.rb:64:in 'block in <class:PasskeysControllerTest>'
    test/support/i18n_locale_reset.rb:11:in 'block in ActiveSupport::TestCase#run'
    test/support/i18n_locale_reset.rb:10:in 'ActiveSupport::TestCase#run'

bin/rails test test/controllers/sign/app/in/passkeys_controller_test.rb:60

E

Error:
Sign::App::In::PasskeysControllerTest#test_options_returns_valid_Base64URL_encoded_challenge:
NameError: uninitialized constant Preference::Core::CookieOptions
    app/controllers/concerns/preference/base.rb:1096:in 'Preference::Base#preference_cookie_options'
    app/controllers/concerns/preference/base.rb:971:in 'Preference::Base#preference_auth_cookie_options'
    app/controllers/concerns/preference/base.rb:940:in 'Preference::Base#set_refresh_token_cookie'
    app/controllers/concerns/preference/base.rb:762:in 'Preference::Base#create_new_preference_record!'
    app/controllers/concerns/preference/base.rb:721:in 'Preference::Base#load_preference_record_from_refresh_token!'
    app/controllers/concerns/preference/base.rb:217:in 'Preference::Base#set_preferences_cookie'
    app/middleware/core/surface_middleware.rb:12:in 'Core::SurfaceMiddleware#call'
    test/controllers/sign/app/in/passkeys_controller_test.rb:109:in 'block in <class:PasskeysControllerTest>'
    test/support/i18n_locale_reset.rb:11:in 'block in ActiveSupport::TestCase#run'
    test/support/i18n_locale_reset.rb:10:in 'ActiveSupport::TestCase#run'

bin/rails test test/controllers/sign/app/in/passkeys_controller_test.rb:106

E

Error:
Sign::App::In::PasskeysControllerTest#test_verification_returns_same_response_for_credential_mismatch_and_missing_verified_pii:
NameError: uninitialized constant Preference::Core::CookieOptions
    app/controllers/concerns/preference/base.rb:1096:in 'Preference::Base#preference_cookie_options'
    app/controllers/concerns/preference/base.rb:971:in 'Preference::Base#preference_auth_cookie_options'
    app/controllers/concerns/preference/base.rb:940:in 'Preference::Base#set_refresh_token_cookie'
    app/controllers/concerns/preference/base.rb:762:in 'Preference::Base#create_new_preference_record!'
    app/controllers/concerns/preference/base.rb:721:in 'Preference::Base#load_preference_record_from_refresh_token!'
    app/controllers/concerns/preference/base.rb:217:in 'Preference::Base#set_preferences_cookie'
    app/middleware/core/surface_middleware.rb:12:in 'Core::SurfaceMiddleware#call'
    test/controllers/sign/app/in/passkeys_controller_test.rb:222:in 'block in <class:PasskeysControllerTest>'
    test/support/i18n_locale_reset.rb:11:in 'block in ActiveSupport::TestCase#run'
    test/support/i18n_locale_reset.rb:10:in 'ActiveSupport::TestCase#run'

bin/rails test test/controllers/sign/app/in/passkeys_controller_test.rb:220

........E

Error:
SurfaceCookieDomainIntegrationTest#test_app_surface_jit_cookies_use_Domain=.localhost:
NameError: uninitialized constant Preference::Core::CookieOptions
    app/controllers/concerns/preference/base.rb:1096:in 'Preference::Base#preference_cookie_options'
    app/controllers/concerns/preference/base.rb:971:in 'Preference::Base#preference_auth_cookie_options'
    app/controllers/concerns/preference/base.rb:940:in 'Preference::Base#set_refresh_token_cookie'
    app/controllers/concerns/preference/base.rb:762:in 'Preference::Base#create_new_preference_record!'
    app/controllers/concerns/preference/base.rb:721:in 'Preference::Base#load_preference_record_from_refresh_token!'
    app/controllers/concerns/preference/base.rb:217:in 'Preference::Base#set_preferences_cookie'
    app/middleware/core/surface_middleware.rb:12:in 'Core::SurfaceMiddleware#call'
    test/integration/surface_cookie_domain_integration_test.rb:13:in 'block (2 levels) in <class:SurfaceCookieDomainIntegrationTest>'
    test/integration/surface_cookie_domain_integration_test.rb:76:in 'SurfaceCookieDomainIntegrationTest#with_env'
    test/integration/surface_cookie_domain_integration_test.rb:7:in 'block in <class:SurfaceCookieDomainIntegrationTest>'
    test/support/i18n_locale_reset.rb:11:in 'block in ActiveSupport::TestCase#run'
    test/support/i18n_locale_reset.rb:10:in 'ActiveSupport::TestCase#run'

bin/rails test test/integration/surface_cookie_domain_integration_test.rb:6

E

Error:
SurfaceCookieDomainIntegrationTest#test_org_surface_jit_cookies_use_Domain=.localhost:
NameError: uninitialized constant Preference::Core::CookieOptions
    app/controllers/concerns/preference/base.rb:1096:in 'Preference::Base#preference_cookie_options'
    app/controllers/concerns/preference/base.rb:971:in 'Preference::Base#preference_auth_cookie_options'
    app/controllers/concerns/preference/base.rb:940:in 'Preference::Base#set_refresh_token_cookie'
    app/controllers/concerns/preference/base.rb:762:in 'Preference::Base#create_new_preference_record!'
    app/controllers/concerns/preference/base.rb:721:in 'Preference::Base#load_preference_record_from_refresh_token!'
    app/controllers/concerns/preference/base.rb:217:in 'Preference::Base#set_preferences_cookie'
    app/middleware/core/surface_middleware.rb:12:in 'Core::SurfaceMiddleware#call'
    test/integration/surface_cookie_domain_integration_test.rb:28:in 'block (2 levels) in <class:SurfaceCookieDomainIntegrationTest>'
    test/integration/surface_cookie_domain_integration_test.rb:76:in 'SurfaceCookieDomainIntegrationTest#with_env'
    test/integration/surface_cookie_domain_integration_test.rb:22:in 'block in <class:SurfaceCookieDomainIntegrationTest>'
    test/support/i18n_locale_reset.rb:11:in 'block in ActiveSupport::TestCase#run'
    test/support/i18n_locale_reset.rb:10:in 'ActiveSupport::TestCase#run'

bin/rails test test/integration/surface_cookie_domain_integration_test.rb:21

..........................E

Error:
OrgStepUpVerificationEnforcerTest#test_POST_protected_endpoint_returns_401_plain_when_step-up_is_missing_and_usable_methods_exist:
NameError: uninitialized constant Preference::Core::CookieOptions
    app/controllers/concerns/preference/base.rb:1096:in 'Preference::Base#preference_cookie_options'
    app/controllers/concerns/preference/base.rb:971:in 'Preference::Base#preference_auth_cookie_options'
    app/controllers/concerns/preference/base.rb:940:in 'Preference::Base#set_refresh_token_cookie'
    app/controllers/concerns/preference/base.rb:762:in 'Preference::Base#create_new_preference_record!'
    app/controllers/concerns/preference/base.rb:721:in 'Preference::Base#load_preference_record_from_refresh_token!'
    app/controllers/concerns/preference/base.rb:217:in 'Preference::Base#set_preferences_cookie'
    app/middleware/core/surface_middleware.rb:12:in 'Core::SurfaceMiddleware#call'
    test/integration/org_step_up_verification_enforcer_test.rb:73:in 'block in <class:OrgStepUpVerificationEnforcerTest>'
    test/support/i18n_locale_reset.rb:11:in 'block in ActiveSupport::TestCase#run'
    test/support/i18n_locale_reset.rb:10:in 'ActiveSupport::TestCase#run'

bin/rails test test/integration/org_step_up_verification_enforcer_test.rb:66

E

Error:
OrgStepUpVerificationEnforcerTest#test_GET_protected_endpoint_redirects_to_setup_when_configured_methods_are_zero:
NameError: uninitialized constant Preference::Core::CookieOptions
    app/controllers/concerns/preference/base.rb:1096:in 'Preference::Base#preference_cookie_options'
    app/controllers/concerns/preference/base.rb:971:in 'Preference::Base#preference_auth_cookie_options'
    app/controllers/concerns/preference/base.rb:940:in 'Preference::Base#set_refresh_token_cookie'
    app/controllers/concerns/preference/base.rb:762:in 'Preference::Base#create_new_preference_record!'
    app/controllers/concerns/preference/base.rb:721:in 'Preference::Base#load_preference_record_from_refresh_token!'
    app/controllers/concerns/preference/base.rb:217:in 'Preference::Base#set_preferences_cookie'
    app/middleware/core/surface_middleware.rb:12:in 'Core::SurfaceMiddleware#call'
    test/integration/org_step_up_verification_enforcer_test.rb:27:in 'block (3 levels) in <class:OrgStepUpVerificationEnforcerTest>'
    test/integration/org_step_up_verification_enforcer_test.rb:26:in 'block (2 levels) in <class:OrgStepUpVerificationEnforcerTest>'
    test/integration/org_step_up_verification_enforcer_test.rb:25:in 'block in <class:OrgStepUpVerificationEnforcerTest>'
    test/support/i18n_locale_reset.rb:11:in 'block in ActiveSupport::TestCase#run'
    test/support/i18n_locale_reset.rb:10:in 'ActiveSupport::TestCase#run'

bin/rails test test/integration/org_step_up_verification_enforcer_test.rb:24

E

Error:
OrgStepUpVerificationEnforcerTest#test_GET_protected_endpoint_redirects_to_verification_when_usable_methods_exist:
NameError: uninitialized constant Preference::Core::CookieOptions
    app/controllers/concerns/preference/base.rb:1096:in 'Preference::Base#preference_cookie_options'
    app/controllers/concerns/preference/base.rb:971:in 'Preference::Base#preference_auth_cookie_options'
    app/controllers/concerns/preference/base.rb:940:in 'Preference::Base#set_refresh_token_cookie'
    app/controllers/concerns/preference/base.rb:762:in 'Preference::Base#create_new_preference_record!'
    app/controllers/concerns/preference/base.rb:721:in 'Preference::Base#load_preference_record_from_refresh_token!'
    app/controllers/concerns/preference/base.rb:217:in 'Preference::Base#set_preferences_cookie'
    app/middleware/core/surface_middleware.rb:12:in 'Core::SurfaceMiddleware#call'
    test/integration/org_step_up_verification_enforcer_test.rb:59:in 'block in <class:OrgStepUpVerificationEnforcerTest>'
    test/support/i18n_locale_reset.rb:11:in 'block in ActiveSupport::TestCase#run'
    test/support/i18n_locale_reset.rb:10:in 'ActiveSupport::TestCase#run'

bin/rails test test/integration/org_step_up_verification_enforcer_test.rb:52

E

Error:
OrgStepUpVerificationEnforcerTest#test_GET_protected_endpoint_redirects_to_verification_when_configured_is_non-zero_but_usable_is_zero:
NameError: uninitialized constant Preference::Core::CookieOptions
    app/controllers/concerns/preference/base.rb:1096:in 'Preference::Base#preference_cookie_options'
    app/controllers/concerns/preference/base.rb:971:in 'Preference::Base#preference_auth_cookie_options'
    app/controllers/concerns/preference/base.rb:940:in 'Preference::Base#set_refresh_token_cookie'
    app/controllers/concerns/preference/base.rb:762:in 'Preference::Base#create_new_preference_record!'
    app/controllers/concerns/preference/base.rb:721:in 'Preference::Base#load_preference_record_from_refresh_token!'
    app/controllers/concerns/preference/base.rb:217:in 'Preference::Base#set_preferences_cookie'
    app/middleware/core/surface_middleware.rb:12:in 'Core::SurfaceMiddleware#call'
    test/integration/org_step_up_verification_enforcer_test.rb:41:in 'block (3 levels) in <class:OrgStepUpVerificationEnforcerTest>'
    test/integration/org_step_up_verification_enforcer_test.rb:40:in 'block (2 levels) in <class:OrgStepUpVerificationEnforcerTest>'
    test/integration/org_step_up_verification_enforcer_test.rb:39:in 'block in <class:OrgStepUpVerificationEnforcerTest>'
    test/support/i18n_locale_reset.rb:11:in 'block in ActiveSupport::TestCase#run'
    test/support/i18n_locale_reset.rb:10:in 'ActiveSupport::TestCase#run'

bin/rails test test/integration/org_step_up_verification_enforcer_test.rb:38

E

Error:
OrgStepUpVerificationEnforcerTest#test_successful_verification_enables_protected_POST_and_records_audit:
NameError: uninitialized constant Preference::Core::CookieOptions
    app/controllers/concerns/preference/base.rb:1096:in 'Preference::Base#preference_cookie_options'
    app/controllers/concerns/preference/base.rb:971:in 'Preference::Base#preference_auth_cookie_options'
    app/controllers/concerns/preference/base.rb:940:in 'Preference::Base#set_refresh_token_cookie'
    app/controllers/concerns/preference/base.rb:762:in 'Preference::Base#create_new_preference_record!'
    app/controllers/concerns/preference/base.rb:721:in 'Preference::Base#load_preference_record_from_refresh_token!'
    app/controllers/concerns/preference/base.rb:217:in 'Preference::Base#set_preferences_cookie'
    app/middleware/core/surface_middleware.rb:12:in 'Core::SurfaceMiddleware#call'
    test/integration/org_step_up_verification_enforcer_test.rb:89:in 'block in <class:OrgStepUpVerificationEnforcerTest>'
    test/support/i18n_locale_reset.rb:11:in 'block in ActiveSupport::TestCase#run'
    test/support/i18n_locale_reset.rb:10:in 'ActiveSupport::TestCase#run'

bin/rails test test/integration/org_step_up_verification_enforcer_test.rb:79

.E

Error:
Docs::Org::Edge::V1::VersionsControllerTest#test_should_get_show:
NameError: uninitialized constant Preference::Core::CookieOptions
    app/controllers/concerns/preference/base.rb:1096:in 'Preference::Base#preference_cookie_options'
    app/controllers/concerns/preference/base.rb:971:in 'Preference::Base#preference_auth_cookie_options'
    app/controllers/concerns/preference/base.rb:940:in 'Preference::Base#set_refresh_token_cookie'
    app/controllers/concerns/preference/base.rb:762:in 'Preference::Base#create_new_preference_record!'
    app/controllers/concerns/preference/base.rb:721:in 'Preference::Base#load_preference_record_from_refresh_token!'
    app/controllers/concerns/preference/base.rb:217:in 'Preference::Base#set_preferences_cookie'
    app/middleware/core/surface_middleware.rb:12:in 'Core::SurfaceMiddleware#call'
    test/controllers/docs/org/edge/v1/versions_controller_test.rb:23:in 'block in <class:VersionsControllerTest>'
    test/support/i18n_locale_reset.rb:11:in 'block in ActiveSupport::TestCase#run'
    test/support/i18n_locale_reset.rb:10:in 'ActiveSupport::TestCase#run'

bin/rails test test/controllers/docs/org/edge/v1/versions_controller_test.rb:22

E

Error:
Docs::Org::Edge::V1::VersionsControllerTest#test_should_get_show_as_json:
NameError: uninitialized constant Preference::Core::CookieOptions
    app/controllers/concerns/preference/base.rb:1096:in 'Preference::Base#preference_cookie_options'
    app/controllers/concerns/preference/base.rb:971:in 'Preference::Base#preference_auth_cookie_options'
    app/controllers/concerns/preference/base.rb:940:in 'Preference::Base#set_refresh_token_cookie'
    app/controllers/concerns/preference/base.rb:762:in 'Preference::Base#create_new_preference_record!'
    app/controllers/concerns/preference/base.rb:721:in 'Preference::Base#load_preference_record_from_refresh_token!'
    app/controllers/concerns/preference/base.rb:217:in 'Preference::Base#set_preferences_cookie'
    app/middleware/core/surface_middleware.rb:12:in 'Core::SurfaceMiddleware#call'
    test/controllers/docs/org/edge/v1/versions_controller_test.rb:28:in 'block in <class:VersionsControllerTest>'
    test/support/i18n_locale_reset.rb:11:in 'block in ActiveSupport::TestCase#run'
    test/support/i18n_locale_reset.rb:10:in 'ActiveSupport::TestCase#run'

bin/rails test test/controllers/docs/org/edge/v1/versions_controller_test.rb:27

E

Error:
Docs::Org::Edge::V1::VersionsControllerTest#test_should_get_index:
NameError: uninitialized constant Preference::Core::CookieOptions
    app/controllers/concerns/preference/base.rb:1096:in 'Preference::Base#preference_cookie_options'
    app/controllers/concerns/preference/base.rb:971:in 'Preference::Base#preference_auth_cookie_options'
    app/controllers/concerns/preference/base.rb:940:in 'Preference::Base#set_refresh_token_cookie'
    app/controllers/concerns/preference/base.rb:762:in 'Preference::Base#create_new_preference_record!'
    app/controllers/concerns/preference/base.rb:721:in 'Preference::Base#load_preference_record_from_refresh_token!'
    app/controllers/concerns/preference/base.rb:217:in 'Preference::Base#set_preferences_cookie'
    app/middleware/core/surface_middleware.rb:12:in 'Core::SurfaceMiddleware#call'
    test/controllers/docs/org/edge/v1/versions_controller_test.rb:11:in 'block in <class:VersionsControllerTest>'
    test/support/i18n_locale_reset.rb:11:in 'block in ActiveSupport::TestCase#run'
    test/support/i18n_locale_reset.rb:10:in 'ActiveSupport::TestCase#run'

bin/rails test test/controllers/docs/org/edge/v1/versions_controller_test.rb:10

E

Error:
Docs::Org::Edge::V1::VersionsControllerTest#test_should_get_index_as_json:
NameError: uninitialized constant Preference::Core::CookieOptions
    app/controllers/concerns/preference/base.rb:1096:in 'Preference::Base#preference_cookie_options'
    app/controllers/concerns/preference/base.rb:971:in 'Preference::Base#preference_auth_cookie_options'
    app/controllers/concerns/preference/base.rb:940:in 'Preference::Base#set_refresh_token_cookie'
    app/controllers/concerns/preference/base.rb:762:in 'Preference::Base#create_new_preference_record!'
    app/controllers/concerns/preference/base.rb:721:in 'Preference::Base#load_preference_record_from_refresh_token!'
    app/controllers/concerns/preference/base.rb:217:in 'Preference::Base#set_preferences_cookie'
    app/middleware/core/surface_middleware.rb:12:in 'Core::SurfaceMiddleware#call'
    test/controllers/docs/org/edge/v1/versions_controller_test.rb:16:in 'block in <class:VersionsControllerTest>'
    test/support/i18n_locale_reset.rb:11:in 'block in ActiveSupport::TestCase#run'
    test/support/i18n_locale_reset.rb:10:in 'ActiveSupport::TestCase#run'

bin/rails test test/controllers/docs/org/edge/v1/versions_controller_test.rb:15

E

Error:
Docs::Org::Edge::V1::HealthsControllerTest#test_returns_success_for_default_format:
NameError: uninitialized constant Preference::Core::CookieOptions
    app/controllers/concerns/preference/base.rb:1096:in 'Preference::Base#preference_cookie_options'
    app/controllers/concerns/preference/base.rb:971:in 'Preference::Base#preference_auth_cookie_options'
    app/controllers/concerns/preference/base.rb:940:in 'Preference::Base#set_refresh_token_cookie'
    app/controllers/concerns/preference/base.rb:762:in 'Preference::Base#create_new_preference_record!'
    app/controllers/concerns/preference/base.rb:721:in 'Preference::Base#load_preference_record_from_refresh_token!'
    app/controllers/concerns/preference/base.rb:217:in 'Preference::Base#set_preferences_cookie'
    app/middleware/core/surface_middleware.rb:12:in 'Core::SurfaceMiddleware#call'
    test/controllers/docs/org/edge/v1/healths_controller_test.rb:11:in 'block in <class:HealthsControllerTest>'
    test/support/i18n_locale_reset.rb:11:in 'block in ActiveSupport::TestCase#run'
    test/support/i18n_locale_reset.rb:10:in 'ActiveSupport::TestCase#run'

bin/rails test test/controllers/docs/org/edge/v1/healths_controller_test.rb:10

E

Error:
Docs::Org::Edge::V1::HealthsControllerTest#test_returns_success_for_explicit_html_format:
NameError: uninitialized constant Preference::Core::CookieOptions
    app/controllers/concerns/preference/base.rb:1096:in 'Preference::Base#preference_cookie_options'
    app/controllers/concerns/preference/base.rb:971:in 'Preference::Base#preference_auth_cookie_options'
    app/controllers/concerns/preference/base.rb:940:in 'Preference::Base#set_refresh_token_cookie'
    app/controllers/concerns/preference/base.rb:762:in 'Preference::Base#create_new_preference_record!'
    app/controllers/concerns/preference/base.rb:721:in 'Preference::Base#load_preference_record_from_refresh_token!'
    app/controllers/concerns/preference/base.rb:217:in 'Preference::Base#set_preferences_cookie'
    app/middleware/core/surface_middleware.rb:12:in 'Core::SurfaceMiddleware#call'
    test/controllers/docs/org/edge/v1/healths_controller_test.rb:18:in 'block in <class:HealthsControllerTest>'
    test/support/i18n_locale_reset.rb:11:in 'block in ActiveSupport::TestCase#run'
    test/support/i18n_locale_reset.rb:10:in 'ActiveSupport::TestCase#run'

bin/rails test test/controllers/docs/org/edge/v1/healths_controller_test.rb:17

E

Error:
Docs::Org::Edge::V1::HealthsControllerTest#test_raises_error_for_unsupported_yaml_format:
NameError: uninitialized constant Preference::Core::CookieOptions
    app/controllers/concerns/preference/base.rb:1096:in 'Preference::Base#preference_cookie_options'
    app/controllers/concerns/preference/base.rb:971:in 'Preference::Base#preference_auth_cookie_options'
    app/controllers/concerns/preference/base.rb:940:in 'Preference::Base#set_refresh_token_cookie'
    app/controllers/concerns/preference/base.rb:762:in 'Preference::Base#create_new_preference_record!'
    app/controllers/concerns/preference/base.rb:721:in 'Preference::Base#load_preference_record_from_refresh_token!'
    app/controllers/concerns/preference/base.rb:217:in 'Preference::Base#set_preferences_cookie'
    app/middleware/core/surface_middleware.rb:12:in 'Core::SurfaceMiddleware#call'
    test/controllers/docs/org/edge/v1/healths_controller_test.rb:32:in 'block in <class:HealthsControllerTest>'
    test/support/i18n_locale_reset.rb:11:in 'block in ActiveSupport::TestCase#run'
    test/support/i18n_locale_reset.rb:10:in 'ActiveSupport::TestCase#run'

bin/rails test test/controllers/docs/org/edge/v1/healths_controller_test.rb:31

E

Error:
Docs::Org::Edge::V1::HealthsControllerTest#test_returns_OK_status_payload_for_json_format:
NameError: uninitialized constant Preference::Core::CookieOptions
    app/controllers/concerns/preference/base.rb:1096:in 'Preference::Base#preference_cookie_options'
    app/controllers/concerns/preference/base.rb:971:in 'Preference::Base#preference_auth_cookie_options'
    app/controllers/concerns/preference/base.rb:940:in 'Preference::Base#set_refresh_token_cookie'
    app/controllers/concerns/preference/base.rb:762:in 'Preference::Base#create_new_preference_record!'
    app/controllers/concerns/preference/base.rb:721:in 'Preference::Base#load_preference_record_from_refresh_token!'
    app/controllers/concerns/preference/base.rb:217:in 'Preference::Base#set_preferences_cookie'
    app/middleware/core/surface_middleware.rb:12:in 'Core::SurfaceMiddleware#call'
    test/controllers/docs/org/edge/v1/healths_controller_test.rb:25:in 'block in <class:HealthsControllerTest>'
    test/support/i18n_locale_reset.rb:11:in 'block in ActiveSupport::TestCase#run'
    test/support/i18n_locale_reset.rb:10:in 'ActiveSupport::TestCase#run'

bin/rails test test/controllers/docs/org/edge/v1/healths_controller_test.rb:24

.............................................................E

Error:
Docs::Edge::V1::TaxonomiesControllerTest#test_returns_docs_com_tags_taxonomy:
NameError: uninitialized constant Preference::Core::CookieOptions
    app/controllers/concerns/preference/base.rb:1096:in 'Preference::Base#preference_cookie_options'
    app/controllers/concerns/preference/base.rb:971:in 'Preference::Base#preference_auth_cookie_options'
    app/controllers/concerns/preference/base.rb:940:in 'Preference::Base#set_refresh_token_cookie'
    app/controllers/concerns/preference/base.rb:762:in 'Preference::Base#create_new_preference_record!'
    app/controllers/concerns/preference/base.rb:721:in 'Preference::Base#load_preference_record_from_refresh_token!'
    app/controllers/concerns/preference/base.rb:217:in 'Preference::Base#set_preferences_cookie'
    app/middleware/core/surface_middleware.rb:12:in 'Core::SurfaceMiddleware#call'
    test/controllers/docs/edge/v1/taxonomies_controller_test.rb:62:in 'block (2 levels) in <class:TaxonomiesControllerTest>'
    test/support/i18n_locale_reset.rb:11:in 'block in ActiveSupport::TestCase#run'
    test/support/i18n_locale_reset.rb:10:in 'ActiveSupport::TestCase#run'

bin/rails test test/controllers/docs/edge/v1/taxonomies_controller_test.rb:58

E

Error:
Docs::Edge::V1::TaxonomiesControllerTest#test_returns_docs_app_categories_taxonomy:
NameError: uninitialized constant Preference::Core::CookieOptions
    app/controllers/concerns/preference/base.rb:1096:in 'Preference::Base#preference_cookie_options'
    app/controllers/concerns/preference/base.rb:971:in 'Preference::Base#preference_auth_cookie_options'
    app/controllers/concerns/preference/base.rb:940:in 'Preference::Base#set_refresh_token_cookie'
    app/controllers/concerns/preference/base.rb:762:in 'Preference::Base#create_new_preference_record!'
    app/controllers/concerns/preference/base.rb:721:in 'Preference::Base#load_preference_record_from_refresh_token!'
    app/controllers/concerns/preference/base.rb:217:in 'Preference::Base#set_preferences_cookie'
    app/middleware/core/surface_middleware.rb:12:in 'Core::SurfaceMiddleware#call'
    test/controllers/docs/edge/v1/taxonomies_controller_test.rb:62:in 'block (2 levels) in <class:TaxonomiesControllerTest>'
    test/support/i18n_locale_reset.rb:11:in 'block in ActiveSupport::TestCase#run'
    test/support/i18n_locale_reset.rb:10:in 'ActiveSupport::TestCase#run'

bin/rails test test/controllers/docs/edge/v1/taxonomies_controller_test.rb:58

E

Error:
Docs::Edge::V1::TaxonomiesControllerTest#test_returns_docs_com_categories_taxonomy:
NameError: uninitialized constant Preference::Core::CookieOptions
    app/controllers/concerns/preference/base.rb:1096:in 'Preference::Base#preference_cookie_options'
    app/controllers/concerns/preference/base.rb:971:in 'Preference::Base#preference_auth_cookie_options'
    app/controllers/concerns/preference/base.rb:940:in 'Preference::Base#set_refresh_token_cookie'
    app/controllers/concerns/preference/base.rb:762:in 'Preference::Base#create_new_preference_record!'
    app/controllers/concerns/preference/base.rb:721:in 'Preference::Base#load_preference_record_from_refresh_token!'
    app/controllers/concerns/preference/base.rb:217:in 'Preference::Base#set_preferences_cookie'
    app/middleware/core/surface_middleware.rb:12:in 'Core::SurfaceMiddleware#call'
    test/controllers/docs/edge/v1/taxonomies_controller_test.rb:62:in 'block (2 levels) in <class:TaxonomiesControllerTest>'
    test/support/i18n_locale_reset.rb:11:in 'block in ActiveSupport::TestCase#run'
    test/support/i18n_locale_reset.rb:10:in 'ActiveSupport::TestCase#run'

bin/rails test test/controllers/docs/edge/v1/taxonomies_controller_test.rb:58

E

Error:
Docs::Edge::V1::TaxonomiesControllerTest#test_returns_docs_app_tags_taxonomy:
NameError: uninitialized constant Preference::Core::CookieOptions
    app/controllers/concerns/preference/base.rb:1096:in 'Preference::Base#preference_cookie_options'
    app/controllers/concerns/preference/base.rb:971:in 'Preference::Base#preference_auth_cookie_options'
    app/controllers/concerns/preference/base.rb:940:in 'Preference::Base#set_refresh_token_cookie'
    app/controllers/concerns/preference/base.rb:762:in 'Preference::Base#create_new_preference_record!'
    app/controllers/concerns/preference/base.rb:721:in 'Preference::Base#load_preference_record_from_refresh_token!'
    app/controllers/concerns/preference/base.rb:217:in 'Preference::Base#set_preferences_cookie'
    app/middleware/core/surface_middleware.rb:12:in 'Core::SurfaceMiddleware#call'
    test/controllers/docs/edge/v1/taxonomies_controller_test.rb:62:in 'block (2 levels) in <class:TaxonomiesControllerTest>'
    test/support/i18n_locale_reset.rb:11:in 'block in ActiveSupport::TestCase#run'
    test/support/i18n_locale_reset.rb:10:in 'ActiveSupport::TestCase#run'

bin/rails test test/controllers/docs/edge/v1/taxonomies_controller_test.rb:58

E

Error:
Docs::Edge::V1::TaxonomiesControllerTest#test_returns_docs_org_categories_taxonomy:
NameError: uninitialized constant Preference::Core::CookieOptions
    app/controllers/concerns/preference/base.rb:1096:in 'Preference::Base#preference_cookie_options'
    app/controllers/concerns/preference/base.rb:971:in 'Preference::Base#preference_auth_cookie_options'
    app/controllers/concerns/preference/base.rb:940:in 'Preference::Base#set_refresh_token_cookie'
    app/controllers/concerns/preference/base.rb:762:in 'Preference::Base#create_new_preference_record!'
    app/controllers/concerns/preference/base.rb:721:in 'Preference::Base#load_preference_record_from_refresh_token!'
    app/controllers/concerns/preference/base.rb:217:in 'Preference::Base#set_preferences_cookie'
    app/middleware/core/surface_middleware.rb:12:in 'Core::SurfaceMiddleware#call'
    test/controllers/docs/edge/v1/taxonomies_controller_test.rb:62:in 'block (2 levels) in <class:TaxonomiesControllerTest>'
    test/support/i18n_locale_reset.rb:11:in 'block in ActiveSupport::TestCase#run'
    test/support/i18n_locale_reset.rb:10:in 'ActiveSupport::TestCase#run'

bin/rails test test/controllers/docs/edge/v1/taxonomies_controller_test.rb:58

E

Error:
Docs::Edge::V1::TaxonomiesControllerTest#test_returns_docs_org_tags_taxonomy:
NameError: uninitialized constant Preference::Core::CookieOptions
    app/controllers/concerns/preference/base.rb:1096:in 'Preference::Base#preference_cookie_options'
    app/controllers/concerns/preference/base.rb:971:in 'Preference::Base#preference_auth_cookie_options'
    app/controllers/concerns/preference/base.rb:940:in 'Preference::Base#set_refresh_token_cookie'
    app/controllers/concerns/preference/base.rb:762:in 'Preference::Base#create_new_preference_record!'
    app/controllers/concerns/preference/base.rb:721:in 'Preference::Base#load_preference_record_from_refresh_token!'
    app/controllers/concerns/preference/base.rb:217:in 'Preference::Base#set_preferences_cookie'
    app/middleware/core/surface_middleware.rb:12:in 'Core::SurfaceMiddleware#call'
    test/controllers/docs/edge/v1/taxonomies_controller_test.rb:62:in 'block (2 levels) in <class:TaxonomiesControllerTest>'
    test/support/i18n_locale_reset.rb:11:in 'block in ActiveSupport::TestCase#run'
    test/support/i18n_locale_reset.rb:10:in 'ActiveSupport::TestCase#run'

bin/rails test test/controllers/docs/edge/v1/taxonomies_controller_test.rb:58

......E

Error:
Sign::App::Configuration::SessionsControllerTest#test_should_show_back_link_on_index_page:
NameError: uninitialized constant Preference::Core::CookieOptions
    app/controllers/concerns/preference/base.rb:1096:in 'Preference::Base#preference_cookie_options'
    app/controllers/concerns/preference/base.rb:971:in 'Preference::Base#preference_auth_cookie_options'
    app/controllers/concerns/preference/base.rb:940:in 'Preference::Base#set_refresh_token_cookie'
    app/controllers/concerns/preference/base.rb:762:in 'Preference::Base#create_new_preference_record!'
    app/controllers/concerns/preference/base.rb:721:in 'Preference::Base#load_preference_record_from_refresh_token!'
    app/controllers/concerns/preference/base.rb:217:in 'Preference::Base#set_preferences_cookie'
    app/middleware/core/surface_middleware.rb:12:in 'Core::SurfaceMiddleware#call'
    test/controllers/sign/app/configuration/sessions_controller_test.rb:47:in 'block in <class:SessionsControllerTest>'
    test/support/i18n_locale_reset.rb:11:in 'block in ActiveSupport::TestCase#run'
    test/support/i18n_locale_reset.rb:10:in 'ActiveSupport::TestCase#run'

bin/rails test test/controllers/sign/app/configuration/sessions_controller_test.rb:46

E

Error:
Sign::App::Configuration::SessionsControllerTest#test_destroy_revokes_session_and_returns_see_other:
NameError: uninitialized constant Preference::Core::CookieOptions
    app/controllers/concerns/preference/base.rb:1096:in 'Preference::Base#preference_cookie_options'
    app/controllers/concerns/preference/base.rb:971:in 'Preference::Base#preference_auth_cookie_options'
    app/controllers/concerns/preference/base.rb:940:in 'Preference::Base#set_refresh_token_cookie'
    app/controllers/concerns/preference/base.rb:762:in 'Preference::Base#create_new_preference_record!'
    app/controllers/concerns/preference/base.rb:721:in 'Preference::Base#load_preference_record_from_refresh_token!'
    app/controllers/concerns/preference/base.rb:217:in 'Preference::Base#set_preferences_cookie'
    app/middleware/core/surface_middleware.rb:12:in 'Core::SurfaceMiddleware#call'
    test/controllers/sign/app/configuration/sessions_controller_test.rb:33:in 'block in <class:SessionsControllerTest>'
    test/support/i18n_locale_reset.rb:11:in 'block in ActiveSupport::TestCase#run'
    test/support/i18n_locale_reset.rb:10:in 'ActiveSupport::TestCase#run'

bin/rails test test/controllers/sign/app/configuration/sessions_controller_test.rb:24

.E

Error:
Sign::App::Configuration::SessionsControllerTest#test_index_returns_active_sessions:
NameError: uninitialized constant Preference::Core::CookieOptions
    app/controllers/concerns/preference/base.rb:1096:in 'Preference::Base#preference_cookie_options'
    app/controllers/concerns/preference/base.rb:971:in 'Preference::Base#preference_auth_cookie_options'
    app/controllers/concerns/preference/base.rb:940:in 'Preference::Base#set_refresh_token_cookie'
    app/controllers/concerns/preference/base.rb:762:in 'Preference::Base#create_new_preference_record!'
    app/controllers/concerns/preference/base.rb:721:in 'Preference::Base#load_preference_record_from_refresh_token!'
    app/controllers/concerns/preference/base.rb:217:in 'Preference::Base#set_preferences_cookie'
    app/middleware/core/surface_middleware.rb:12:in 'Core::SurfaceMiddleware#call'
    test/controllers/sign/app/configuration/sessions_controller_test.rb:18:in 'block in <class:SessionsControllerTest>'
    test/support/i18n_locale_reset.rb:11:in 'block in ActiveSupport::TestCase#run'
    test/support/i18n_locale_reset.rb:10:in 'ActiveSupport::TestCase#run'

bin/rails test test/controllers/sign/app/configuration/sessions_controller_test.rb:16

E

Error:
Sign::App::Configuration::SessionsControllerTest#test_should_show_up_link_on_index_page:
NameError: uninitialized constant Preference::Core::CookieOptions
    app/controllers/concerns/preference/base.rb:1096:in 'Preference::Base#preference_cookie_options'
    app/controllers/concerns/preference/base.rb:971:in 'Preference::Base#preference_auth_cookie_options'
    app/controllers/concerns/preference/base.rb:940:in 'Preference::Base#set_refresh_token_cookie'
    app/controllers/concerns/preference/base.rb:762:in 'Preference::Base#create_new_preference_record!'
    app/controllers/concerns/preference/base.rb:721:in 'Preference::Base#load_preference_record_from_refresh_token!'
    app/controllers/concerns/preference/base.rb:217:in 'Preference::Base#set_preferences_cookie'
    app/middleware/core/surface_middleware.rb:12:in 'Core::SurfaceMiddleware#call'
    test/controllers/sign/app/configuration/sessions_controller_test.rb:53:in 'block in <class:SessionsControllerTest>'
    test/support/i18n_locale_reset.rb:11:in 'block in ActiveSupport::TestCase#run'
    test/support/i18n_locale_reset.rb:10:in 'ActiveSupport::TestCase#run'

bin/rails test test/controllers/sign/app/configuration/sessions_controller_test.rb:52

..................E

Error:
News::Com::RootsControllerTest#test_sets_lang_attribute_on_html_element:
NameError: uninitialized constant Preference::Core::CookieOptions
    app/controllers/concerns/preference/base.rb:1096:in 'Preference::Base#preference_cookie_options'
    app/controllers/concerns/preference/base.rb:971:in 'Preference::Base#preference_auth_cookie_options'
    app/controllers/concerns/preference/base.rb:940:in 'Preference::Base#set_refresh_token_cookie'
    app/controllers/concerns/preference/base.rb:762:in 'Preference::Base#create_new_preference_record!'
    app/controllers/concerns/preference/base.rb:721:in 'Preference::Base#load_preference_record_from_refresh_token!'
    app/controllers/concerns/preference/base.rb:217:in 'Preference::Base#set_preferences_cookie'
    app/middleware/core/surface_middleware.rb:12:in 'Core::SurfaceMiddleware#call'
    test/controllers/news/com/roots_controller_test.rb:30:in 'block in <class:RootsControllerTest>'
    test/support/i18n_locale_reset.rb:11:in 'block in ActiveSupport::TestCase#run'
    test/support/i18n_locale_reset.rb:10:in 'ActiveSupport::TestCase#run'

bin/rails test test/controllers/news/com/roots_controller_test.rb:29

E

Error:
News::Com::RootsControllerTest#test_generates_sha3-384_token_digest_on_root:
NameError: uninitialized constant Preference::Core::CookieOptions
    app/controllers/concerns/preference/base.rb:1096:in 'Preference::Base#preference_cookie_options'
    app/controllers/concerns/preference/base.rb:971:in 'Preference::Base#preference_auth_cookie_options'
    app/controllers/concerns/preference/base.rb:940:in 'Preference::Base#set_refresh_token_cookie'
    app/controllers/concerns/preference/base.rb:762:in 'Preference::Base#create_new_preference_record!'
    app/controllers/concerns/preference/base.rb:721:in 'Preference::Base#load_preference_record_from_refresh_token!'
    app/controllers/concerns/preference/base.rb:217:in 'Preference::Base#set_preferences_cookie'
    app/middleware/core/surface_middleware.rb:12:in 'Core::SurfaceMiddleware#call'
    test/controllers/news/com/roots_controller_test.rb:59:in 'block in <class:RootsControllerTest>'
    test/support/i18n_locale_reset.rb:11:in 'block in ActiveSupport::TestCase#run'
    test/support/i18n_locale_reset.rb:10:in 'ActiveSupport::TestCase#run'

bin/rails test test/controllers/news/com/roots_controller_test.rb:58

E

Error:
News::Com::RootsControllerTest#test_renders_expected_layout_structure:
NameError: uninitialized constant Preference::Core::CookieOptions
    app/controllers/concerns/preference/base.rb:1096:in 'Preference::Base#preference_cookie_options'
    app/controllers/concerns/preference/base.rb:971:in 'Preference::Base#preference_auth_cookie_options'
    app/controllers/concerns/preference/base.rb:940:in 'Preference::Base#set_refresh_token_cookie'
    app/controllers/concerns/preference/base.rb:762:in 'Preference::Base#create_new_preference_record!'
    app/controllers/concerns/preference/base.rb:721:in 'Preference::Base#load_preference_record_from_refresh_token!'
    app/controllers/concerns/preference/base.rb:217:in 'Preference::Base#set_preferences_cookie'
    app/middleware/core/surface_middleware.rb:12:in 'Core::SurfaceMiddleware#call'
    test/controllers/news/com/roots_controller_test.rb:39:in 'block in <class:RootsControllerTest>'
    test/support/i18n_locale_reset.rb:11:in 'block in ActiveSupport::TestCase#run'
    test/support/i18n_locale_reset.rb:10:in 'ActiveSupport::TestCase#run'

bin/rails test test/controllers/news/com/roots_controller_test.rb:38

E

Error:
News::Com::RootsControllerTest#test_redirects_to_canonical_path_by_stripping_ri=jp:
NameError: uninitialized constant Preference::Core::CookieOptions
    app/controllers/concerns/preference/base.rb:1096:in 'Preference::Base#preference_cookie_options'
    app/controllers/concerns/preference/base.rb:971:in 'Preference::Base#preference_auth_cookie_options'
    app/controllers/concerns/preference/base.rb:940:in 'Preference::Base#set_refresh_token_cookie'
    app/controllers/concerns/preference/base.rb:762:in 'Preference::Base#create_new_preference_record!'
    app/controllers/concerns/preference/base.rb:721:in 'Preference::Base#load_preference_record_from_refresh_token!'
    app/controllers/concerns/preference/base.rb:217:in 'Preference::Base#set_preferences_cookie'
    app/middleware/core/surface_middleware.rb:12:in 'Core::SurfaceMiddleware#call'
    test/controllers/news/com/roots_controller_test.rb:24:in 'block in <class:RootsControllerTest>'
    test/support/i18n_locale_reset.rb:11:in 'block in ActiveSupport::TestCase#run'
    test/support/i18n_locale_reset.rb:10:in 'ActiveSupport::TestCase#run'

bin/rails test test/controllers/news/com/roots_controller_test.rb:23

E

Error:
News::Com::RootsControllerTest#test_sets_theme_cookie:
NameError: uninitialized constant Preference::Core::CookieOptions
    app/controllers/concerns/preference/base.rb:1096:in 'Preference::Base#preference_cookie_options'
    app/controllers/concerns/preference/base.rb:971:in 'Preference::Base#preference_auth_cookie_options'
    app/controllers/concerns/preference/base.rb:940:in 'Preference::Base#set_refresh_token_cookie'
    app/controllers/concerns/preference/base.rb:762:in 'Preference::Base#create_new_preference_record!'
    app/controllers/concerns/preference/base.rb:721:in 'Preference::Base#load_preference_record_from_refresh_token!'
    app/controllers/concerns/preference/base.rb:217:in 'Preference::Base#set_preferences_cookie'
    app/middleware/core/surface_middleware.rb:12:in 'Core::SurfaceMiddleware#call'
    test/controllers/news/com/roots_controller_test.rb:66:in 'block in <class:RootsControllerTest>'
    test/support/i18n_locale_reset.rb:11:in 'block in ActiveSupport::TestCase#run'
    test/support/i18n_locale_reset.rb:10:in 'ActiveSupport::TestCase#run'

bin/rails test test/controllers/news/com/roots_controller_test.rb:64

E

Error:
News::Com::RootsControllerTest#test_should_get_show:
NameError: uninitialized constant Preference::Core::CookieOptions
    app/controllers/concerns/preference/base.rb:1096:in 'Preference::Base#preference_cookie_options'
    app/controllers/concerns/preference/base.rb:971:in 'Preference::Base#preference_auth_cookie_options'
    app/controllers/concerns/preference/base.rb:940:in 'Preference::Base#set_refresh_token_cookie'
    app/controllers/concerns/preference/base.rb:762:in 'Preference::Base#create_new_preference_record!'
    app/controllers/concerns/preference/base.rb:721:in 'Preference::Base#load_preference_record_from_refresh_token!'
    app/controllers/concerns/preference/base.rb:217:in 'Preference::Base#set_preferences_cookie'
    app/middleware/core/surface_middleware.rb:12:in 'Core::SurfaceMiddleware#call'
    test/controllers/news/com/roots_controller_test.rb:18:in 'block in <class:RootsControllerTest>'
    test/support/i18n_locale_reset.rb:11:in 'block in ActiveSupport::TestCase#run'
    test/support/i18n_locale_reset.rb:10:in 'ActiveSupport::TestCase#run'

bin/rails test test/controllers/news/com/roots_controller_test.rb:17

.................................................E

Error:
Sign::Org::HealthsControllerTest#test_GET_/health_returns_OK_response:
NameError: uninitialized constant Preference::Core::CookieOptions
    app/controllers/concerns/preference/base.rb:1096:in 'Preference::Base#preference_cookie_options'
    app/controllers/concerns/preference/base.rb:971:in 'Preference::Base#preference_auth_cookie_options'
    app/controllers/concerns/preference/base.rb:940:in 'Preference::Base#set_refresh_token_cookie'
    app/controllers/concerns/preference/base.rb:762:in 'Preference::Base#create_new_preference_record!'
    app/controllers/concerns/preference/base.rb:721:in 'Preference::Base#load_preference_record_from_refresh_token!'
    app/controllers/concerns/preference/base.rb:217:in 'Preference::Base#set_preferences_cookie'
    app/middleware/core/surface_middleware.rb:12:in 'Core::SurfaceMiddleware#call'
    test/controllers/sign/org/healths_controller_test.rb:7:in 'block in <class:HealthsControllerTest>'
    test/support/i18n_locale_reset.rb:11:in 'block in ActiveSupport::TestCase#run'
    test/support/i18n_locale_reset.rb:10:in 'ActiveSupport::TestCase#run'

bin/rails test test/controllers/sign/org/healths_controller_test.rb:6

E

Error:
Sign::Org::HealthsControllerTest#test_GET_/health_returns_OK_html_response:
NameError: uninitialized constant Preference::Core::CookieOptions
    app/controllers/concerns/preference/base.rb:1096:in 'Preference::Base#preference_cookie_options'
    app/controllers/concerns/preference/base.rb:971:in 'Preference::Base#preference_auth_cookie_options'
    app/controllers/concerns/preference/base.rb:940:in 'Preference::Base#set_refresh_token_cookie'
    app/controllers/concerns/preference/base.rb:762:in 'Preference::Base#create_new_preference_record!'
    app/controllers/concerns/preference/base.rb:721:in 'Preference::Base#load_preference_record_from_refresh_token!'
    app/controllers/concerns/preference/base.rb:217:in 'Preference::Base#set_preferences_cookie'
    app/middleware/core/surface_middleware.rb:12:in 'Core::SurfaceMiddleware#call'
    test/controllers/sign/org/healths_controller_test.rb:14:in 'block in <class:HealthsControllerTest>'
    test/support/i18n_locale_reset.rb:11:in 'block in ActiveSupport::TestCase#run'
    test/support/i18n_locale_reset.rb:10:in 'ActiveSupport::TestCase#run'

bin/rails test test/controllers/sign/org/healths_controller_test.rb:13

E

Error:
Sign::Org::HealthsControllerTest#test_GET_/health_returns_OK_json_response:
NameError: uninitialized constant Preference::Core::CookieOptions
    app/controllers/concerns/preference/base.rb:1096:in 'Preference::Base#preference_cookie_options'
    app/controllers/concerns/preference/base.rb:971:in 'Preference::Base#preference_auth_cookie_options'
    app/controllers/concerns/preference/base.rb:940:in 'Preference::Base#set_refresh_token_cookie'
    app/controllers/concerns/preference/base.rb:762:in 'Preference::Base#create_new_preference_record!'
    app/controllers/concerns/preference/base.rb:721:in 'Preference::Base#load_preference_record_from_refresh_token!'
    app/controllers/concerns/preference/base.rb:217:in 'Preference::Base#set_preferences_cookie'
    app/middleware/core/surface_middleware.rb:12:in 'Core::SurfaceMiddleware#call'
    test/controllers/sign/org/healths_controller_test.rb:21:in 'block in <class:HealthsControllerTest>'
    test/support/i18n_locale_reset.rb:11:in 'block in ActiveSupport::TestCase#run'
    test/support/i18n_locale_reset.rb:10:in 'ActiveSupport::TestCase#run'

bin/rails test test/controllers/sign/org/healths_controller_test.rb:20

.............................................F

Failure:
Sign::App::PreferenceControllerTest#test_should_get_show [test/controllers/sign/app/preferences_controller_test.rb:8]:
Expected response to be a <2XX: success>, but was a <404: Not Found>

bin/rails test test/controllers/sign/app/preferences_controller_test.rb:6

E

Error:
Sign::App::PreferenceControllerTest#test_footer_should_contain_preference_link:
NameError: uninitialized constant Preference::Core::CookieOptions
    app/controllers/concerns/preference/base.rb:1096:in 'Preference::Base#preference_cookie_options'
    app/controllers/concerns/preference/base.rb:971:in 'Preference::Base#preference_auth_cookie_options'
    app/controllers/concerns/preference/base.rb:940:in 'Preference::Base#set_refresh_token_cookie'
    app/controllers/concerns/preference/base.rb:762:in 'Preference::Base#create_new_preference_record!'
    app/controllers/concerns/preference/base.rb:721:in 'Preference::Base#load_preference_record_from_refresh_token!'
    app/controllers/concerns/preference/base.rb:217:in 'Preference::Base#set_preferences_cookie'
    app/middleware/core/surface_middleware.rb:12:in 'Core::SurfaceMiddleware#call'
    test/controllers/sign/app/preferences_controller_test.rb:12:in 'block in <class:PreferenceControllerTest>'
    test/support/i18n_locale_reset.rb:11:in 'block in ActiveSupport::TestCase#run'
    test/support/i18n_locale_reset.rb:10:in 'ActiveSupport::TestCase#run'

bin/rails test test/controllers/sign/app/preferences_controller_test.rb:11

F

Failure:
Sign::App::PreferenceControllerTest#test_preference_page_links_to_apex_preference [test/controllers/sign/app/preferences_controller_test.rb:20]:
Expected response to be a <2XX: success>, but was a <404: Not Found>

bin/rails test test/controllers/sign/app/preferences_controller_test.rb:18

........E

Error:
Sign::Org::Edge::V1::HealthsControllerTest#test_returns_success_for_default_format:
NameError: uninitialized constant Preference::Core::CookieOptions
    app/controllers/concerns/preference/base.rb:1096:in 'Preference::Base#preference_cookie_options'
    app/controllers/concerns/preference/base.rb:971:in 'Preference::Base#preference_auth_cookie_options'
    app/controllers/concerns/preference/base.rb:940:in 'Preference::Base#set_refresh_token_cookie'
    app/controllers/concerns/preference/base.rb:762:in 'Preference::Base#create_new_preference_record!'
    app/controllers/concerns/preference/base.rb:721:in 'Preference::Base#load_preference_record_from_refresh_token!'
    app/controllers/concerns/preference/base.rb:217:in 'Preference::Base#set_preferences_cookie'
    app/middleware/core/surface_middleware.rb:12:in 'Core::SurfaceMiddleware#call'
    test/controllers/sign/org/edge/v1/healths_controller_test.rb:11:in 'block in <class:HealthsControllerTest>'
    test/support/i18n_locale_reset.rb:11:in 'block in ActiveSupport::TestCase#run'
    test/support/i18n_locale_reset.rb:10:in 'ActiveSupport::TestCase#run'

bin/rails test test/controllers/sign/org/edge/v1/healths_controller_test.rb:10

E

Error:
Sign::Org::Edge::V1::HealthsControllerTest#test_returns_success_for_explicit_html_format:
NameError: uninitialized constant Preference::Core::CookieOptions
    app/controllers/concerns/preference/base.rb:1096:in 'Preference::Base#preference_cookie_options'
    app/controllers/concerns/preference/base.rb:971:in 'Preference::Base#preference_auth_cookie_options'
    app/controllers/concerns/preference/base.rb:940:in 'Preference::Base#set_refresh_token_cookie'
    app/controllers/concerns/preference/base.rb:762:in 'Preference::Base#create_new_preference_record!'
    app/controllers/concerns/preference/base.rb:721:in 'Preference::Base#load_preference_record_from_refresh_token!'
    app/controllers/concerns/preference/base.rb:217:in 'Preference::Base#set_preferences_cookie'
    app/middleware/core/surface_middleware.rb:12:in 'Core::SurfaceMiddleware#call'
    test/controllers/sign/org/edge/v1/healths_controller_test.rb:18:in 'block in <class:HealthsControllerTest>'
    test/support/i18n_locale_reset.rb:11:in 'block in ActiveSupport::TestCase#run'
    test/support/i18n_locale_reset.rb:10:in 'ActiveSupport::TestCase#run'

bin/rails test test/controllers/sign/org/edge/v1/healths_controller_test.rb:17

E

Error:
Sign::Org::Edge::V1::HealthsControllerTest#test_raises_error_for_unsupported_yaml_format:
NameError: uninitialized constant Preference::Core::CookieOptions
    app/controllers/concerns/preference/base.rb:1096:in 'Preference::Base#preference_cookie_options'
    app/controllers/concerns/preference/base.rb:971:in 'Preference::Base#preference_auth_cookie_options'
    app/controllers/concerns/preference/base.rb:940:in 'Preference::Base#set_refresh_token_cookie'
    app/controllers/concerns/preference/base.rb:762:in 'Preference::Base#create_new_preference_record!'
    app/controllers/concerns/preference/base.rb:721:in 'Preference::Base#load_preference_record_from_refresh_token!'
    app/controllers/concerns/preference/base.rb:217:in 'Preference::Base#set_preferences_cookie'
    app/middleware/core/surface_middleware.rb:12:in 'Core::SurfaceMiddleware#call'
    test/controllers/sign/org/edge/v1/healths_controller_test.rb:32:in 'block in <class:HealthsControllerTest>'
    test/support/i18n_locale_reset.rb:11:in 'block in ActiveSupport::TestCase#run'
    test/support/i18n_locale_reset.rb:10:in 'ActiveSupport::TestCase#run'

bin/rails test test/controllers/sign/org/edge/v1/healths_controller_test.rb:31

E

Error:
Sign::Org::Edge::V1::HealthsControllerTest#test_returns_OK_status_payload_for_json_format:
NameError: uninitialized constant Preference::Core::CookieOptions
    app/controllers/concerns/preference/base.rb:1096:in 'Preference::Base#preference_cookie_options'
    app/controllers/concerns/preference/base.rb:971:in 'Preference::Base#preference_auth_cookie_options'
    app/controllers/concerns/preference/base.rb:940:in 'Preference::Base#set_refresh_token_cookie'
    app/controllers/concerns/preference/base.rb:762:in 'Preference::Base#create_new_preference_record!'
    app/controllers/concerns/preference/base.rb:721:in 'Preference::Base#load_preference_record_from_refresh_token!'
    app/controllers/concerns/preference/base.rb:217:in 'Preference::Base#set_preferences_cookie'
    app/middleware/core/surface_middleware.rb:12:in 'Core::SurfaceMiddleware#call'
    test/controllers/sign/org/edge/v1/healths_controller_test.rb:25:in 'block in <class:HealthsControllerTest>'
    test/support/i18n_locale_reset.rb:11:in 'block in ActiveSupport::TestCase#run'
    test/support/i18n_locale_reset.rb:10:in 'ActiveSupport::TestCase#run'

bin/rails test test/controllers/sign/org/edge/v1/healths_controller_test.rb:24

E

Error:
SocialAuthLoginTest#test_Google_login_with_new_uid_creates_new_user_and_identity:
NameError: uninitialized constant Preference::Core::CookieOptions
    app/controllers/concerns/preference/base.rb:1096:in 'Preference::Base#preference_cookie_options'
    app/controllers/concerns/preference/base.rb:971:in 'Preference::Base#preference_auth_cookie_options'
    app/controllers/concerns/preference/base.rb:940:in 'Preference::Base#set_refresh_token_cookie'
    app/controllers/concerns/preference/base.rb:762:in 'Preference::Base#create_new_preference_record!'
    app/controllers/concerns/preference/base.rb:721:in 'Preference::Base#load_preference_record_from_refresh_token!'
    app/controllers/concerns/preference/base.rb:217:in 'Preference::Base#set_preferences_cookie'
    app/middleware/core/surface_middleware.rb:12:in 'Core::SurfaceMiddleware#call'
    test/integration/social_auth_login_test.rb:103:in 'block in <class:SocialAuthLoginTest>'
    test/support/i18n_locale_reset.rb:11:in 'block in ActiveSupport::TestCase#run'
    test/support/i18n_locale_reset.rb:10:in 'ActiveSupport::TestCase#run'

bin/rails test test/integration/social_auth_login_test.rb:96

E

Error:
SocialAuthLoginTest#test_Apple_login_with_existing_identity_does_not_create_new_user:
NameError: uninitialized constant Preference::Core::CookieOptions
    app/controllers/concerns/preference/base.rb:1096:in 'Preference::Base#preference_cookie_options'
    app/controllers/concerns/preference/base.rb:971:in 'Preference::Base#preference_auth_cookie_options'
    app/controllers/concerns/preference/base.rb:940:in 'Preference::Base#set_refresh_token_cookie'
    app/controllers/concerns/preference/base.rb:762:in 'Preference::Base#create_new_preference_record!'
    app/controllers/concerns/preference/base.rb:721:in 'Preference::Base#load_preference_record_from_refresh_token!'
    app/controllers/concerns/preference/base.rb:217:in 'Preference::Base#set_preferences_cookie'
    app/middleware/core/surface_middleware.rb:12:in 'Core::SurfaceMiddleware#call'
    test/integration/social_auth_login_test.rb:84:in 'block in <class:SocialAuthLoginTest>'
    test/support/i18n_locale_reset.rb:11:in 'block in ActiveSupport::TestCase#run'
    test/support/i18n_locale_reset.rb:10:in 'ActiveSupport::TestCase#run'

bin/rails test test/integration/social_auth_login_test.rb:67

E

Error:
SocialAuthLoginTest#test_Google_login_with_existing_identity_does_not_create_new_user:
NameError: uninitialized constant Preference::Core::CookieOptions
    app/controllers/concerns/preference/base.rb:1096:in 'Preference::Base#preference_cookie_options'
    app/controllers/concerns/preference/base.rb:971:in 'Preference::Base#preference_auth_cookie_options'
    app/controllers/concerns/preference/base.rb:940:in 'Preference::Base#set_refresh_token_cookie'
    app/controllers/concerns/preference/base.rb:762:in 'Preference::Base#create_new_preference_record!'
    app/controllers/concerns/preference/base.rb:721:in 'Preference::Base#load_preference_record_from_refresh_token!'
    app/controllers/concerns/preference/base.rb:217:in 'Preference::Base#set_preferences_cookie'
    app/middleware/core/surface_middleware.rb:12:in 'Core::SurfaceMiddleware#call'
    test/integration/social_auth_login_test.rb:47:in 'block in <class:SocialAuthLoginTest>'
    test/support/i18n_locale_reset.rb:11:in 'block in ActiveSupport::TestCase#run'
    test/support/i18n_locale_reset.rb:10:in 'ActiveSupport::TestCase#run'

bin/rails test test/integration/social_auth_login_test.rb:28

E

Error:
SocialAuthLoginTest#test_Apple_login_with_new_uid_creates_new_user_and_identity:
NameError: uninitialized constant Preference::Core::CookieOptions
    app/controllers/concerns/preference/base.rb:1096:in 'Preference::Base#preference_cookie_options'
    app/controllers/concerns/preference/base.rb:971:in 'Preference::Base#preference_auth_cookie_options'
    app/controllers/concerns/preference/base.rb:940:in 'Preference::Base#set_refresh_token_cookie'
    app/controllers/concerns/preference/base.rb:762:in 'Preference::Base#create_new_preference_record!'
    app/controllers/concerns/preference/base.rb:721:in 'Preference::Base#load_preference_record_from_refresh_token!'
    app/controllers/concerns/preference/base.rb:217:in 'Preference::Base#set_preferences_cookie'
    app/middleware/core/surface_middleware.rb:12:in 'Core::SurfaceMiddleware#call'
    test/integration/social_auth_login_test.rb:129:in 'block in <class:SocialAuthLoginTest>'
    test/support/i18n_locale_reset.rb:11:in 'block in ActiveSupport::TestCase#run'
    test/support/i18n_locale_reset.rb:10:in 'ActiveSupport::TestCase#run'

bin/rails test test/integration/social_auth_login_test.rb:122

E

Error:
SocialAuthLoginTest#test_login_updates_last_authenticated_at_on_existing_identity:
NameError: uninitialized constant Preference::Core::CookieOptions
    app/controllers/concerns/preference/base.rb:1096:in 'Preference::Base#preference_cookie_options'
    app/controllers/concerns/preference/base.rb:971:in 'Preference::Base#preference_auth_cookie_options'
    app/controllers/concerns/preference/base.rb:940:in 'Preference::Base#set_refresh_token_cookie'
    app/controllers/concerns/preference/base.rb:762:in 'Preference::Base#create_new_preference_record!'
    app/controllers/concerns/preference/base.rb:721:in 'Preference::Base#load_preference_record_from_refresh_token!'
    app/controllers/concerns/preference/base.rb:217:in 'Preference::Base#set_preferences_cookie'
    app/middleware/core/surface_middleware.rb:12:in 'Core::SurfaceMiddleware#call'
    test/integration/social_auth_login_test.rb:190:in 'block in <class:SocialAuthLoginTest>'
    test/support/i18n_locale_reset.rb:11:in 'block in ActiveSupport::TestCase#run'
    test/support/i18n_locale_reset.rb:10:in 'ActiveSupport::TestCase#run'

bin/rails test test/integration/social_auth_login_test.rb:171

E

Error:
SocialAuthLoginTest#test_successful_login_sets_auth_cookies:
NameError: uninitialized constant Preference::Core::CookieOptions
    app/controllers/concerns/preference/base.rb:1096:in 'Preference::Base#preference_cookie_options'
    app/controllers/concerns/preference/base.rb:971:in 'Preference::Base#preference_auth_cookie_options'
    app/controllers/concerns/preference/base.rb:940:in 'Preference::Base#set_refresh_token_cookie'
    app/controllers/concerns/preference/base.rb:762:in 'Preference::Base#create_new_preference_record!'
    app/controllers/concerns/preference/base.rb:721:in 'Preference::Base#load_preference_record_from_refresh_token!'
    app/controllers/concerns/preference/base.rb:217:in 'Preference::Base#set_preferences_cookie'
    app/middleware/core/surface_middleware.rb:12:in 'Core::SurfaceMiddleware#call'
    test/integration/social_auth_login_test.rb:152:in 'block in <class:SocialAuthLoginTest>'
    test/support/i18n_locale_reset.rb:11:in 'block in ActiveSupport::TestCase#run'
    test/support/i18n_locale_reset.rb:10:in 'ActiveSupport::TestCase#run'

bin/rails test test/integration/social_auth_login_test.rb:148

........E

Error:
Sign::Org::ConfigurationsControllerTest#test_should_get_show_when_logged_in:
NameError: uninitialized constant Preference::Core::CookieOptions
    app/controllers/concerns/preference/base.rb:1096:in 'Preference::Base#preference_cookie_options'
    app/controllers/concerns/preference/base.rb:971:in 'Preference::Base#preference_auth_cookie_options'
    app/controllers/concerns/preference/base.rb:940:in 'Preference::Base#set_refresh_token_cookie'
    app/controllers/concerns/preference/base.rb:762:in 'Preference::Base#create_new_preference_record!'
    app/controllers/concerns/preference/base.rb:721:in 'Preference::Base#load_preference_record_from_refresh_token!'
    app/controllers/concerns/preference/base.rb:217:in 'Preference::Base#set_preferences_cookie'
    app/middleware/core/surface_middleware.rb:12:in 'Core::SurfaceMiddleware#call'
    test/controllers/sign/org/configurations_controller_test.rb:16:in 'block in <class:ConfigurationsControllerTest>'
    test/support/i18n_locale_reset.rb:11:in 'block in ActiveSupport::TestCase#run'
    test/support/i18n_locale_reset.rb:10:in 'ActiveSupport::TestCase#run'

bin/rails test test/controllers/sign/org/configurations_controller_test.rb:15

.E

Error:
Core::Org::Help::Org::ContactsControllerTest#test_should_create_contact:
NameError: uninitialized constant Preference::Core::CookieOptions
    app/controllers/concerns/preference/base.rb:1096:in 'Preference::Base#preference_cookie_options'
    app/controllers/concerns/preference/base.rb:971:in 'Preference::Base#preference_auth_cookie_options'
    app/controllers/concerns/preference/base.rb:940:in 'Preference::Base#set_refresh_token_cookie'
    app/controllers/concerns/preference/base.rb:762:in 'Preference::Base#create_new_preference_record!'
    app/controllers/concerns/preference/base.rb:721:in 'Preference::Base#load_preference_record_from_refresh_token!'
    app/controllers/concerns/preference/base.rb:217:in 'Preference::Base#set_preferences_cookie'
    app/middleware/core/surface_middleware.rb:12:in 'Core::SurfaceMiddleware#call'
    test/controllers/core/org/help/org/contacts_controller_test.rb:21:in 'block in <class:ContactsControllerTest>'
    test/support/i18n_locale_reset.rb:11:in 'block in ActiveSupport::TestCase#run'
    test/support/i18n_locale_reset.rb:10:in 'ActiveSupport::TestCase#run'

bin/rails test test/controllers/core/org/help/org/contacts_controller_test.rb:20

E

Error:
Core::Org::Help::Org::ContactsControllerTest#test_should_update_contact:
NameError: uninitialized constant Preference::Core::CookieOptions
    app/controllers/concerns/preference/base.rb:1096:in 'Preference::Base#preference_cookie_options'
    app/controllers/concerns/preference/base.rb:971:in 'Preference::Base#preference_auth_cookie_options'
    app/controllers/concerns/preference/base.rb:940:in 'Preference::Base#set_refresh_token_cookie'
    app/controllers/concerns/preference/base.rb:762:in 'Preference::Base#create_new_preference_record!'
    app/controllers/concerns/preference/base.rb:721:in 'Preference::Base#load_preference_record_from_refresh_token!'
    app/controllers/concerns/preference/base.rb:217:in 'Preference::Base#set_preferences_cookie'
    app/middleware/core/surface_middleware.rb:12:in 'Core::SurfaceMiddleware#call'
    test/controllers/core/org/help/org/contacts_controller_test.rb:36:in 'block in <class:ContactsControllerTest>'
    test/support/i18n_locale_reset.rb:11:in 'block in ActiveSupport::TestCase#run'
    test/support/i18n_locale_reset.rb:10:in 'ActiveSupport::TestCase#run'

bin/rails test test/controllers/core/org/help/org/contacts_controller_test.rb:35

E

Error:
Core::Org::Help::Org::ContactsControllerTest#test_should_get_index:
NameError: uninitialized constant Preference::Core::CookieOptions
    app/controllers/concerns/preference/base.rb:1096:in 'Preference::Base#preference_cookie_options'
    app/controllers/concerns/preference/base.rb:971:in 'Preference::Base#preference_auth_cookie_options'
    app/controllers/concerns/preference/base.rb:940:in 'Preference::Base#set_refresh_token_cookie'
    app/controllers/concerns/preference/base.rb:762:in 'Preference::Base#create_new_preference_record!'
    app/controllers/concerns/preference/base.rb:721:in 'Preference::Base#load_preference_record_from_refresh_token!'
    app/controllers/concerns/preference/base.rb:217:in 'Preference::Base#set_preferences_cookie'
    app/middleware/core/surface_middleware.rb:12:in 'Core::SurfaceMiddleware#call'
    test/controllers/core/org/help/org/contacts_controller_test.rb:11:in 'block in <class:ContactsControllerTest>'
    test/support/i18n_locale_reset.rb:11:in 'block in ActiveSupport::TestCase#run'
    test/support/i18n_locale_reset.rb:10:in 'ActiveSupport::TestCase#run'

bin/rails test test/controllers/core/org/help/org/contacts_controller_test.rb:10

E

Error:
Core::Org::Help::Org::ContactsControllerTest#test_should_get_edit:
NameError: uninitialized constant Preference::Core::CookieOptions
    app/controllers/concerns/preference/base.rb:1096:in 'Preference::Base#preference_cookie_options'
    app/controllers/concerns/preference/base.rb:971:in 'Preference::Base#preference_auth_cookie_options'
    app/controllers/concerns/preference/base.rb:940:in 'Preference::Base#set_refresh_token_cookie'
    app/controllers/concerns/preference/base.rb:762:in 'Preference::Base#create_new_preference_record!'
    app/controllers/concerns/preference/base.rb:721:in 'Preference::Base#load_preference_record_from_refresh_token!'
    app/controllers/concerns/preference/base.rb:217:in 'Preference::Base#set_preferences_cookie'
    app/middleware/core/surface_middleware.rb:12:in 'Core::SurfaceMiddleware#call'
    test/controllers/core/org/help/org/contacts_controller_test.rb:31:in 'block in <class:ContactsControllerTest>'
    test/support/i18n_locale_reset.rb:11:in 'block in ActiveSupport::TestCase#run'
    test/support/i18n_locale_reset.rb:10:in 'ActiveSupport::TestCase#run'

bin/rails test test/controllers/core/org/help/org/contacts_controller_test.rb:30

E

Error:
Core::Org::Help::Org::ContactsControllerTest#test_should_destroy_contact:
NameError: uninitialized constant Preference::Core::CookieOptions
    app/controllers/concerns/preference/base.rb:1096:in 'Preference::Base#preference_cookie_options'
    app/controllers/concerns/preference/base.rb:971:in 'Preference::Base#preference_auth_cookie_options'
    app/controllers/concerns/preference/base.rb:940:in 'Preference::Base#set_refresh_token_cookie'
    app/controllers/concerns/preference/base.rb:762:in 'Preference::Base#create_new_preference_record!'
    app/controllers/concerns/preference/base.rb:721:in 'Preference::Base#load_preference_record_from_refresh_token!'
    app/controllers/concerns/preference/base.rb:217:in 'Preference::Base#set_preferences_cookie'
    app/middleware/core/surface_middleware.rb:12:in 'Core::SurfaceMiddleware#call'
    test/controllers/core/org/help/org/contacts_controller_test.rb:41:in 'block in <class:ContactsControllerTest>'
    test/support/i18n_locale_reset.rb:11:in 'block in ActiveSupport::TestCase#run'
    test/support/i18n_locale_reset.rb:10:in 'ActiveSupport::TestCase#run'

bin/rails test test/controllers/core/org/help/org/contacts_controller_test.rb:40

E

Error:
Core::Org::Help::Org::ContactsControllerTest#test_should_get_new:
NameError: uninitialized constant Preference::Core::CookieOptions
    app/controllers/concerns/preference/base.rb:1096:in 'Preference::Base#preference_cookie_options'
    app/controllers/concerns/preference/base.rb:971:in 'Preference::Base#preference_auth_cookie_options'
    app/controllers/concerns/preference/base.rb:940:in 'Preference::Base#set_refresh_token_cookie'
    app/controllers/concerns/preference/base.rb:762:in 'Preference::Base#create_new_preference_record!'
    app/controllers/concerns/preference/base.rb:721:in 'Preference::Base#load_preference_record_from_refresh_token!'
    app/controllers/concerns/preference/base.rb:217:in 'Preference::Base#set_preferences_cookie'
    app/middleware/core/surface_middleware.rb:12:in 'Core::SurfaceMiddleware#call'
    test/controllers/core/org/help/org/contacts_controller_test.rb:16:in 'block in <class:ContactsControllerTest>'
    test/support/i18n_locale_reset.rb:11:in 'block in ActiveSupport::TestCase#run'
    test/support/i18n_locale_reset.rb:10:in 'ActiveSupport::TestCase#run'

bin/rails test test/controllers/core/org/help/org/contacts_controller_test.rb:15

E

Error:
Core::Org::Help::Org::ContactsControllerTest#test_should_show_contact:
NameError: uninitialized constant Preference::Core::CookieOptions
    app/controllers/concerns/preference/base.rb:1096:in 'Preference::Base#preference_cookie_options'
    app/controllers/concerns/preference/base.rb:971:in 'Preference::Base#preference_auth_cookie_options'
    app/controllers/concerns/preference/base.rb:940:in 'Preference::Base#set_refresh_token_cookie'
    app/controllers/concerns/preference/base.rb:762:in 'Preference::Base#create_new_preference_record!'
    app/controllers/concerns/preference/base.rb:721:in 'Preference::Base#load_preference_record_from_refresh_token!'
    app/controllers/concerns/preference/base.rb:217:in 'Preference::Base#set_preferences_cookie'
    app/middleware/core/surface_middleware.rb:12:in 'Core::SurfaceMiddleware#call'
    test/controllers/core/org/help/org/contacts_controller_test.rb:26:in 'block in <class:ContactsControllerTest>'
    test/support/i18n_locale_reset.rb:11:in 'block in ActiveSupport::TestCase#run'
    test/support/i18n_locale_reset.rb:10:in 'ActiveSupport::TestCase#run'

bin/rails test test/controllers/core/org/help/org/contacts_controller_test.rb:25

........E

Error:
Core::Org::News::App::PostsControllerTest#test_should_create_post:
NameError: uninitialized constant Preference::Core::CookieOptions
    app/controllers/concerns/preference/base.rb:1096:in 'Preference::Base#preference_cookie_options'
    app/controllers/concerns/preference/base.rb:971:in 'Preference::Base#preference_auth_cookie_options'
    app/controllers/concerns/preference/base.rb:940:in 'Preference::Base#set_refresh_token_cookie'
    app/controllers/concerns/preference/base.rb:762:in 'Preference::Base#create_new_preference_record!'
    app/controllers/concerns/preference/base.rb:721:in 'Preference::Base#load_preference_record_from_refresh_token!'
    app/controllers/concerns/preference/base.rb:217:in 'Preference::Base#set_preferences_cookie'
    app/middleware/core/surface_middleware.rb:12:in 'Core::SurfaceMiddleware#call'
    test/controllers/core/org/news/app/posts_controller_test.rb:21:in 'block in <class:PostsControllerTest>'
    test/support/i18n_locale_reset.rb:11:in 'block in ActiveSupport::TestCase#run'
    test/support/i18n_locale_reset.rb:10:in 'ActiveSupport::TestCase#run'

bin/rails test test/controllers/core/org/news/app/posts_controller_test.rb:20

E

Error:
Core::Org::News::App::PostsControllerTest#test_should_update_post:
NameError: uninitialized constant Preference::Core::CookieOptions
    app/controllers/concerns/preference/base.rb:1096:in 'Preference::Base#preference_cookie_options'
    app/controllers/concerns/preference/base.rb:971:in 'Preference::Base#preference_auth_cookie_options'
    app/controllers/concerns/preference/base.rb:940:in 'Preference::Base#set_refresh_token_cookie'
    app/controllers/concerns/preference/base.rb:762:in 'Preference::Base#create_new_preference_record!'
    app/controllers/concerns/preference/base.rb:721:in 'Preference::Base#load_preference_record_from_refresh_token!'
    app/controllers/concerns/preference/base.rb:217:in 'Preference::Base#set_preferences_cookie'
    app/middleware/core/surface_middleware.rb:12:in 'Core::SurfaceMiddleware#call'
    test/controllers/core/org/news/app/posts_controller_test.rb:36:in 'block in <class:PostsControllerTest>'
    test/support/i18n_locale_reset.rb:11:in 'block in ActiveSupport::TestCase#run'
    test/support/i18n_locale_reset.rb:10:in 'ActiveSupport::TestCase#run'

bin/rails test test/controllers/core/org/news/app/posts_controller_test.rb:35

E

Error:
Core::Org::News::App::PostsControllerTest#test_should_get_index:
NameError: uninitialized constant Preference::Core::CookieOptions
    app/controllers/concerns/preference/base.rb:1096:in 'Preference::Base#preference_cookie_options'
    app/controllers/concerns/preference/base.rb:971:in 'Preference::Base#preference_auth_cookie_options'
    app/controllers/concerns/preference/base.rb:940:in 'Preference::Base#set_refresh_token_cookie'
    app/controllers/concerns/preference/base.rb:762:in 'Preference::Base#create_new_preference_record!'
    app/controllers/concerns/preference/base.rb:721:in 'Preference::Base#load_preference_record_from_refresh_token!'
    app/controllers/concerns/preference/base.rb:217:in 'Preference::Base#set_preferences_cookie'
    app/middleware/core/surface_middleware.rb:12:in 'Core::SurfaceMiddleware#call'
    test/controllers/core/org/news/app/posts_controller_test.rb:11:in 'block in <class:PostsControllerTest>'
    test/support/i18n_locale_reset.rb:11:in 'block in ActiveSupport::TestCase#run'
    test/support/i18n_locale_reset.rb:10:in 'ActiveSupport::TestCase#run'

bin/rails test test/controllers/core/org/news/app/posts_controller_test.rb:10

E

Error:
Core::Org::News::App::PostsControllerTest#test_should_get_edit:
NameError: uninitialized constant Preference::Core::CookieOptions
    app/controllers/concerns/preference/base.rb:1096:in 'Preference::Base#preference_cookie_options'
    app/controllers/concerns/preference/base.rb:971:in 'Preference::Base#preference_auth_cookie_options'
    app/controllers/concerns/preference/base.rb:940:in 'Preference::Base#set_refresh_token_cookie'
    app/controllers/concerns/preference/base.rb:762:in 'Preference::Base#create_new_preference_record!'
    app/controllers/concerns/preference/base.rb:721:in 'Preference::Base#load_preference_record_from_refresh_token!'
    app/controllers/concerns/preference/base.rb:217:in 'Preference::Base#set_preferences_cookie'
    app/middleware/core/surface_middleware.rb:12:in 'Core::SurfaceMiddleware#call'
    test/controllers/core/org/news/app/posts_controller_test.rb:31:in 'block in <class:PostsControllerTest>'
    test/support/i18n_locale_reset.rb:11:in 'block in ActiveSupport::TestCase#run'
    test/support/i18n_locale_reset.rb:10:in 'ActiveSupport::TestCase#run'

bin/rails test test/controllers/core/org/news/app/posts_controller_test.rb:30

E

Error:
Core::Org::News::App::PostsControllerTest#test_should_destroy_post:
NameError: uninitialized constant Preference::Core::CookieOptions
    app/controllers/concerns/preference/base.rb:1096:in 'Preference::Base#preference_cookie_options'
    app/controllers/concerns/preference/base.rb:971:in 'Preference::Base#preference_auth_cookie_options'
    app/controllers/concerns/preference/base.rb:940:in 'Preference::Base#set_refresh_token_cookie'
    app/controllers/concerns/preference/base.rb:762:in 'Preference::Base#create_new_preference_record!'
    app/controllers/concerns/preference/base.rb:721:in 'Preference::Base#load_preference_record_from_refresh_token!'
    app/controllers/concerns/preference/base.rb:217:in 'Preference::Base#set_preferences_cookie'
    app/middleware/core/surface_middleware.rb:12:in 'Core::SurfaceMiddleware#call'
    test/controllers/core/org/news/app/posts_controller_test.rb:41:in 'block in <class:PostsControllerTest>'
    test/support/i18n_locale_reset.rb:11:in 'block in ActiveSupport::TestCase#run'
    test/support/i18n_locale_reset.rb:10:in 'ActiveSupport::TestCase#run'

bin/rails test test/controllers/core/org/news/app/posts_controller_test.rb:40

E

Error:
Core::Org::News::App::PostsControllerTest#test_should_get_new:
NameError: uninitialized constant Preference::Core::CookieOptions
    app/controllers/concerns/preference/base.rb:1096:in 'Preference::Base#preference_cookie_options'
    app/controllers/concerns/preference/base.rb:971:in 'Preference::Base#preference_auth_cookie_options'
    app/controllers/concerns/preference/base.rb:940:in 'Preference::Base#set_refresh_token_cookie'
    app/controllers/concerns/preference/base.rb:762:in 'Preference::Base#create_new_preference_record!'
    app/controllers/concerns/preference/base.rb:721:in 'Preference::Base#load_preference_record_from_refresh_token!'
    app/controllers/concerns/preference/base.rb:217:in 'Preference::Base#set_preferences_cookie'
    app/middleware/core/surface_middleware.rb:12:in 'Core::SurfaceMiddleware#call'
    test/controllers/core/org/news/app/posts_controller_test.rb:16:in 'block in <class:PostsControllerTest>'
    test/support/i18n_locale_reset.rb:11:in 'block in ActiveSupport::TestCase#run'
    test/support/i18n_locale_reset.rb:10:in 'ActiveSupport::TestCase#run'

bin/rails test test/controllers/core/org/news/app/posts_controller_test.rb:15

E

Error:
Core::Org::News::App::PostsControllerTest#test_should_show_post:
NameError: uninitialized constant Preference::Core::CookieOptions
    app/controllers/concerns/preference/base.rb:1096:in 'Preference::Base#preference_cookie_options'
    app/controllers/concerns/preference/base.rb:971:in 'Preference::Base#preference_auth_cookie_options'
    app/controllers/concerns/preference/base.rb:940:in 'Preference::Base#set_refresh_token_cookie'
    app/controllers/concerns/preference/base.rb:762:in 'Preference::Base#create_new_preference_record!'
    app/controllers/concerns/preference/base.rb:721:in 'Preference::Base#load_preference_record_from_refresh_token!'
    app/controllers/concerns/preference/base.rb:217:in 'Preference::Base#set_preferences_cookie'
    app/middleware/core/surface_middleware.rb:12:in 'Core::SurfaceMiddleware#call'
    test/controllers/core/org/news/app/posts_controller_test.rb:26:in 'block in <class:PostsControllerTest>'
    test/support/i18n_locale_reset.rb:11:in 'block in ActiveSupport::TestCase#run'
    test/support/i18n_locale_reset.rb:10:in 'ActiveSupport::TestCase#run'

bin/rails test test/controllers/core/org/news/app/posts_controller_test.rb:25

...E

Error:
Sign::Org::InsControllerTest#test_should_get_new:
NameError: uninitialized constant Preference::Core::CookieOptions
    app/controllers/concerns/preference/base.rb:1096:in 'Preference::Base#preference_cookie_options'
    app/controllers/concerns/preference/base.rb:971:in 'Preference::Base#preference_auth_cookie_options'
    app/controllers/concerns/preference/base.rb:940:in 'Preference::Base#set_refresh_token_cookie'
    app/controllers/concerns/preference/base.rb:762:in 'Preference::Base#create_new_preference_record!'
    app/controllers/concerns/preference/base.rb:721:in 'Preference::Base#load_preference_record_from_refresh_token!'
    app/controllers/concerns/preference/base.rb:217:in 'Preference::Base#set_preferences_cookie'
    app/middleware/core/surface_middleware.rb:12:in 'Core::SurfaceMiddleware#call'
    test/controllers/sign/org/ins_controller_test.rb:11:in 'block in <class:InsControllerTest>'
    test/support/i18n_locale_reset.rb:11:in 'block in ActiveSupport::TestCase#run'
    test/support/i18n_locale_reset.rb:10:in 'ActiveSupport::TestCase#run'

bin/rails test test/controllers/sign/org/ins_controller_test.rb:10

E

Error:
Sign::Org::InsControllerTest#test_renders_authentication_links:
NameError: uninitialized constant Preference::Core::CookieOptions
    app/controllers/concerns/preference/base.rb:1096:in 'Preference::Base#preference_cookie_options'
    app/controllers/concerns/preference/base.rb:971:in 'Preference::Base#preference_auth_cookie_options'
    app/controllers/concerns/preference/base.rb:940:in 'Preference::Base#set_refresh_token_cookie'
    app/controllers/concerns/preference/base.rb:762:in 'Preference::Base#create_new_preference_record!'
    app/controllers/concerns/preference/base.rb:721:in 'Preference::Base#load_preference_record_from_refresh_token!'
    app/controllers/concerns/preference/base.rb:217:in 'Preference::Base#set_preferences_cookie'
    app/middleware/core/surface_middleware.rb:12:in 'Core::SurfaceMiddleware#call'
    test/controllers/sign/org/ins_controller_test.rb:17:in 'block in <class:InsControllerTest>'
    test/support/i18n_locale_reset.rb:11:in 'block in ActiveSupport::TestCase#run'
    test/support/i18n_locale_reset.rb:10:in 'ActiveSupport::TestCase#run'

bin/rails test test/controllers/sign/org/ins_controller_test.rb:16

E

Error:
Sign::Org::InsControllerTest#test_renders_back_to_root_link:
NameError: uninitialized constant Preference::Core::CookieOptions
    app/controllers/concerns/preference/base.rb:1096:in 'Preference::Base#preference_cookie_options'
    app/controllers/concerns/preference/base.rb:971:in 'Preference::Base#preference_auth_cookie_options'
    app/controllers/concerns/preference/base.rb:940:in 'Preference::Base#set_refresh_token_cookie'
    app/controllers/concerns/preference/base.rb:762:in 'Preference::Base#create_new_preference_record!'
    app/controllers/concerns/preference/base.rb:721:in 'Preference::Base#load_preference_record_from_refresh_token!'
    app/controllers/concerns/preference/base.rb:217:in 'Preference::Base#set_preferences_cookie'
    app/middleware/core/surface_middleware.rb:12:in 'Core::SurfaceMiddleware#call'
    test/controllers/sign/org/ins_controller_test.rb:27:in 'block in <class:InsControllerTest>'
    test/support/i18n_locale_reset.rb:11:in 'block in ActiveSupport::TestCase#run'
    test/support/i18n_locale_reset.rb:10:in 'ActiveSupport::TestCase#run'

bin/rails test test/controllers/sign/org/ins_controller_test.rb:26

........................................................E

Error:
News::Org::Edge::V1::HealthsControllerTest#test_returns_success_for_default_format:
NameError: uninitialized constant Preference::Core::CookieOptions
    app/controllers/concerns/preference/base.rb:1096:in 'Preference::Base#preference_cookie_options'
    app/controllers/concerns/preference/base.rb:971:in 'Preference::Base#preference_auth_cookie_options'
    app/controllers/concerns/preference/base.rb:940:in 'Preference::Base#set_refresh_token_cookie'
    app/controllers/concerns/preference/base.rb:762:in 'Preference::Base#create_new_preference_record!'
    app/controllers/concerns/preference/base.rb:721:in 'Preference::Base#load_preference_record_from_refresh_token!'
    app/controllers/concerns/preference/base.rb:217:in 'Preference::Base#set_preferences_cookie'
    app/middleware/core/surface_middleware.rb:12:in 'Core::SurfaceMiddleware#call'
    test/controllers/news/org/edge/v1/healths_controller_test.rb:11:in 'block in <class:HealthsControllerTest>'
    test/support/i18n_locale_reset.rb:11:in 'block in ActiveSupport::TestCase#run'
    test/support/i18n_locale_reset.rb:10:in 'ActiveSupport::TestCase#run'

bin/rails test test/controllers/news/org/edge/v1/healths_controller_test.rb:10

E

Error:
News::Org::Edge::V1::HealthsControllerTest#test_returns_success_for_explicit_html_format:
NameError: uninitialized constant Preference::Core::CookieOptions
    app/controllers/concerns/preference/base.rb:1096:in 'Preference::Base#preference_cookie_options'
    app/controllers/concerns/preference/base.rb:971:in 'Preference::Base#preference_auth_cookie_options'
    app/controllers/concerns/preference/base.rb:940:in 'Preference::Base#set_refresh_token_cookie'
    app/controllers/concerns/preference/base.rb:762:in 'Preference::Base#create_new_preference_record!'
    app/controllers/concerns/preference/base.rb:721:in 'Preference::Base#load_preference_record_from_refresh_token!'
    app/controllers/concerns/preference/base.rb:217:in 'Preference::Base#set_preferences_cookie'
    app/middleware/core/surface_middleware.rb:12:in 'Core::SurfaceMiddleware#call'
    test/controllers/news/org/edge/v1/healths_controller_test.rb:18:in 'block in <class:HealthsControllerTest>'
    test/support/i18n_locale_reset.rb:11:in 'block in ActiveSupport::TestCase#run'
    test/support/i18n_locale_reset.rb:10:in 'ActiveSupport::TestCase#run'

bin/rails test test/controllers/news/org/edge/v1/healths_controller_test.rb:17

E

Error:
News::Org::Edge::V1::HealthsControllerTest#test_raises_error_for_unsupported_yaml_format:
NameError: uninitialized constant Preference::Core::CookieOptions
    app/controllers/concerns/preference/base.rb:1096:in 'Preference::Base#preference_cookie_options'
    app/controllers/concerns/preference/base.rb:971:in 'Preference::Base#preference_auth_cookie_options'
    app/controllers/concerns/preference/base.rb:940:in 'Preference::Base#set_refresh_token_cookie'
    app/controllers/concerns/preference/base.rb:762:in 'Preference::Base#create_new_preference_record!'
    app/controllers/concerns/preference/base.rb:721:in 'Preference::Base#load_preference_record_from_refresh_token!'
    app/controllers/concerns/preference/base.rb:217:in 'Preference::Base#set_preferences_cookie'
    app/middleware/core/surface_middleware.rb:12:in 'Core::SurfaceMiddleware#call'
    test/controllers/news/org/edge/v1/healths_controller_test.rb:32:in 'block in <class:HealthsControllerTest>'
    test/support/i18n_locale_reset.rb:11:in 'block in ActiveSupport::TestCase#run'
    test/support/i18n_locale_reset.rb:10:in 'ActiveSupport::TestCase#run'

bin/rails test test/controllers/news/org/edge/v1/healths_controller_test.rb:31

E

Error:
News::Org::Edge::V1::HealthsControllerTest#test_returns_OK_status_payload_for_json_format:
NameError: uninitialized constant Preference::Core::CookieOptions
    app/controllers/concerns/preference/base.rb:1096:in 'Preference::Base#preference_cookie_options'
    app/controllers/concerns/preference/base.rb:971:in 'Preference::Base#preference_auth_cookie_options'
    app/controllers/concerns/preference/base.rb:940:in 'Preference::Base#set_refresh_token_cookie'
    app/controllers/concerns/preference/base.rb:762:in 'Preference::Base#create_new_preference_record!'
    app/controllers/concerns/preference/base.rb:721:in 'Preference::Base#load_preference_record_from_refresh_token!'
    app/controllers/concerns/preference/base.rb:217:in 'Preference::Base#set_preferences_cookie'
    app/middleware/core/surface_middleware.rb:12:in 'Core::SurfaceMiddleware#call'
    test/controllers/news/org/edge/v1/healths_controller_test.rb:25:in 'block in <class:HealthsControllerTest>'
    test/support/i18n_locale_reset.rb:11:in 'block in ActiveSupport::TestCase#run'
    test/support/i18n_locale_reset.rb:10:in 'ActiveSupport::TestCase#run'

bin/rails test test/controllers/news/org/edge/v1/healths_controller_test.rb:24

E

Error:
News::App::HealthsControllerTest#test_GET_/health_returns_OK_response:
NameError: uninitialized constant Preference::Core::CookieOptions
    app/controllers/concerns/preference/base.rb:1096:in 'Preference::Base#preference_cookie_options'
    app/controllers/concerns/preference/base.rb:971:in 'Preference::Base#preference_auth_cookie_options'
    app/controllers/concerns/preference/base.rb:940:in 'Preference::Base#set_refresh_token_cookie'
    app/controllers/concerns/preference/base.rb:762:in 'Preference::Base#create_new_preference_record!'
    app/controllers/concerns/preference/base.rb:721:in 'Preference::Base#load_preference_record_from_refresh_token!'
    app/controllers/concerns/preference/base.rb:217:in 'Preference::Base#set_preferences_cookie'
    app/middleware/core/surface_middleware.rb:12:in 'Core::SurfaceMiddleware#call'
    test/controllers/news/app/healths_controller_test.rb:7:in 'block in <class:HealthsControllerTest>'
    test/support/i18n_locale_reset.rb:11:in 'block in ActiveSupport::TestCase#run'
    test/support/i18n_locale_reset.rb:10:in 'ActiveSupport::TestCase#run'

bin/rails test test/controllers/news/app/healths_controller_test.rb:6

E

Error:
News::App::HealthsControllerTest#test_GET_/health_returns_OK_html_response:
NameError: uninitialized constant Preference::Core::CookieOptions
    app/controllers/concerns/preference/base.rb:1096:in 'Preference::Base#preference_cookie_options'
    app/controllers/concerns/preference/base.rb:971:in 'Preference::Base#preference_auth_cookie_options'
    app/controllers/concerns/preference/base.rb:940:in 'Preference::Base#set_refresh_token_cookie'
    app/controllers/concerns/preference/base.rb:762:in 'Preference::Base#create_new_preference_record!'
    app/controllers/concerns/preference/base.rb:721:in 'Preference::Base#load_preference_record_from_refresh_token!'
    app/controllers/concerns/preference/base.rb:217:in 'Preference::Base#set_preferences_cookie'
    app/middleware/core/surface_middleware.rb:12:in 'Core::SurfaceMiddleware#call'
    test/controllers/news/app/healths_controller_test.rb:14:in 'block in <class:HealthsControllerTest>'
    test/support/i18n_locale_reset.rb:11:in 'block in ActiveSupport::TestCase#run'
    test/support/i18n_locale_reset.rb:10:in 'ActiveSupport::TestCase#run'

bin/rails test test/controllers/news/app/healths_controller_test.rb:13

E

Error:
News::App::HealthsControllerTest#test_GET_/health_returns_OK_json_response:
NameError: uninitialized constant Preference::Core::CookieOptions
    app/controllers/concerns/preference/base.rb:1096:in 'Preference::Base#preference_cookie_options'
    app/controllers/concerns/preference/base.rb:971:in 'Preference::Base#preference_auth_cookie_options'
    app/controllers/concerns/preference/base.rb:940:in 'Preference::Base#set_refresh_token_cookie'
    app/controllers/concerns/preference/base.rb:762:in 'Preference::Base#create_new_preference_record!'
    app/controllers/concerns/preference/base.rb:721:in 'Preference::Base#load_preference_record_from_refresh_token!'
    app/controllers/concerns/preference/base.rb:217:in 'Preference::Base#set_preferences_cookie'
    app/middleware/core/surface_middleware.rb:12:in 'Core::SurfaceMiddleware#call'
    test/controllers/news/app/healths_controller_test.rb:21:in 'block in <class:HealthsControllerTest>'
    test/support/i18n_locale_reset.rb:11:in 'block in ActiveSupport::TestCase#run'
    test/support/i18n_locale_reset.rb:10:in 'ActiveSupport::TestCase#run'

bin/rails test test/controllers/news/app/healths_controller_test.rb:20

..........................................E

Error:
Sign::Org::Edge::V1::SignedInsControllerTest#test_GET_signed_in_with_valid_access_token_returns_signed_in_true:
NameError: uninitialized constant Preference::Core::CookieOptions
    app/controllers/concerns/preference/base.rb:1096:in 'Preference::Base#preference_cookie_options'
    app/controllers/concerns/preference/base.rb:378:in 'Preference::Base#write_preference_cookie'
    app/controllers/concerns/preference/base.rb:242:in 'Preference::Base#set_color_theme'
    app/middleware/core/surface_middleware.rb:12:in 'Core::SurfaceMiddleware#call'
    test/controllers/sign/org/edge/v1/signed_ins_controller_test.rb:25:in 'block in <class:SignedInsControllerTest>'
    test/support/i18n_locale_reset.rb:11:in 'block in ActiveSupport::TestCase#run'
    test/support/i18n_locale_reset.rb:10:in 'ActiveSupport::TestCase#run'

bin/rails test test/controllers/sign/org/edge/v1/signed_ins_controller_test.rb:14

E

Error:
Sign::Org::Edge::V1::SignedInsControllerTest#test_GET_signed_in_refreshes_access_and_returns_signed_in_true_when_refresh_is_valid:
NameError: uninitialized constant Preference::Core::CookieOptions
    app/controllers/concerns/preference/base.rb:1096:in 'Preference::Base#preference_cookie_options'
    app/controllers/concerns/preference/base.rb:378:in 'Preference::Base#write_preference_cookie'
    app/controllers/concerns/preference/base.rb:242:in 'Preference::Base#set_color_theme'
    app/middleware/core/surface_middleware.rb:12:in 'Core::SurfaceMiddleware#call'
    test/controllers/sign/org/edge/v1/signed_ins_controller_test.rb:40:in 'block in <class:SignedInsControllerTest>'
    test/support/i18n_locale_reset.rb:11:in 'block in ActiveSupport::TestCase#run'
    test/support/i18n_locale_reset.rb:10:in 'ActiveSupport::TestCase#run'

bin/rails test test/controllers/sign/org/edge/v1/signed_ins_controller_test.rb:34

E

Error:
Sign::Org::Edge::V1::SignedInsControllerTest#test_GET_signed_in_returns_401_when_access_and_refresh_are_invalid:
NameError: uninitialized constant Preference::Core::CookieOptions
    app/controllers/concerns/preference/base.rb:1096:in 'Preference::Base#preference_cookie_options'
    app/controllers/concerns/preference/base.rb:378:in 'Preference::Base#write_preference_cookie'
    app/controllers/concerns/preference/base.rb:242:in 'Preference::Base#set_color_theme'
    app/middleware/core/surface_middleware.rb:12:in 'Core::SurfaceMiddleware#call'
    test/controllers/sign/org/edge/v1/signed_ins_controller_test.rb:54:in 'block in <class:SignedInsControllerTest>'
    test/support/i18n_locale_reset.rb:11:in 'block in ActiveSupport::TestCase#run'
    test/support/i18n_locale_reset.rb:10:in 'ActiveSupport::TestCase#run'

bin/rails test test/controllers/sign/org/edge/v1/signed_ins_controller_test.rb:50

E

Error:
Core::Org::Docs::Com::PostsControllerTest#test_should_create_post:
NameError: uninitialized constant Preference::Core::CookieOptions
    app/controllers/concerns/preference/base.rb:1096:in 'Preference::Base#preference_cookie_options'
    app/controllers/concerns/preference/base.rb:971:in 'Preference::Base#preference_auth_cookie_options'
    app/controllers/concerns/preference/base.rb:940:in 'Preference::Base#set_refresh_token_cookie'
    app/controllers/concerns/preference/base.rb:762:in 'Preference::Base#create_new_preference_record!'
    app/controllers/concerns/preference/base.rb:721:in 'Preference::Base#load_preference_record_from_refresh_token!'
    app/controllers/concerns/preference/base.rb:217:in 'Preference::Base#set_preferences_cookie'
    app/middleware/core/surface_middleware.rb:12:in 'Core::SurfaceMiddleware#call'
    test/controllers/core/org/docs/com/posts_controller_test.rb:21:in 'block in <class:PostsControllerTest>'
    test/support/i18n_locale_reset.rb:11:in 'block in ActiveSupport::TestCase#run'
    test/support/i18n_locale_reset.rb:10:in 'ActiveSupport::TestCase#run'

bin/rails test test/controllers/core/org/docs/com/posts_controller_test.rb:20

E

Error:
Core::Org::Docs::Com::PostsControllerTest#test_should_update_post:
NameError: uninitialized constant Preference::Core::CookieOptions
    app/controllers/concerns/preference/base.rb:1096:in 'Preference::Base#preference_cookie_options'
    app/controllers/concerns/preference/base.rb:971:in 'Preference::Base#preference_auth_cookie_options'
    app/controllers/concerns/preference/base.rb:940:in 'Preference::Base#set_refresh_token_cookie'
    app/controllers/concerns/preference/base.rb:762:in 'Preference::Base#create_new_preference_record!'
    app/controllers/concerns/preference/base.rb:721:in 'Preference::Base#load_preference_record_from_refresh_token!'
    app/controllers/concerns/preference/base.rb:217:in 'Preference::Base#set_preferences_cookie'
    app/middleware/core/surface_middleware.rb:12:in 'Core::SurfaceMiddleware#call'
    test/controllers/core/org/docs/com/posts_controller_test.rb:36:in 'block in <class:PostsControllerTest>'
    test/support/i18n_locale_reset.rb:11:in 'block in ActiveSupport::TestCase#run'
    test/support/i18n_locale_reset.rb:10:in 'ActiveSupport::TestCase#run'

bin/rails test test/controllers/core/org/docs/com/posts_controller_test.rb:35

E

Error:
Core::Org::Docs::Com::PostsControllerTest#test_should_get_index:
NameError: uninitialized constant Preference::Core::CookieOptions
    app/controllers/concerns/preference/base.rb:1096:in 'Preference::Base#preference_cookie_options'
    app/controllers/concerns/preference/base.rb:971:in 'Preference::Base#preference_auth_cookie_options'
    app/controllers/concerns/preference/base.rb:940:in 'Preference::Base#set_refresh_token_cookie'
    app/controllers/concerns/preference/base.rb:762:in 'Preference::Base#create_new_preference_record!'
    app/controllers/concerns/preference/base.rb:721:in 'Preference::Base#load_preference_record_from_refresh_token!'
    app/controllers/concerns/preference/base.rb:217:in 'Preference::Base#set_preferences_cookie'
    app/middleware/core/surface_middleware.rb:12:in 'Core::SurfaceMiddleware#call'
    test/controllers/core/org/docs/com/posts_controller_test.rb:11:in 'block in <class:PostsControllerTest>'
    test/support/i18n_locale_reset.rb:11:in 'block in ActiveSupport::TestCase#run'
    test/support/i18n_locale_reset.rb:10:in 'ActiveSupport::TestCase#run'

bin/rails test test/controllers/core/org/docs/com/posts_controller_test.rb:10

E

Error:
Core::Org::Docs::Com::PostsControllerTest#test_should_get_edit:
NameError: uninitialized constant Preference::Core::CookieOptions
    app/controllers/concerns/preference/base.rb:1096:in 'Preference::Base#preference_cookie_options'
    app/controllers/concerns/preference/base.rb:971:in 'Preference::Base#preference_auth_cookie_options'
    app/controllers/concerns/preference/base.rb:940:in 'Preference::Base#set_refresh_token_cookie'
    app/controllers/concerns/preference/base.rb:762:in 'Preference::Base#create_new_preference_record!'
    app/controllers/concerns/preference/base.rb:721:in 'Preference::Base#load_preference_record_from_refresh_token!'
    app/controllers/concerns/preference/base.rb:217:in 'Preference::Base#set_preferences_cookie'
    app/middleware/core/surface_middleware.rb:12:in 'Core::SurfaceMiddleware#call'
    test/controllers/core/org/docs/com/posts_controller_test.rb:31:in 'block in <class:PostsControllerTest>'
    test/support/i18n_locale_reset.rb:11:in 'block in ActiveSupport::TestCase#run'
    test/support/i18n_locale_reset.rb:10:in 'ActiveSupport::TestCase#run'

bin/rails test test/controllers/core/org/docs/com/posts_controller_test.rb:30

E

Error:
Core::Org::Docs::Com::PostsControllerTest#test_should_destroy_post:
NameError: uninitialized constant Preference::Core::CookieOptions
    app/controllers/concerns/preference/base.rb:1096:in 'Preference::Base#preference_cookie_options'
    app/controllers/concerns/preference/base.rb:971:in 'Preference::Base#preference_auth_cookie_options'
    app/controllers/concerns/preference/base.rb:940:in 'Preference::Base#set_refresh_token_cookie'
    app/controllers/concerns/preference/base.rb:762:in 'Preference::Base#create_new_preference_record!'
    app/controllers/concerns/preference/base.rb:721:in 'Preference::Base#load_preference_record_from_refresh_token!'
    app/controllers/concerns/preference/base.rb:217:in 'Preference::Base#set_preferences_cookie'
    app/middleware/core/surface_middleware.rb:12:in 'Core::SurfaceMiddleware#call'
    test/controllers/core/org/docs/com/posts_controller_test.rb:41:in 'block in <class:PostsControllerTest>'
    test/support/i18n_locale_reset.rb:11:in 'block in ActiveSupport::TestCase#run'
    test/support/i18n_locale_reset.rb:10:in 'ActiveSupport::TestCase#run'

bin/rails test test/controllers/core/org/docs/com/posts_controller_test.rb:40

E

Error:
Core::Org::Docs::Com::PostsControllerTest#test_should_get_new:
NameError: uninitialized constant Preference::Core::CookieOptions
    app/controllers/concerns/preference/base.rb:1096:in 'Preference::Base#preference_cookie_options'
    app/controllers/concerns/preference/base.rb:971:in 'Preference::Base#preference_auth_cookie_options'
    app/controllers/concerns/preference/base.rb:940:in 'Preference::Base#set_refresh_token_cookie'
    app/controllers/concerns/preference/base.rb:762:in 'Preference::Base#create_new_preference_record!'
    app/controllers/concerns/preference/base.rb:721:in 'Preference::Base#load_preference_record_from_refresh_token!'
    app/controllers/concerns/preference/base.rb:217:in 'Preference::Base#set_preferences_cookie'
    app/middleware/core/surface_middleware.rb:12:in 'Core::SurfaceMiddleware#call'
    test/controllers/core/org/docs/com/posts_controller_test.rb:16:in 'block in <class:PostsControllerTest>'
    test/support/i18n_locale_reset.rb:11:in 'block in ActiveSupport::TestCase#run'
    test/support/i18n_locale_reset.rb:10:in 'ActiveSupport::TestCase#run'

bin/rails test test/controllers/core/org/docs/com/posts_controller_test.rb:15

E

Error:
Core::Org::Docs::Com::PostsControllerTest#test_should_show_post:
NameError: uninitialized constant Preference::Core::CookieOptions
    app/controllers/concerns/preference/base.rb:1096:in 'Preference::Base#preference_cookie_options'
    app/controllers/concerns/preference/base.rb:971:in 'Preference::Base#preference_auth_cookie_options'
    app/controllers/concerns/preference/base.rb:940:in 'Preference::Base#set_refresh_token_cookie'
    app/controllers/concerns/preference/base.rb:762:in 'Preference::Base#create_new_preference_record!'
    app/controllers/concerns/preference/base.rb:721:in 'Preference::Base#load_preference_record_from_refresh_token!'
    app/controllers/concerns/preference/base.rb:217:in 'Preference::Base#set_preferences_cookie'
    app/middleware/core/surface_middleware.rb:12:in 'Core::SurfaceMiddleware#call'
    test/controllers/core/org/docs/com/posts_controller_test.rb:26:in 'block in <class:PostsControllerTest>'
    test/support/i18n_locale_reset.rb:11:in 'block in ActiveSupport::TestCase#run'
    test/support/i18n_locale_reset.rb:10:in 'ActiveSupport::TestCase#run'

bin/rails test test/controllers/core/org/docs/com/posts_controller_test.rb:25

......E

Error:
Sign::App::In::MfaTotpsControllerTest#test_create_without_pending_mfa_redirects_to_sign_in:
NameError: uninitialized constant Preference::Core::CookieOptions
    app/controllers/concerns/preference/base.rb:1096:in 'Preference::Base#preference_cookie_options'
    app/controllers/concerns/preference/base.rb:971:in 'Preference::Base#preference_auth_cookie_options'
    app/controllers/concerns/preference/base.rb:940:in 'Preference::Base#set_refresh_token_cookie'
    app/controllers/concerns/preference/base.rb:762:in 'Preference::Base#create_new_preference_record!'
    app/controllers/concerns/preference/base.rb:721:in 'Preference::Base#load_preference_record_from_refresh_token!'
    app/controllers/concerns/preference/base.rb:217:in 'Preference::Base#set_preferences_cookie'
    app/middleware/core/surface_middleware.rb:12:in 'Core::SurfaceMiddleware#call'
    test/controllers/sign/app/in/mfa/totps_controller_test.rb:96:in 'block in <class:MfaTotpsControllerTest>'
    test/support/i18n_locale_reset.rb:11:in 'block in ActiveSupport::TestCase#run'
    test/support/i18n_locale_reset.rb:10:in 'ActiveSupport::TestCase#run'

bin/rails test test/controllers/sign/app/in/mfa/totps_controller_test.rb:95

E

Error:
Sign::App::In::MfaTotpsControllerTest#test_new_redirects_to_sign_in_when_pending_mfa_is_missing:
NameError: uninitialized constant Preference::Core::CookieOptions
    app/controllers/concerns/preference/base.rb:1096:in 'Preference::Base#preference_cookie_options'
    app/controllers/concerns/preference/base.rb:971:in 'Preference::Base#preference_auth_cookie_options'
    app/controllers/concerns/preference/base.rb:940:in 'Preference::Base#set_refresh_token_cookie'
    app/controllers/concerns/preference/base.rb:762:in 'Preference::Base#create_new_preference_record!'
    app/controllers/concerns/preference/base.rb:721:in 'Preference::Base#load_preference_record_from_refresh_token!'
    app/controllers/concerns/preference/base.rb:217:in 'Preference::Base#set_preferences_cookie'
    app/middleware/core/surface_middleware.rb:12:in 'Core::SurfaceMiddleware#call'
    test/controllers/sign/app/in/mfa/totps_controller_test.rb:40:in 'block in <class:MfaTotpsControllerTest>'
    test/support/i18n_locale_reset.rb:11:in 'block in ActiveSupport::TestCase#run'
    test/support/i18n_locale_reset.rb:10:in 'ActiveSupport::TestCase#run'

bin/rails test test/controllers/sign/app/in/mfa/totps_controller_test.rb:39

E

Error:
Sign::App::In::MfaTotpsControllerTest#test_create_with_invalid_TOTP_code_renders_form_with_error:
NameError: uninitialized constant Preference::Core::CookieOptions
    app/controllers/concerns/preference/base.rb:1096:in 'Preference::Base#preference_cookie_options'
    app/controllers/concerns/preference/base.rb:971:in 'Preference::Base#preference_auth_cookie_options'
    app/controllers/concerns/preference/base.rb:940:in 'Preference::Base#set_refresh_token_cookie'
    app/controllers/concerns/preference/base.rb:762:in 'Preference::Base#create_new_preference_record!'
    app/controllers/concerns/preference/base.rb:721:in 'Preference::Base#load_preference_record_from_refresh_token!'
    app/controllers/concerns/preference/base.rb:217:in 'Preference::Base#set_preferences_cookie'
    app/middleware/core/surface_middleware.rb:12:in 'Core::SurfaceMiddleware#call'
    test/controllers/sign/app/in/mfa/totps_controller_test.rb:107:in 'Sign::App::In::MfaTotpsControllerTest#establish_pending_mfa_via_secret!'
    test/controllers/sign/app/in/mfa/totps_controller_test.rb:85:in 'block in <class:MfaTotpsControllerTest>'
    test/support/i18n_locale_reset.rb:11:in 'block in ActiveSupport::TestCase#run'
    test/support/i18n_locale_reset.rb:10:in 'ActiveSupport::TestCase#run'

bin/rails test test/controllers/sign/app/in/mfa/totps_controller_test.rb:84

E

Error:
Sign::App::In::MfaTotpsControllerTest#test_create_with_valid_TOTP_code_redirects_to_configuration:
NameError: uninitialized constant Preference::Core::CookieOptions
    app/controllers/concerns/preference/base.rb:1096:in 'Preference::Base#preference_cookie_options'
    app/controllers/concerns/preference/base.rb:971:in 'Preference::Base#preference_auth_cookie_options'
    app/controllers/concerns/preference/base.rb:940:in 'Preference::Base#set_refresh_token_cookie'
    app/controllers/concerns/preference/base.rb:762:in 'Preference::Base#create_new_preference_record!'
    app/controllers/concerns/preference/base.rb:721:in 'Preference::Base#load_preference_record_from_refresh_token!'
    app/controllers/concerns/preference/base.rb:217:in 'Preference::Base#set_preferences_cookie'
    app/middleware/core/surface_middleware.rb:12:in 'Core::SurfaceMiddleware#call'
    test/controllers/sign/app/in/mfa/totps_controller_test.rb:107:in 'Sign::App::In::MfaTotpsControllerTest#establish_pending_mfa_via_secret!'
    test/controllers/sign/app/in/mfa/totps_controller_test.rb:48:in 'block in <class:MfaTotpsControllerTest>'
    test/support/i18n_locale_reset.rb:11:in 'block in ActiveSupport::TestCase#run'
    test/support/i18n_locale_reset.rb:10:in 'ActiveSupport::TestCase#run'

bin/rails test test/controllers/sign/app/in/mfa/totps_controller_test.rb:47

E

Error:
News::Com::Edge::V1::HealthsControllerTest#test_returns_success_for_default_format:
NameError: uninitialized constant Preference::Core::CookieOptions
    app/controllers/concerns/preference/base.rb:1096:in 'Preference::Base#preference_cookie_options'
    app/controllers/concerns/preference/base.rb:971:in 'Preference::Base#preference_auth_cookie_options'
    app/controllers/concerns/preference/base.rb:940:in 'Preference::Base#set_refresh_token_cookie'
    app/controllers/concerns/preference/base.rb:762:in 'Preference::Base#create_new_preference_record!'
    app/controllers/concerns/preference/base.rb:721:in 'Preference::Base#load_preference_record_from_refresh_token!'
    app/controllers/concerns/preference/base.rb:217:in 'Preference::Base#set_preferences_cookie'
    app/middleware/core/surface_middleware.rb:12:in 'Core::SurfaceMiddleware#call'
    test/controllers/news/com/edge/v1/healths_controller_test.rb:11:in 'block in <class:HealthsControllerTest>'
    test/support/i18n_locale_reset.rb:11:in 'block in ActiveSupport::TestCase#run'
    test/support/i18n_locale_reset.rb:10:in 'ActiveSupport::TestCase#run'

bin/rails test test/controllers/news/com/edge/v1/healths_controller_test.rb:10

E

Error:
News::Com::Edge::V1::HealthsControllerTest#test_returns_success_for_explicit_html_format:
NameError: uninitialized constant Preference::Core::CookieOptions
    app/controllers/concerns/preference/base.rb:1096:in 'Preference::Base#preference_cookie_options'
    app/controllers/concerns/preference/base.rb:971:in 'Preference::Base#preference_auth_cookie_options'
    app/controllers/concerns/preference/base.rb:940:in 'Preference::Base#set_refresh_token_cookie'
    app/controllers/concerns/preference/base.rb:762:in 'Preference::Base#create_new_preference_record!'
    app/controllers/concerns/preference/base.rb:721:in 'Preference::Base#load_preference_record_from_refresh_token!'
    app/controllers/concerns/preference/base.rb:217:in 'Preference::Base#set_preferences_cookie'
    app/middleware/core/surface_middleware.rb:12:in 'Core::SurfaceMiddleware#call'
    test/controllers/news/com/edge/v1/healths_controller_test.rb:18:in 'block in <class:HealthsControllerTest>'
    test/support/i18n_locale_reset.rb:11:in 'block in ActiveSupport::TestCase#run'
    test/support/i18n_locale_reset.rb:10:in 'ActiveSupport::TestCase#run'

bin/rails test test/controllers/news/com/edge/v1/healths_controller_test.rb:17

E

Error:
News::Com::Edge::V1::HealthsControllerTest#test_raises_error_for_unsupported_yaml_format:
NameError: uninitialized constant Preference::Core::CookieOptions
    app/controllers/concerns/preference/base.rb:1096:in 'Preference::Base#preference_cookie_options'
    app/controllers/concerns/preference/base.rb:971:in 'Preference::Base#preference_auth_cookie_options'
    app/controllers/concerns/preference/base.rb:940:in 'Preference::Base#set_refresh_token_cookie'
    app/controllers/concerns/preference/base.rb:762:in 'Preference::Base#create_new_preference_record!'
    app/controllers/concerns/preference/base.rb:721:in 'Preference::Base#load_preference_record_from_refresh_token!'
    app/controllers/concerns/preference/base.rb:217:in 'Preference::Base#set_preferences_cookie'
    app/middleware/core/surface_middleware.rb:12:in 'Core::SurfaceMiddleware#call'
    test/controllers/news/com/edge/v1/healths_controller_test.rb:32:in 'block in <class:HealthsControllerTest>'
    test/support/i18n_locale_reset.rb:11:in 'block in ActiveSupport::TestCase#run'
    test/support/i18n_locale_reset.rb:10:in 'ActiveSupport::TestCase#run'

bin/rails test test/controllers/news/com/edge/v1/healths_controller_test.rb:31

E

Error:
News::Com::Edge::V1::HealthsControllerTest#test_returns_OK_status_payload_for_json_format:
NameError: uninitialized constant Preference::Core::CookieOptions
    app/controllers/concerns/preference/base.rb:1096:in 'Preference::Base#preference_cookie_options'
    app/controllers/concerns/preference/base.rb:971:in 'Preference::Base#preference_auth_cookie_options'
    app/controllers/concerns/preference/base.rb:940:in 'Preference::Base#set_refresh_token_cookie'
    app/controllers/concerns/preference/base.rb:762:in 'Preference::Base#create_new_preference_record!'
    app/controllers/concerns/preference/base.rb:721:in 'Preference::Base#load_preference_record_from_refresh_token!'
    app/controllers/concerns/preference/base.rb:217:in 'Preference::Base#set_preferences_cookie'
    app/middleware/core/surface_middleware.rb:12:in 'Core::SurfaceMiddleware#call'
    test/controllers/news/com/edge/v1/healths_controller_test.rb:25:in 'block in <class:HealthsControllerTest>'
    test/support/i18n_locale_reset.rb:11:in 'block in ActiveSupport::TestCase#run'
    test/support/i18n_locale_reset.rb:10:in 'ActiveSupport::TestCase#run'

bin/rails test test/controllers/news/com/edge/v1/healths_controller_test.rb:24

..E

Error:
News::App::Edge::V1::VersionsControllerTest#test_should_get_show:
NameError: uninitialized constant Preference::Core::CookieOptions
    app/controllers/concerns/preference/base.rb:1096:in 'Preference::Base#preference_cookie_options'
    app/controllers/concerns/preference/base.rb:971:in 'Preference::Base#preference_auth_cookie_options'
    app/controllers/concerns/preference/base.rb:940:in 'Preference::Base#set_refresh_token_cookie'
    app/controllers/concerns/preference/base.rb:762:in 'Preference::Base#create_new_preference_record!'
    app/controllers/concerns/preference/base.rb:721:in 'Preference::Base#load_preference_record_from_refresh_token!'
    app/controllers/concerns/preference/base.rb:217:in 'Preference::Base#set_preferences_cookie'
    app/middleware/core/surface_middleware.rb:12:in 'Core::SurfaceMiddleware#call'
    test/controllers/news/app/edge/v1/versions_controller_test.rb:23:in 'block in <class:VersionsControllerTest>'
    test/support/i18n_locale_reset.rb:11:in 'block in ActiveSupport::TestCase#run'
    test/support/i18n_locale_reset.rb:10:in 'ActiveSupport::TestCase#run'

bin/rails test test/controllers/news/app/edge/v1/versions_controller_test.rb:22

E

Error:
News::App::Edge::V1::VersionsControllerTest#test_should_get_show_as_json:
NameError: uninitialized constant Preference::Core::CookieOptions
    app/controllers/concerns/preference/base.rb:1096:in 'Preference::Base#preference_cookie_options'
    app/controllers/concerns/preference/base.rb:971:in 'Preference::Base#preference_auth_cookie_options'
    app/controllers/concerns/preference/base.rb:940:in 'Preference::Base#set_refresh_token_cookie'
    app/controllers/concerns/preference/base.rb:762:in 'Preference::Base#create_new_preference_record!'
    app/controllers/concerns/preference/base.rb:721:in 'Preference::Base#load_preference_record_from_refresh_token!'
    app/controllers/concerns/preference/base.rb:217:in 'Preference::Base#set_preferences_cookie'
    app/middleware/core/surface_middleware.rb:12:in 'Core::SurfaceMiddleware#call'
    test/controllers/news/app/edge/v1/versions_controller_test.rb:28:in 'block in <class:VersionsControllerTest>'
    test/support/i18n_locale_reset.rb:11:in 'block in ActiveSupport::TestCase#run'
    test/support/i18n_locale_reset.rb:10:in 'ActiveSupport::TestCase#run'

bin/rails test test/controllers/news/app/edge/v1/versions_controller_test.rb:27

E

Error:
News::App::Edge::V1::VersionsControllerTest#test_should_get_index:
NameError: uninitialized constant Preference::Core::CookieOptions
    app/controllers/concerns/preference/base.rb:1096:in 'Preference::Base#preference_cookie_options'
    app/controllers/concerns/preference/base.rb:971:in 'Preference::Base#preference_auth_cookie_options'
    app/controllers/concerns/preference/base.rb:940:in 'Preference::Base#set_refresh_token_cookie'
    app/controllers/concerns/preference/base.rb:762:in 'Preference::Base#create_new_preference_record!'
    app/controllers/concerns/preference/base.rb:721:in 'Preference::Base#load_preference_record_from_refresh_token!'
    app/controllers/concerns/preference/base.rb:217:in 'Preference::Base#set_preferences_cookie'
    app/middleware/core/surface_middleware.rb:12:in 'Core::SurfaceMiddleware#call'
    test/controllers/news/app/edge/v1/versions_controller_test.rb:11:in 'block in <class:VersionsControllerTest>'
    test/support/i18n_locale_reset.rb:11:in 'block in ActiveSupport::TestCase#run'
    test/support/i18n_locale_reset.rb:10:in 'ActiveSupport::TestCase#run'

bin/rails test test/controllers/news/app/edge/v1/versions_controller_test.rb:10

E

Error:
News::App::Edge::V1::VersionsControllerTest#test_should_get_index_as_json:
NameError: uninitialized constant Preference::Core::CookieOptions
    app/controllers/concerns/preference/base.rb:1096:in 'Preference::Base#preference_cookie_options'
    app/controllers/concerns/preference/base.rb:971:in 'Preference::Base#preference_auth_cookie_options'
    app/controllers/concerns/preference/base.rb:940:in 'Preference::Base#set_refresh_token_cookie'
    app/controllers/concerns/preference/base.rb:762:in 'Preference::Base#create_new_preference_record!'
    app/controllers/concerns/preference/base.rb:721:in 'Preference::Base#load_preference_record_from_refresh_token!'
    app/controllers/concerns/preference/base.rb:217:in 'Preference::Base#set_preferences_cookie'
    app/middleware/core/surface_middleware.rb:12:in 'Core::SurfaceMiddleware#call'
    test/controllers/news/app/edge/v1/versions_controller_test.rb:16:in 'block in <class:VersionsControllerTest>'
    test/support/i18n_locale_reset.rb:11:in 'block in ActiveSupport::TestCase#run'
    test/support/i18n_locale_reset.rb:10:in 'ActiveSupport::TestCase#run'

bin/rails test test/controllers/news/app/edge/v1/versions_controller_test.rb:15

..........E

Error:
Sign::App::Client::V1::HealthsControllerTest#test_returns_success_for_default_format:
NameError: uninitialized constant Preference::Core::CookieOptions
    app/controllers/concerns/preference/base.rb:1096:in 'Preference::Base#preference_cookie_options'
    app/controllers/concerns/preference/base.rb:971:in 'Preference::Base#preference_auth_cookie_options'
    app/controllers/concerns/preference/base.rb:940:in 'Preference::Base#set_refresh_token_cookie'
    app/controllers/concerns/preference/base.rb:762:in 'Preference::Base#create_new_preference_record!'
    app/controllers/concerns/preference/base.rb:721:in 'Preference::Base#load_preference_record_from_refresh_token!'
    app/controllers/concerns/preference/base.rb:217:in 'Preference::Base#set_preferences_cookie'
    app/middleware/core/surface_middleware.rb:12:in 'Core::SurfaceMiddleware#call'
    test/controllers/sign/app/client/v1/healths_controller_test.rb:14:in 'block in <class:HealthsControllerTest>'
    test/support/i18n_locale_reset.rb:11:in 'block in ActiveSupport::TestCase#run'
    test/support/i18n_locale_reset.rb:10:in 'ActiveSupport::TestCase#run'

bin/rails test test/controllers/sign/app/client/v1/healths_controller_test.rb:13

E

Error:
Sign::App::Client::V1::HealthsControllerTest#test_json_response_conforms_to_OpenAPI_schema:
NameError: uninitialized constant Preference::Core::CookieOptions
    app/controllers/concerns/preference/base.rb:1096:in 'Preference::Base#preference_cookie_options'
    app/controllers/concerns/preference/base.rb:971:in 'Preference::Base#preference_auth_cookie_options'
    app/controllers/concerns/preference/base.rb:940:in 'Preference::Base#set_refresh_token_cookie'
    app/controllers/concerns/preference/base.rb:762:in 'Preference::Base#create_new_preference_record!'
    app/controllers/concerns/preference/base.rb:721:in 'Preference::Base#load_preference_record_from_refresh_token!'
    app/controllers/concerns/preference/base.rb:217:in 'Preference::Base#set_preferences_cookie'
    app/middleware/core/surface_middleware.rb:12:in 'Core::SurfaceMiddleware#call'
    test/controllers/sign/app/client/v1/healths_controller_test.rb:42:in 'block in <class:HealthsControllerTest>'
    test/support/i18n_locale_reset.rb:11:in 'block in ActiveSupport::TestCase#run'
    test/support/i18n_locale_reset.rb:10:in 'ActiveSupport::TestCase#run'

bin/rails test test/controllers/sign/app/client/v1/healths_controller_test.rb:41

E

Error:
Sign::App::Client::V1::HealthsControllerTest#test_returns_OK_status_payload_for_json_format:
NameError: uninitialized constant Preference::Core::CookieOptions
    app/controllers/concerns/preference/base.rb:1096:in 'Preference::Base#preference_cookie_options'
    app/controllers/concerns/preference/base.rb:971:in 'Preference::Base#preference_auth_cookie_options'
    app/controllers/concerns/preference/base.rb:940:in 'Preference::Base#set_refresh_token_cookie'
    app/controllers/concerns/preference/base.rb:762:in 'Preference::Base#create_new_preference_record!'
    app/controllers/concerns/preference/base.rb:721:in 'Preference::Base#load_preference_record_from_refresh_token!'
    app/controllers/concerns/preference/base.rb:217:in 'Preference::Base#set_preferences_cookie'
    app/middleware/core/surface_middleware.rb:12:in 'Core::SurfaceMiddleware#call'
    test/controllers/sign/app/client/v1/healths_controller_test.rb:28:in 'block in <class:HealthsControllerTest>'
    test/support/i18n_locale_reset.rb:11:in 'block in ActiveSupport::TestCase#run'
    test/support/i18n_locale_reset.rb:10:in 'ActiveSupport::TestCase#run'

bin/rails test test/controllers/sign/app/client/v1/healths_controller_test.rb:27

E

Error:
Sign::App::Client::V1::HealthsControllerTest#test_returns_OK_status_for_yaml_format:
NameError: uninitialized constant Preference::Core::CookieOptions
    app/controllers/concerns/preference/base.rb:1096:in 'Preference::Base#preference_cookie_options'
    app/controllers/concerns/preference/base.rb:971:in 'Preference::Base#preference_auth_cookie_options'
    app/controllers/concerns/preference/base.rb:940:in 'Preference::Base#set_refresh_token_cookie'
    app/controllers/concerns/preference/base.rb:762:in 'Preference::Base#create_new_preference_record!'
    app/controllers/concerns/preference/base.rb:721:in 'Preference::Base#load_preference_record_from_refresh_token!'
    app/controllers/concerns/preference/base.rb:217:in 'Preference::Base#set_preferences_cookie'
    app/middleware/core/surface_middleware.rb:12:in 'Core::SurfaceMiddleware#call'
    test/controllers/sign/app/client/v1/healths_controller_test.rb:35:in 'block in <class:HealthsControllerTest>'
    test/support/i18n_locale_reset.rb:11:in 'block in ActiveSupport::TestCase#run'
    test/support/i18n_locale_reset.rb:10:in 'ActiveSupport::TestCase#run'

bin/rails test test/controllers/sign/app/client/v1/healths_controller_test.rb:34

E

Error:
Sign::App::Client::V1::HealthsControllerTest#test_returns_success_for_explicit_html_format:
NameError: uninitialized constant Preference::Core::CookieOptions
    app/controllers/concerns/preference/base.rb:1096:in 'Preference::Base#preference_cookie_options'
    app/controllers/concerns/preference/base.rb:971:in 'Preference::Base#preference_auth_cookie_options'
    app/controllers/concerns/preference/base.rb:940:in 'Preference::Base#set_refresh_token_cookie'
    app/controllers/concerns/preference/base.rb:762:in 'Preference::Base#create_new_preference_record!'
    app/controllers/concerns/preference/base.rb:721:in 'Preference::Base#load_preference_record_from_refresh_token!'
    app/controllers/concerns/preference/base.rb:217:in 'Preference::Base#set_preferences_cookie'
    app/middleware/core/surface_middleware.rb:12:in 'Core::SurfaceMiddleware#call'
    test/controllers/sign/app/client/v1/healths_controller_test.rb:21:in 'block in <class:HealthsControllerTest>'
    test/support/i18n_locale_reset.rb:11:in 'block in ActiveSupport::TestCase#run'
    test/support/i18n_locale_reset.rb:10:in 'ActiveSupport::TestCase#run'

bin/rails test test/controllers/sign/app/client/v1/healths_controller_test.rb:20

............E

Error:
Docs::Org::RootsControllerTest#test_sets_theme_cookie:
NameError: uninitialized constant Preference::Core::CookieOptions
    app/controllers/concerns/preference/base.rb:1096:in 'Preference::Base#preference_cookie_options'
    app/controllers/concerns/preference/base.rb:971:in 'Preference::Base#preference_auth_cookie_options'
    app/controllers/concerns/preference/base.rb:940:in 'Preference::Base#set_refresh_token_cookie'
    app/controllers/concerns/preference/base.rb:762:in 'Preference::Base#create_new_preference_record!'
    app/controllers/concerns/preference/base.rb:721:in 'Preference::Base#load_preference_record_from_refresh_token!'
    app/controllers/concerns/preference/base.rb:217:in 'Preference::Base#set_preferences_cookie'
    app/middleware/core/surface_middleware.rb:12:in 'Core::SurfaceMiddleware#call'
    test/support/root_theme_cookie_helper.rb:6:in 'RootThemeCookieHelper#assert_theme_cookie_for'
    test/controllers/docs/org/roots_controller_test.rb:48:in 'block in <class:RootsControllerTest>'
    test/support/i18n_locale_reset.rb:11:in 'block in ActiveSupport::TestCase#run'
    test/support/i18n_locale_reset.rb:10:in 'ActiveSupport::TestCase#run'

bin/rails test test/controllers/docs/org/roots_controller_test.rb:47

E

Error:
Docs::Org::RootsControllerTest#test_generates_sha3-384_token_digest_on_root:
NameError: uninitialized constant Preference::Core::CookieOptions
    app/controllers/concerns/preference/base.rb:1096:in 'Preference::Base#preference_cookie_options'
    app/controllers/concerns/preference/base.rb:971:in 'Preference::Base#preference_auth_cookie_options'
    app/controllers/concerns/preference/base.rb:940:in 'Preference::Base#set_refresh_token_cookie'
    app/controllers/concerns/preference/base.rb:762:in 'Preference::Base#create_new_preference_record!'
    app/controllers/concerns/preference/base.rb:721:in 'Preference::Base#load_preference_record_from_refresh_token!'
    app/controllers/concerns/preference/base.rb:217:in 'Preference::Base#set_preferences_cookie'
    app/middleware/core/surface_middleware.rb:12:in 'Core::SurfaceMiddleware#call'
    test/controllers/docs/org/roots_controller_test.rb:42:in 'block in <class:RootsControllerTest>'
    test/support/i18n_locale_reset.rb:11:in 'block in ActiveSupport::TestCase#run'
    test/support/i18n_locale_reset.rb:10:in 'ActiveSupport::TestCase#run'

bin/rails test test/controllers/docs/org/roots_controller_test.rb:41

E

Error:
Docs::Org::RootsControllerTest#test_sets_lang_attribute_on_html_element:
NameError: uninitialized constant Preference::Core::CookieOptions
    app/controllers/concerns/preference/base.rb:1096:in 'Preference::Base#preference_cookie_options'
    app/controllers/concerns/preference/base.rb:971:in 'Preference::Base#preference_auth_cookie_options'
    app/controllers/concerns/preference/base.rb:940:in 'Preference::Base#set_refresh_token_cookie'
    app/controllers/concerns/preference/base.rb:762:in 'Preference::Base#create_new_preference_record!'
    app/controllers/concerns/preference/base.rb:721:in 'Preference::Base#load_preference_record_from_refresh_token!'
    app/controllers/concerns/preference/base.rb:217:in 'Preference::Base#set_preferences_cookie'
    app/middleware/core/surface_middleware.rb:12:in 'Core::SurfaceMiddleware#call'
    test/controllers/docs/org/roots_controller_test.rb:15:in 'block in <class:RootsControllerTest>'
    test/support/i18n_locale_reset.rb:11:in 'block in ActiveSupport::TestCase#run'
    test/support/i18n_locale_reset.rb:10:in 'ActiveSupport::TestCase#run'

bin/rails test test/controllers/docs/org/roots_controller_test.rb:14

E

Error:
Docs::Org::RootsControllerTest#test_renders_expected_layout_structure:
NameError: uninitialized constant Preference::Core::CookieOptions
    app/controllers/concerns/preference/base.rb:1096:in 'Preference::Base#preference_cookie_options'
    app/controllers/concerns/preference/base.rb:971:in 'Preference::Base#preference_auth_cookie_options'
    app/controllers/concerns/preference/base.rb:940:in 'Preference::Base#set_refresh_token_cookie'
    app/controllers/concerns/preference/base.rb:762:in 'Preference::Base#create_new_preference_record!'
    app/controllers/concerns/preference/base.rb:721:in 'Preference::Base#load_preference_record_from_refresh_token!'
    app/controllers/concerns/preference/base.rb:217:in 'Preference::Base#set_preferences_cookie'
    app/middleware/core/surface_middleware.rb:12:in 'Core::SurfaceMiddleware#call'
    test/controllers/docs/org/roots_controller_test.rb:24:in 'block in <class:RootsControllerTest>'
    test/support/i18n_locale_reset.rb:11:in 'block in ActiveSupport::TestCase#run'
    test/support/i18n_locale_reset.rb:10:in 'ActiveSupport::TestCase#run'

bin/rails test test/controllers/docs/org/roots_controller_test.rb:23

E

Error:
Docs::Org::RootsControllerTest#test_should_get_show:
NameError: uninitialized constant Preference::Core::CookieOptions
    app/controllers/concerns/preference/base.rb:1096:in 'Preference::Base#preference_cookie_options'
    app/controllers/concerns/preference/base.rb:971:in 'Preference::Base#preference_auth_cookie_options'
    app/controllers/concerns/preference/base.rb:940:in 'Preference::Base#set_refresh_token_cookie'
    app/controllers/concerns/preference/base.rb:762:in 'Preference::Base#create_new_preference_record!'
    app/controllers/concerns/preference/base.rb:721:in 'Preference::Base#load_preference_record_from_refresh_token!'
    app/controllers/concerns/preference/base.rb:217:in 'Preference::Base#set_preferences_cookie'
    app/middleware/core/surface_middleware.rb:12:in 'Core::SurfaceMiddleware#call'
    test/controllers/docs/org/roots_controller_test.rb:9:in 'block in <class:RootsControllerTest>'
    test/support/i18n_locale_reset.rb:11:in 'block in ActiveSupport::TestCase#run'
    test/support/i18n_locale_reset.rb:10:in 'ActiveSupport::TestCase#run'

bin/rails test test/controllers/docs/org/roots_controller_test.rb:8

..............................................E

Error:
SocialCallbackGuardTest#test_callback_phase_rejects_bad_callback_method:
NameError: uninitialized constant Preference::Core::CookieOptions
    app/controllers/concerns/preference/base.rb:1096:in 'Preference::Base#preference_cookie_options'
    app/controllers/concerns/preference/base.rb:971:in 'Preference::Base#preference_auth_cookie_options'
    app/controllers/concerns/preference/base.rb:940:in 'Preference::Base#set_refresh_token_cookie'
    app/controllers/concerns/preference/base.rb:762:in 'Preference::Base#create_new_preference_record!'
    app/controllers/concerns/preference/base.rb:721:in 'Preference::Base#load_preference_record_from_refresh_token!'
    app/controllers/concerns/preference/base.rb:217:in 'Preference::Base#set_preferences_cookie'
    app/middleware/core/surface_middleware.rb:12:in 'Core::SurfaceMiddleware#call'
    test/integration/social_callback_guard_test.rb:121:in 'SocialCallbackGuardTest#prepare_callback_flow'
    test/integration/social_callback_guard_test.rb:86:in 'block in <class:SocialCallbackGuardTest>'
    test/support/i18n_locale_reset.rb:11:in 'block in ActiveSupport::TestCase#run'
    test/support/i18n_locale_reset.rb:10:in 'ActiveSupport::TestCase#run'

bin/rails test test/integration/social_callback_guard_test.rb:83

E

Error:
SocialCallbackGuardTest#test_callback_phase_does_not_reject_google_origin_header_from_provider_domain:
NameError: uninitialized constant Preference::Core::CookieOptions
    app/controllers/concerns/preference/base.rb:1096:in 'Preference::Base#preference_cookie_options'
    app/controllers/concerns/preference/base.rb:971:in 'Preference::Base#preference_auth_cookie_options'
    app/controllers/concerns/preference/base.rb:940:in 'Preference::Base#set_refresh_token_cookie'
    app/controllers/concerns/preference/base.rb:762:in 'Preference::Base#create_new_preference_record!'
    app/controllers/concerns/preference/base.rb:721:in 'Preference::Base#load_preference_record_from_refresh_token!'
    app/controllers/concerns/preference/base.rb:217:in 'Preference::Base#set_preferences_cookie'
    app/middleware/core/surface_middleware.rb:12:in 'Core::SurfaceMiddleware#call'
    test/integration/social_callback_guard_test.rb:121:in 'SocialCallbackGuardTest#prepare_callback_flow'
    test/integration/social_callback_guard_test.rb:97:in 'block in <class:SocialCallbackGuardTest>'
    test/support/i18n_locale_reset.rb:11:in 'block in ActiveSupport::TestCase#run'
    test/support/i18n_locale_reset.rb:10:in 'ActiveSupport::TestCase#run'

bin/rails test test/integration/social_callback_guard_test.rb:94

E

Error:
SocialCallbackGuardTest#test_callback_phase_rejects_host_mismatch:
NameError: uninitialized constant Preference::Core::CookieOptions
    app/controllers/concerns/preference/base.rb:1096:in 'Preference::Base#preference_cookie_options'
    app/controllers/concerns/preference/base.rb:971:in 'Preference::Base#preference_auth_cookie_options'
    app/controllers/concerns/preference/base.rb:940:in 'Preference::Base#set_refresh_token_cookie'
    app/controllers/concerns/preference/base.rb:762:in 'Preference::Base#create_new_preference_record!'
    app/controllers/concerns/preference/base.rb:721:in 'Preference::Base#load_preference_record_from_refresh_token!'
    app/controllers/concerns/preference/base.rb:217:in 'Preference::Base#set_preferences_cookie'
    app/middleware/core/surface_middleware.rb:12:in 'Core::SurfaceMiddleware#call'
    test/integration/social_callback_guard_test.rb:121:in 'SocialCallbackGuardTest#prepare_callback_flow'
    test/integration/social_callback_guard_test.rb:75:in 'block in <class:SocialCallbackGuardTest>'
    test/support/i18n_locale_reset.rb:11:in 'block in ActiveSupport::TestCase#run'
    test/support/i18n_locale_reset.rb:10:in 'ActiveSupport::TestCase#run'

bin/rails test test/integration/social_callback_guard_test.rb:72

E

Error:
SocialCallbackGuardTest#test_callback_phase_rejects_when_state_mismatches:
NameError: uninitialized constant Preference::Core::CookieOptions
    app/controllers/concerns/preference/base.rb:1096:in 'Preference::Base#preference_cookie_options'
    app/controllers/concerns/preference/base.rb:971:in 'Preference::Base#preference_auth_cookie_options'
    app/controllers/concerns/preference/base.rb:940:in 'Preference::Base#set_refresh_token_cookie'
    app/controllers/concerns/preference/base.rb:762:in 'Preference::Base#create_new_preference_record!'
    app/controllers/concerns/preference/base.rb:721:in 'Preference::Base#load_preference_record_from_refresh_token!'
    app/controllers/concerns/preference/base.rb:217:in 'Preference::Base#set_preferences_cookie'
    app/middleware/core/surface_middleware.rb:12:in 'Core::SurfaceMiddleware#call'
    test/integration/social_callback_guard_test.rb:121:in 'SocialCallbackGuardTest#prepare_callback_flow'
    test/integration/social_callback_guard_test.rb:35:in 'block in <class:SocialCallbackGuardTest>'
    test/support/i18n_locale_reset.rb:11:in 'block in ActiveSupport::TestCase#run'
    test/support/i18n_locale_reset.rb:10:in 'ActiveSupport::TestCase#run'

bin/rails test test/integration/social_callback_guard_test.rb:32

E

Error:
SocialCallbackGuardTest#test_callback_phase_rejects_when_state_is_missing:
NameError: uninitialized constant Preference::Core::CookieOptions
    app/controllers/concerns/preference/base.rb:1096:in 'Preference::Base#preference_cookie_options'
    app/controllers/concerns/preference/base.rb:971:in 'Preference::Base#preference_auth_cookie_options'
    app/controllers/concerns/preference/base.rb:940:in 'Preference::Base#set_refresh_token_cookie'
    app/controllers/concerns/preference/base.rb:762:in 'Preference::Base#create_new_preference_record!'
    app/controllers/concerns/preference/base.rb:721:in 'Preference::Base#load_preference_record_from_refresh_token!'
    app/controllers/concerns/preference/base.rb:217:in 'Preference::Base#set_preferences_cookie'
    app/middleware/core/surface_middleware.rb:12:in 'Core::SurfaceMiddleware#call'
    test/integration/social_callback_guard_test.rb:121:in 'SocialCallbackGuardTest#prepare_callback_flow'
    test/integration/social_callback_guard_test.rb:23:in 'block in <class:SocialCallbackGuardTest>'
    test/support/i18n_locale_reset.rb:11:in 'block in ActiveSupport::TestCase#run'
    test/support/i18n_locale_reset.rb:10:in 'ActiveSupport::TestCase#run'

bin/rails test test/integration/social_callback_guard_test.rb:20

E

Error:
SocialCallbackGuardTest#test_callback_phase_enforces_apple_POST_and_google_GET:
NameError: uninitialized constant Preference::Core::CookieOptions
    app/controllers/concerns/preference/base.rb:1096:in 'Preference::Base#preference_cookie_options'
    app/controllers/concerns/preference/base.rb:971:in 'Preference::Base#preference_auth_cookie_options'
    app/controllers/concerns/preference/base.rb:940:in 'Preference::Base#set_refresh_token_cookie'
    app/controllers/concerns/preference/base.rb:762:in 'Preference::Base#create_new_preference_record!'
    app/controllers/concerns/preference/base.rb:721:in 'Preference::Base#load_preference_record_from_refresh_token!'
    app/controllers/concerns/preference/base.rb:217:in 'Preference::Base#set_preferences_cookie'
    app/middleware/core/surface_middleware.rb:12:in 'Core::SurfaceMiddleware#call'
    test/integration/social_callback_guard_test.rb:121:in 'SocialCallbackGuardTest#prepare_callback_flow'
    test/integration/social_callback_guard_test.rb:110:in 'block in <class:SocialCallbackGuardTest>'
    test/support/i18n_locale_reset.rb:11:in 'block in ActiveSupport::TestCase#run'
    test/support/i18n_locale_reset.rb:10:in 'ActiveSupport::TestCase#run'

bin/rails test test/integration/social_callback_guard_test.rb:107

E

Error:
SocialCallbackGuardTest#test_callback_phase_rejects_reused_state:
NameError: uninitialized constant Preference::Core::CookieOptions
    app/controllers/concerns/preference/base.rb:1096:in 'Preference::Base#preference_cookie_options'
    app/controllers/concerns/preference/base.rb:971:in 'Preference::Base#preference_auth_cookie_options'
    app/controllers/concerns/preference/base.rb:940:in 'Preference::Base#set_refresh_token_cookie'
    app/controllers/concerns/preference/base.rb:762:in 'Preference::Base#create_new_preference_record!'
    app/controllers/concerns/preference/base.rb:721:in 'Preference::Base#load_preference_record_from_refresh_token!'
    app/controllers/concerns/preference/base.rb:217:in 'Preference::Base#set_preferences_cookie'
    app/middleware/core/surface_middleware.rb:12:in 'Core::SurfaceMiddleware#call'
    test/integration/social_callback_guard_test.rb:121:in 'SocialCallbackGuardTest#prepare_callback_flow'
    test/integration/social_callback_guard_test.rb:59:in 'block in <class:SocialCallbackGuardTest>'
    test/support/i18n_locale_reset.rb:11:in 'block in ActiveSupport::TestCase#run'
    test/support/i18n_locale_reset.rb:10:in 'ActiveSupport::TestCase#run'

bin/rails test test/integration/social_callback_guard_test.rb:56

E

Error:
SocialCallbackGuardTest#test_callback_phase_rejects_when_state_is_expired:
NameError: uninitialized constant Preference::Core::CookieOptions
    app/controllers/concerns/preference/base.rb:1096:in 'Preference::Base#preference_cookie_options'
    app/controllers/concerns/preference/base.rb:971:in 'Preference::Base#preference_auth_cookie_options'
    app/controllers/concerns/preference/base.rb:940:in 'Preference::Base#set_refresh_token_cookie'
    app/controllers/concerns/preference/base.rb:762:in 'Preference::Base#create_new_preference_record!'
    app/controllers/concerns/preference/base.rb:721:in 'Preference::Base#load_preference_record_from_refresh_token!'
    app/controllers/concerns/preference/base.rb:217:in 'Preference::Base#set_preferences_cookie'
    app/middleware/core/surface_middleware.rb:12:in 'Core::SurfaceMiddleware#call'
    test/integration/social_callback_guard_test.rb:121:in 'SocialCallbackGuardTest#prepare_callback_flow'
    test/integration/social_callback_guard_test.rb:46:in 'block in <class:SocialCallbackGuardTest>'
    test/support/i18n_locale_reset.rb:11:in 'block in ActiveSupport::TestCase#run'
    test/support/i18n_locale_reset.rb:10:in 'ActiveSupport::TestCase#run'

bin/rails test test/integration/social_callback_guard_test.rb:43

......................E

Error:
Sign::App::In::Passkey::AuthenticationFlowTest#test_should_generate_authentication_options_and_store_challenge_in_session:
NameError: uninitialized constant Preference::Core::CookieOptions
    app/controllers/concerns/preference/base.rb:1096:in 'Preference::Base#preference_cookie_options'
    app/controllers/concerns/preference/base.rb:971:in 'Preference::Base#preference_auth_cookie_options'
    app/controllers/concerns/preference/base.rb:940:in 'Preference::Base#set_refresh_token_cookie'
    app/controllers/concerns/preference/base.rb:762:in 'Preference::Base#create_new_preference_record!'
    app/controllers/concerns/preference/base.rb:721:in 'Preference::Base#load_preference_record_from_refresh_token!'
    app/controllers/concerns/preference/base.rb:217:in 'Preference::Base#set_preferences_cookie'
    app/middleware/core/surface_middleware.rb:12:in 'Core::SurfaceMiddleware#call'
    test/controllers/sign/app/in/passkey/authentication_flow_test.rb:53:in 'block in <class:AuthenticationFlowTest>'
    test/support/i18n_locale_reset.rb:11:in 'block in ActiveSupport::TestCase#run'
    test/support/i18n_locale_reset.rb:10:in 'ActiveSupport::TestCase#run'

bin/rails test test/controllers/sign/app/in/passkey/authentication_flow_test.rb:51

E

Error:
Sign::App::In::Passkey::AuthenticationFlowTest#test_should_verify_valid_credential_and_log_in:
NameError: uninitialized constant Preference::Core::CookieOptions
    app/controllers/concerns/preference/base.rb:1096:in 'Preference::Base#preference_cookie_options'
    app/controllers/concerns/preference/base.rb:971:in 'Preference::Base#preference_auth_cookie_options'
    app/controllers/concerns/preference/base.rb:940:in 'Preference::Base#set_refresh_token_cookie'
    app/controllers/concerns/preference/base.rb:762:in 'Preference::Base#create_new_preference_record!'
    app/controllers/concerns/preference/base.rb:721:in 'Preference::Base#load_preference_record_from_refresh_token!'
    app/controllers/concerns/preference/base.rb:217:in 'Preference::Base#set_preferences_cookie'
    app/middleware/core/surface_middleware.rb:12:in 'Core::SurfaceMiddleware#call'
    test/controllers/sign/app/in/passkey/authentication_flow_test.rb:69:in 'block in <class:AuthenticationFlowTest>'
    test/support/i18n_locale_reset.rb:11:in 'block in ActiveSupport::TestCase#run'
    test/support/i18n_locale_reset.rb:10:in 'ActiveSupport::TestCase#run'

bin/rails test test/controllers/sign/app/in/passkey/authentication_flow_test.rb:66

E

Error:
Sign::App::In::Passkey::AuthenticationFlowTest#test_passkey_login_completes_without_additional_MFA_even_when_MFA_is_enabled:
NameError: uninitialized constant Preference::Core::CookieOptions
    app/controllers/concerns/preference/base.rb:1096:in 'Preference::Base#preference_cookie_options'
    app/controllers/concerns/preference/base.rb:971:in 'Preference::Base#preference_auth_cookie_options'
    app/controllers/concerns/preference/base.rb:940:in 'Preference::Base#set_refresh_token_cookie'
    app/controllers/concerns/preference/base.rb:762:in 'Preference::Base#create_new_preference_record!'
    app/controllers/concerns/preference/base.rb:721:in 'Preference::Base#load_preference_record_from_refresh_token!'
    app/controllers/concerns/preference/base.rb:217:in 'Preference::Base#set_preferences_cookie'
    app/middleware/core/surface_middleware.rb:12:in 'Core::SurfaceMiddleware#call'
    test/controllers/sign/app/in/passkey/authentication_flow_test.rb:126:in 'block in <class:AuthenticationFlowTest>'
    test/support/i18n_locale_reset.rb:11:in 'block in ActiveSupport::TestCase#run'
    test/support/i18n_locale_reset.rb:10:in 'ActiveSupport::TestCase#run'

bin/rails test test/controllers/sign/app/in/passkey/authentication_flow_test.rb:116

E

Error:
Sign::App::In::Passkey::AuthenticationFlowTest#test_should_fail_verification_with_invalid_challenge:
NameError: uninitialized constant Preference::Core::CookieOptions
    app/controllers/concerns/preference/base.rb:1096:in 'Preference::Base#preference_cookie_options'
    app/controllers/concerns/preference/base.rb:971:in 'Preference::Base#preference_auth_cookie_options'
    app/controllers/concerns/preference/base.rb:940:in 'Preference::Base#set_refresh_token_cookie'
    app/controllers/concerns/preference/base.rb:762:in 'Preference::Base#create_new_preference_record!'
    app/controllers/concerns/preference/base.rb:721:in 'Preference::Base#load_preference_record_from_refresh_token!'
    app/controllers/concerns/preference/base.rb:217:in 'Preference::Base#set_preferences_cookie'
    app/middleware/core/surface_middleware.rb:12:in 'Core::SurfaceMiddleware#call'
    test/controllers/sign/app/in/passkey/authentication_flow_test.rb:162:in 'block in <class:AuthenticationFlowTest>'
    test/support/i18n_locale_reset.rb:11:in 'block in ActiveSupport::TestCase#run'
    test/support/i18n_locale_reset.rb:10:in 'ActiveSupport::TestCase#run'

bin/rails test test/controllers/sign/app/in/passkey/authentication_flow_test.rb:159

.E

Error:
SocialAuthAutoLinkTest#test_logged-in_user:_Google_callback_automatically_links_UserSocialGoogle:
NameError: uninitialized constant Preference::Core::CookieOptions
    app/controllers/concerns/preference/base.rb:1096:in 'Preference::Base#preference_cookie_options'
    app/controllers/concerns/preference/base.rb:971:in 'Preference::Base#preference_auth_cookie_options'
    app/controllers/concerns/preference/base.rb:940:in 'Preference::Base#set_refresh_token_cookie'
    app/controllers/concerns/preference/base.rb:762:in 'Preference::Base#create_new_preference_record!'
    app/controllers/concerns/preference/base.rb:721:in 'Preference::Base#load_preference_record_from_refresh_token!'
    app/controllers/concerns/preference/base.rb:217:in 'Preference::Base#set_preferences_cookie'
    app/middleware/core/surface_middleware.rb:12:in 'Core::SurfaceMiddleware#call'
    test/integration/social_auth_auto_link_test.rb:79:in 'block in <class:SocialAuthAutoLinkTest>'
    test/support/i18n_locale_reset.rb:11:in 'block in ActiveSupport::TestCase#run'
    test/support/i18n_locale_reset.rb:10:in 'ActiveSupport::TestCase#run'

bin/rails test test/integration/social_auth_auto_link_test.rb:66

E

Error:
SocialAuthAutoLinkTest#test_conflict:_Apple_uid_already_linked_to_different_user_raises_error:
NameError: uninitialized constant Preference::Core::CookieOptions
    app/controllers/concerns/preference/base.rb:1096:in 'Preference::Base#preference_cookie_options'
    app/controllers/concerns/preference/base.rb:971:in 'Preference::Base#preference_auth_cookie_options'
    app/controllers/concerns/preference/base.rb:940:in 'Preference::Base#set_refresh_token_cookie'
    app/controllers/concerns/preference/base.rb:762:in 'Preference::Base#create_new_preference_record!'
    app/controllers/concerns/preference/base.rb:721:in 'Preference::Base#load_preference_record_from_refresh_token!'
    app/controllers/concerns/preference/base.rb:217:in 'Preference::Base#set_preferences_cookie'
    app/middleware/core/surface_middleware.rb:12:in 'Core::SurfaceMiddleware#call'
    test/integration/social_auth_auto_link_test.rb:155:in 'block in <class:SocialAuthAutoLinkTest>'
    test/support/i18n_locale_reset.rb:11:in 'block in ActiveSupport::TestCase#run'
    test/support/i18n_locale_reset.rb:10:in 'ActiveSupport::TestCase#run'

bin/rails test test/integration/social_auth_auto_link_test.rb:135

E

Error:
SocialAuthAutoLinkTest#test_logged-in_user:_Apple_callback_automatically_links_UserSocialApple:
NameError: uninitialized constant Preference::Core::CookieOptions
    app/controllers/concerns/preference/base.rb:1096:in 'Preference::Base#preference_cookie_options'
    app/controllers/concerns/preference/base.rb:971:in 'Preference::Base#preference_auth_cookie_options'
    app/controllers/concerns/preference/base.rb:940:in 'Preference::Base#set_refresh_token_cookie'
    app/controllers/concerns/preference/base.rb:762:in 'Preference::Base#create_new_preference_record!'
    app/controllers/concerns/preference/base.rb:721:in 'Preference::Base#load_preference_record_from_refresh_token!'
    app/controllers/concerns/preference/base.rb:217:in 'Preference::Base#set_preferences_cookie'
    app/middleware/core/surface_middleware.rb:12:in 'Core::SurfaceMiddleware#call'
    test/integration/social_auth_auto_link_test.rb:38:in 'block in <class:SocialAuthAutoLinkTest>'
    test/support/i18n_locale_reset.rb:11:in 'block in ActiveSupport::TestCase#run'
    test/support/i18n_locale_reset.rb:10:in 'ActiveSupport::TestCase#run'

bin/rails test test/integration/social_auth_auto_link_test.rb:25

E

Error:
SocialAuthAutoLinkTest#test_idempotent:_calling_Apple_callback_twice_does_not_create_duplicate:
NameError: uninitialized constant Preference::Core::CookieOptions
    app/controllers/concerns/preference/base.rb:1096:in 'Preference::Base#preference_cookie_options'
    app/controllers/concerns/preference/base.rb:971:in 'Preference::Base#preference_auth_cookie_options'
    app/controllers/concerns/preference/base.rb:940:in 'Preference::Base#set_refresh_token_cookie'
    app/controllers/concerns/preference/base.rb:762:in 'Preference::Base#create_new_preference_record!'
    app/controllers/concerns/preference/base.rb:721:in 'Preference::Base#load_preference_record_from_refresh_token!'
    app/controllers/concerns/preference/base.rb:217:in 'Preference::Base#set_preferences_cookie'
    app/middleware/core/surface_middleware.rb:12:in 'Core::SurfaceMiddleware#call'
    test/integration/social_auth_auto_link_test.rb:105:in 'block in <class:SocialAuthAutoLinkTest>'
    test/support/i18n_locale_reset.rb:11:in 'block in ActiveSupport::TestCase#run'
    test/support/i18n_locale_reset.rb:10:in 'ActiveSupport::TestCase#run'

bin/rails test test/integration/social_auth_auto_link_test.rb:97

E

Error:
SocialAuthAutoLinkTest#test_not_logged_in:_Apple_callback_creates_new_user_(login_flow,_not_link):
NameError: uninitialized constant Preference::Core::CookieOptions
    app/controllers/concerns/preference/base.rb:1096:in 'Preference::Base#preference_cookie_options'
    app/controllers/concerns/preference/base.rb:971:in 'Preference::Base#preference_auth_cookie_options'
    app/controllers/concerns/preference/base.rb:940:in 'Preference::Base#set_refresh_token_cookie'
    app/controllers/concerns/preference/base.rb:762:in 'Preference::Base#create_new_preference_record!'
    app/controllers/concerns/preference/base.rb:721:in 'Preference::Base#load_preference_record_from_refresh_token!'
    app/controllers/concerns/preference/base.rb:217:in 'Preference::Base#set_preferences_cookie'
    app/middleware/core/surface_middleware.rb:12:in 'Core::SurfaceMiddleware#call'
    test/integration/social_auth_auto_link_test.rb:180:in 'block in <class:SocialAuthAutoLinkTest>'
    test/support/i18n_locale_reset.rb:11:in 'block in ActiveSupport::TestCase#run'
    test/support/i18n_locale_reset.rb:10:in 'ActiveSupport::TestCase#run'

bin/rails test test/integration/social_auth_auto_link_test.rb:173

............E

Error:
Core::Org::ConfigurationsControllerTest#test_should_get_show_when_logged_in:
NameError: uninitialized constant Preference::Core::CookieOptions
    app/controllers/concerns/preference/base.rb:1096:in 'Preference::Base#preference_cookie_options'
    app/controllers/concerns/preference/base.rb:971:in 'Preference::Base#preference_auth_cookie_options'
    app/controllers/concerns/preference/base.rb:940:in 'Preference::Base#set_refresh_token_cookie'
    app/controllers/concerns/preference/base.rb:762:in 'Preference::Base#create_new_preference_record!'
    app/controllers/concerns/preference/base.rb:721:in 'Preference::Base#load_preference_record_from_refresh_token!'
    app/controllers/concerns/preference/base.rb:217:in 'Preference::Base#set_preferences_cookie'
    app/middleware/core/surface_middleware.rb:12:in 'Core::SurfaceMiddleware#call'
    test/controllers/core/configurations_controller_test.rb:60:in 'block in <class:ConfigurationsControllerTest>'
    test/support/i18n_locale_reset.rb:11:in 'block in ActiveSupport::TestCase#run'
    test/support/i18n_locale_reset.rb:10:in 'ActiveSupport::TestCase#run'

bin/rails test test/controllers/core/configurations_controller_test.rb:59

.........E

Error:
Sign::App::In::MfaPasskeysControllerTest#test_create_verifies_passkey_and_finalizes_login_with_pending_mfa:
NameError: uninitialized constant Preference::Core::CookieOptions
    app/controllers/concerns/preference/base.rb:1096:in 'Preference::Base#preference_cookie_options'
    app/controllers/concerns/preference/base.rb:971:in 'Preference::Base#preference_auth_cookie_options'
    app/controllers/concerns/preference/base.rb:940:in 'Preference::Base#set_refresh_token_cookie'
    app/controllers/concerns/preference/base.rb:762:in 'Preference::Base#create_new_preference_record!'
    app/controllers/concerns/preference/base.rb:721:in 'Preference::Base#load_preference_record_from_refresh_token!'
    app/controllers/concerns/preference/base.rb:217:in 'Preference::Base#set_preferences_cookie'
    app/middleware/core/surface_middleware.rb:12:in 'Core::SurfaceMiddleware#call'
    test/controllers/sign/app/in/mfa/passkeys_controller_test.rb:112:in 'Sign::App::In::MfaPasskeysControllerTest#establish_pending_mfa_via_secret!'
    test/controllers/sign/app/in/mfa/passkeys_controller_test.rb:67:in 'block in <class:MfaPasskeysControllerTest>'
    test/support/i18n_locale_reset.rb:11:in 'block in ActiveSupport::TestCase#run'
    test/support/i18n_locale_reset.rb:10:in 'ActiveSupport::TestCase#run'

bin/rails test test/controllers/sign/app/in/mfa/passkeys_controller_test.rb:65

E

Error:
Sign::App::In::MfaPasskeysControllerTest#test_new_redirects_to_sign_in_when_pending_mfa_is_missing:
NameError: uninitialized constant Preference::Core::CookieOptions
    app/controllers/concerns/preference/base.rb:1096:in 'Preference::Base#preference_cookie_options'
    app/controllers/concerns/preference/base.rb:971:in 'Preference::Base#preference_auth_cookie_options'
    app/controllers/concerns/preference/base.rb:940:in 'Preference::Base#set_refresh_token_cookie'
    app/controllers/concerns/preference/base.rb:762:in 'Preference::Base#create_new_preference_record!'
    app/controllers/concerns/preference/base.rb:721:in 'Preference::Base#load_preference_record_from_refresh_token!'
    app/controllers/concerns/preference/base.rb:217:in 'Preference::Base#set_preferences_cookie'
    app/middleware/core/surface_middleware.rb:12:in 'Core::SurfaceMiddleware#call'
    test/controllers/sign/app/in/mfa/passkeys_controller_test.rb:58:in 'block in <class:MfaPasskeysControllerTest>'
    test/support/i18n_locale_reset.rb:11:in 'block in ActiveSupport::TestCase#run'
    test/support/i18n_locale_reset.rb:10:in 'ActiveSupport::TestCase#run'

bin/rails test test/controllers/sign/app/in/mfa/passkeys_controller_test.rb:56

.........................................E

Error:
Sign::App::In::ChallengesControllerTest#test_show_renders_for_pending_mfa_user_with_MFA_enabled:
NameError: uninitialized constant Preference::Core::CookieOptions
    app/controllers/concerns/preference/base.rb:1096:in 'Preference::Base#preference_cookie_options'
    app/controllers/concerns/preference/base.rb:971:in 'Preference::Base#preference_auth_cookie_options'
    app/controllers/concerns/preference/base.rb:940:in 'Preference::Base#set_refresh_token_cookie'
    app/controllers/concerns/preference/base.rb:762:in 'Preference::Base#create_new_preference_record!'
    app/controllers/concerns/preference/base.rb:721:in 'Preference::Base#load_preference_record_from_refresh_token!'
    app/controllers/concerns/preference/base.rb:217:in 'Preference::Base#set_preferences_cookie'
    app/middleware/core/surface_middleware.rb:12:in 'Core::SurfaceMiddleware#call'
    test/controllers/sign/app/in/challenges_controller_test.rb:45:in 'block in <class:ChallengesControllerTest>'
    test/support/i18n_locale_reset.rb:11:in 'block in ActiveSupport::TestCase#run'
    test/support/i18n_locale_reset.rb:10:in 'ActiveSupport::TestCase#run'

bin/rails test test/controllers/sign/app/in/challenges_controller_test.rb:44

E

Error:
Sign::App::In::ChallengesControllerTest#test_show_requires_pending_mfa_-_redirects_with_alert:
NameError: uninitialized constant Preference::Core::CookieOptions
    app/controllers/concerns/preference/base.rb:1096:in 'Preference::Base#preference_cookie_options'
    app/controllers/concerns/preference/base.rb:971:in 'Preference::Base#preference_auth_cookie_options'
    app/controllers/concerns/preference/base.rb:940:in 'Preference::Base#set_refresh_token_cookie'
    app/controllers/concerns/preference/base.rb:762:in 'Preference::Base#create_new_preference_record!'
    app/controllers/concerns/preference/base.rb:721:in 'Preference::Base#load_preference_record_from_refresh_token!'
    app/controllers/concerns/preference/base.rb:217:in 'Preference::Base#set_preferences_cookie'
    app/middleware/core/surface_middleware.rb:12:in 'Core::SurfaceMiddleware#call'
    test/controllers/sign/app/in/challenges_controller_test.rb:37:in 'block in <class:ChallengesControllerTest>'
    test/support/i18n_locale_reset.rb:11:in 'block in ActiveSupport::TestCase#run'
    test/support/i18n_locale_reset.rb:10:in 'ActiveSupport::TestCase#run'

bin/rails test test/controllers/sign/app/in/challenges_controller_test.rb:36

E

Error:
Sign::App::In::ChallengesControllerTest#test_show_does_not_display_passkey_method_when_disabled:
NameError: uninitialized constant Preference::Core::CookieOptions
    app/controllers/concerns/preference/base.rb:1096:in 'Preference::Base#preference_cookie_options'
    app/controllers/concerns/preference/base.rb:971:in 'Preference::Base#preference_auth_cookie_options'
    app/controllers/concerns/preference/base.rb:940:in 'Preference::Base#set_refresh_token_cookie'
    app/controllers/concerns/preference/base.rb:762:in 'Preference::Base#create_new_preference_record!'
    app/controllers/concerns/preference/base.rb:721:in 'Preference::Base#load_preference_record_from_refresh_token!'
    app/controllers/concerns/preference/base.rb:217:in 'Preference::Base#set_preferences_cookie'
    app/middleware/core/surface_middleware.rb:12:in 'Core::SurfaceMiddleware#call'
    test/controllers/sign/app/in/challenges_controller_test.rb:85:in 'block in <class:ChallengesControllerTest>'
    test/support/i18n_locale_reset.rb:11:in 'block in ActiveSupport::TestCase#run'
    test/support/i18n_locale_reset.rb:10:in 'ActiveSupport::TestCase#run'

bin/rails test test/controllers/sign/app/in/challenges_controller_test.rb:82

E

Error:
Sign::App::In::ChallengesControllerTest#test_show_does_not_display_totp_method_when_disabled:
NameError: uninitialized constant Preference::Core::CookieOptions
    app/controllers/concerns/preference/base.rb:1096:in 'Preference::Base#preference_cookie_options'
    app/controllers/concerns/preference/base.rb:971:in 'Preference::Base#preference_auth_cookie_options'
    app/controllers/concerns/preference/base.rb:940:in 'Preference::Base#set_refresh_token_cookie'
    app/controllers/concerns/preference/base.rb:762:in 'Preference::Base#create_new_preference_record!'
    app/controllers/concerns/preference/base.rb:721:in 'Preference::Base#load_preference_record_from_refresh_token!'
    app/controllers/concerns/preference/base.rb:217:in 'Preference::Base#set_preferences_cookie'
    app/middleware/core/surface_middleware.rb:12:in 'Core::SurfaceMiddleware#call'
    test/controllers/sign/app/in/challenges_controller_test.rb:67:in 'block in <class:ChallengesControllerTest>'
    test/support/i18n_locale_reset.rb:11:in 'block in ActiveSupport::TestCase#run'
    test/support/i18n_locale_reset.rb:10:in 'ActiveSupport::TestCase#run'

bin/rails test test/controllers/sign/app/in/challenges_controller_test.rb:64

...............E

Error:
SocialLoginRobustnessTest#test_social_login_does_not_require_additional_MFA_during_callback:
NameError: uninitialized constant Preference::Core::CookieOptions
    app/controllers/concerns/preference/base.rb:1096:in 'Preference::Base#preference_cookie_options'
    app/controllers/concerns/preference/base.rb:971:in 'Preference::Base#preference_auth_cookie_options'
    app/controllers/concerns/preference/base.rb:940:in 'Preference::Base#set_refresh_token_cookie'
    app/controllers/concerns/preference/base.rb:762:in 'Preference::Base#create_new_preference_record!'
    app/controllers/concerns/preference/base.rb:721:in 'Preference::Base#load_preference_record_from_refresh_token!'
    app/controllers/concerns/preference/base.rb:217:in 'Preference::Base#set_preferences_cookie'
    app/middleware/core/surface_middleware.rb:12:in 'Core::SurfaceMiddleware#call'
    test/integration/social_login_robustness_test.rb:158:in 'block in <class:SocialLoginRobustnessTest>'
    test/support/i18n_locale_reset.rb:11:in 'block in ActiveSupport::TestCase#run'
    test/support/i18n_locale_reset.rb:10:in 'ActiveSupport::TestCase#run'

bin/rails test test/integration/social_login_robustness_test.rb:121

E

Error:
SocialLoginRobustnessTest#test_link_requires_logged-in_state:
NameError: uninitialized constant Preference::Core::CookieOptions
    app/controllers/concerns/preference/base.rb:1096:in 'Preference::Base#preference_cookie_options'
    app/controllers/concerns/preference/base.rb:971:in 'Preference::Base#preference_auth_cookie_options'
    app/controllers/concerns/preference/base.rb:940:in 'Preference::Base#set_refresh_token_cookie'
    app/controllers/concerns/preference/base.rb:762:in 'Preference::Base#create_new_preference_record!'
    app/controllers/concerns/preference/base.rb:721:in 'Preference::Base#load_preference_record_from_refresh_token!'
    app/controllers/concerns/preference/base.rb:217:in 'Preference::Base#set_preferences_cookie'
    app/middleware/core/surface_middleware.rb:12:in 'Core::SurfaceMiddleware#call'
    test/integration/social_login_robustness_test.rb:68:in 'block in <class:SocialLoginRobustnessTest>'
    test/support/i18n_locale_reset.rb:11:in 'block in ActiveSupport::TestCase#run'
    test/support/i18n_locale_reset.rb:10:in 'ActiveSupport::TestCase#run'

bin/rails test test/integration/social_login_robustness_test.rb:64

.E

Error:
SocialLoginRobustnessTest#test_reauth_updates_last_reauth_at_timestamp:
NameError: uninitialized constant Preference::Core::CookieOptions
    app/controllers/concerns/preference/base.rb:1096:in 'Preference::Base#preference_cookie_options'
    app/controllers/concerns/preference/base.rb:971:in 'Preference::Base#preference_auth_cookie_options'
    app/controllers/concerns/preference/base.rb:940:in 'Preference::Base#set_refresh_token_cookie'
    app/controllers/concerns/preference/base.rb:762:in 'Preference::Base#create_new_preference_record!'
    app/controllers/concerns/preference/base.rb:721:in 'Preference::Base#load_preference_record_from_refresh_token!'
    app/controllers/concerns/preference/base.rb:217:in 'Preference::Base#set_preferences_cookie'
    app/middleware/core/surface_middleware.rb:12:in 'Core::SurfaceMiddleware#call'
    test/integration/social_login_robustness_test.rb:103:in 'block in <class:SocialLoginRobustnessTest>'
    test/support/i18n_locale_reset.rb:11:in 'block in ActiveSupport::TestCase#run'
    test/support/i18n_locale_reset.rb:10:in 'ActiveSupport::TestCase#run'

bin/rails test test/integration/social_login_robustness_test.rb:76

E

Error:
SocialLoginRobustnessTest#test_social_login_with_invalid_oauth_state_is_rejected_gracefully:
NameError: uninitialized constant Preference::Core::CookieOptions
    app/controllers/concerns/preference/base.rb:1096:in 'Preference::Base#preference_cookie_options'
    app/controllers/concerns/preference/base.rb:971:in 'Preference::Base#preference_auth_cookie_options'
    app/controllers/concerns/preference/base.rb:940:in 'Preference::Base#set_refresh_token_cookie'
    app/controllers/concerns/preference/base.rb:762:in 'Preference::Base#create_new_preference_record!'
    app/controllers/concerns/preference/base.rb:721:in 'Preference::Base#load_preference_record_from_refresh_token!'
    app/controllers/concerns/preference/base.rb:217:in 'Preference::Base#set_preferences_cookie'
    app/middleware/core/surface_middleware.rb:12:in 'Core::SurfaceMiddleware#call'
    test/integration/social_login_robustness_test.rb:34:in 'block in <class:SocialLoginRobustnessTest>'
    test/support/i18n_locale_reset.rb:11:in 'block in ActiveSupport::TestCase#run'
    test/support/i18n_locale_reset.rb:10:in 'ActiveSupport::TestCase#run'

bin/rails test test/integration/social_login_robustness_test.rb:20

.....................................E

Error:
SocialAuthUnlinkTest#test_unlink_requires_authentication:
NameError: uninitialized constant Preference::Core::CookieOptions
    app/controllers/concerns/preference/base.rb:1096:in 'Preference::Base#preference_cookie_options'
    app/controllers/concerns/preference/base.rb:971:in 'Preference::Base#preference_auth_cookie_options'
    app/controllers/concerns/preference/base.rb:940:in 'Preference::Base#set_refresh_token_cookie'
    app/controllers/concerns/preference/base.rb:762:in 'Preference::Base#create_new_preference_record!'
    app/controllers/concerns/preference/base.rb:721:in 'Preference::Base#load_preference_record_from_refresh_token!'
    app/controllers/concerns/preference/base.rb:217:in 'Preference::Base#set_preferences_cookie'
    app/middleware/core/surface_middleware.rb:12:in 'Core::SurfaceMiddleware#call'
    test/integration/social_auth_unlink_test.rb:332:in 'block in <class:SocialAuthUnlinkTest>'
    test/support/i18n_locale_reset.rb:11:in 'block in ActiveSupport::TestCase#run'
    test/support/i18n_locale_reset.rb:10:in 'ActiveSupport::TestCase#run'

bin/rails test test/integration/social_auth_unlink_test.rb:325

E

Error:
SocialAuthUnlinkTest#test_unlink_last_Apple_identity_returns_422_LastIdentityError:
NameError: uninitialized constant Preference::Core::CookieOptions
    app/controllers/concerns/preference/base.rb:1096:in 'Preference::Base#preference_cookie_options'
    app/controllers/concerns/preference/base.rb:971:in 'Preference::Base#preference_auth_cookie_options'
    app/controllers/concerns/preference/base.rb:940:in 'Preference::Base#set_refresh_token_cookie'
    app/controllers/concerns/preference/base.rb:762:in 'Preference::Base#create_new_preference_record!'
    app/controllers/concerns/preference/base.rb:721:in 'Preference::Base#load_preference_record_from_refresh_token!'
    app/controllers/concerns/preference/base.rb:217:in 'Preference::Base#set_preferences_cookie'
    app/middleware/core/surface_middleware.rb:12:in 'Core::SurfaceMiddleware#call'
    test/integration/social_auth_unlink_test.rb:121:in 'block in <class:SocialAuthUnlinkTest>'
    test/support/i18n_locale_reset.rb:11:in 'block in ActiveSupport::TestCase#run'
    test/support/i18n_locale_reset.rb:10:in 'ActiveSupport::TestCase#run'

bin/rails test test/integration/social_auth_unlink_test.rb:111

E

Error:
SocialAuthUnlinkTest#test_unlink_Google_requires_recent_reauth:
NameError: uninitialized constant Preference::Core::CookieOptions
    app/controllers/concerns/preference/base.rb:1096:in 'Preference::Base#preference_cookie_options'
    app/controllers/concerns/preference/base.rb:971:in 'Preference::Base#preference_auth_cookie_options'
    app/controllers/concerns/preference/base.rb:940:in 'Preference::Base#set_refresh_token_cookie'
    app/controllers/concerns/preference/base.rb:762:in 'Preference::Base#create_new_preference_record!'
    app/controllers/concerns/preference/base.rb:721:in 'Preference::Base#load_preference_record_from_refresh_token!'
    app/controllers/concerns/preference/base.rb:217:in 'Preference::Base#set_preferences_cookie'
    app/middleware/core/surface_middleware.rb:12:in 'Core::SurfaceMiddleware#call'
    test/integration/social_auth_unlink_test.rb:49:in 'block in <class:SocialAuthUnlinkTest>'
    test/support/i18n_locale_reset.rb:11:in 'block in ActiveSupport::TestCase#run'
    test/support/i18n_locale_reset.rb:10:in 'ActiveSupport::TestCase#run'

bin/rails test test/integration/social_auth_unlink_test.rb:32

E

Error:
SocialAuthUnlinkTest#test_unlink_fails_when_only_active_identity_is_social_and_others_are_REVOKED:
NameError: uninitialized constant Preference::Core::CookieOptions
    app/controllers/concerns/preference/base.rb:1096:in 'Preference::Base#preference_cookie_options'
    app/controllers/concerns/preference/base.rb:971:in 'Preference::Base#preference_auth_cookie_options'
    app/controllers/concerns/preference/base.rb:940:in 'Preference::Base#set_refresh_token_cookie'
    app/controllers/concerns/preference/base.rb:762:in 'Preference::Base#create_new_preference_record!'
    app/controllers/concerns/preference/base.rb:721:in 'Preference::Base#load_preference_record_from_refresh_token!'
    app/controllers/concerns/preference/base.rb:217:in 'Preference::Base#set_preferences_cookie'
    app/middleware/core/surface_middleware.rb:12:in 'Core::SurfaceMiddleware#call'
    test/integration/social_auth_unlink_test.rb:403:in 'block in <class:SocialAuthUnlinkTest>'
    test/support/i18n_locale_reset.rb:11:in 'block in ActiveSupport::TestCase#run'
    test/support/i18n_locale_reset.rb:10:in 'ActiveSupport::TestCase#run'

bin/rails test test/integration/social_auth_unlink_test.rb:382

E

Error:
SocialAuthUnlinkTest#test_unlink_Apple_requires_recent_reauth:
NameError: uninitialized constant Preference::Core::CookieOptions
    app/controllers/concerns/preference/base.rb:1096:in 'Preference::Base#preference_cookie_options'
    app/controllers/concerns/preference/base.rb:971:in 'Preference::Base#preference_auth_cookie_options'
    app/controllers/concerns/preference/base.rb:940:in 'Preference::Base#set_refresh_token_cookie'
    app/controllers/concerns/preference/base.rb:762:in 'Preference::Base#create_new_preference_record!'
    app/controllers/concerns/preference/base.rb:721:in 'Preference::Base#load_preference_record_from_refresh_token!'
    app/controllers/concerns/preference/base.rb:217:in 'Preference::Base#set_preferences_cookie'
    app/middleware/core/surface_middleware.rb:12:in 'Core::SurfaceMiddleware#call'
    test/integration/social_auth_unlink_test.rb:74:in 'block in <class:SocialAuthUnlinkTest>'
    test/support/i18n_locale_reset.rb:11:in 'block in ActiveSupport::TestCase#run'
    test/support/i18n_locale_reset.rb:10:in 'ActiveSupport::TestCase#run'

bin/rails test test/integration/social_auth_unlink_test.rb:57

E

Error:
SocialAuthUnlinkTest#test_unlink_non-existent_identity_is_idempotent:
NameError: uninitialized constant Preference::Core::CookieOptions
    app/controllers/concerns/preference/base.rb:1096:in 'Preference::Base#preference_cookie_options'
    app/controllers/concerns/preference/base.rb:971:in 'Preference::Base#preference_auth_cookie_options'
    app/controllers/concerns/preference/base.rb:940:in 'Preference::Base#set_refresh_token_cookie'
    app/controllers/concerns/preference/base.rb:762:in 'Preference::Base#create_new_preference_record!'
    app/controllers/concerns/preference/base.rb:721:in 'Preference::Base#load_preference_record_from_refresh_token!'
    app/controllers/concerns/preference/base.rb:217:in 'Preference::Base#set_preferences_cookie'
    app/middleware/core/surface_middleware.rb:12:in 'Core::SurfaceMiddleware#call'
    test/integration/social_auth_unlink_test.rb:298:in 'block in <class:SocialAuthUnlinkTest>'
    test/support/i18n_locale_reset.rb:11:in 'block in ActiveSupport::TestCase#run'
    test/support/i18n_locale_reset.rb:10:in 'ActiveSupport::TestCase#run'

bin/rails test test/integration/social_auth_unlink_test.rb:287

E

Error:
SocialAuthUnlinkTest#test_unlink_Google_fails_when_passkey_exists_without_verified_telephone:
NameError: uninitialized constant Preference::Core::CookieOptions
    app/controllers/concerns/preference/base.rb:1096:in 'Preference::Base#preference_cookie_options'
    app/controllers/concerns/preference/base.rb:971:in 'Preference::Base#preference_auth_cookie_options'
    app/controllers/concerns/preference/base.rb:940:in 'Preference::Base#set_refresh_token_cookie'
    app/controllers/concerns/preference/base.rb:762:in 'Preference::Base#create_new_preference_record!'
    app/controllers/concerns/preference/base.rb:721:in 'Preference::Base#load_preference_record_from_refresh_token!'
    app/controllers/concerns/preference/base.rb:217:in 'Preference::Base#set_preferences_cookie'
    app/middleware/core/surface_middleware.rb:12:in 'Core::SurfaceMiddleware#call'
    test/integration/social_auth_unlink_test.rb:237:in 'block in <class:SocialAuthUnlinkTest>'
    test/support/i18n_locale_reset.rb:11:in 'block in ActiveSupport::TestCase#run'
    test/support/i18n_locale_reset.rb:10:in 'ActiveSupport::TestCase#run'

bin/rails test test/integration/social_auth_unlink_test.rb:211

E

Error:
SocialAuthUnlinkTest#test_unlink_Apple_succeeds_when_user_has_Google_linked:
NameError: uninitialized constant Preference::Core::CookieOptions
    app/controllers/concerns/preference/base.rb:1096:in 'Preference::Base#preference_cookie_options'
    app/controllers/concerns/preference/base.rb:971:in 'Preference::Base#preference_auth_cookie_options'
    app/controllers/concerns/preference/base.rb:940:in 'Preference::Base#set_refresh_token_cookie'
    app/controllers/concerns/preference/base.rb:762:in 'Preference::Base#create_new_preference_record!'
    app/controllers/concerns/preference/base.rb:721:in 'Preference::Base#load_preference_record_from_refresh_token!'
    app/controllers/concerns/preference/base.rb:217:in 'Preference::Base#set_preferences_cookie'
    app/middleware/core/surface_middleware.rb:12:in 'Core::SurfaceMiddleware#call'
    test/integration/social_auth_unlink_test.rb:197:in 'block in <class:SocialAuthUnlinkTest>'
    test/support/i18n_locale_reset.rb:11:in 'block in ActiveSupport::TestCase#run'
    test/support/i18n_locale_reset.rb:10:in 'ActiveSupport::TestCase#run'

bin/rails test test/integration/social_auth_unlink_test.rb:178

E

Error:
SocialAuthUnlinkTest#test_unlink_Google_succeeds_with_passkey_and_verified_telephone:
NameError: uninitialized constant Preference::Core::CookieOptions
    app/controllers/concerns/preference/base.rb:1096:in 'Preference::Base#preference_cookie_options'
    app/controllers/concerns/preference/base.rb:971:in 'Preference::Base#preference_auth_cookie_options'
    app/controllers/concerns/preference/base.rb:940:in 'Preference::Base#set_refresh_token_cookie'
    app/controllers/concerns/preference/base.rb:762:in 'Preference::Base#create_new_preference_record!'
    app/controllers/concerns/preference/base.rb:721:in 'Preference::Base#load_preference_record_from_refresh_token!'
    app/controllers/concerns/preference/base.rb:217:in 'Preference::Base#set_preferences_cookie'
    app/middleware/core/surface_middleware.rb:12:in 'Core::SurfaceMiddleware#call'
    test/integration/social_auth_unlink_test.rb:273:in 'block in <class:SocialAuthUnlinkTest>'
    test/support/i18n_locale_reset.rb:11:in 'block in ActiveSupport::TestCase#run'
    test/support/i18n_locale_reset.rb:10:in 'ActiveSupport::TestCase#run'

bin/rails test test/integration/social_auth_unlink_test.rb:249

E

Error:
SocialAuthUnlinkTest#test_unlink_Google_succeeds_when_user_has_another_auth_method:
NameError: uninitialized constant Preference::Core::CookieOptions
    app/controllers/concerns/preference/base.rb:1096:in 'Preference::Base#preference_cookie_options'
    app/controllers/concerns/preference/base.rb:971:in 'Preference::Base#preference_auth_cookie_options'
    app/controllers/concerns/preference/base.rb:940:in 'Preference::Base#set_refresh_token_cookie'
    app/controllers/concerns/preference/base.rb:762:in 'Preference::Base#create_new_preference_record!'
    app/controllers/concerns/preference/base.rb:721:in 'Preference::Base#load_preference_record_from_refresh_token!'
    app/controllers/concerns/preference/base.rb:217:in 'Preference::Base#set_preferences_cookie'
    app/middleware/core/surface_middleware.rb:12:in 'Core::SurfaceMiddleware#call'
    test/integration/social_auth_unlink_test.rb:155:in 'block in <class:SocialAuthUnlinkTest>'
    test/support/i18n_locale_reset.rb:11:in 'block in ActiveSupport::TestCase#run'
    test/support/i18n_locale_reset.rb:10:in 'ActiveSupport::TestCase#run'

bin/rails test test/integration/social_auth_unlink_test.rb:135

E

Error:
SocialAuthUnlinkTest#test_unlink_already_revoked_identity_is_idempotent:
NameError: uninitialized constant Preference::Core::CookieOptions
    app/controllers/concerns/preference/base.rb:1096:in 'Preference::Base#preference_cookie_options'
    app/controllers/concerns/preference/base.rb:971:in 'Preference::Base#preference_auth_cookie_options'
    app/controllers/concerns/preference/base.rb:940:in 'Preference::Base#set_refresh_token_cookie'
    app/controllers/concerns/preference/base.rb:762:in 'Preference::Base#create_new_preference_record!'
    app/controllers/concerns/preference/base.rb:721:in 'Preference::Base#load_preference_record_from_refresh_token!'
    app/controllers/concerns/preference/base.rb:217:in 'Preference::Base#set_preferences_cookie'
    app/middleware/core/surface_middleware.rb:12:in 'Core::SurfaceMiddleware#call'
    test/integration/social_auth_unlink_test.rb:317:in 'block in <class:SocialAuthUnlinkTest>'
    test/support/i18n_locale_reset.rb:11:in 'block in ActiveSupport::TestCase#run'
    test/support/i18n_locale_reset.rb:10:in 'ActiveSupport::TestCase#run'

bin/rails test test/integration/social_auth_unlink_test.rb:307

E

Error:
SocialAuthUnlinkTest#test_unlink_last_Google_identity_returns_422_LastIdentityError:
NameError: uninitialized constant Preference::Core::CookieOptions
    app/controllers/concerns/preference/base.rb:1096:in 'Preference::Base#preference_cookie_options'
    app/controllers/concerns/preference/base.rb:971:in 'Preference::Base#preference_auth_cookie_options'
    app/controllers/concerns/preference/base.rb:940:in 'Preference::Base#set_refresh_token_cookie'
    app/controllers/concerns/preference/base.rb:762:in 'Preference::Base#create_new_preference_record!'
    app/controllers/concerns/preference/base.rb:721:in 'Preference::Base#load_preference_record_from_refresh_token!'
    app/controllers/concerns/preference/base.rb:217:in 'Preference::Base#set_preferences_cookie'
    app/middleware/core/surface_middleware.rb:12:in 'Core::SurfaceMiddleware#call'
    test/integration/social_auth_unlink_test.rb:97:in 'block in <class:SocialAuthUnlinkTest>'
    test/support/i18n_locale_reset.rb:11:in 'block in ActiveSupport::TestCase#run'
    test/support/i18n_locale_reset.rb:10:in 'ActiveSupport::TestCase#run'

bin/rails test test/integration/social_auth_unlink_test.rb:85

E

Error:
SocialAuthUnlinkTest#test_unlink_succeeds_when_user_has_only_REVOKED_social_identity_and_an_active_email:
NameError: uninitialized constant Preference::Core::CookieOptions
    app/controllers/concerns/preference/base.rb:1096:in 'Preference::Base#preference_cookie_options'
    app/controllers/concerns/preference/base.rb:971:in 'Preference::Base#preference_auth_cookie_options'
    app/controllers/concerns/preference/base.rb:940:in 'Preference::Base#set_refresh_token_cookie'
    app/controllers/concerns/preference/base.rb:762:in 'Preference::Base#create_new_preference_record!'
    app/controllers/concerns/preference/base.rb:721:in 'Preference::Base#load_preference_record_from_refresh_token!'
    app/controllers/concerns/preference/base.rb:217:in 'Preference::Base#set_preferences_cookie'
    app/middleware/core/surface_middleware.rb:12:in 'Core::SurfaceMiddleware#call'
    test/integration/social_auth_unlink_test.rb:369:in 'block in <class:SocialAuthUnlinkTest>'
    test/support/i18n_locale_reset.rb:11:in 'block in ActiveSupport::TestCase#run'
    test/support/i18n_locale_reset.rb:10:in 'ActiveSupport::TestCase#run'

bin/rails test test/integration/social_auth_unlink_test.rb:340

...............................................................................E

Error:
Sign::App::Configuration::ActivitiesControllerTest#test_activity_alias_route_is_available_at_/configuration/activity:
NameError: uninitialized constant Preference::Core::CookieOptions
    app/controllers/concerns/preference/base.rb:1096:in 'Preference::Base#preference_cookie_options'
    app/controllers/concerns/preference/base.rb:971:in 'Preference::Base#preference_auth_cookie_options'
    app/controllers/concerns/preference/base.rb:940:in 'Preference::Base#set_refresh_token_cookie'
    app/controllers/concerns/preference/base.rb:762:in 'Preference::Base#create_new_preference_record!'
    app/controllers/concerns/preference/base.rb:721:in 'Preference::Base#load_preference_record_from_refresh_token!'
    app/controllers/concerns/preference/base.rb:217:in 'Preference::Base#set_preferences_cookie'
    app/middleware/core/surface_middleware.rb:12:in 'Core::SurfaceMiddleware#call'
    test/controllers/sign/app/configuration/activities_controller_test.rb:28:in 'block in <class:ActivitiesControllerTest>'
    test/support/i18n_locale_reset.rb:11:in 'block in ActiveSupport::TestCase#run'
    test/support/i18n_locale_reset.rb:10:in 'ActiveSupport::TestCase#run'

bin/rails test test/controllers/sign/app/configuration/activities_controller_test.rb:27

E

Error:
Sign::App::Configuration::ActivitiesControllerTest#test_shows_only_current_user_activity_logs:
NameError: uninitialized constant Preference::Core::CookieOptions
    app/controllers/concerns/preference/base.rb:1096:in 'Preference::Base#preference_cookie_options'
    app/controllers/concerns/preference/base.rb:971:in 'Preference::Base#preference_auth_cookie_options'
    app/controllers/concerns/preference/base.rb:940:in 'Preference::Base#set_refresh_token_cookie'
    app/controllers/concerns/preference/base.rb:762:in 'Preference::Base#create_new_preference_record!'
    app/controllers/concerns/preference/base.rb:721:in 'Preference::Base#load_preference_record_from_refresh_token!'
    app/controllers/concerns/preference/base.rb:217:in 'Preference::Base#set_preferences_cookie'
    app/middleware/core/surface_middleware.rb:12:in 'Core::SurfaceMiddleware#call'
    test/controllers/sign/app/configuration/activities_controller_test.rb:47:in 'block in <class:ActivitiesControllerTest>'
    test/support/i18n_locale_reset.rb:11:in 'block in ActiveSupport::TestCase#run'
    test/support/i18n_locale_reset.rb:10:in 'ActiveSupport::TestCase#run'

bin/rails test test/controllers/sign/app/configuration/activities_controller_test.rb:33

E

Error:
Sign::App::Configuration::ActivitiesControllerTest#test_orders_activity_by_occurred_at_desc:
NameError: uninitialized constant Preference::Core::CookieOptions
    app/controllers/concerns/preference/base.rb:1096:in 'Preference::Base#preference_cookie_options'
    app/controllers/concerns/preference/base.rb:971:in 'Preference::Base#preference_auth_cookie_options'
    app/controllers/concerns/preference/base.rb:940:in 'Preference::Base#set_refresh_token_cookie'
    app/controllers/concerns/preference/base.rb:762:in 'Preference::Base#create_new_preference_record!'
    app/controllers/concerns/preference/base.rb:721:in 'Preference::Base#load_preference_record_from_refresh_token!'
    app/controllers/concerns/preference/base.rb:217:in 'Preference::Base#set_preferences_cookie'
    app/middleware/core/surface_middleware.rb:12:in 'Core::SurfaceMiddleware#call'
    test/controllers/sign/app/configuration/activities_controller_test.rb:74:in 'block in <class:ActivitiesControllerTest>'
    test/support/i18n_locale_reset.rb:11:in 'block in ActiveSupport::TestCase#run'
    test/support/i18n_locale_reset.rb:10:in 'ActiveSupport::TestCase#run'

bin/rails test test/controllers/sign/app/configuration/activities_controller_test.rb:54

E

Error:
Sign::App::Configuration::ActivitiesControllerTest#test_filters_to_login_success_events:
NameError: uninitialized constant Preference::Core::CookieOptions
    app/controllers/concerns/preference/base.rb:1096:in 'Preference::Base#preference_cookie_options'
    app/controllers/concerns/preference/base.rb:971:in 'Preference::Base#preference_auth_cookie_options'
    app/controllers/concerns/preference/base.rb:940:in 'Preference::Base#set_refresh_token_cookie'
    app/controllers/concerns/preference/base.rb:762:in 'Preference::Base#create_new_preference_record!'
    app/controllers/concerns/preference/base.rb:721:in 'Preference::Base#load_preference_record_from_refresh_token!'
    app/controllers/concerns/preference/base.rb:217:in 'Preference::Base#set_preferences_cookie'
    app/middleware/core/surface_middleware.rb:12:in 'Core::SurfaceMiddleware#call'
    test/controllers/sign/app/configuration/activities_controller_test.rb:119:in 'block in <class:ActivitiesControllerTest>'
    test/support/i18n_locale_reset.rb:11:in 'block in ActiveSupport::TestCase#run'
    test/support/i18n_locale_reset.rb:10:in 'ActiveSupport::TestCase#run'

bin/rails test test/controllers/sign/app/configuration/activities_controller_test.rb:105

E

Error:
Sign::App::Configuration::ActivitiesControllerTest#test_applies_limit_100:
NameError: uninitialized constant Preference::Core::CookieOptions
    app/controllers/concerns/preference/base.rb:1096:in 'Preference::Base#preference_cookie_options'
    app/controllers/concerns/preference/base.rb:971:in 'Preference::Base#preference_auth_cookie_options'
    app/controllers/concerns/preference/base.rb:940:in 'Preference::Base#set_refresh_token_cookie'
    app/controllers/concerns/preference/base.rb:762:in 'Preference::Base#create_new_preference_record!'
    app/controllers/concerns/preference/base.rb:721:in 'Preference::Base#load_preference_record_from_refresh_token!'
    app/controllers/concerns/preference/base.rb:217:in 'Preference::Base#set_preferences_cookie'
    app/middleware/core/surface_middleware.rb:12:in 'Core::SurfaceMiddleware#call'
    test/controllers/sign/app/configuration/activities_controller_test.rb:96:in 'block in <class:ActivitiesControllerTest>'
    test/support/i18n_locale_reset.rb:11:in 'block in ActiveSupport::TestCase#run'
    test/support/i18n_locale_reset.rb:10:in 'ActiveSupport::TestCase#run'

bin/rails test test/controllers/sign/app/configuration/activities_controller_test.rb:85

E

Error:
Sign::App::Configuration::ActivitiesControllerTest#test_renders_user_agent_summary_and_login_method:
NameError: uninitialized constant Preference::Core::CookieOptions
    app/controllers/concerns/preference/base.rb:1096:in 'Preference::Base#preference_cookie_options'
    app/controllers/concerns/preference/base.rb:971:in 'Preference::Base#preference_auth_cookie_options'
    app/controllers/concerns/preference/base.rb:940:in 'Preference::Base#set_refresh_token_cookie'
    app/controllers/concerns/preference/base.rb:762:in 'Preference::Base#create_new_preference_record!'
    app/controllers/concerns/preference/base.rb:721:in 'Preference::Base#load_preference_record_from_refresh_token!'
    app/controllers/concerns/preference/base.rb:217:in 'Preference::Base#set_preferences_cookie'
    app/middleware/core/surface_middleware.rb:12:in 'Core::SurfaceMiddleware#call'
    test/controllers/sign/app/configuration/activities_controller_test.rb:138:in 'block in <class:ActivitiesControllerTest>'
    test/support/i18n_locale_reset.rb:11:in 'block in ActiveSupport::TestCase#run'
    test/support/i18n_locale_reset.rb:10:in 'ActiveSupport::TestCase#run'

bin/rails test test/controllers/sign/app/configuration/activities_controller_test.rb:126

.E

Error:
VerificationI18nTest#test_verification_view_displays_translated_strings_in_English:
NameError: uninitialized constant Preference::Core::CookieOptions
    app/controllers/concerns/preference/base.rb:1096:in 'Preference::Base#preference_cookie_options'
    app/controllers/concerns/preference/base.rb:971:in 'Preference::Base#preference_auth_cookie_options'
    app/controllers/concerns/preference/base.rb:940:in 'Preference::Base#set_refresh_token_cookie'
    app/controllers/concerns/preference/base.rb:762:in 'Preference::Base#create_new_preference_record!'
    app/controllers/concerns/preference/base.rb:721:in 'Preference::Base#load_preference_record_from_refresh_token!'
    app/controllers/concerns/preference/base.rb:217:in 'Preference::Base#set_preferences_cookie'
    app/middleware/core/surface_middleware.rb:12:in 'Core::SurfaceMiddleware#call'
    test/integration/verification_i18n_test.rb:43:in 'block in <class:VerificationI18nTest>'
    test/support/i18n_locale_reset.rb:11:in 'block in ActiveSupport::TestCase#run'
    test/support/i18n_locale_reset.rb:10:in 'ActiveSupport::TestCase#run'

bin/rails test test/integration/verification_i18n_test.rb:40

E

Error:
VerificationI18nTest#test_verification_view_displays_translated_strings_in_Japanese:
NameError: uninitialized constant Preference::Core::CookieOptions
    app/controllers/concerns/preference/base.rb:1096:in 'Preference::Base#preference_cookie_options'
    app/controllers/concerns/preference/base.rb:971:in 'Preference::Base#preference_auth_cookie_options'
    app/controllers/concerns/preference/base.rb:940:in 'Preference::Base#set_refresh_token_cookie'
    app/controllers/concerns/preference/base.rb:762:in 'Preference::Base#create_new_preference_record!'
    app/controllers/concerns/preference/base.rb:721:in 'Preference::Base#load_preference_record_from_refresh_token!'
    app/controllers/concerns/preference/base.rb:217:in 'Preference::Base#set_preferences_cookie'
    app/middleware/core/surface_middleware.rb:12:in 'Core::SurfaceMiddleware#call'
    test/integration/verification_i18n_test.rb:34:in 'block in <class:VerificationI18nTest>'
    test/support/i18n_locale_reset.rb:11:in 'block in ActiveSupport::TestCase#run'
    test/support/i18n_locale_reset.rb:10:in 'ActiveSupport::TestCase#run'

bin/rails test test/integration/verification_i18n_test.rb:31

....................E

Error:
ApexPreferenceTest#test_com_domain_redirects_to_add_ri_param_when_missing:
NameError: uninitialized constant Preference::Core::CookieOptions
    app/controllers/concerns/preference/base.rb:1096:in 'Preference::Base#preference_cookie_options'
    app/controllers/concerns/preference/base.rb:971:in 'Preference::Base#preference_auth_cookie_options'
    app/controllers/concerns/preference/base.rb:940:in 'Preference::Base#set_refresh_token_cookie'
    app/controllers/concerns/preference/base.rb:762:in 'Preference::Base#create_new_preference_record!'
    app/controllers/concerns/preference/base.rb:721:in 'Preference::Base#load_preference_record_from_refresh_token!'
    app/controllers/concerns/preference/base.rb:217:in 'Preference::Base#set_preferences_cookie'
    app/middleware/core/surface_middleware.rb:12:in 'Core::SurfaceMiddleware#call'
    test/integration/apex_preference_test.rb:29:in 'block (2 levels) in <class:ApexPreferenceTest>'
    test/support/i18n_locale_reset.rb:11:in 'block in ActiveSupport::TestCase#run'
    test/support/i18n_locale_reset.rb:10:in 'ActiveSupport::TestCase#run'

bin/rails test test/integration/apex_preference_test.rb:25

E

Error:
ApexPreferenceTest#test_app_domain_updates_cookie:
NameError: uninitialized constant Preference::Core::CookieOptions
    app/controllers/concerns/preference/base.rb:1096:in 'Preference::Base#preference_cookie_options'
    app/controllers/concerns/preference/base.rb:971:in 'Preference::Base#preference_auth_cookie_options'
    app/controllers/concerns/preference/base.rb:940:in 'Preference::Base#set_refresh_token_cookie'
    app/controllers/concerns/preference/base.rb:762:in 'Preference::Base#create_new_preference_record!'
    app/controllers/concerns/preference/base.rb:721:in 'Preference::Base#load_preference_record_from_refresh_token!'
    app/controllers/concerns/preference/base.rb:217:in 'Preference::Base#set_preferences_cookie'
    app/middleware/core/surface_middleware.rb:12:in 'Core::SurfaceMiddleware#call'
    test/integration/apex_preference_test.rb:447:in 'ApexPreferenceTest#assert_preference_created'
    test/integration/apex_preference_test.rb:213:in 'block (2 levels) in <class:ApexPreferenceTest>'
    test/support/i18n_locale_reset.rb:11:in 'block in ActiveSupport::TestCase#run'
    test/support/i18n_locale_reset.rb:10:in 'ActiveSupport::TestCase#run'

bin/rails test test/integration/apex_preference_test.rb:211

E

Error:
ApexPreferenceTest#test_app_domain_respects_lx_param_for_locale:
NameError: uninitialized constant Preference::Core::CookieOptions
    app/controllers/concerns/preference/base.rb:1096:in 'Preference::Base#preference_cookie_options'
    app/controllers/concerns/preference/base.rb:971:in 'Preference::Base#preference_auth_cookie_options'
    app/controllers/concerns/preference/base.rb:940:in 'Preference::Base#set_refresh_token_cookie'
    app/controllers/concerns/preference/base.rb:762:in 'Preference::Base#create_new_preference_record!'
    app/controllers/concerns/preference/base.rb:721:in 'Preference::Base#load_preference_record_from_refresh_token!'
    app/controllers/concerns/preference/base.rb:217:in 'Preference::Base#set_preferences_cookie'
    app/middleware/core/surface_middleware.rb:12:in 'Core::SurfaceMiddleware#call'
    test/integration/apex_preference_test.rb:49:in 'block (2 levels) in <class:ApexPreferenceTest>'
    test/support/i18n_locale_reset.rb:11:in 'block in ActiveSupport::TestCase#run'
    test/support/i18n_locale_reset.rb:10:in 'ActiveSupport::TestCase#run'

bin/rails test test/integration/apex_preference_test.rb:45

E

Error:
ApexPreferenceTest#test_com_domain_creates_new_preference_after_reset:
NameError: uninitialized constant Preference::Core::CookieOptions
    app/controllers/concerns/preference/base.rb:1096:in 'Preference::Base#preference_cookie_options'
    app/controllers/concerns/preference/base.rb:971:in 'Preference::Base#preference_auth_cookie_options'
    app/controllers/concerns/preference/base.rb:940:in 'Preference::Base#set_refresh_token_cookie'
    app/controllers/concerns/preference/base.rb:762:in 'Preference::Base#create_new_preference_record!'
    app/controllers/concerns/preference/base.rb:721:in 'Preference::Base#load_preference_record_from_refresh_token!'
    app/controllers/concerns/preference/base.rb:217:in 'Preference::Base#set_preferences_cookie'
    app/middleware/core/surface_middleware.rb:12:in 'Core::SurfaceMiddleware#call'
    test/integration/apex_preference_test.rb:447:in 'ApexPreferenceTest#assert_preference_created'
    test/integration/apex_preference_test.rb:264:in 'block (2 levels) in <class:ApexPreferenceTest>'
    test/support/i18n_locale_reset.rb:11:in 'block in ActiveSupport::TestCase#run'
    test/support/i18n_locale_reset.rb:10:in 'ActiveSupport::TestCase#run'

bin/rails test test/integration/apex_preference_test.rb:262

E

Error:
ApexPreferenceTest#test_org_domain_reset_edit_page_has_confirmation_checkbox:
NameError: uninitialized constant Preference::Core::CookieOptions
    app/controllers/concerns/preference/base.rb:1096:in 'Preference::Base#preference_cookie_options'
    app/controllers/concerns/preference/base.rb:971:in 'Preference::Base#preference_auth_cookie_options'
    app/controllers/concerns/preference/base.rb:940:in 'Preference::Base#set_refresh_token_cookie'
    app/controllers/concerns/preference/base.rb:762:in 'Preference::Base#create_new_preference_record!'
    app/controllers/concerns/preference/base.rb:721:in 'Preference::Base#load_preference_record_from_refresh_token!'
    app/controllers/concerns/preference/base.rb:217:in 'Preference::Base#set_preferences_cookie'
    app/middleware/core/surface_middleware.rb:12:in 'Core::SurfaceMiddleware#call'
    test/integration/apex_preference_test.rb:447:in 'ApexPreferenceTest#assert_preference_created'
    test/integration/apex_preference_test.rb:324:in 'block (2 levels) in <class:ApexPreferenceTest>'
    test/support/i18n_locale_reset.rb:11:in 'block in ActiveSupport::TestCase#run'
    test/support/i18n_locale_reset.rb:10:in 'ActiveSupport::TestCase#run'

bin/rails test test/integration/apex_preference_test.rb:322

E

Error:
ApexPreferenceTest#test_app_domain_reset_logs_database_operations:
NameError: uninitialized constant Preference::Core::CookieOptions
    app/controllers/concerns/preference/base.rb:1096:in 'Preference::Base#preference_cookie_options'
    app/controllers/concerns/preference/base.rb:971:in 'Preference::Base#preference_auth_cookie_options'
    app/controllers/concerns/preference/base.rb:940:in 'Preference::Base#set_refresh_token_cookie'
    app/controllers/concerns/preference/base.rb:762:in 'Preference::Base#create_new_preference_record!'
    app/controllers/concerns/preference/base.rb:721:in 'Preference::Base#load_preference_record_from_refresh_token!'
    app/controllers/concerns/preference/base.rb:217:in 'Preference::Base#set_preferences_cookie'
    app/middleware/core/surface_middleware.rb:12:in 'Core::SurfaceMiddleware#call'
    test/integration/apex_preference_test.rb:447:in 'ApexPreferenceTest#assert_preference_created'
    test/integration/apex_preference_test.rb:410:in 'block (2 levels) in <class:ApexPreferenceTest>'
    test/support/i18n_locale_reset.rb:11:in 'block in ActiveSupport::TestCase#run'
    test/support/i18n_locale_reset.rb:10:in 'ActiveSupport::TestCase#run'

bin/rails test test/integration/apex_preference_test.rb:408

E

Error:
ApexPreferenceTest#test_app_domain_updates_theme:
NameError: uninitialized constant Preference::Core::CookieOptions
    app/controllers/concerns/preference/base.rb:1096:in 'Preference::Base#preference_cookie_options'
    app/controllers/concerns/preference/base.rb:971:in 'Preference::Base#preference_auth_cookie_options'
    app/controllers/concerns/preference/base.rb:940:in 'Preference::Base#set_refresh_token_cookie'
    app/controllers/concerns/preference/base.rb:762:in 'Preference::Base#create_new_preference_record!'
    app/controllers/concerns/preference/base.rb:721:in 'Preference::Base#load_preference_record_from_refresh_token!'
    app/controllers/concerns/preference/base.rb:217:in 'Preference::Base#set_preferences_cookie'
    app/middleware/core/surface_middleware.rb:12:in 'Core::SurfaceMiddleware#call'
    test/integration/apex_preference_test.rb:447:in 'ApexPreferenceTest#assert_preference_created'
    test/integration/apex_preference_test.rb:191:in 'block (2 levels) in <class:ApexPreferenceTest>'
    test/support/i18n_locale_reset.rb:11:in 'block in ActiveSupport::TestCase#run'
    test/support/i18n_locale_reset.rb:10:in 'ActiveSupport::TestCase#run'

bin/rails test test/integration/apex_preference_test.rb:189

E

Error:
ApexPreferenceTest#test_app_domain_reset_destroy_deletes_preference_cookies:
NameError: uninitialized constant Preference::Core::CookieOptions
    app/controllers/concerns/preference/base.rb:1096:in 'Preference::Base#preference_cookie_options'
    app/controllers/concerns/preference/base.rb:971:in 'Preference::Base#preference_auth_cookie_options'
    app/controllers/concerns/preference/base.rb:940:in 'Preference::Base#set_refresh_token_cookie'
    app/controllers/concerns/preference/base.rb:762:in 'Preference::Base#create_new_preference_record!'
    app/controllers/concerns/preference/base.rb:721:in 'Preference::Base#load_preference_record_from_refresh_token!'
    app/controllers/concerns/preference/base.rb:217:in 'Preference::Base#set_preferences_cookie'
    app/middleware/core/surface_middleware.rb:12:in 'Core::SurfaceMiddleware#call'
    test/integration/apex_preference_test.rb:447:in 'ApexPreferenceTest#assert_preference_created'
    test/integration/apex_preference_test.rb:366:in 'block (2 levels) in <class:ApexPreferenceTest>'
    test/support/i18n_locale_reset.rb:11:in 'block in ActiveSupport::TestCase#run'
    test/support/i18n_locale_reset.rb:10:in 'ActiveSupport::TestCase#run'

bin/rails test test/integration/apex_preference_test.rb:364

E

Error:
ApexPreferenceTest#test_app_domain_updates_timezone:
NameError: uninitialized constant Preference::Core::CookieOptions
    app/controllers/concerns/preference/base.rb:1096:in 'Preference::Base#preference_cookie_options'
    app/controllers/concerns/preference/base.rb:971:in 'Preference::Base#preference_auth_cookie_options'
    app/controllers/concerns/preference/base.rb:940:in 'Preference::Base#set_refresh_token_cookie'
    app/controllers/concerns/preference/base.rb:762:in 'Preference::Base#create_new_preference_record!'
    app/controllers/concerns/preference/base.rb:721:in 'Preference::Base#load_preference_record_from_refresh_token!'
    app/controllers/concerns/preference/base.rb:217:in 'Preference::Base#set_preferences_cookie'
    app/middleware/core/surface_middleware.rb:12:in 'Core::SurfaceMiddleware#call'
    test/integration/apex_preference_test.rb:447:in 'ApexPreferenceTest#assert_preference_created'
    test/integration/apex_preference_test.rb:74:in 'block (2 levels) in <class:ApexPreferenceTest>'
    test/support/i18n_locale_reset.rb:11:in 'block in ActiveSupport::TestCase#run'
    test/support/i18n_locale_reset.rb:10:in 'ActiveSupport::TestCase#run'

bin/rails test test/integration/apex_preference_test.rb:72

E

Error:
ApexPreferenceTest#test_org_domain_resets_preferences:
NameError: uninitialized constant Preference::Core::CookieOptions
    app/controllers/concerns/preference/base.rb:1096:in 'Preference::Base#preference_cookie_options'
    app/controllers/concerns/preference/base.rb:971:in 'Preference::Base#preference_auth_cookie_options'
    app/controllers/concerns/preference/base.rb:940:in 'Preference::Base#set_refresh_token_cookie'
    app/controllers/concerns/preference/base.rb:762:in 'Preference::Base#create_new_preference_record!'
    app/controllers/concerns/preference/base.rb:721:in 'Preference::Base#load_preference_record_from_refresh_token!'
    app/controllers/concerns/preference/base.rb:217:in 'Preference::Base#set_preferences_cookie'
    app/middleware/core/surface_middleware.rb:12:in 'Core::SurfaceMiddleware#call'
    test/integration/apex_preference_test.rb:447:in 'ApexPreferenceTest#assert_preference_created'
    test/integration/apex_preference_test.rb:228:in 'block (2 levels) in <class:ApexPreferenceTest>'
    test/support/i18n_locale_reset.rb:11:in 'block in ActiveSupport::TestCase#run'
    test/support/i18n_locale_reset.rb:10:in 'ActiveSupport::TestCase#run'

bin/rails test test/integration/apex_preference_test.rb:226

E

Error:
ApexPreferenceTest#test_app_domain_updates_language:
NameError: uninitialized constant Preference::Core::CookieOptions
    app/controllers/concerns/preference/base.rb:1096:in 'Preference::Base#preference_cookie_options'
    app/controllers/concerns/preference/base.rb:971:in 'Preference::Base#preference_auth_cookie_options'
    app/controllers/concerns/preference/base.rb:940:in 'Preference::Base#set_refresh_token_cookie'
    app/controllers/concerns/preference/base.rb:762:in 'Preference::Base#create_new_preference_record!'
    app/controllers/concerns/preference/base.rb:721:in 'Preference::Base#load_preference_record_from_refresh_token!'
    app/controllers/concerns/preference/base.rb:217:in 'Preference::Base#set_preferences_cookie'
    app/middleware/core/surface_middleware.rb:12:in 'Core::SurfaceMiddleware#call'
    test/integration/apex_preference_test.rb:447:in 'ApexPreferenceTest#assert_preference_created'
    test/integration/apex_preference_test.rb:91:in 'block (2 levels) in <class:ApexPreferenceTest>'
    test/support/i18n_locale_reset.rb:11:in 'block in ActiveSupport::TestCase#run'
    test/support/i18n_locale_reset.rb:10:in 'ActiveSupport::TestCase#run'

bin/rails test test/integration/apex_preference_test.rb:89

E

Error:
ApexPreferenceTest#test_app_domain_language_select_uses_localized_options:
NameError: uninitialized constant Preference::Core::CookieOptions
    app/controllers/concerns/preference/base.rb:1096:in 'Preference::Base#preference_cookie_options'
    app/controllers/concerns/preference/base.rb:971:in 'Preference::Base#preference_auth_cookie_options'
    app/controllers/concerns/preference/base.rb:940:in 'Preference::Base#set_refresh_token_cookie'
    app/controllers/concerns/preference/base.rb:762:in 'Preference::Base#create_new_preference_record!'
    app/controllers/concerns/preference/base.rb:721:in 'Preference::Base#load_preference_record_from_refresh_token!'
    app/controllers/concerns/preference/base.rb:217:in 'Preference::Base#set_preferences_cookie'
    app/middleware/core/surface_middleware.rb:12:in 'Core::SurfaceMiddleware#call'
    test/integration/apex_preference_test.rb:180:in 'block (2 levels) in <class:ApexPreferenceTest>'
    test/support/i18n_locale_reset.rb:11:in 'block in ActiveSupport::TestCase#run'
    test/support/i18n_locale_reset.rb:10:in 'ActiveSupport::TestCase#run'

bin/rails test test/integration/apex_preference_test.rb:178

E

Error:
ApexPreferenceTest#test_org_domain_updates_timezone:
NameError: uninitialized constant Preference::Core::CookieOptions
    app/controllers/concerns/preference/base.rb:1096:in 'Preference::Base#preference_cookie_options'
    app/controllers/concerns/preference/base.rb:971:in 'Preference::Base#preference_auth_cookie_options'
    app/controllers/concerns/preference/base.rb:940:in 'Preference::Base#set_refresh_token_cookie'
    app/controllers/concerns/preference/base.rb:762:in 'Preference::Base#create_new_preference_record!'
    app/controllers/concerns/preference/base.rb:721:in 'Preference::Base#load_preference_record_from_refresh_token!'
    app/controllers/concerns/preference/base.rb:217:in 'Preference::Base#set_preferences_cookie'
    app/middleware/core/surface_middleware.rb:12:in 'Core::SurfaceMiddleware#call'
    test/integration/apex_preference_test.rb:447:in 'ApexPreferenceTest#assert_preference_created'
    test/integration/apex_preference_test.rb:74:in 'block (2 levels) in <class:ApexPreferenceTest>'
    test/support/i18n_locale_reset.rb:11:in 'block in ActiveSupport::TestCase#run'
    test/support/i18n_locale_reset.rb:10:in 'ActiveSupport::TestCase#run'

bin/rails test test/integration/apex_preference_test.rb:72

E

Error:
ApexPreferenceTest#test_app_domain_reset_destroy_updates_preference_status_to_DELETED:
NameError: uninitialized constant Preference::Core::CookieOptions
    app/controllers/concerns/preference/base.rb:1096:in 'Preference::Base#preference_cookie_options'
    app/controllers/concerns/preference/base.rb:971:in 'Preference::Base#preference_auth_cookie_options'
    app/controllers/concerns/preference/base.rb:940:in 'Preference::Base#set_refresh_token_cookie'
    app/controllers/concerns/preference/base.rb:762:in 'Preference::Base#create_new_preference_record!'
    app/controllers/concerns/preference/base.rb:721:in 'Preference::Base#load_preference_record_from_refresh_token!'
    app/controllers/concerns/preference/base.rb:217:in 'Preference::Base#set_preferences_cookie'
    app/middleware/core/surface_middleware.rb:12:in 'Core::SurfaceMiddleware#call'
    test/integration/apex_preference_test.rb:447:in 'ApexPreferenceTest#assert_preference_created'
    test/integration/apex_preference_test.rb:335:in 'block (2 levels) in <class:ApexPreferenceTest>'
    test/support/i18n_locale_reset.rb:11:in 'block in ActiveSupport::TestCase#run'
    test/support/i18n_locale_reset.rb:10:in 'ActiveSupport::TestCase#run'

bin/rails test test/integration/apex_preference_test.rb:333

E

Error:
ApexPreferenceTest#test_org_domain_updates_region:
NameError: uninitialized constant Preference::Core::CookieOptions
    app/controllers/concerns/preference/base.rb:1096:in 'Preference::Base#preference_cookie_options'
    app/controllers/concerns/preference/base.rb:971:in 'Preference::Base#preference_auth_cookie_options'
    app/controllers/concerns/preference/base.rb:940:in 'Preference::Base#set_refresh_token_cookie'
    app/controllers/concerns/preference/base.rb:762:in 'Preference::Base#create_new_preference_record!'
    app/controllers/concerns/preference/base.rb:721:in 'Preference::Base#load_preference_record_from_refresh_token!'
    app/controllers/concerns/preference/base.rb:217:in 'Preference::Base#set_preferences_cookie'
    app/middleware/core/surface_middleware.rb:12:in 'Core::SurfaceMiddleware#call'
    test/integration/apex_preference_test.rb:447:in 'ApexPreferenceTest#assert_preference_created'
    test/integration/apex_preference_test.rb:58:in 'block (2 levels) in <class:ApexPreferenceTest>'
    test/support/i18n_locale_reset.rb:11:in 'block in ActiveSupport::TestCase#run'
    test/support/i18n_locale_reset.rb:10:in 'ActiveSupport::TestCase#run'

bin/rails test test/integration/apex_preference_test.rb:56

E

Error:
ApexPreferenceTest#test_org_domain_language_edit_links_to_region_edit:
NameError: uninitialized constant Preference::Core::CookieOptions
    app/controllers/concerns/preference/base.rb:1096:in 'Preference::Base#preference_cookie_options'
    app/controllers/concerns/preference/base.rb:971:in 'Preference::Base#preference_auth_cookie_options'
    app/controllers/concerns/preference/base.rb:940:in 'Preference::Base#set_refresh_token_cookie'
    app/controllers/concerns/preference/base.rb:762:in 'Preference::Base#create_new_preference_record!'
    app/controllers/concerns/preference/base.rb:721:in 'Preference::Base#load_preference_record_from_refresh_token!'
    app/controllers/concerns/preference/base.rb:217:in 'Preference::Base#set_preferences_cookie'
    app/middleware/core/surface_middleware.rb:12:in 'Core::SurfaceMiddleware#call'
    test/integration/apex_preference_test.rb:303:in 'block (2 levels) in <class:ApexPreferenceTest>'
    test/support/i18n_locale_reset.rb:11:in 'block in ActiveSupport::TestCase#run'
    test/support/i18n_locale_reset.rb:10:in 'ActiveSupport::TestCase#run'

bin/rails test test/integration/apex_preference_test.rb:300

E

Error:
ApexPreferenceTest#test_com_domain_creates_preference_on_index:
NameError: uninitialized constant Preference::Core::CookieOptions
    app/controllers/concerns/preference/base.rb:1096:in 'Preference::Base#preference_cookie_options'
    app/controllers/concerns/preference/base.rb:971:in 'Preference::Base#preference_auth_cookie_options'
    app/controllers/concerns/preference/base.rb:940:in 'Preference::Base#set_refresh_token_cookie'
    app/controllers/concerns/preference/base.rb:762:in 'Preference::Base#create_new_preference_record!'
    app/controllers/concerns/preference/base.rb:721:in 'Preference::Base#load_preference_record_from_refresh_token!'
    app/controllers/concerns/preference/base.rb:217:in 'Preference::Base#set_preferences_cookie'
    app/middleware/core/surface_middleware.rb:12:in 'Core::SurfaceMiddleware#call'
    test/integration/apex_preference_test.rb:447:in 'ApexPreferenceTest#assert_preference_created'
    test/integration/apex_preference_test.rb:21:in 'block (2 levels) in <class:ApexPreferenceTest>'
    test/support/i18n_locale_reset.rb:11:in 'block in ActiveSupport::TestCase#run'
    test/support/i18n_locale_reset.rb:10:in 'ActiveSupport::TestCase#run'

bin/rails test test/integration/apex_preference_test.rb:18

E

Error:
ApexPreferenceTest#test_org_domain_reset_destroy_updates_preference_status_to_DELETED:
NameError: uninitialized constant Preference::Core::CookieOptions
    app/controllers/concerns/preference/base.rb:1096:in 'Preference::Base#preference_cookie_options'
    app/controllers/concerns/preference/base.rb:971:in 'Preference::Base#preference_auth_cookie_options'
    app/controllers/concerns/preference/base.rb:940:in 'Preference::Base#set_refresh_token_cookie'
    app/controllers/concerns/preference/base.rb:762:in 'Preference::Base#create_new_preference_record!'
    app/controllers/concerns/preference/base.rb:721:in 'Preference::Base#load_preference_record_from_refresh_token!'
    app/controllers/concerns/preference/base.rb:217:in 'Preference::Base#set_preferences_cookie'
    app/middleware/core/surface_middleware.rb:12:in 'Core::SurfaceMiddleware#call'
    test/integration/apex_preference_test.rb:447:in 'ApexPreferenceTest#assert_preference_created'
    test/integration/apex_preference_test.rb:335:in 'block (2 levels) in <class:ApexPreferenceTest>'
    test/support/i18n_locale_reset.rb:11:in 'block in ActiveSupport::TestCase#run'
    test/support/i18n_locale_reset.rb:10:in 'ActiveSupport::TestCase#run'

bin/rails test test/integration/apex_preference_test.rb:333

E

Error:
ApexPreferenceTest#test_org_domain_reset_destroy_fails_without_confirmation:
NameError: uninitialized constant Preference::Core::CookieOptions
    app/controllers/concerns/preference/base.rb:1096:in 'Preference::Base#preference_cookie_options'
    app/controllers/concerns/preference/base.rb:971:in 'Preference::Base#preference_auth_cookie_options'
    app/controllers/concerns/preference/base.rb:940:in 'Preference::Base#set_refresh_token_cookie'
    app/controllers/concerns/preference/base.rb:762:in 'Preference::Base#create_new_preference_record!'
    app/controllers/concerns/preference/base.rb:721:in 'Preference::Base#load_preference_record_from_refresh_token!'
    app/controllers/concerns/preference/base.rb:217:in 'Preference::Base#set_preferences_cookie'
    app/middleware/core/surface_middleware.rb:12:in 'Core::SurfaceMiddleware#call'
    test/integration/apex_preference_test.rb:447:in 'ApexPreferenceTest#assert_preference_created'
    test/integration/apex_preference_test.rb:391:in 'block (2 levels) in <class:ApexPreferenceTest>'
    test/support/i18n_locale_reset.rb:11:in 'block in ActiveSupport::TestCase#run'
    test/support/i18n_locale_reset.rb:10:in 'ActiveSupport::TestCase#run'

bin/rails test test/integration/apex_preference_test.rb:389

E

Error:
ApexPreferenceTest#test_app_domain_falls_back_to_Japanese_when_lx_invalid:
NameError: uninitialized constant Preference::Core::CookieOptions
    app/controllers/concerns/preference/base.rb:1096:in 'Preference::Base#preference_cookie_options'
    app/controllers/concerns/preference/base.rb:971:in 'Preference::Base#preference_auth_cookie_options'
    app/controllers/concerns/preference/base.rb:940:in 'Preference::Base#set_refresh_token_cookie'
    app/controllers/concerns/preference/base.rb:762:in 'Preference::Base#create_new_preference_record!'
    app/controllers/concerns/preference/base.rb:721:in 'Preference::Base#load_preference_record_from_refresh_token!'
    app/controllers/concerns/preference/base.rb:217:in 'Preference::Base#set_preferences_cookie'
    app/middleware/core/surface_middleware.rb:12:in 'Core::SurfaceMiddleware#call'
    test/integration/apex_preference_test.rb:147:in 'block (2 levels) in <class:ApexPreferenceTest>'
    test/support/i18n_locale_reset.rb:11:in 'block in ActiveSupport::TestCase#run'
    test/support/i18n_locale_reset.rb:10:in 'ActiveSupport::TestCase#run'

bin/rails test test/integration/apex_preference_test.rb:144

E

Error:
ApexPreferenceTest#test_org_domain_redirects_to_add_ri_param_when_missing:
NameError: uninitialized constant Preference::Core::CookieOptions
    app/controllers/concerns/preference/base.rb:1096:in 'Preference::Base#preference_cookie_options'
    app/controllers/concerns/preference/base.rb:971:in 'Preference::Base#preference_auth_cookie_options'
    app/controllers/concerns/preference/base.rb:940:in 'Preference::Base#set_refresh_token_cookie'
    app/controllers/concerns/preference/base.rb:762:in 'Preference::Base#create_new_preference_record!'
    app/controllers/concerns/preference/base.rb:721:in 'Preference::Base#load_preference_record_from_refresh_token!'
    app/controllers/concerns/preference/base.rb:217:in 'Preference::Base#set_preferences_cookie'
    app/middleware/core/surface_middleware.rb:12:in 'Core::SurfaceMiddleware#call'
    test/integration/apex_preference_test.rb:29:in 'block (2 levels) in <class:ApexPreferenceTest>'
    test/support/i18n_locale_reset.rb:11:in 'block in ActiveSupport::TestCase#run'
    test/support/i18n_locale_reset.rb:10:in 'ActiveSupport::TestCase#run'

bin/rails test test/integration/apex_preference_test.rb:25

E

Error:
ApexPreferenceTest#test_app_domain_applies_language_setting_to_locale:
NameError: uninitialized constant Preference::Core::CookieOptions
    app/controllers/concerns/preference/base.rb:1096:in 'Preference::Base#preference_cookie_options'
    app/controllers/concerns/preference/base.rb:971:in 'Preference::Base#preference_auth_cookie_options'
    app/controllers/concerns/preference/base.rb:940:in 'Preference::Base#set_refresh_token_cookie'
    app/controllers/concerns/preference/base.rb:762:in 'Preference::Base#create_new_preference_record!'
    app/controllers/concerns/preference/base.rb:721:in 'Preference::Base#load_preference_record_from_refresh_token!'
    app/controllers/concerns/preference/base.rb:217:in 'Preference::Base#set_preferences_cookie'
    app/middleware/core/surface_middleware.rb:12:in 'Core::SurfaceMiddleware#call'
    test/integration/apex_preference_test.rb:447:in 'ApexPreferenceTest#assert_preference_created'
    test/integration/apex_preference_test.rb:107:in 'block (2 levels) in <class:ApexPreferenceTest>'
    test/support/i18n_locale_reset.rb:11:in 'block in ActiveSupport::TestCase#run'
    test/support/i18n_locale_reset.rb:10:in 'ActiveSupport::TestCase#run'

bin/rails test test/integration/apex_preference_test.rb:105

E

Error:
ApexPreferenceTest#test_org_domain_reset_without_confirmation_returns_error:
NameError: uninitialized constant Preference::Core::CookieOptions
    app/controllers/concerns/preference/base.rb:1096:in 'Preference::Base#preference_cookie_options'
    app/controllers/concerns/preference/base.rb:971:in 'Preference::Base#preference_auth_cookie_options'
    app/controllers/concerns/preference/base.rb:940:in 'Preference::Base#set_refresh_token_cookie'
    app/controllers/concerns/preference/base.rb:762:in 'Preference::Base#create_new_preference_record!'
    app/controllers/concerns/preference/base.rb:721:in 'Preference::Base#load_preference_record_from_refresh_token!'
    app/controllers/concerns/preference/base.rb:217:in 'Preference::Base#set_preferences_cookie'
    app/middleware/core/surface_middleware.rb:12:in 'Core::SurfaceMiddleware#call'
    test/integration/apex_preference_test.rb:447:in 'ApexPreferenceTest#assert_preference_created'
    test/integration/apex_preference_test.rb:249:in 'block (2 levels) in <class:ApexPreferenceTest>'
    test/support/i18n_locale_reset.rb:11:in 'block in ActiveSupport::TestCase#run'
    test/support/i18n_locale_reset.rb:10:in 'ActiveSupport::TestCase#run'

bin/rails test test/integration/apex_preference_test.rb:247

E

Error:
ApexPreferenceTest#test_com_domain_reset_without_confirmation_returns_error:
NameError: uninitialized constant Preference::Core::CookieOptions
    app/controllers/concerns/preference/base.rb:1096:in 'Preference::Base#preference_cookie_options'
    app/controllers/concerns/preference/base.rb:971:in 'Preference::Base#preference_auth_cookie_options'
    app/controllers/concerns/preference/base.rb:940:in 'Preference::Base#set_refresh_token_cookie'
    app/controllers/concerns/preference/base.rb:762:in 'Preference::Base#create_new_preference_record!'
    app/controllers/concerns/preference/base.rb:721:in 'Preference::Base#load_preference_record_from_refresh_token!'
    app/controllers/concerns/preference/base.rb:217:in 'Preference::Base#set_preferences_cookie'
    app/middleware/core/surface_middleware.rb:12:in 'Core::SurfaceMiddleware#call'
    test/integration/apex_preference_test.rb:447:in 'ApexPreferenceTest#assert_preference_created'
    test/integration/apex_preference_test.rb:249:in 'block (2 levels) in <class:ApexPreferenceTest>'
    test/support/i18n_locale_reset.rb:11:in 'block in ActiveSupport::TestCase#run'
    test/support/i18n_locale_reset.rb:10:in 'ActiveSupport::TestCase#run'

bin/rails test test/integration/apex_preference_test.rb:247

E

Error:
ApexPreferenceTest#test_com_domain_language_edit_links_to_region_edit:
NameError: uninitialized constant Preference::Core::CookieOptions
    app/controllers/concerns/preference/base.rb:1096:in 'Preference::Base#preference_cookie_options'
    app/controllers/concerns/preference/base.rb:971:in 'Preference::Base#preference_auth_cookie_options'
    app/controllers/concerns/preference/base.rb:940:in 'Preference::Base#set_refresh_token_cookie'
    app/controllers/concerns/preference/base.rb:762:in 'Preference::Base#create_new_preference_record!'
    app/controllers/concerns/preference/base.rb:721:in 'Preference::Base#load_preference_record_from_refresh_token!'
    app/controllers/concerns/preference/base.rb:217:in 'Preference::Base#set_preferences_cookie'
    app/middleware/core/surface_middleware.rb:12:in 'Core::SurfaceMiddleware#call'
    test/integration/apex_preference_test.rb:303:in 'block (2 levels) in <class:ApexPreferenceTest>'
    test/support/i18n_locale_reset.rb:11:in 'block in ActiveSupport::TestCase#run'
    test/support/i18n_locale_reset.rb:10:in 'ActiveSupport::TestCase#run'

bin/rails test test/integration/apex_preference_test.rb:300

E

Error:
ApexPreferenceTest#test_com_domain_reset_edit_page_has_confirmation_checkbox:
NameError: uninitialized constant Preference::Core::CookieOptions
    app/controllers/concerns/preference/base.rb:1096:in 'Preference::Base#preference_cookie_options'
    app/controllers/concerns/preference/base.rb:971:in 'Preference::Base#preference_auth_cookie_options'
    app/controllers/concerns/preference/base.rb:940:in 'Preference::Base#set_refresh_token_cookie'
    app/controllers/concerns/preference/base.rb:762:in 'Preference::Base#create_new_preference_record!'
    app/controllers/concerns/preference/base.rb:721:in 'Preference::Base#load_preference_record_from_refresh_token!'
    app/controllers/concerns/preference/base.rb:217:in 'Preference::Base#set_preferences_cookie'
    app/middleware/core/surface_middleware.rb:12:in 'Core::SurfaceMiddleware#call'
    test/integration/apex_preference_test.rb:447:in 'ApexPreferenceTest#assert_preference_created'
    test/integration/apex_preference_test.rb:324:in 'block (2 levels) in <class:ApexPreferenceTest>'
    test/support/i18n_locale_reset.rb:11:in 'block in ActiveSupport::TestCase#run'
    test/support/i18n_locale_reset.rb:10:in 'ActiveSupport::TestCase#run'

bin/rails test test/integration/apex_preference_test.rb:322

E

Error:
ApexPreferenceTest#test_app_domain_redirects_to_add_ri_param_when_missing:
NameError: uninitialized constant Preference::Core::CookieOptions
    app/controllers/concerns/preference/base.rb:1096:in 'Preference::Base#preference_cookie_options'
    app/controllers/concerns/preference/base.rb:971:in 'Preference::Base#preference_auth_cookie_options'
    app/controllers/concerns/preference/base.rb:940:in 'Preference::Base#set_refresh_token_cookie'
    app/controllers/concerns/preference/base.rb:762:in 'Preference::Base#create_new_preference_record!'
    app/controllers/concerns/preference/base.rb:721:in 'Preference::Base#load_preference_record_from_refresh_token!'
    app/controllers/concerns/preference/base.rb:217:in 'Preference::Base#set_preferences_cookie'
    app/middleware/core/surface_middleware.rb:12:in 'Core::SurfaceMiddleware#call'
    test/integration/apex_preference_test.rb:29:in 'block (2 levels) in <class:ApexPreferenceTest>'
    test/support/i18n_locale_reset.rb:11:in 'block in ActiveSupport::TestCase#run'
    test/support/i18n_locale_reset.rb:10:in 'ActiveSupport::TestCase#run'

bin/rails test test/integration/apex_preference_test.rb:25

E

Error:
ApexPreferenceTest#test_org_domain_creates_new_preference_after_reset:
NameError: uninitialized constant Preference::Core::CookieOptions
    app/controllers/concerns/preference/base.rb:1096:in 'Preference::Base#preference_cookie_options'
    app/controllers/concerns/preference/base.rb:971:in 'Preference::Base#preference_auth_cookie_options'
    app/controllers/concerns/preference/base.rb:940:in 'Preference::Base#set_refresh_token_cookie'
    app/controllers/concerns/preference/base.rb:762:in 'Preference::Base#create_new_preference_record!'
    app/controllers/concerns/preference/base.rb:721:in 'Preference::Base#load_preference_record_from_refresh_token!'
    app/controllers/concerns/preference/base.rb:217:in 'Preference::Base#set_preferences_cookie'
    app/middleware/core/surface_middleware.rb:12:in 'Core::SurfaceMiddleware#call'
    test/integration/apex_preference_test.rb:447:in 'ApexPreferenceTest#assert_preference_created'
    test/integration/apex_preference_test.rb:264:in 'block (2 levels) in <class:ApexPreferenceTest>'
    test/support/i18n_locale_reset.rb:11:in 'block in ActiveSupport::TestCase#run'
    test/support/i18n_locale_reset.rb:10:in 'ActiveSupport::TestCase#run'

bin/rails test test/integration/apex_preference_test.rb:262

E

Error:
ApexPreferenceTest#test_org_domain_reset_logs_database_operations:
NameError: uninitialized constant Preference::Core::CookieOptions
    app/controllers/concerns/preference/base.rb:1096:in 'Preference::Base#preference_cookie_options'
    app/controllers/concerns/preference/base.rb:971:in 'Preference::Base#preference_auth_cookie_options'
    app/controllers/concerns/preference/base.rb:940:in 'Preference::Base#set_refresh_token_cookie'
    app/controllers/concerns/preference/base.rb:762:in 'Preference::Base#create_new_preference_record!'
    app/controllers/concerns/preference/base.rb:721:in 'Preference::Base#load_preference_record_from_refresh_token!'
    app/controllers/concerns/preference/base.rb:217:in 'Preference::Base#set_preferences_cookie'
    app/middleware/core/surface_middleware.rb:12:in 'Core::SurfaceMiddleware#call'
    test/integration/apex_preference_test.rb:447:in 'ApexPreferenceTest#assert_preference_created'
    test/integration/apex_preference_test.rb:410:in 'block (2 levels) in <class:ApexPreferenceTest>'
    test/support/i18n_locale_reset.rb:11:in 'block in ActiveSupport::TestCase#run'
    test/support/i18n_locale_reset.rb:10:in 'ActiveSupport::TestCase#run'

bin/rails test test/integration/apex_preference_test.rb:408

E

Error:
ApexPreferenceTest#test_app_domain_updates_region:
NameError: uninitialized constant Preference::Core::CookieOptions
    app/controllers/concerns/preference/base.rb:1096:in 'Preference::Base#preference_cookie_options'
    app/controllers/concerns/preference/base.rb:971:in 'Preference::Base#preference_auth_cookie_options'
    app/controllers/concerns/preference/base.rb:940:in 'Preference::Base#set_refresh_token_cookie'
    app/controllers/concerns/preference/base.rb:762:in 'Preference::Base#create_new_preference_record!'
    app/controllers/concerns/preference/base.rb:721:in 'Preference::Base#load_preference_record_from_refresh_token!'
    app/controllers/concerns/preference/base.rb:217:in 'Preference::Base#set_preferences_cookie'
    app/middleware/core/surface_middleware.rb:12:in 'Core::SurfaceMiddleware#call'
    test/integration/apex_preference_test.rb:447:in 'ApexPreferenceTest#assert_preference_created'
    test/integration/apex_preference_test.rb:58:in 'block (2 levels) in <class:ApexPreferenceTest>'
    test/support/i18n_locale_reset.rb:11:in 'block in ActiveSupport::TestCase#run'
    test/support/i18n_locale_reset.rb:10:in 'ActiveSupport::TestCase#run'

bin/rails test test/integration/apex_preference_test.rb:56

E

Error:
ApexPreferenceTest#test_com_domain_timezone_select_omits_blank_option:
NameError: uninitialized constant Preference::Core::CookieOptions
    app/controllers/concerns/preference/base.rb:1096:in 'Preference::Base#preference_cookie_options'
    app/controllers/concerns/preference/base.rb:971:in 'Preference::Base#preference_auth_cookie_options'
    app/controllers/concerns/preference/base.rb:940:in 'Preference::Base#set_refresh_token_cookie'
    app/controllers/concerns/preference/base.rb:762:in 'Preference::Base#create_new_preference_record!'
    app/controllers/concerns/preference/base.rb:721:in 'Preference::Base#load_preference_record_from_refresh_token!'
    app/controllers/concerns/preference/base.rb:217:in 'Preference::Base#set_preferences_cookie'
    app/middleware/core/surface_middleware.rb:12:in 'Core::SurfaceMiddleware#call'
    test/integration/apex_preference_test.rb:207:in 'block (2 levels) in <class:ApexPreferenceTest>'
    test/support/i18n_locale_reset.rb:11:in 'block in ActiveSupport::TestCase#run'
    test/support/i18n_locale_reset.rb:10:in 'ActiveSupport::TestCase#run'

bin/rails test test/integration/apex_preference_test.rb:205

E

Error:
ApexPreferenceTest#test_app_domain_resets_preferences:
NameError: uninitialized constant Preference::Core::CookieOptions
    app/controllers/concerns/preference/base.rb:1096:in 'Preference::Base#preference_cookie_options'
    app/controllers/concerns/preference/base.rb:971:in 'Preference::Base#preference_auth_cookie_options'
    app/controllers/concerns/preference/base.rb:940:in 'Preference::Base#set_refresh_token_cookie'
    app/controllers/concerns/preference/base.rb:762:in 'Preference::Base#create_new_preference_record!'
    app/controllers/concerns/preference/base.rb:721:in 'Preference::Base#load_preference_record_from_refresh_token!'
    app/controllers/concerns/preference/base.rb:217:in 'Preference::Base#set_preferences_cookie'
    app/middleware/core/surface_middleware.rb:12:in 'Core::SurfaceMiddleware#call'
    test/integration/apex_preference_test.rb:447:in 'ApexPreferenceTest#assert_preference_created'
    test/integration/apex_preference_test.rb:228:in 'block (2 levels) in <class:ApexPreferenceTest>'
    test/support/i18n_locale_reset.rb:11:in 'block in ActiveSupport::TestCase#run'
    test/support/i18n_locale_reset.rb:10:in 'ActiveSupport::TestCase#run'

bin/rails test test/integration/apex_preference_test.rb:226

E

Error:
ApexPreferenceTest#test_app_domain_timezone_select_omits_blank_option:
NameError: uninitialized constant Preference::Core::CookieOptions
    app/controllers/concerns/preference/base.rb:1096:in 'Preference::Base#preference_cookie_options'
    app/controllers/concerns/preference/base.rb:971:in 'Preference::Base#preference_auth_cookie_options'
    app/controllers/concerns/preference/base.rb:940:in 'Preference::Base#set_refresh_token_cookie'
    app/controllers/concerns/preference/base.rb:762:in 'Preference::Base#create_new_preference_record!'
    app/controllers/concerns/preference/base.rb:721:in 'Preference::Base#load_preference_record_from_refresh_token!'
    app/controllers/concerns/preference/base.rb:217:in 'Preference::Base#set_preferences_cookie'
    app/middleware/core/surface_middleware.rb:12:in 'Core::SurfaceMiddleware#call'
    test/integration/apex_preference_test.rb:207:in 'block (2 levels) in <class:ApexPreferenceTest>'
    test/support/i18n_locale_reset.rb:11:in 'block in ActiveSupport::TestCase#run'
    test/support/i18n_locale_reset.rb:10:in 'ActiveSupport::TestCase#run'

bin/rails test test/integration/apex_preference_test.rb:205

E

Error:
ApexPreferenceTest#test_org_domain_falls_back_to_Japanese_when_lx_invalid:
NameError: uninitialized constant Preference::Core::CookieOptions
    app/controllers/concerns/preference/base.rb:1096:in 'Preference::Base#preference_cookie_options'
    app/controllers/concerns/preference/base.rb:971:in 'Preference::Base#preference_auth_cookie_options'
    app/controllers/concerns/preference/base.rb:940:in 'Preference::Base#set_refresh_token_cookie'
    app/controllers/concerns/preference/base.rb:762:in 'Preference::Base#create_new_preference_record!'
    app/controllers/concerns/preference/base.rb:721:in 'Preference::Base#load_preference_record_from_refresh_token!'
    app/controllers/concerns/preference/base.rb:217:in 'Preference::Base#set_preferences_cookie'
    app/middleware/core/surface_middleware.rb:12:in 'Core::SurfaceMiddleware#call'
    test/integration/apex_preference_test.rb:147:in 'block (2 levels) in <class:ApexPreferenceTest>'
    test/support/i18n_locale_reset.rb:11:in 'block in ActiveSupport::TestCase#run'
    test/support/i18n_locale_reset.rb:10:in 'ActiveSupport::TestCase#run'

bin/rails test test/integration/apex_preference_test.rb:144

E

Error:
ApexPreferenceTest#test_app_domain_reset_edit_page_has_confirmation_checkbox:
NameError: uninitialized constant Preference::Core::CookieOptions
    app/controllers/concerns/preference/base.rb:1096:in 'Preference::Base#preference_cookie_options'
    app/controllers/concerns/preference/base.rb:971:in 'Preference::Base#preference_auth_cookie_options'
    app/controllers/concerns/preference/base.rb:940:in 'Preference::Base#set_refresh_token_cookie'
    app/controllers/concerns/preference/base.rb:762:in 'Preference::Base#create_new_preference_record!'
    app/controllers/concerns/preference/base.rb:721:in 'Preference::Base#load_preference_record_from_refresh_token!'
    app/controllers/concerns/preference/base.rb:217:in 'Preference::Base#set_preferences_cookie'
    app/middleware/core/surface_middleware.rb:12:in 'Core::SurfaceMiddleware#call'
    test/integration/apex_preference_test.rb:447:in 'ApexPreferenceTest#assert_preference_created'
    test/integration/apex_preference_test.rb:324:in 'block (2 levels) in <class:ApexPreferenceTest>'
    test/support/i18n_locale_reset.rb:11:in 'block in ActiveSupport::TestCase#run'
    test/support/i18n_locale_reset.rb:10:in 'ActiveSupport::TestCase#run'

bin/rails test test/integration/apex_preference_test.rb:322

E

Error:
ApexPreferenceTest#test_com_domain_does_not_redirect_when_ri_param_present:
NameError: uninitialized constant Preference::Core::CookieOptions
    app/controllers/concerns/preference/base.rb:1096:in 'Preference::Base#preference_cookie_options'
    app/controllers/concerns/preference/base.rb:971:in 'Preference::Base#preference_auth_cookie_options'
    app/controllers/concerns/preference/base.rb:940:in 'Preference::Base#set_refresh_token_cookie'
    app/controllers/concerns/preference/base.rb:762:in 'Preference::Base#create_new_preference_record!'
    app/controllers/concerns/preference/base.rb:721:in 'Preference::Base#load_preference_record_from_refresh_token!'
    app/controllers/concerns/preference/base.rb:217:in 'Preference::Base#set_preferences_cookie'
    app/middleware/core/surface_middleware.rb:12:in 'Core::SurfaceMiddleware#call'
    test/integration/apex_preference_test.rb:39:in 'block (2 levels) in <class:ApexPreferenceTest>'
    test/support/i18n_locale_reset.rb:11:in 'block in ActiveSupport::TestCase#run'
    test/support/i18n_locale_reset.rb:10:in 'ActiveSupport::TestCase#run'

bin/rails test test/integration/apex_preference_test.rb:35

E

Error:
ApexPreferenceTest#test_org_domain_respects_lx_param_for_locale:
NameError: uninitialized constant Preference::Core::CookieOptions
    app/controllers/concerns/preference/base.rb:1096:in 'Preference::Base#preference_cookie_options'
    app/controllers/concerns/preference/base.rb:971:in 'Preference::Base#preference_auth_cookie_options'
    app/controllers/concerns/preference/base.rb:940:in 'Preference::Base#set_refresh_token_cookie'
    app/controllers/concerns/preference/base.rb:762:in 'Preference::Base#create_new_preference_record!'
    app/controllers/concerns/preference/base.rb:721:in 'Preference::Base#load_preference_record_from_refresh_token!'
    app/controllers/concerns/preference/base.rb:217:in 'Preference::Base#set_preferences_cookie'
    app/middleware/core/surface_middleware.rb:12:in 'Core::SurfaceMiddleware#call'
    test/integration/apex_preference_test.rb:49:in 'block (2 levels) in <class:ApexPreferenceTest>'
    test/support/i18n_locale_reset.rb:11:in 'block in ActiveSupport::TestCase#run'
    test/support/i18n_locale_reset.rb:10:in 'ActiveSupport::TestCase#run'

bin/rails test test/integration/apex_preference_test.rb:45

E

Error:
ApexPreferenceTest#test_org_domain_updates_language:
NameError: uninitialized constant Preference::Core::CookieOptions
    app/controllers/concerns/preference/base.rb:1096:in 'Preference::Base#preference_cookie_options'
    app/controllers/concerns/preference/base.rb:971:in 'Preference::Base#preference_auth_cookie_options'
    app/controllers/concerns/preference/base.rb:940:in 'Preference::Base#set_refresh_token_cookie'
    app/controllers/concerns/preference/base.rb:762:in 'Preference::Base#create_new_preference_record!'
    app/controllers/concerns/preference/base.rb:721:in 'Preference::Base#load_preference_record_from_refresh_token!'
    app/controllers/concerns/preference/base.rb:217:in 'Preference::Base#set_preferences_cookie'
    app/middleware/core/surface_middleware.rb:12:in 'Core::SurfaceMiddleware#call'
    test/integration/apex_preference_test.rb:447:in 'ApexPreferenceTest#assert_preference_created'
    test/integration/apex_preference_test.rb:91:in 'block (2 levels) in <class:ApexPreferenceTest>'
    test/support/i18n_locale_reset.rb:11:in 'block in ActiveSupport::TestCase#run'
    test/support/i18n_locale_reset.rb:10:in 'ActiveSupport::TestCase#run'

bin/rails test test/integration/apex_preference_test.rb:89

E

Error:
ApexPreferenceTest#test_app_domain_reset_destroy_fails_without_confirmation:
NameError: uninitialized constant Preference::Core::CookieOptions
    app/controllers/concerns/preference/base.rb:1096:in 'Preference::Base#preference_cookie_options'
    app/controllers/concerns/preference/base.rb:971:in 'Preference::Base#preference_auth_cookie_options'
    app/controllers/concerns/preference/base.rb:940:in 'Preference::Base#set_refresh_token_cookie'
    app/controllers/concerns/preference/base.rb:762:in 'Preference::Base#create_new_preference_record!'
    app/controllers/concerns/preference/base.rb:721:in 'Preference::Base#load_preference_record_from_refresh_token!'
    app/controllers/concerns/preference/base.rb:217:in 'Preference::Base#set_preferences_cookie'
    app/middleware/core/surface_middleware.rb:12:in 'Core::SurfaceMiddleware#call'
    test/integration/apex_preference_test.rb:447:in 'ApexPreferenceTest#assert_preference_created'
    test/integration/apex_preference_test.rb:391:in 'block (2 levels) in <class:ApexPreferenceTest>'
    test/support/i18n_locale_reset.rb:11:in 'block in ActiveSupport::TestCase#run'
    test/support/i18n_locale_reset.rb:10:in 'ActiveSupport::TestCase#run'

bin/rails test test/integration/apex_preference_test.rb:389

E

Error:
ApexPreferenceTest#test_app_domain_surfaces_localized_timezone_errors:
NameError: uninitialized constant Preference::Core::CookieOptions
    app/controllers/concerns/preference/base.rb:1096:in 'Preference::Base#preference_cookie_options'
    app/controllers/concerns/preference/base.rb:971:in 'Preference::Base#preference_auth_cookie_options'
    app/controllers/concerns/preference/base.rb:940:in 'Preference::Base#set_refresh_token_cookie'
    app/controllers/concerns/preference/base.rb:762:in 'Preference::Base#create_new_preference_record!'
    app/controllers/concerns/preference/base.rb:721:in 'Preference::Base#load_preference_record_from_refresh_token!'
    app/controllers/concerns/preference/base.rb:217:in 'Preference::Base#set_preferences_cookie'
    app/middleware/core/surface_middleware.rb:12:in 'Core::SurfaceMiddleware#call'
    test/integration/apex_preference_test.rb:283:in 'block (2 levels) in <class:ApexPreferenceTest>'
    test/support/i18n_locale_reset.rb:11:in 'block in ActiveSupport::TestCase#run'
    test/support/i18n_locale_reset.rb:10:in 'ActiveSupport::TestCase#run'

bin/rails test test/integration/apex_preference_test.rb:280

E

Error:
ApexPreferenceTest#test_com_domain_applies_language_setting_to_locale:
NameError: uninitialized constant Preference::Core::CookieOptions
    app/controllers/concerns/preference/base.rb:1096:in 'Preference::Base#preference_cookie_options'
    app/controllers/concerns/preference/base.rb:971:in 'Preference::Base#preference_auth_cookie_options'
    app/controllers/concerns/preference/base.rb:940:in 'Preference::Base#set_refresh_token_cookie'
    app/controllers/concerns/preference/base.rb:762:in 'Preference::Base#create_new_preference_record!'
    app/controllers/concerns/preference/base.rb:721:in 'Preference::Base#load_preference_record_from_refresh_token!'
    app/controllers/concerns/preference/base.rb:217:in 'Preference::Base#set_preferences_cookie'
    app/middleware/core/surface_middleware.rb:12:in 'Core::SurfaceMiddleware#call'
    test/integration/apex_preference_test.rb:447:in 'ApexPreferenceTest#assert_preference_created'
    test/integration/apex_preference_test.rb:107:in 'block (2 levels) in <class:ApexPreferenceTest>'
    test/support/i18n_locale_reset.rb:11:in 'block in ActiveSupport::TestCase#run'
    test/support/i18n_locale_reset.rb:10:in 'ActiveSupport::TestCase#run'

bin/rails test test/integration/apex_preference_test.rb:105

E

Error:
ApexPreferenceTest#test_com_domain_resets_preferences:
NameError: uninitialized constant Preference::Core::CookieOptions
    app/controllers/concerns/preference/base.rb:1096:in 'Preference::Base#preference_cookie_options'
    app/controllers/concerns/preference/base.rb:971:in 'Preference::Base#preference_auth_cookie_options'
    app/controllers/concerns/preference/base.rb:940:in 'Preference::Base#set_refresh_token_cookie'
    app/controllers/concerns/preference/base.rb:762:in 'Preference::Base#create_new_preference_record!'
    app/controllers/concerns/preference/base.rb:721:in 'Preference::Base#load_preference_record_from_refresh_token!'
    app/controllers/concerns/preference/base.rb:217:in 'Preference::Base#set_preferences_cookie'
    app/middleware/core/surface_middleware.rb:12:in 'Core::SurfaceMiddleware#call'
    test/integration/apex_preference_test.rb:447:in 'ApexPreferenceTest#assert_preference_created'
    test/integration/apex_preference_test.rb:228:in 'block (2 levels) in <class:ApexPreferenceTest>'
    test/support/i18n_locale_reset.rb:11:in 'block in ActiveSupport::TestCase#run'
    test/support/i18n_locale_reset.rb:10:in 'ActiveSupport::TestCase#run'

bin/rails test test/integration/apex_preference_test.rb:226

E

Error:
ApexPreferenceTest#test_org_domain_surfaces_localized_timezone_errors:
NameError: uninitialized constant Preference::Core::CookieOptions
    app/controllers/concerns/preference/base.rb:1096:in 'Preference::Base#preference_cookie_options'
    app/controllers/concerns/preference/base.rb:971:in 'Preference::Base#preference_auth_cookie_options'
    app/controllers/concerns/preference/base.rb:940:in 'Preference::Base#set_refresh_token_cookie'
    app/controllers/concerns/preference/base.rb:762:in 'Preference::Base#create_new_preference_record!'
    app/controllers/concerns/preference/base.rb:721:in 'Preference::Base#load_preference_record_from_refresh_token!'
    app/controllers/concerns/preference/base.rb:217:in 'Preference::Base#set_preferences_cookie'
    app/middleware/core/surface_middleware.rb:12:in 'Core::SurfaceMiddleware#call'
    test/integration/apex_preference_test.rb:283:in 'block (2 levels) in <class:ApexPreferenceTest>'
    test/support/i18n_locale_reset.rb:11:in 'block in ActiveSupport::TestCase#run'
    test/support/i18n_locale_reset.rb:10:in 'ActiveSupport::TestCase#run'

bin/rails test test/integration/apex_preference_test.rb:280

E

Error:
ApexPreferenceTest#test_app_domain_region_edit_links_to_timezone_and_language_with_params:
NameError: uninitialized constant Preference::Core::CookieOptions
    app/controllers/concerns/preference/base.rb:1096:in 'Preference::Base#preference_cookie_options'
    app/controllers/concerns/preference/base.rb:971:in 'Preference::Base#preference_auth_cookie_options'
    app/controllers/concerns/preference/base.rb:940:in 'Preference::Base#set_refresh_token_cookie'
    app/controllers/concerns/preference/base.rb:762:in 'Preference::Base#create_new_preference_record!'
    app/controllers/concerns/preference/base.rb:721:in 'Preference::Base#load_preference_record_from_refresh_token!'
    app/controllers/concerns/preference/base.rb:217:in 'Preference::Base#set_preferences_cookie'
    app/middleware/core/surface_middleware.rb:12:in 'Core::SurfaceMiddleware#call'
    test/integration/apex_preference_test.rb:313:in 'block (2 levels) in <class:ApexPreferenceTest>'
    test/support/i18n_locale_reset.rb:11:in 'block in ActiveSupport::TestCase#run'
    test/support/i18n_locale_reset.rb:10:in 'ActiveSupport::TestCase#run'

bin/rails test test/integration/apex_preference_test.rb:309

E

Error:
ApexPreferenceTest#test_com_domain_respects_lx_param_for_locale:
NameError: uninitialized constant Preference::Core::CookieOptions
    app/controllers/concerns/preference/base.rb:1096:in 'Preference::Base#preference_cookie_options'
    app/controllers/concerns/preference/base.rb:971:in 'Preference::Base#preference_auth_cookie_options'
    app/controllers/concerns/preference/base.rb:940:in 'Preference::Base#set_refresh_token_cookie'
    app/controllers/concerns/preference/base.rb:762:in 'Preference::Base#create_new_preference_record!'
    app/controllers/concerns/preference/base.rb:721:in 'Preference::Base#load_preference_record_from_refresh_token!'
    app/controllers/concerns/preference/base.rb:217:in 'Preference::Base#set_preferences_cookie'
    app/middleware/core/surface_middleware.rb:12:in 'Core::SurfaceMiddleware#call'
    test/integration/apex_preference_test.rb:49:in 'block (2 levels) in <class:ApexPreferenceTest>'
    test/support/i18n_locale_reset.rb:11:in 'block in ActiveSupport::TestCase#run'
    test/support/i18n_locale_reset.rb:10:in 'ActiveSupport::TestCase#run'

bin/rails test test/integration/apex_preference_test.rb:45

E

Error:
ApexPreferenceTest#test_app_domain_does_not_redirect_when_ri_param_present:
NameError: uninitialized constant Preference::Core::CookieOptions
    app/controllers/concerns/preference/base.rb:1096:in 'Preference::Base#preference_cookie_options'
    app/controllers/concerns/preference/base.rb:971:in 'Preference::Base#preference_auth_cookie_options'
    app/controllers/concerns/preference/base.rb:940:in 'Preference::Base#set_refresh_token_cookie'
    app/controllers/concerns/preference/base.rb:762:in 'Preference::Base#create_new_preference_record!'
    app/controllers/concerns/preference/base.rb:721:in 'Preference::Base#load_preference_record_from_refresh_token!'
    app/controllers/concerns/preference/base.rb:217:in 'Preference::Base#set_preferences_cookie'
    app/middleware/core/surface_middleware.rb:12:in 'Core::SurfaceMiddleware#call'
    test/integration/apex_preference_test.rb:39:in 'block (2 levels) in <class:ApexPreferenceTest>'
    test/support/i18n_locale_reset.rb:11:in 'block in ActiveSupport::TestCase#run'
    test/support/i18n_locale_reset.rb:10:in 'ActiveSupport::TestCase#run'

bin/rails test test/integration/apex_preference_test.rb:35

E

Error:
ApexPreferenceTest#test_com_domain_language_select_uses_localized_options:
NameError: uninitialized constant Preference::Core::CookieOptions
    app/controllers/concerns/preference/base.rb:1096:in 'Preference::Base#preference_cookie_options'
    app/controllers/concerns/preference/base.rb:971:in 'Preference::Base#preference_auth_cookie_options'
    app/controllers/concerns/preference/base.rb:940:in 'Preference::Base#set_refresh_token_cookie'
    app/controllers/concerns/preference/base.rb:762:in 'Preference::Base#create_new_preference_record!'
    app/controllers/concerns/preference/base.rb:721:in 'Preference::Base#load_preference_record_from_refresh_token!'
    app/controllers/concerns/preference/base.rb:217:in 'Preference::Base#set_preferences_cookie'
    app/middleware/core/surface_middleware.rb:12:in 'Core::SurfaceMiddleware#call'
    test/integration/apex_preference_test.rb:180:in 'block (2 levels) in <class:ApexPreferenceTest>'
    test/support/i18n_locale_reset.rb:11:in 'block in ActiveSupport::TestCase#run'
    test/support/i18n_locale_reset.rb:10:in 'ActiveSupport::TestCase#run'

bin/rails test test/integration/apex_preference_test.rb:178

E

Error:
ApexPreferenceTest#test_com_domain_reset_destroy_updates_preference_status_to_DELETED:
NameError: uninitialized constant Preference::Core::CookieOptions
    app/controllers/concerns/preference/base.rb:1096:in 'Preference::Base#preference_cookie_options'
    app/controllers/concerns/preference/base.rb:971:in 'Preference::Base#preference_auth_cookie_options'
    app/controllers/concerns/preference/base.rb:940:in 'Preference::Base#set_refresh_token_cookie'
    app/controllers/concerns/preference/base.rb:762:in 'Preference::Base#create_new_preference_record!'
    app/controllers/concerns/preference/base.rb:721:in 'Preference::Base#load_preference_record_from_refresh_token!'
    app/controllers/concerns/preference/base.rb:217:in 'Preference::Base#set_preferences_cookie'
    app/middleware/core/surface_middleware.rb:12:in 'Core::SurfaceMiddleware#call'
    test/integration/apex_preference_test.rb:447:in 'ApexPreferenceTest#assert_preference_created'
    test/integration/apex_preference_test.rb:335:in 'block (2 levels) in <class:ApexPreferenceTest>'
    test/support/i18n_locale_reset.rb:11:in 'block in ActiveSupport::TestCase#run'
    test/support/i18n_locale_reset.rb:10:in 'ActiveSupport::TestCase#run'

bin/rails test test/integration/apex_preference_test.rb:333

E

Error:
ApexPreferenceTest#test_app_domain_timezone_edit_links_to_region_edit:
NameError: uninitialized constant Preference::Core::CookieOptions
    app/controllers/concerns/preference/base.rb:1096:in 'Preference::Base#preference_cookie_options'
    app/controllers/concerns/preference/base.rb:971:in 'Preference::Base#preference_auth_cookie_options'
    app/controllers/concerns/preference/base.rb:940:in 'Preference::Base#set_refresh_token_cookie'
    app/controllers/concerns/preference/base.rb:762:in 'Preference::Base#create_new_preference_record!'
    app/controllers/concerns/preference/base.rb:721:in 'Preference::Base#load_preference_record_from_refresh_token!'
    app/controllers/concerns/preference/base.rb:217:in 'Preference::Base#set_preferences_cookie'
    app/middleware/core/surface_middleware.rb:12:in 'Core::SurfaceMiddleware#call'
    test/integration/apex_preference_test.rb:294:in 'block (2 levels) in <class:ApexPreferenceTest>'
    test/support/i18n_locale_reset.rb:11:in 'block in ActiveSupport::TestCase#run'
    test/support/i18n_locale_reset.rb:10:in 'ActiveSupport::TestCase#run'

bin/rails test test/integration/apex_preference_test.rb:291

E

Error:
ApexPreferenceTest#test_com_domain_updates_language:
NameError: uninitialized constant Preference::Core::CookieOptions
    app/controllers/concerns/preference/base.rb:1096:in 'Preference::Base#preference_cookie_options'
    app/controllers/concerns/preference/base.rb:971:in 'Preference::Base#preference_auth_cookie_options'
    app/controllers/concerns/preference/base.rb:940:in 'Preference::Base#set_refresh_token_cookie'
    app/controllers/concerns/preference/base.rb:762:in 'Preference::Base#create_new_preference_record!'
    app/controllers/concerns/preference/base.rb:721:in 'Preference::Base#load_preference_record_from_refresh_token!'
    app/controllers/concerns/preference/base.rb:217:in 'Preference::Base#set_preferences_cookie'
    app/middleware/core/surface_middleware.rb:12:in 'Core::SurfaceMiddleware#call'
    test/integration/apex_preference_test.rb:447:in 'ApexPreferenceTest#assert_preference_created'
    test/integration/apex_preference_test.rb:91:in 'block (2 levels) in <class:ApexPreferenceTest>'
    test/support/i18n_locale_reset.rb:11:in 'block in ActiveSupport::TestCase#run'
    test/support/i18n_locale_reset.rb:10:in 'ActiveSupport::TestCase#run'

bin/rails test test/integration/apex_preference_test.rb:89

E

Error:
ApexPreferenceTest#test_com_domain_timezone_edit_links_to_region_edit:
NameError: uninitialized constant Preference::Core::CookieOptions
    app/controllers/concerns/preference/base.rb:1096:in 'Preference::Base#preference_cookie_options'
    app/controllers/concerns/preference/base.rb:971:in 'Preference::Base#preference_auth_cookie_options'
    app/controllers/concerns/preference/base.rb:940:in 'Preference::Base#set_refresh_token_cookie'
    app/controllers/concerns/preference/base.rb:762:in 'Preference::Base#create_new_preference_record!'
    app/controllers/concerns/preference/base.rb:721:in 'Preference::Base#load_preference_record_from_refresh_token!'
    app/controllers/concerns/preference/base.rb:217:in 'Preference::Base#set_preferences_cookie'
    app/middleware/core/surface_middleware.rb:12:in 'Core::SurfaceMiddleware#call'
    test/integration/apex_preference_test.rb:294:in 'block (2 levels) in <class:ApexPreferenceTest>'
    test/support/i18n_locale_reset.rb:11:in 'block in ActiveSupport::TestCase#run'
    test/support/i18n_locale_reset.rb:10:in 'ActiveSupport::TestCase#run'

bin/rails test test/integration/apex_preference_test.rb:291

E

Error:
ApexPreferenceTest#test_com_domain_reset_destroy_deletes_preference_cookies:
NameError: uninitialized constant Preference::Core::CookieOptions
    app/controllers/concerns/preference/base.rb:1096:in 'Preference::Base#preference_cookie_options'
    app/controllers/concerns/preference/base.rb:971:in 'Preference::Base#preference_auth_cookie_options'
    app/controllers/concerns/preference/base.rb:940:in 'Preference::Base#set_refresh_token_cookie'
    app/controllers/concerns/preference/base.rb:762:in 'Preference::Base#create_new_preference_record!'
    app/controllers/concerns/preference/base.rb:721:in 'Preference::Base#load_preference_record_from_refresh_token!'
    app/controllers/concerns/preference/base.rb:217:in 'Preference::Base#set_preferences_cookie'
    app/middleware/core/surface_middleware.rb:12:in 'Core::SurfaceMiddleware#call'
    test/integration/apex_preference_test.rb:447:in 'ApexPreferenceTest#assert_preference_created'
    test/integration/apex_preference_test.rb:366:in 'block (2 levels) in <class:ApexPreferenceTest>'
    test/support/i18n_locale_reset.rb:11:in 'block in ActiveSupport::TestCase#run'
    test/support/i18n_locale_reset.rb:10:in 'ActiveSupport::TestCase#run'

bin/rails test test/integration/apex_preference_test.rb:364

E

Error:
ApexPreferenceTest#test_org_domain_reset_destroy_deletes_preference_cookies:
NameError: uninitialized constant Preference::Core::CookieOptions
    app/controllers/concerns/preference/base.rb:1096:in 'Preference::Base#preference_cookie_options'
    app/controllers/concerns/preference/base.rb:971:in 'Preference::Base#preference_auth_cookie_options'
    app/controllers/concerns/preference/base.rb:940:in 'Preference::Base#set_refresh_token_cookie'
    app/controllers/concerns/preference/base.rb:762:in 'Preference::Base#create_new_preference_record!'
    app/controllers/concerns/preference/base.rb:721:in 'Preference::Base#load_preference_record_from_refresh_token!'
    app/controllers/concerns/preference/base.rb:217:in 'Preference::Base#set_preferences_cookie'
    app/middleware/core/surface_middleware.rb:12:in 'Core::SurfaceMiddleware#call'
    test/integration/apex_preference_test.rb:447:in 'ApexPreferenceTest#assert_preference_created'
    test/integration/apex_preference_test.rb:366:in 'block (2 levels) in <class:ApexPreferenceTest>'
    test/support/i18n_locale_reset.rb:11:in 'block in ActiveSupport::TestCase#run'
    test/support/i18n_locale_reset.rb:10:in 'ActiveSupport::TestCase#run'

bin/rails test test/integration/apex_preference_test.rb:364

E

Error:
ApexPreferenceTest#test_com_domain_region_edit_links_to_timezone_and_language_with_params:
NameError: uninitialized constant Preference::Core::CookieOptions
    app/controllers/concerns/preference/base.rb:1096:in 'Preference::Base#preference_cookie_options'
    app/controllers/concerns/preference/base.rb:971:in 'Preference::Base#preference_auth_cookie_options'
    app/controllers/concerns/preference/base.rb:940:in 'Preference::Base#set_refresh_token_cookie'
    app/controllers/concerns/preference/base.rb:762:in 'Preference::Base#create_new_preference_record!'
    app/controllers/concerns/preference/base.rb:721:in 'Preference::Base#load_preference_record_from_refresh_token!'
    app/controllers/concerns/preference/base.rb:217:in 'Preference::Base#set_preferences_cookie'
    app/middleware/core/surface_middleware.rb:12:in 'Core::SurfaceMiddleware#call'
    test/integration/apex_preference_test.rb:313:in 'block (2 levels) in <class:ApexPreferenceTest>'
    test/support/i18n_locale_reset.rb:11:in 'block in ActiveSupport::TestCase#run'
    test/support/i18n_locale_reset.rb:10:in 'ActiveSupport::TestCase#run'

bin/rails test test/integration/apex_preference_test.rb:309

E

Error:
ApexPreferenceTest#test_org_domain_timezone_select_omits_blank_option:
NameError: uninitialized constant Preference::Core::CookieOptions
    app/controllers/concerns/preference/base.rb:1096:in 'Preference::Base#preference_cookie_options'
    app/controllers/concerns/preference/base.rb:971:in 'Preference::Base#preference_auth_cookie_options'
    app/controllers/concerns/preference/base.rb:940:in 'Preference::Base#set_refresh_token_cookie'
    app/controllers/concerns/preference/base.rb:762:in 'Preference::Base#create_new_preference_record!'
    app/controllers/concerns/preference/base.rb:721:in 'Preference::Base#load_preference_record_from_refresh_token!'
    app/controllers/concerns/preference/base.rb:217:in 'Preference::Base#set_preferences_cookie'
    app/middleware/core/surface_middleware.rb:12:in 'Core::SurfaceMiddleware#call'
    test/integration/apex_preference_test.rb:207:in 'block (2 levels) in <class:ApexPreferenceTest>'
    test/support/i18n_locale_reset.rb:11:in 'block in ActiveSupport::TestCase#run'
    test/support/i18n_locale_reset.rb:10:in 'ActiveSupport::TestCase#run'

bin/rails test test/integration/apex_preference_test.rb:205

E

Error:
ApexPreferenceTest#test_org_domain_language_select_uses_localized_options:
NameError: uninitialized constant Preference::Core::CookieOptions
    app/controllers/concerns/preference/base.rb:1096:in 'Preference::Base#preference_cookie_options'
    app/controllers/concerns/preference/base.rb:971:in 'Preference::Base#preference_auth_cookie_options'
    app/controllers/concerns/preference/base.rb:940:in 'Preference::Base#set_refresh_token_cookie'
    app/controllers/concerns/preference/base.rb:762:in 'Preference::Base#create_new_preference_record!'
    app/controllers/concerns/preference/base.rb:721:in 'Preference::Base#load_preference_record_from_refresh_token!'
    app/controllers/concerns/preference/base.rb:217:in 'Preference::Base#set_preferences_cookie'
    app/middleware/core/surface_middleware.rb:12:in 'Core::SurfaceMiddleware#call'
    test/integration/apex_preference_test.rb:180:in 'block (2 levels) in <class:ApexPreferenceTest>'
    test/support/i18n_locale_reset.rb:11:in 'block in ActiveSupport::TestCase#run'
    test/support/i18n_locale_reset.rb:10:in 'ActiveSupport::TestCase#run'

bin/rails test test/integration/apex_preference_test.rb:178

E

Error:
ApexPreferenceTest#test_org_domain_creates_preference_on_index:
NameError: uninitialized constant Preference::Core::CookieOptions
    app/controllers/concerns/preference/base.rb:1096:in 'Preference::Base#preference_cookie_options'
    app/controllers/concerns/preference/base.rb:971:in 'Preference::Base#preference_auth_cookie_options'
    app/controllers/concerns/preference/base.rb:940:in 'Preference::Base#set_refresh_token_cookie'
    app/controllers/concerns/preference/base.rb:762:in 'Preference::Base#create_new_preference_record!'
    app/controllers/concerns/preference/base.rb:721:in 'Preference::Base#load_preference_record_from_refresh_token!'
    app/controllers/concerns/preference/base.rb:217:in 'Preference::Base#set_preferences_cookie'
    app/middleware/core/surface_middleware.rb:12:in 'Core::SurfaceMiddleware#call'
    test/integration/apex_preference_test.rb:447:in 'ApexPreferenceTest#assert_preference_created'
    test/integration/apex_preference_test.rb:21:in 'block (2 levels) in <class:ApexPreferenceTest>'
    test/support/i18n_locale_reset.rb:11:in 'block in ActiveSupport::TestCase#run'
    test/support/i18n_locale_reset.rb:10:in 'ActiveSupport::TestCase#run'

bin/rails test test/integration/apex_preference_test.rb:18

E

Error:
ApexPreferenceTest#test_app_domain_creates_preference_on_index:
NameError: uninitialized constant Preference::Core::CookieOptions
    app/controllers/concerns/preference/base.rb:1096:in 'Preference::Base#preference_cookie_options'
    app/controllers/concerns/preference/base.rb:971:in 'Preference::Base#preference_auth_cookie_options'
    app/controllers/concerns/preference/base.rb:940:in 'Preference::Base#set_refresh_token_cookie'
    app/controllers/concerns/preference/base.rb:762:in 'Preference::Base#create_new_preference_record!'
    app/controllers/concerns/preference/base.rb:721:in 'Preference::Base#load_preference_record_from_refresh_token!'
    app/controllers/concerns/preference/base.rb:217:in 'Preference::Base#set_preferences_cookie'
    app/middleware/core/surface_middleware.rb:12:in 'Core::SurfaceMiddleware#call'
    test/integration/apex_preference_test.rb:447:in 'ApexPreferenceTest#assert_preference_created'
    test/integration/apex_preference_test.rb:21:in 'block (2 levels) in <class:ApexPreferenceTest>'
    test/support/i18n_locale_reset.rb:11:in 'block in ActiveSupport::TestCase#run'
    test/support/i18n_locale_reset.rb:10:in 'ActiveSupport::TestCase#run'

bin/rails test test/integration/apex_preference_test.rb:18

E

Error:
ApexPreferenceTest#test_app_domain_creates_new_preference_after_reset:
NameError: uninitialized constant Preference::Core::CookieOptions
    app/controllers/concerns/preference/base.rb:1096:in 'Preference::Base#preference_cookie_options'
    app/controllers/concerns/preference/base.rb:971:in 'Preference::Base#preference_auth_cookie_options'
    app/controllers/concerns/preference/base.rb:940:in 'Preference::Base#set_refresh_token_cookie'
    app/controllers/concerns/preference/base.rb:762:in 'Preference::Base#create_new_preference_record!'
    app/controllers/concerns/preference/base.rb:721:in 'Preference::Base#load_preference_record_from_refresh_token!'
    app/controllers/concerns/preference/base.rb:217:in 'Preference::Base#set_preferences_cookie'
    app/middleware/core/surface_middleware.rb:12:in 'Core::SurfaceMiddleware#call'
    test/integration/apex_preference_test.rb:447:in 'ApexPreferenceTest#assert_preference_created'
    test/integration/apex_preference_test.rb:264:in 'block (2 levels) in <class:ApexPreferenceTest>'
    test/support/i18n_locale_reset.rb:11:in 'block in ActiveSupport::TestCase#run'
    test/support/i18n_locale_reset.rb:10:in 'ActiveSupport::TestCase#run'

bin/rails test test/integration/apex_preference_test.rb:262

E

Error:
ApexPreferenceTest#test_com_domain_applies_timezone_setting_to_Time.zone:
NameError: uninitialized constant Preference::Core::CookieOptions
    app/controllers/concerns/preference/base.rb:1096:in 'Preference::Base#preference_cookie_options'
    app/controllers/concerns/preference/base.rb:971:in 'Preference::Base#preference_auth_cookie_options'
    app/controllers/concerns/preference/base.rb:940:in 'Preference::Base#set_refresh_token_cookie'
    app/controllers/concerns/preference/base.rb:762:in 'Preference::Base#create_new_preference_record!'
    app/controllers/concerns/preference/base.rb:721:in 'Preference::Base#load_preference_record_from_refresh_token!'
    app/controllers/concerns/preference/base.rb:217:in 'Preference::Base#set_preferences_cookie'
    app/middleware/core/surface_middleware.rb:12:in 'Core::SurfaceMiddleware#call'
    test/integration/apex_preference_test.rb:447:in 'ApexPreferenceTest#assert_preference_created'
    test/integration/apex_preference_test.rb:155:in 'block (2 levels) in <class:ApexPreferenceTest>'
    test/support/i18n_locale_reset.rb:11:in 'block in ActiveSupport::TestCase#run'
    test/support/i18n_locale_reset.rb:10:in 'ActiveSupport::TestCase#run'

bin/rails test test/integration/apex_preference_test.rb:153

E

Error:
ApexPreferenceTest#test_org_domain_updates_theme:
NameError: uninitialized constant Preference::Core::CookieOptions
    app/controllers/concerns/preference/base.rb:1096:in 'Preference::Base#preference_cookie_options'
    app/controllers/concerns/preference/base.rb:971:in 'Preference::Base#preference_auth_cookie_options'
    app/controllers/concerns/preference/base.rb:940:in 'Preference::Base#set_refresh_token_cookie'
    app/controllers/concerns/preference/base.rb:762:in 'Preference::Base#create_new_preference_record!'
    app/controllers/concerns/preference/base.rb:721:in 'Preference::Base#load_preference_record_from_refresh_token!'
    app/controllers/concerns/preference/base.rb:217:in 'Preference::Base#set_preferences_cookie'
    app/middleware/core/surface_middleware.rb:12:in 'Core::SurfaceMiddleware#call'
    test/integration/apex_preference_test.rb:447:in 'ApexPreferenceTest#assert_preference_created'
    test/integration/apex_preference_test.rb:191:in 'block (2 levels) in <class:ApexPreferenceTest>'
    test/support/i18n_locale_reset.rb:11:in 'block in ActiveSupport::TestCase#run'
    test/support/i18n_locale_reset.rb:10:in 'ActiveSupport::TestCase#run'

bin/rails test test/integration/apex_preference_test.rb:189

E

Error:
ApexPreferenceTest#test_org_domain_applies_language_setting_to_locale:
NameError: uninitialized constant Preference::Core::CookieOptions
    app/controllers/concerns/preference/base.rb:1096:in 'Preference::Base#preference_cookie_options'
    app/controllers/concerns/preference/base.rb:971:in 'Preference::Base#preference_auth_cookie_options'
    app/controllers/concerns/preference/base.rb:940:in 'Preference::Base#set_refresh_token_cookie'
    app/controllers/concerns/preference/base.rb:762:in 'Preference::Base#create_new_preference_record!'
    app/controllers/concerns/preference/base.rb:721:in 'Preference::Base#load_preference_record_from_refresh_token!'
    app/controllers/concerns/preference/base.rb:217:in 'Preference::Base#set_preferences_cookie'
    app/middleware/core/surface_middleware.rb:12:in 'Core::SurfaceMiddleware#call'
    test/integration/apex_preference_test.rb:447:in 'ApexPreferenceTest#assert_preference_created'
    test/integration/apex_preference_test.rb:107:in 'block (2 levels) in <class:ApexPreferenceTest>'
    test/support/i18n_locale_reset.rb:11:in 'block in ActiveSupport::TestCase#run'
    test/support/i18n_locale_reset.rb:10:in 'ActiveSupport::TestCase#run'

bin/rails test test/integration/apex_preference_test.rb:105

E

Error:
ApexPreferenceTest#test_com_domain_updates_timezone:
NameError: uninitialized constant Preference::Core::CookieOptions
    app/controllers/concerns/preference/base.rb:1096:in 'Preference::Base#preference_cookie_options'
    app/controllers/concerns/preference/base.rb:971:in 'Preference::Base#preference_auth_cookie_options'
    app/controllers/concerns/preference/base.rb:940:in 'Preference::Base#set_refresh_token_cookie'
    app/controllers/concerns/preference/base.rb:762:in 'Preference::Base#create_new_preference_record!'
    app/controllers/concerns/preference/base.rb:721:in 'Preference::Base#load_preference_record_from_refresh_token!'
    app/controllers/concerns/preference/base.rb:217:in 'Preference::Base#set_preferences_cookie'
    app/middleware/core/surface_middleware.rb:12:in 'Core::SurfaceMiddleware#call'
    test/integration/apex_preference_test.rb:447:in 'ApexPreferenceTest#assert_preference_created'
    test/integration/apex_preference_test.rb:74:in 'block (2 levels) in <class:ApexPreferenceTest>'
    test/support/i18n_locale_reset.rb:11:in 'block in ActiveSupport::TestCase#run'
    test/support/i18n_locale_reset.rb:10:in 'ActiveSupport::TestCase#run'

bin/rails test test/integration/apex_preference_test.rb:72

E

Error:
ApexPreferenceTest#test_org_domain_does_not_redirect_when_ri_param_present:
NameError: uninitialized constant Preference::Core::CookieOptions
    app/controllers/concerns/preference/base.rb:1096:in 'Preference::Base#preference_cookie_options'
    app/controllers/concerns/preference/base.rb:971:in 'Preference::Base#preference_auth_cookie_options'
    app/controllers/concerns/preference/base.rb:940:in 'Preference::Base#set_refresh_token_cookie'
    app/controllers/concerns/preference/base.rb:762:in 'Preference::Base#create_new_preference_record!'
    app/controllers/concerns/preference/base.rb:721:in 'Preference::Base#load_preference_record_from_refresh_token!'
    app/controllers/concerns/preference/base.rb:217:in 'Preference::Base#set_preferences_cookie'
    app/middleware/core/surface_middleware.rb:12:in 'Core::SurfaceMiddleware#call'
    test/integration/apex_preference_test.rb:39:in 'block (2 levels) in <class:ApexPreferenceTest>'
    test/support/i18n_locale_reset.rb:11:in 'block in ActiveSupport::TestCase#run'
    test/support/i18n_locale_reset.rb:10:in 'ActiveSupport::TestCase#run'

bin/rails test test/integration/apex_preference_test.rb:35

E

Error:
ApexPreferenceTest#test_com_domain_falls_back_to_Japanese_when_lx_invalid:
NameError: uninitialized constant Preference::Core::CookieOptions
    app/controllers/concerns/preference/base.rb:1096:in 'Preference::Base#preference_cookie_options'
    app/controllers/concerns/preference/base.rb:971:in 'Preference::Base#preference_auth_cookie_options'
    app/controllers/concerns/preference/base.rb:940:in 'Preference::Base#set_refresh_token_cookie'
    app/controllers/concerns/preference/base.rb:762:in 'Preference::Base#create_new_preference_record!'
    app/controllers/concerns/preference/base.rb:721:in 'Preference::Base#load_preference_record_from_refresh_token!'
    app/controllers/concerns/preference/base.rb:217:in 'Preference::Base#set_preferences_cookie'
    app/middleware/core/surface_middleware.rb:12:in 'Core::SurfaceMiddleware#call'
    test/integration/apex_preference_test.rb:147:in 'block (2 levels) in <class:ApexPreferenceTest>'
    test/support/i18n_locale_reset.rb:11:in 'block in ActiveSupport::TestCase#run'
    test/support/i18n_locale_reset.rb:10:in 'ActiveSupport::TestCase#run'

bin/rails test test/integration/apex_preference_test.rb:144

E

Error:
ApexPreferenceTest#test_org_domain_timezone_edit_links_to_region_edit:
NameError: uninitialized constant Preference::Core::CookieOptions
    app/controllers/concerns/preference/base.rb:1096:in 'Preference::Base#preference_cookie_options'
    app/controllers/concerns/preference/base.rb:971:in 'Preference::Base#preference_auth_cookie_options'
    app/controllers/concerns/preference/base.rb:940:in 'Preference::Base#set_refresh_token_cookie'
    app/controllers/concerns/preference/base.rb:762:in 'Preference::Base#create_new_preference_record!'
    app/controllers/concerns/preference/base.rb:721:in 'Preference::Base#load_preference_record_from_refresh_token!'
    app/controllers/concerns/preference/base.rb:217:in 'Preference::Base#set_preferences_cookie'
    app/middleware/core/surface_middleware.rb:12:in 'Core::SurfaceMiddleware#call'
    test/integration/apex_preference_test.rb:294:in 'block (2 levels) in <class:ApexPreferenceTest>'
    test/support/i18n_locale_reset.rb:11:in 'block in ActiveSupport::TestCase#run'
    test/support/i18n_locale_reset.rb:10:in 'ActiveSupport::TestCase#run'

bin/rails test test/integration/apex_preference_test.rb:291

E

Error:
ApexPreferenceTest#test_com_domain_reset_logs_database_operations:
NameError: uninitialized constant Preference::Core::CookieOptions
    app/controllers/concerns/preference/base.rb:1096:in 'Preference::Base#preference_cookie_options'
    app/controllers/concerns/preference/base.rb:971:in 'Preference::Base#preference_auth_cookie_options'
    app/controllers/concerns/preference/base.rb:940:in 'Preference::Base#set_refresh_token_cookie'
    app/controllers/concerns/preference/base.rb:762:in 'Preference::Base#create_new_preference_record!'
    app/controllers/concerns/preference/base.rb:721:in 'Preference::Base#load_preference_record_from_refresh_token!'
    app/controllers/concerns/preference/base.rb:217:in 'Preference::Base#set_preferences_cookie'
    app/middleware/core/surface_middleware.rb:12:in 'Core::SurfaceMiddleware#call'
    test/integration/apex_preference_test.rb:447:in 'ApexPreferenceTest#assert_preference_created'
    test/integration/apex_preference_test.rb:410:in 'block (2 levels) in <class:ApexPreferenceTest>'
    test/support/i18n_locale_reset.rb:11:in 'block in ActiveSupport::TestCase#run'
    test/support/i18n_locale_reset.rb:10:in 'ActiveSupport::TestCase#run'

bin/rails test test/integration/apex_preference_test.rb:408

E

Error:
ApexPreferenceTest#test_com_domain_updates_region:
NameError: uninitialized constant Preference::Core::CookieOptions
    app/controllers/concerns/preference/base.rb:1096:in 'Preference::Base#preference_cookie_options'
    app/controllers/concerns/preference/base.rb:971:in 'Preference::Base#preference_auth_cookie_options'
    app/controllers/concerns/preference/base.rb:940:in 'Preference::Base#set_refresh_token_cookie'
    app/controllers/concerns/preference/base.rb:762:in 'Preference::Base#create_new_preference_record!'
    app/controllers/concerns/preference/base.rb:721:in 'Preference::Base#load_preference_record_from_refresh_token!'
    app/controllers/concerns/preference/base.rb:217:in 'Preference::Base#set_preferences_cookie'
    app/middleware/core/surface_middleware.rb:12:in 'Core::SurfaceMiddleware#call'
    test/integration/apex_preference_test.rb:447:in 'ApexPreferenceTest#assert_preference_created'
    test/integration/apex_preference_test.rb:58:in 'block (2 levels) in <class:ApexPreferenceTest>'
    test/support/i18n_locale_reset.rb:11:in 'block in ActiveSupport::TestCase#run'
    test/support/i18n_locale_reset.rb:10:in 'ActiveSupport::TestCase#run'

bin/rails test test/integration/apex_preference_test.rb:56

E

Error:
ApexPreferenceTest#test_com_domain_reset_destroy_fails_without_confirmation:
NameError: uninitialized constant Preference::Core::CookieOptions
    app/controllers/concerns/preference/base.rb:1096:in 'Preference::Base#preference_cookie_options'
    app/controllers/concerns/preference/base.rb:971:in 'Preference::Base#preference_auth_cookie_options'
    app/controllers/concerns/preference/base.rb:940:in 'Preference::Base#set_refresh_token_cookie'
    app/controllers/concerns/preference/base.rb:762:in 'Preference::Base#create_new_preference_record!'
    app/controllers/concerns/preference/base.rb:721:in 'Preference::Base#load_preference_record_from_refresh_token!'
    app/controllers/concerns/preference/base.rb:217:in 'Preference::Base#set_preferences_cookie'
    app/middleware/core/surface_middleware.rb:12:in 'Core::SurfaceMiddleware#call'
    test/integration/apex_preference_test.rb:447:in 'ApexPreferenceTest#assert_preference_created'
    test/integration/apex_preference_test.rb:391:in 'block (2 levels) in <class:ApexPreferenceTest>'
    test/support/i18n_locale_reset.rb:11:in 'block in ActiveSupport::TestCase#run'
    test/support/i18n_locale_reset.rb:10:in 'ActiveSupport::TestCase#run'

bin/rails test test/integration/apex_preference_test.rb:389

E

Error:
ApexPreferenceTest#test_com_domain_updates_cookie:
NameError: uninitialized constant Preference::Core::CookieOptions
    app/controllers/concerns/preference/base.rb:1096:in 'Preference::Base#preference_cookie_options'
    app/controllers/concerns/preference/base.rb:971:in 'Preference::Base#preference_auth_cookie_options'
    app/controllers/concerns/preference/base.rb:940:in 'Preference::Base#set_refresh_token_cookie'
    app/controllers/concerns/preference/base.rb:762:in 'Preference::Base#create_new_preference_record!'
    app/controllers/concerns/preference/base.rb:721:in 'Preference::Base#load_preference_record_from_refresh_token!'
    app/controllers/concerns/preference/base.rb:217:in 'Preference::Base#set_preferences_cookie'
    app/middleware/core/surface_middleware.rb:12:in 'Core::SurfaceMiddleware#call'
    test/integration/apex_preference_test.rb:447:in 'ApexPreferenceTest#assert_preference_created'
    test/integration/apex_preference_test.rb:213:in 'block (2 levels) in <class:ApexPreferenceTest>'
    test/support/i18n_locale_reset.rb:11:in 'block in ActiveSupport::TestCase#run'
    test/support/i18n_locale_reset.rb:10:in 'ActiveSupport::TestCase#run'

bin/rails test test/integration/apex_preference_test.rb:211

E

Error:
ApexPreferenceTest#test_com_domain_updates_theme:
NameError: uninitialized constant Preference::Core::CookieOptions
    app/controllers/concerns/preference/base.rb:1096:in 'Preference::Base#preference_cookie_options'
    app/controllers/concerns/preference/base.rb:971:in 'Preference::Base#preference_auth_cookie_options'
    app/controllers/concerns/preference/base.rb:940:in 'Preference::Base#set_refresh_token_cookie'
    app/controllers/concerns/preference/base.rb:762:in 'Preference::Base#create_new_preference_record!'
    app/controllers/concerns/preference/base.rb:721:in 'Preference::Base#load_preference_record_from_refresh_token!'
    app/controllers/concerns/preference/base.rb:217:in 'Preference::Base#set_preferences_cookie'
    app/middleware/core/surface_middleware.rb:12:in 'Core::SurfaceMiddleware#call'
    test/integration/apex_preference_test.rb:447:in 'ApexPreferenceTest#assert_preference_created'
    test/integration/apex_preference_test.rb:191:in 'block (2 levels) in <class:ApexPreferenceTest>'
    test/support/i18n_locale_reset.rb:11:in 'block in ActiveSupport::TestCase#run'
    test/support/i18n_locale_reset.rb:10:in 'ActiveSupport::TestCase#run'

bin/rails test test/integration/apex_preference_test.rb:189

E

Error:
ApexPreferenceTest#test_app_domain_applies_timezone_setting_to_Time.zone:
NameError: uninitialized constant Preference::Core::CookieOptions
    app/controllers/concerns/preference/base.rb:1096:in 'Preference::Base#preference_cookie_options'
    app/controllers/concerns/preference/base.rb:971:in 'Preference::Base#preference_auth_cookie_options'
    app/controllers/concerns/preference/base.rb:940:in 'Preference::Base#set_refresh_token_cookie'
    app/controllers/concerns/preference/base.rb:762:in 'Preference::Base#create_new_preference_record!'
    app/controllers/concerns/preference/base.rb:721:in 'Preference::Base#load_preference_record_from_refresh_token!'
    app/controllers/concerns/preference/base.rb:217:in 'Preference::Base#set_preferences_cookie'
    app/middleware/core/surface_middleware.rb:12:in 'Core::SurfaceMiddleware#call'
    test/integration/apex_preference_test.rb:447:in 'ApexPreferenceTest#assert_preference_created'
    test/integration/apex_preference_test.rb:155:in 'block (2 levels) in <class:ApexPreferenceTest>'
    test/support/i18n_locale_reset.rb:11:in 'block in ActiveSupport::TestCase#run'
    test/support/i18n_locale_reset.rb:10:in 'ActiveSupport::TestCase#run'

bin/rails test test/integration/apex_preference_test.rb:153

E

Error:
ApexPreferenceTest#test_org_domain_applies_timezone_setting_to_Time.zone:
NameError: uninitialized constant Preference::Core::CookieOptions
    app/controllers/concerns/preference/base.rb:1096:in 'Preference::Base#preference_cookie_options'
    app/controllers/concerns/preference/base.rb:971:in 'Preference::Base#preference_auth_cookie_options'
    app/controllers/concerns/preference/base.rb:940:in 'Preference::Base#set_refresh_token_cookie'
    app/controllers/concerns/preference/base.rb:762:in 'Preference::Base#create_new_preference_record!'
    app/controllers/concerns/preference/base.rb:721:in 'Preference::Base#load_preference_record_from_refresh_token!'
    app/controllers/concerns/preference/base.rb:217:in 'Preference::Base#set_preferences_cookie'
    app/middleware/core/surface_middleware.rb:12:in 'Core::SurfaceMiddleware#call'
    test/integration/apex_preference_test.rb:447:in 'ApexPreferenceTest#assert_preference_created'
    test/integration/apex_preference_test.rb:155:in 'block (2 levels) in <class:ApexPreferenceTest>'
    test/support/i18n_locale_reset.rb:11:in 'block in ActiveSupport::TestCase#run'
    test/support/i18n_locale_reset.rb:10:in 'ActiveSupport::TestCase#run'

bin/rails test test/integration/apex_preference_test.rb:153

E

Error:
ApexPreferenceTest#test_app_domain_reset_without_confirmation_returns_error:
NameError: uninitialized constant Preference::Core::CookieOptions
    app/controllers/concerns/preference/base.rb:1096:in 'Preference::Base#preference_cookie_options'
    app/controllers/concerns/preference/base.rb:971:in 'Preference::Base#preference_auth_cookie_options'
    app/controllers/concerns/preference/base.rb:940:in 'Preference::Base#set_refresh_token_cookie'
    app/controllers/concerns/preference/base.rb:762:in 'Preference::Base#create_new_preference_record!'
    app/controllers/concerns/preference/base.rb:721:in 'Preference::Base#load_preference_record_from_refresh_token!'
    app/controllers/concerns/preference/base.rb:217:in 'Preference::Base#set_preferences_cookie'
    app/middleware/core/surface_middleware.rb:12:in 'Core::SurfaceMiddleware#call'
    test/integration/apex_preference_test.rb:447:in 'ApexPreferenceTest#assert_preference_created'
    test/integration/apex_preference_test.rb:249:in 'block (2 levels) in <class:ApexPreferenceTest>'
    test/support/i18n_locale_reset.rb:11:in 'block in ActiveSupport::TestCase#run'
    test/support/i18n_locale_reset.rb:10:in 'ActiveSupport::TestCase#run'

bin/rails test test/integration/apex_preference_test.rb:247

E

Error:
ApexPreferenceTest#test_app_domain_language_edit_links_to_region_edit:
NameError: uninitialized constant Preference::Core::CookieOptions
    app/controllers/concerns/preference/base.rb:1096:in 'Preference::Base#preference_cookie_options'
    app/controllers/concerns/preference/base.rb:971:in 'Preference::Base#preference_auth_cookie_options'
    app/controllers/concerns/preference/base.rb:940:in 'Preference::Base#set_refresh_token_cookie'
    app/controllers/concerns/preference/base.rb:762:in 'Preference::Base#create_new_preference_record!'
    app/controllers/concerns/preference/base.rb:721:in 'Preference::Base#load_preference_record_from_refresh_token!'
    app/controllers/concerns/preference/base.rb:217:in 'Preference::Base#set_preferences_cookie'
    app/middleware/core/surface_middleware.rb:12:in 'Core::SurfaceMiddleware#call'
    test/integration/apex_preference_test.rb:303:in 'block (2 levels) in <class:ApexPreferenceTest>'
    test/support/i18n_locale_reset.rb:11:in 'block in ActiveSupport::TestCase#run'
    test/support/i18n_locale_reset.rb:10:in 'ActiveSupport::TestCase#run'

bin/rails test test/integration/apex_preference_test.rb:300

E

Error:
ApexPreferenceTest#test_org_domain_updates_cookie:
NameError: uninitialized constant Preference::Core::CookieOptions
    app/controllers/concerns/preference/base.rb:1096:in 'Preference::Base#preference_cookie_options'
    app/controllers/concerns/preference/base.rb:971:in 'Preference::Base#preference_auth_cookie_options'
    app/controllers/concerns/preference/base.rb:940:in 'Preference::Base#set_refresh_token_cookie'
    app/controllers/concerns/preference/base.rb:762:in 'Preference::Base#create_new_preference_record!'
    app/controllers/concerns/preference/base.rb:721:in 'Preference::Base#load_preference_record_from_refresh_token!'
    app/controllers/concerns/preference/base.rb:217:in 'Preference::Base#set_preferences_cookie'
    app/middleware/core/surface_middleware.rb:12:in 'Core::SurfaceMiddleware#call'
    test/integration/apex_preference_test.rb:447:in 'ApexPreferenceTest#assert_preference_created'
    test/integration/apex_preference_test.rb:213:in 'block (2 levels) in <class:ApexPreferenceTest>'
    test/support/i18n_locale_reset.rb:11:in 'block in ActiveSupport::TestCase#run'
    test/support/i18n_locale_reset.rb:10:in 'ActiveSupport::TestCase#run'

bin/rails test test/integration/apex_preference_test.rb:211

E

Error:
ApexPreferenceTest#test_com_domain_surfaces_localized_timezone_errors:
NameError: uninitialized constant Preference::Core::CookieOptions
    app/controllers/concerns/preference/base.rb:1096:in 'Preference::Base#preference_cookie_options'
    app/controllers/concerns/preference/base.rb:971:in 'Preference::Base#preference_auth_cookie_options'
    app/controllers/concerns/preference/base.rb:940:in 'Preference::Base#set_refresh_token_cookie'
    app/controllers/concerns/preference/base.rb:762:in 'Preference::Base#create_new_preference_record!'
    app/controllers/concerns/preference/base.rb:721:in 'Preference::Base#load_preference_record_from_refresh_token!'
    app/controllers/concerns/preference/base.rb:217:in 'Preference::Base#set_preferences_cookie'
    app/middleware/core/surface_middleware.rb:12:in 'Core::SurfaceMiddleware#call'
    test/integration/apex_preference_test.rb:283:in 'block (2 levels) in <class:ApexPreferenceTest>'
    test/support/i18n_locale_reset.rb:11:in 'block in ActiveSupport::TestCase#run'
    test/support/i18n_locale_reset.rb:10:in 'ActiveSupport::TestCase#run'

bin/rails test test/integration/apex_preference_test.rb:280

E

Error:
ApexPreferenceTest#test_org_domain_region_edit_links_to_timezone_and_language_with_params:
NameError: uninitialized constant Preference::Core::CookieOptions
    app/controllers/concerns/preference/base.rb:1096:in 'Preference::Base#preference_cookie_options'
    app/controllers/concerns/preference/base.rb:971:in 'Preference::Base#preference_auth_cookie_options'
    app/controllers/concerns/preference/base.rb:940:in 'Preference::Base#set_refresh_token_cookie'
    app/controllers/concerns/preference/base.rb:762:in 'Preference::Base#create_new_preference_record!'
    app/controllers/concerns/preference/base.rb:721:in 'Preference::Base#load_preference_record_from_refresh_token!'
    app/controllers/concerns/preference/base.rb:217:in 'Preference::Base#set_preferences_cookie'
    app/middleware/core/surface_middleware.rb:12:in 'Core::SurfaceMiddleware#call'
    test/integration/apex_preference_test.rb:313:in 'block (2 levels) in <class:ApexPreferenceTest>'
    test/support/i18n_locale_reset.rb:11:in 'block in ActiveSupport::TestCase#run'
    test/support/i18n_locale_reset.rb:10:in 'ActiveSupport::TestCase#run'

bin/rails test test/integration/apex_preference_test.rb:309

.E

Error:
Core::App::Configuration::RootsControllerTest#test_returns_success_when_refresh_token_is_valid:
NameError: uninitialized constant Preference::Core::CookieOptions
    app/controllers/concerns/preference/base.rb:1096:in 'Preference::Base#preference_cookie_options'
    app/controllers/concerns/preference/base.rb:971:in 'Preference::Base#preference_auth_cookie_options'
    app/controllers/concerns/preference/base.rb:940:in 'Preference::Base#set_refresh_token_cookie'
    app/controllers/concerns/preference/base.rb:762:in 'Preference::Base#create_new_preference_record!'
    app/controllers/concerns/preference/base.rb:721:in 'Preference::Base#load_preference_record_from_refresh_token!'
    app/controllers/concerns/preference/base.rb:217:in 'Preference::Base#set_preferences_cookie'
    app/middleware/core/surface_middleware.rb:12:in 'Core::SurfaceMiddleware#call'
    test/controllers/core/app/configuration/roots_controller_test.rb:25:in 'block in <class:RootsControllerTest>'
    test/support/i18n_locale_reset.rb:11:in 'block in ActiveSupport::TestCase#run'
    test/support/i18n_locale_reset.rb:10:in 'ActiveSupport::TestCase#run'

bin/rails test test/controllers/core/app/configuration/roots_controller_test.rb:21

...................E

Error:
Sign::Org::RootsControllerTest#test_renders_layout_contract:
NameError: uninitialized constant Preference::Core::CookieOptions
    app/controllers/concerns/preference/base.rb:1096:in 'Preference::Base#preference_cookie_options'
    app/controllers/concerns/preference/base.rb:971:in 'Preference::Base#preference_auth_cookie_options'
    app/controllers/concerns/preference/base.rb:940:in 'Preference::Base#set_refresh_token_cookie'
    app/controllers/concerns/preference/base.rb:762:in 'Preference::Base#create_new_preference_record!'
    app/controllers/concerns/preference/base.rb:721:in 'Preference::Base#load_preference_record_from_refresh_token!'
    app/controllers/concerns/preference/base.rb:217:in 'Preference::Base#set_preferences_cookie'
    app/middleware/core/surface_middleware.rb:12:in 'Core::SurfaceMiddleware#call'
    test/controllers/sign/org/roots_controller_test.rb:17:in 'block in <class:RootsControllerTest>'
    test/support/i18n_locale_reset.rb:11:in 'block in ActiveSupport::TestCase#run'
    test/support/i18n_locale_reset.rb:10:in 'ActiveSupport::TestCase#run'

bin/rails test test/controllers/sign/org/roots_controller_test.rb:16

E

Error:
Sign::Org::RootsControllerTest#test_GET_/_renders_root_page:
NameError: uninitialized constant Preference::Core::CookieOptions
    app/controllers/concerns/preference/base.rb:1096:in 'Preference::Base#preference_cookie_options'
    app/controllers/concerns/preference/base.rb:971:in 'Preference::Base#preference_auth_cookie_options'
    app/controllers/concerns/preference/base.rb:940:in 'Preference::Base#set_refresh_token_cookie'
    app/controllers/concerns/preference/base.rb:762:in 'Preference::Base#create_new_preference_record!'
    app/controllers/concerns/preference/base.rb:721:in 'Preference::Base#load_preference_record_from_refresh_token!'
    app/controllers/concerns/preference/base.rb:217:in 'Preference::Base#set_preferences_cookie'
    app/middleware/core/surface_middleware.rb:12:in 'Core::SurfaceMiddleware#call'
    test/controllers/sign/org/roots_controller_test.rb:9:in 'block in <class:RootsControllerTest>'
    test/support/i18n_locale_reset.rb:11:in 'block in ActiveSupport::TestCase#run'
    test/support/i18n_locale_reset.rb:10:in 'ActiveSupport::TestCase#run'

bin/rails test test/controllers/sign/org/roots_controller_test.rb:8

E

Error:
Sign::Org::RootsControllerTest#test_generates_sha3-384_token_digest_on_root:
NameError: uninitialized constant Preference::Core::CookieOptions
    app/controllers/concerns/preference/base.rb:1096:in 'Preference::Base#preference_cookie_options'
    app/controllers/concerns/preference/base.rb:971:in 'Preference::Base#preference_auth_cookie_options'
    app/controllers/concerns/preference/base.rb:940:in 'Preference::Base#set_refresh_token_cookie'
    app/controllers/concerns/preference/base.rb:762:in 'Preference::Base#create_new_preference_record!'
    app/controllers/concerns/preference/base.rb:721:in 'Preference::Base#load_preference_record_from_refresh_token!'
    app/controllers/concerns/preference/base.rb:217:in 'Preference::Base#set_preferences_cookie'
    app/middleware/core/surface_middleware.rb:12:in 'Core::SurfaceMiddleware#call'
    test/controllers/sign/org/roots_controller_test.rb:37:in 'block in <class:RootsControllerTest>'
    test/support/i18n_locale_reset.rb:11:in 'block in ActiveSupport::TestCase#run'
    test/support/i18n_locale_reset.rb:10:in 'ActiveSupport::TestCase#run'

bin/rails test test/controllers/sign/org/roots_controller_test.rb:36

E

Error:
Sign::Org::RootsControllerTest#test_footer_contains_navigation_links:
NameError: uninitialized constant Preference::Core::CookieOptions
    app/controllers/concerns/preference/base.rb:1096:in 'Preference::Base#preference_cookie_options'
    app/controllers/concerns/preference/base.rb:971:in 'Preference::Base#preference_auth_cookie_options'
    app/controllers/concerns/preference/base.rb:940:in 'Preference::Base#set_refresh_token_cookie'
    app/controllers/concerns/preference/base.rb:762:in 'Preference::Base#create_new_preference_record!'
    app/controllers/concerns/preference/base.rb:721:in 'Preference::Base#load_preference_record_from_refresh_token!'
    app/controllers/concerns/preference/base.rb:217:in 'Preference::Base#set_preferences_cookie'
    app/middleware/core/surface_middleware.rb:12:in 'Core::SurfaceMiddleware#call'
    test/controllers/sign/org/roots_controller_test.rb:25:in 'block in <class:RootsControllerTest>'
    test/support/i18n_locale_reset.rb:11:in 'block in ActiveSupport::TestCase#run'
    test/support/i18n_locale_reset.rb:10:in 'ActiveSupport::TestCase#run'

bin/rails test test/controllers/sign/org/roots_controller_test.rb:24

E

Error:
Sign::Org::RootsControllerTest#test_sets_theme_cookie:
NameError: uninitialized constant Preference::Core::CookieOptions
    app/controllers/concerns/preference/base.rb:1096:in 'Preference::Base#preference_cookie_options'
    app/controllers/concerns/preference/base.rb:971:in 'Preference::Base#preference_auth_cookie_options'
    app/controllers/concerns/preference/base.rb:940:in 'Preference::Base#set_refresh_token_cookie'
    app/controllers/concerns/preference/base.rb:762:in 'Preference::Base#create_new_preference_record!'
    app/controllers/concerns/preference/base.rb:721:in 'Preference::Base#load_preference_record_from_refresh_token!'
    app/controllers/concerns/preference/base.rb:217:in 'Preference::Base#set_preferences_cookie'
    app/middleware/core/surface_middleware.rb:12:in 'Core::SurfaceMiddleware#call'
    test/support/root_theme_cookie_helper.rb:6:in 'RootThemeCookieHelper#assert_theme_cookie_for'
    test/controllers/sign/org/roots_controller_test.rb:43:in 'block in <class:RootsControllerTest>'
    test/support/i18n_locale_reset.rb:11:in 'block in ActiveSupport::TestCase#run'
    test/support/i18n_locale_reset.rb:10:in 'ActiveSupport::TestCase#run'

bin/rails test test/controllers/sign/org/roots_controller_test.rb:42

..............E

Error:
Sign::Org::Edge::V1::Token::ChecksControllerTest#test_GET_check_without_access_token_returns_401:
NameError: uninitialized constant Preference::Core::CookieOptions
    app/controllers/concerns/preference/base.rb:1096:in 'Preference::Base#preference_cookie_options'
    app/controllers/concerns/preference/base.rb:378:in 'Preference::Base#write_preference_cookie'
    app/controllers/concerns/preference/base.rb:242:in 'Preference::Base#set_color_theme'
    app/middleware/core/surface_middleware.rb:12:in 'Core::SurfaceMiddleware#call'
    test/controllers/sign/org/edge/v1/token/checks_controller_test.rb:39:in 'block in <class:ChecksControllerTest>'
    test/support/i18n_locale_reset.rb:11:in 'block in ActiveSupport::TestCase#run'
    test/support/i18n_locale_reset.rb:10:in 'ActiveSupport::TestCase#run'

bin/rails test test/controllers/sign/org/edge/v1/token/checks_controller_test.rb:38

E

Error:
Sign::Org::Edge::V1::Token::ChecksControllerTest#test_GET_check_with_missing_sid_returns_401:
NameError: uninitialized constant Preference::Core::CookieOptions
    app/controllers/concerns/preference/base.rb:1096:in 'Preference::Base#preference_cookie_options'
    app/controllers/concerns/preference/base.rb:378:in 'Preference::Base#write_preference_cookie'
    app/controllers/concerns/preference/base.rb:242:in 'Preference::Base#set_color_theme'
    app/middleware/core/surface_middleware.rb:12:in 'Core::SurfaceMiddleware#call'
    test/controllers/sign/org/edge/v1/token/checks_controller_test.rb:57:in 'block in <class:ChecksControllerTest>'
    test/support/i18n_locale_reset.rb:11:in 'block in ActiveSupport::TestCase#run'
    test/support/i18n_locale_reset.rb:10:in 'ActiveSupport::TestCase#run'

bin/rails test test/controllers/sign/org/edge/v1/token/checks_controller_test.rb:49

E

Error:
Sign::Org::Edge::V1::Token::ChecksControllerTest#test_GET_check_with_valid_JWT_access_token_returns_200:
NameError: uninitialized constant Preference::Core::CookieOptions
    app/controllers/concerns/preference/base.rb:1096:in 'Preference::Base#preference_cookie_options'
    app/controllers/concerns/preference/base.rb:378:in 'Preference::Base#write_preference_cookie'
    app/controllers/concerns/preference/base.rb:242:in 'Preference::Base#set_color_theme'
    app/middleware/core/surface_middleware.rb:12:in 'Core::SurfaceMiddleware#call'
    test/controllers/sign/org/edge/v1/token/checks_controller_test.rb:26:in 'block in <class:ChecksControllerTest>'
    test/support/i18n_locale_reset.rb:11:in 'block in ActiveSupport::TestCase#run'
    test/support/i18n_locale_reset.rb:10:in 'ActiveSupport::TestCase#run'

bin/rails test test/controllers/sign/org/edge/v1/token/checks_controller_test.rb:13

E

Error:
Sign::Org::Edge::V1::Token::ChecksControllerTest#test_GET_check_with_user_token_on_staff_endpoint_returns_401:
NameError: uninitialized constant Preference::Core::CookieOptions
    app/controllers/concerns/preference/base.rb:1096:in 'Preference::Base#preference_cookie_options'
    app/controllers/concerns/preference/base.rb:378:in 'Preference::Base#write_preference_cookie'
    app/controllers/concerns/preference/base.rb:242:in 'Preference::Base#set_color_theme'
    app/middleware/core/surface_middleware.rb:12:in 'Core::SurfaceMiddleware#call'
    test/controllers/sign/org/edge/v1/token/checks_controller_test.rb:86:in 'block in <class:ChecksControllerTest>'
    test/support/i18n_locale_reset.rb:11:in 'block in ActiveSupport::TestCase#run'
    test/support/i18n_locale_reset.rb:10:in 'ActiveSupport::TestCase#run'

bin/rails test test/controllers/sign/org/edge/v1/token/checks_controller_test.rb:69

E

Error:
Sign::Org::Edge::V1::Token::ChecksControllerTest#test_logout_destroys_token_record_so_old_Bearer_access_fails:
NameError: uninitialized constant Preference::Core::CookieOptions
    app/controllers/concerns/preference/base.rb:1096:in 'Preference::Base#preference_cookie_options'
    app/controllers/concerns/preference/base.rb:378:in 'Preference::Base#write_preference_cookie'
    app/controllers/concerns/preference/base.rb:242:in 'Preference::Base#set_color_theme'
    app/middleware/core/surface_middleware.rb:12:in 'Core::SurfaceMiddleware#call'
    test/controllers/sign/org/edge/v1/token/checks_controller_test.rb:116:in 'block in <class:ChecksControllerTest>'
    test/support/i18n_locale_reset.rb:11:in 'block in ActiveSupport::TestCase#run'
    test/support/i18n_locale_reset.rb:10:in 'ActiveSupport::TestCase#run'

bin/rails test test/controllers/sign/org/edge/v1/token/checks_controller_test.rb:96

...................................................E

Error:
Core::Org::HealthsControllerTest#test_should_get_show_with_postfix:
NameError: uninitialized constant Preference::Core::CookieOptions
    app/controllers/concerns/preference/base.rb:1096:in 'Preference::Base#preference_cookie_options'
    app/controllers/concerns/preference/base.rb:971:in 'Preference::Base#preference_auth_cookie_options'
    app/controllers/concerns/preference/base.rb:940:in 'Preference::Base#set_refresh_token_cookie'
    app/controllers/concerns/preference/base.rb:762:in 'Preference::Base#create_new_preference_record!'
    app/controllers/concerns/preference/base.rb:721:in 'Preference::Base#load_preference_record_from_refresh_token!'
    app/controllers/concerns/preference/base.rb:217:in 'Preference::Base#set_preferences_cookie'
    app/middleware/core/surface_middleware.rb:12:in 'Core::SurfaceMiddleware#call'
    test/controllers/core/org/healths_controller_test.rb:16:in 'block in <class:HealthsControllerTest>'
    test/support/i18n_locale_reset.rb:11:in 'block in ActiveSupport::TestCase#run'
    test/support/i18n_locale_reset.rb:10:in 'ActiveSupport::TestCase#run'

bin/rails test test/controllers/core/org/healths_controller_test.rb:15

E

Error:
Core::Org::HealthsControllerTest#test_should_handle_redirect_if_response_is_redirect:
NameError: uninitialized constant Preference::Core::CookieOptions
    app/controllers/concerns/preference/base.rb:1096:in 'Preference::Base#preference_cookie_options'
    app/controllers/concerns/preference/base.rb:971:in 'Preference::Base#preference_auth_cookie_options'
    app/controllers/concerns/preference/base.rb:940:in 'Preference::Base#set_refresh_token_cookie'
    app/controllers/concerns/preference/base.rb:762:in 'Preference::Base#create_new_preference_record!'
    app/controllers/concerns/preference/base.rb:721:in 'Preference::Base#load_preference_record_from_refresh_token!'
    app/controllers/concerns/preference/base.rb:217:in 'Preference::Base#set_preferences_cookie'
    app/middleware/core/surface_middleware.rb:12:in 'Core::SurfaceMiddleware#call'
    test/controllers/core/org/healths_controller_test.rb:23:in 'block in <class:HealthsControllerTest>'
    test/support/i18n_locale_reset.rb:11:in 'block in ActiveSupport::TestCase#run'
    test/support/i18n_locale_reset.rb:10:in 'ActiveSupport::TestCase#run'

bin/rails test test/controllers/core/org/healths_controller_test.rb:22

E

Error:
Core::Org::HealthsControllerTest#test_should_accept_both_success_and_redirect_responses:
NameError: uninitialized constant Preference::Core::CookieOptions
    app/controllers/concerns/preference/base.rb:1096:in 'Preference::Base#preference_cookie_options'
    app/controllers/concerns/preference/base.rb:971:in 'Preference::Base#preference_auth_cookie_options'
    app/controllers/concerns/preference/base.rb:940:in 'Preference::Base#set_refresh_token_cookie'
    app/controllers/concerns/preference/base.rb:762:in 'Preference::Base#create_new_preference_record!'
    app/controllers/concerns/preference/base.rb:721:in 'Preference::Base#load_preference_record_from_refresh_token!'
    app/controllers/concerns/preference/base.rb:217:in 'Preference::Base#set_preferences_cookie'
    app/middleware/core/surface_middleware.rb:12:in 'Core::SurfaceMiddleware#call'
    test/controllers/core/org/healths_controller_test.rb:34:in 'block in <class:HealthsControllerTest>'
    test/support/i18n_locale_reset.rb:11:in 'block in ActiveSupport::TestCase#run'
    test/support/i18n_locale_reset.rb:10:in 'ActiveSupport::TestCase#run'

bin/rails test test/controllers/core/org/healths_controller_test.rb:33

E

Error:
Core::Org::HealthsControllerTest#test_should_get_show:
NameError: uninitialized constant Preference::Core::CookieOptions
    app/controllers/concerns/preference/base.rb:1096:in 'Preference::Base#preference_cookie_options'
    app/controllers/concerns/preference/base.rb:971:in 'Preference::Base#preference_auth_cookie_options'
    app/controllers/concerns/preference/base.rb:940:in 'Preference::Base#set_refresh_token_cookie'
    app/controllers/concerns/preference/base.rb:762:in 'Preference::Base#create_new_preference_record!'
    app/controllers/concerns/preference/base.rb:721:in 'Preference::Base#load_preference_record_from_refresh_token!'
    app/controllers/concerns/preference/base.rb:217:in 'Preference::Base#set_preferences_cookie'
    app/middleware/core/surface_middleware.rb:12:in 'Core::SurfaceMiddleware#call'
    test/controllers/core/org/healths_controller_test.rb:9:in 'block in <class:HealthsControllerTest>'
    test/support/i18n_locale_reset.rb:11:in 'block in ActiveSupport::TestCase#run'
    test/support/i18n_locale_reset.rb:10:in 'ActiveSupport::TestCase#run'

bin/rails test test/controllers/core/org/healths_controller_test.rb:8

....................E

Error:
Sign::Org::Edge::V1::CsrfControllerTest#test_returns_csrf_token_payload:
NameError: uninitialized constant Preference::Core::CookieOptions
    app/controllers/concerns/preference/base.rb:1096:in 'Preference::Base#preference_cookie_options'
    app/controllers/concerns/preference/base.rb:971:in 'Preference::Base#preference_auth_cookie_options'
    app/controllers/concerns/preference/base.rb:940:in 'Preference::Base#set_refresh_token_cookie'
    app/controllers/concerns/preference/base.rb:762:in 'Preference::Base#create_new_preference_record!'
    app/controllers/concerns/preference/base.rb:721:in 'Preference::Base#load_preference_record_from_refresh_token!'
    app/controllers/concerns/preference/base.rb:217:in 'Preference::Base#set_preferences_cookie'
    app/middleware/core/surface_middleware.rb:12:in 'Core::SurfaceMiddleware#call'
    test/controllers/sign/org/edge/v1/csrf_controller_test.rb:7:in 'block in <class:CsrfControllerTest>'
    test/support/i18n_locale_reset.rb:11:in 'block in ActiveSupport::TestCase#run'
    test/support/i18n_locale_reset.rb:10:in 'ActiveSupport::TestCase#run'

bin/rails test test/controllers/sign/org/edge/v1/csrf_controller_test.rb:6

E

Error:
Sign::Org::Edge::V1::CsrfControllerTest#test_csrf_endpoint_sets_non-HttpOnly_CSRF_token_cookie:
NameError: uninitialized constant Preference::Core::CookieOptions
    app/controllers/concerns/preference/base.rb:1096:in 'Preference::Base#preference_cookie_options'
    app/controllers/concerns/preference/base.rb:971:in 'Preference::Base#preference_auth_cookie_options'
    app/controllers/concerns/preference/base.rb:940:in 'Preference::Base#set_refresh_token_cookie'
    app/controllers/concerns/preference/base.rb:762:in 'Preference::Base#create_new_preference_record!'
    app/controllers/concerns/preference/base.rb:721:in 'Preference::Base#load_preference_record_from_refresh_token!'
    app/controllers/concerns/preference/base.rb:217:in 'Preference::Base#set_preferences_cookie'
    app/middleware/core/surface_middleware.rb:12:in 'Core::SurfaceMiddleware#call'
    test/controllers/sign/org/edge/v1/csrf_controller_test.rb:14:in 'block in <class:CsrfControllerTest>'
    test/support/i18n_locale_reset.rb:11:in 'block in ActiveSupport::TestCase#run'
    test/support/i18n_locale_reset.rb:10:in 'ActiveSupport::TestCase#run'

bin/rails test test/controllers/sign/org/edge/v1/csrf_controller_test.rb:13

E

Error:
Sign::Org::Edge::V1::CsrfControllerTest#test_csrf_token_and_cookie_match:
NameError: uninitialized constant Preference::Core::CookieOptions
    app/controllers/concerns/preference/base.rb:1096:in 'Preference::Base#preference_cookie_options'
    app/controllers/concerns/preference/base.rb:971:in 'Preference::Base#preference_auth_cookie_options'
    app/controllers/concerns/preference/base.rb:940:in 'Preference::Base#set_refresh_token_cookie'
    app/controllers/concerns/preference/base.rb:762:in 'Preference::Base#create_new_preference_record!'
    app/controllers/concerns/preference/base.rb:721:in 'Preference::Base#load_preference_record_from_refresh_token!'
    app/controllers/concerns/preference/base.rb:217:in 'Preference::Base#set_preferences_cookie'
    app/middleware/core/surface_middleware.rb:12:in 'Core::SurfaceMiddleware#call'
    test/controllers/sign/org/edge/v1/csrf_controller_test.rb:29:in 'block in <class:CsrfControllerTest>'
    test/support/i18n_locale_reset.rb:11:in 'block in ActiveSupport::TestCase#run'
    test/support/i18n_locale_reset.rb:10:in 'ActiveSupport::TestCase#run'

bin/rails test test/controllers/sign/org/edge/v1/csrf_controller_test.rb:28

....F

Failure:
Core::Com::PreferenceControllerTest#test_should_get_show [test/controllers/core/com/preferences_controller_test.rb:8]:
Expected response to be a <2XX: success>, but was a <404: Not Found>

bin/rails test test/controllers/core/com/preferences_controller_test.rb:6

E

Error:
Core::Com::PreferenceControllerTest#test_footer_should_contain_preference_link:
NameError: uninitialized constant Preference::Core::CookieOptions
    app/controllers/concerns/preference/base.rb:1096:in 'Preference::Base#preference_cookie_options'
    app/controllers/concerns/preference/base.rb:971:in 'Preference::Base#preference_auth_cookie_options'
    app/controllers/concerns/preference/base.rb:940:in 'Preference::Base#set_refresh_token_cookie'
    app/controllers/concerns/preference/base.rb:762:in 'Preference::Base#create_new_preference_record!'
    app/controllers/concerns/preference/base.rb:721:in 'Preference::Base#load_preference_record_from_refresh_token!'
    app/controllers/concerns/preference/base.rb:217:in 'Preference::Base#set_preferences_cookie'
    app/middleware/core/surface_middleware.rb:12:in 'Core::SurfaceMiddleware#call'
    test/controllers/core/com/preferences_controller_test.rb:12:in 'block in <class:PreferenceControllerTest>'
    test/support/i18n_locale_reset.rb:11:in 'block in ActiveSupport::TestCase#run'
    test/support/i18n_locale_reset.rb:10:in 'ActiveSupport::TestCase#run'

bin/rails test test/controllers/core/com/preferences_controller_test.rb:11

F

Failure:
Core::Com::PreferenceControllerTest#test_preference_page_links_to_apex_preference [test/controllers/core/com/preferences_controller_test.rb:20]:
Expected response to be a <2XX: success>, but was a <404: Not Found>

bin/rails test test/controllers/core/com/preferences_controller_test.rb:18

E

Error:
Sign::App::Edge::V1::HealthsControllerTest#test_returns_success_for_default_format:
NameError: uninitialized constant Preference::Core::CookieOptions
    app/controllers/concerns/preference/base.rb:1096:in 'Preference::Base#preference_cookie_options'
    app/controllers/concerns/preference/base.rb:971:in 'Preference::Base#preference_auth_cookie_options'
    app/controllers/concerns/preference/base.rb:940:in 'Preference::Base#set_refresh_token_cookie'
    app/controllers/concerns/preference/base.rb:762:in 'Preference::Base#create_new_preference_record!'
    app/controllers/concerns/preference/base.rb:721:in 'Preference::Base#load_preference_record_from_refresh_token!'
    app/controllers/concerns/preference/base.rb:217:in 'Preference::Base#set_preferences_cookie'
    app/middleware/core/surface_middleware.rb:12:in 'Core::SurfaceMiddleware#call'
    test/controllers/sign/app/edge/v1/healths_controller_test.rb:14:in 'block in <class:HealthsControllerTest>'
    test/support/i18n_locale_reset.rb:11:in 'block in ActiveSupport::TestCase#run'
    test/support/i18n_locale_reset.rb:10:in 'ActiveSupport::TestCase#run'

bin/rails test test/controllers/sign/app/edge/v1/healths_controller_test.rb:13

E

Error:
Sign::App::Edge::V1::HealthsControllerTest#test_json_response_conforms_to_OpenAPI_schema:
NameError: uninitialized constant Preference::Core::CookieOptions
    app/controllers/concerns/preference/base.rb:1096:in 'Preference::Base#preference_cookie_options'
    app/controllers/concerns/preference/base.rb:971:in 'Preference::Base#preference_auth_cookie_options'
    app/controllers/concerns/preference/base.rb:940:in 'Preference::Base#set_refresh_token_cookie'
    app/controllers/concerns/preference/base.rb:762:in 'Preference::Base#create_new_preference_record!'
    app/controllers/concerns/preference/base.rb:721:in 'Preference::Base#load_preference_record_from_refresh_token!'
    app/controllers/concerns/preference/base.rb:217:in 'Preference::Base#set_preferences_cookie'
    app/middleware/core/surface_middleware.rb:12:in 'Core::SurfaceMiddleware#call'
    test/controllers/sign/app/edge/v1/healths_controller_test.rb:42:in 'block in <class:HealthsControllerTest>'
    test/support/i18n_locale_reset.rb:11:in 'block in ActiveSupport::TestCase#run'
    test/support/i18n_locale_reset.rb:10:in 'ActiveSupport::TestCase#run'

bin/rails test test/controllers/sign/app/edge/v1/healths_controller_test.rb:41

E

Error:
Sign::App::Edge::V1::HealthsControllerTest#test_returns_OK_status_payload_for_json_format:
NameError: uninitialized constant Preference::Core::CookieOptions
    app/controllers/concerns/preference/base.rb:1096:in 'Preference::Base#preference_cookie_options'
    app/controllers/concerns/preference/base.rb:971:in 'Preference::Base#preference_auth_cookie_options'
    app/controllers/concerns/preference/base.rb:940:in 'Preference::Base#set_refresh_token_cookie'
    app/controllers/concerns/preference/base.rb:762:in 'Preference::Base#create_new_preference_record!'
    app/controllers/concerns/preference/base.rb:721:in 'Preference::Base#load_preference_record_from_refresh_token!'
    app/controllers/concerns/preference/base.rb:217:in 'Preference::Base#set_preferences_cookie'
    app/middleware/core/surface_middleware.rb:12:in 'Core::SurfaceMiddleware#call'
    test/controllers/sign/app/edge/v1/healths_controller_test.rb:28:in 'block in <class:HealthsControllerTest>'
    test/support/i18n_locale_reset.rb:11:in 'block in ActiveSupport::TestCase#run'
    test/support/i18n_locale_reset.rb:10:in 'ActiveSupport::TestCase#run'

bin/rails test test/controllers/sign/app/edge/v1/healths_controller_test.rb:27

E

Error:
Sign::App::Edge::V1::HealthsControllerTest#test_raises_error_for_unsupported_yaml_format:
NameError: uninitialized constant Preference::Core::CookieOptions
    app/controllers/concerns/preference/base.rb:1096:in 'Preference::Base#preference_cookie_options'
    app/controllers/concerns/preference/base.rb:971:in 'Preference::Base#preference_auth_cookie_options'
    app/controllers/concerns/preference/base.rb:940:in 'Preference::Base#set_refresh_token_cookie'
    app/controllers/concerns/preference/base.rb:762:in 'Preference::Base#create_new_preference_record!'
    app/controllers/concerns/preference/base.rb:721:in 'Preference::Base#load_preference_record_from_refresh_token!'
    app/controllers/concerns/preference/base.rb:217:in 'Preference::Base#set_preferences_cookie'
    app/middleware/core/surface_middleware.rb:12:in 'Core::SurfaceMiddleware#call'
    test/controllers/sign/app/edge/v1/healths_controller_test.rb:35:in 'block in <class:HealthsControllerTest>'
    test/support/i18n_locale_reset.rb:11:in 'block in ActiveSupport::TestCase#run'
    test/support/i18n_locale_reset.rb:10:in 'ActiveSupport::TestCase#run'

bin/rails test test/controllers/sign/app/edge/v1/healths_controller_test.rb:34

E

Error:
Sign::App::Edge::V1::HealthsControllerTest#test_returns_success_for_explicit_html_format:
NameError: uninitialized constant Preference::Core::CookieOptions
    app/controllers/concerns/preference/base.rb:1096:in 'Preference::Base#preference_cookie_options'
    app/controllers/concerns/preference/base.rb:971:in 'Preference::Base#preference_auth_cookie_options'
    app/controllers/concerns/preference/base.rb:940:in 'Preference::Base#set_refresh_token_cookie'
    app/controllers/concerns/preference/base.rb:762:in 'Preference::Base#create_new_preference_record!'
    app/controllers/concerns/preference/base.rb:721:in 'Preference::Base#load_preference_record_from_refresh_token!'
    app/controllers/concerns/preference/base.rb:217:in 'Preference::Base#set_preferences_cookie'
    app/middleware/core/surface_middleware.rb:12:in 'Core::SurfaceMiddleware#call'
    test/controllers/sign/app/edge/v1/healths_controller_test.rb:21:in 'block in <class:HealthsControllerTest>'
    test/support/i18n_locale_reset.rb:11:in 'block in ActiveSupport::TestCase#run'
    test/support/i18n_locale_reset.rb:10:in 'ActiveSupport::TestCase#run'

bin/rails test test/controllers/sign/app/edge/v1/healths_controller_test.rb:20

E

Error:
Docs::Org::Edge::V1::PostsControllerTest#test_should_get_index:
NameError: uninitialized constant Preference::Core::CookieOptions
    app/controllers/concerns/preference/base.rb:1096:in 'Preference::Base#preference_cookie_options'
    app/controllers/concerns/preference/base.rb:971:in 'Preference::Base#preference_auth_cookie_options'
    app/controllers/concerns/preference/base.rb:940:in 'Preference::Base#set_refresh_token_cookie'
    app/controllers/concerns/preference/base.rb:762:in 'Preference::Base#create_new_preference_record!'
    app/controllers/concerns/preference/base.rb:721:in 'Preference::Base#load_preference_record_from_refresh_token!'
    app/controllers/concerns/preference/base.rb:217:in 'Preference::Base#set_preferences_cookie'
    app/middleware/core/surface_middleware.rb:12:in 'Core::SurfaceMiddleware#call'
    test/controllers/docs/org/edge/v1/posts_controller_test.rb:15:in 'block in <class:PostsControllerTest>'
    test/support/i18n_locale_reset.rb:11:in 'block in ActiveSupport::TestCase#run'
    test/support/i18n_locale_reset.rb:10:in 'ActiveSupport::TestCase#run'

bin/rails test test/controllers/docs/org/edge/v1/posts_controller_test.rb:14

E

Error:
Docs::Org::Edge::V1::PostsControllerTest#test_should_get_show:
NameError: uninitialized constant Preference::Core::CookieOptions
    app/controllers/concerns/preference/base.rb:1096:in 'Preference::Base#preference_cookie_options'
    app/controllers/concerns/preference/base.rb:971:in 'Preference::Base#preference_auth_cookie_options'
    app/controllers/concerns/preference/base.rb:940:in 'Preference::Base#set_refresh_token_cookie'
    app/controllers/concerns/preference/base.rb:762:in 'Preference::Base#create_new_preference_record!'
    app/controllers/concerns/preference/base.rb:721:in 'Preference::Base#load_preference_record_from_refresh_token!'
    app/controllers/concerns/preference/base.rb:217:in 'Preference::Base#set_preferences_cookie'
    app/middleware/core/surface_middleware.rb:12:in 'Core::SurfaceMiddleware#call'
    test/controllers/docs/org/edge/v1/posts_controller_test.rb:20:in 'block in <class:PostsControllerTest>'
    test/support/i18n_locale_reset.rb:11:in 'block in ActiveSupport::TestCase#run'
    test/support/i18n_locale_reset.rb:10:in 'ActiveSupport::TestCase#run'

bin/rails test test/controllers/docs/org/edge/v1/posts_controller_test.rb:19

E

Error:
Sign::App::Edge::V1::SignedInsControllerTest#test_GET_signed_in_returns_403_for_deactivated_user_even_when_refresh_token_is_valid:
NameError: uninitialized constant Preference::Core::CookieOptions
    app/controllers/concerns/preference/base.rb:1096:in 'Preference::Base#preference_cookie_options'
    app/controllers/concerns/preference/base.rb:378:in 'Preference::Base#write_preference_cookie'
    app/controllers/concerns/preference/global.rb:196:in 'Preference::Global#set_locale'
    app/middleware/core/surface_middleware.rb:12:in 'Core::SurfaceMiddleware#call'
    test/controllers/sign/app/edge/v1/signed_ins_controller_test.rb:73:in 'block in <class:SignedInsControllerTest>'
    test/support/i18n_locale_reset.rb:11:in 'block in ActiveSupport::TestCase#run'
    test/support/i18n_locale_reset.rb:10:in 'ActiveSupport::TestCase#run'

bin/rails test test/controllers/sign/app/edge/v1/signed_ins_controller_test.rb:65

E

Error:
Sign::App::Edge::V1::SignedInsControllerTest#test_GET_signed_in_with_valid_access_token_returns_signed_in_true:
NameError: uninitialized constant Preference::Core::CookieOptions
    app/controllers/concerns/preference/base.rb:1096:in 'Preference::Base#preference_cookie_options'
    app/controllers/concerns/preference/base.rb:378:in 'Preference::Base#write_preference_cookie'
    app/controllers/concerns/preference/global.rb:196:in 'Preference::Global#set_locale'
    app/middleware/core/surface_middleware.rb:12:in 'Core::SurfaceMiddleware#call'
    test/controllers/sign/app/edge/v1/signed_ins_controller_test.rb:25:in 'block in <class:SignedInsControllerTest>'
    test/support/i18n_locale_reset.rb:11:in 'block in ActiveSupport::TestCase#run'
    test/support/i18n_locale_reset.rb:10:in 'ActiveSupport::TestCase#run'

bin/rails test test/controllers/sign/app/edge/v1/signed_ins_controller_test.rb:14

E

Error:
Sign::App::Edge::V1::SignedInsControllerTest#test_GET_signed_in_refreshes_access_and_returns_signed_in_true_when_refresh_is_valid:
NameError: uninitialized constant Preference::Core::CookieOptions
    app/controllers/concerns/preference/base.rb:1096:in 'Preference::Base#preference_cookie_options'
    app/controllers/concerns/preference/base.rb:378:in 'Preference::Base#write_preference_cookie'
    app/controllers/concerns/preference/global.rb:196:in 'Preference::Global#set_locale'
    app/middleware/core/surface_middleware.rb:12:in 'Core::SurfaceMiddleware#call'
    test/controllers/sign/app/edge/v1/signed_ins_controller_test.rb:40:in 'block in <class:SignedInsControllerTest>'
    test/support/i18n_locale_reset.rb:11:in 'block in ActiveSupport::TestCase#run'
    test/support/i18n_locale_reset.rb:10:in 'ActiveSupport::TestCase#run'

bin/rails test test/controllers/sign/app/edge/v1/signed_ins_controller_test.rb:34

E

Error:
Sign::App::Edge::V1::SignedInsControllerTest#test_GET_signed_in_returns_401_when_access_and_refresh_are_invalid:
NameError: uninitialized constant Preference::Core::CookieOptions
    app/controllers/concerns/preference/base.rb:1096:in 'Preference::Base#preference_cookie_options'
    app/controllers/concerns/preference/base.rb:378:in 'Preference::Base#write_preference_cookie'
    app/controllers/concerns/preference/global.rb:196:in 'Preference::Global#set_locale'
    app/middleware/core/surface_middleware.rb:12:in 'Core::SurfaceMiddleware#call'
    test/controllers/sign/app/edge/v1/signed_ins_controller_test.rb:54:in 'block in <class:SignedInsControllerTest>'
    test/support/i18n_locale_reset.rb:11:in 'block in ActiveSupport::TestCase#run'
    test/support/i18n_locale_reset.rb:10:in 'ActiveSupport::TestCase#run'

bin/rails test test/controllers/sign/app/edge/v1/signed_ins_controller_test.rb:50

.E

Error:
EmailVerificationFlowTest#test_social_login_flow_does_not_trigger_email_verification_and_redirects_to_configuration:
NameError: uninitialized constant Preference::Core::CookieOptions
    app/controllers/concerns/preference/base.rb:1096:in 'Preference::Base#preference_cookie_options'
    app/controllers/concerns/preference/base.rb:971:in 'Preference::Base#preference_auth_cookie_options'
    app/controllers/concerns/preference/base.rb:940:in 'Preference::Base#set_refresh_token_cookie'
    app/controllers/concerns/preference/base.rb:762:in 'Preference::Base#create_new_preference_record!'
    app/controllers/concerns/preference/base.rb:721:in 'Preference::Base#load_preference_record_from_refresh_token!'
    app/controllers/concerns/preference/base.rb:217:in 'Preference::Base#set_preferences_cookie'
    app/middleware/core/surface_middleware.rb:12:in 'Core::SurfaceMiddleware#call'
    test/integration/email_verification_flow_test.rb:27:in 'block (2 levels) in <class:EmailVerificationFlowTest>'
    test/integration/email_verification_flow_test.rb:26:in 'block in <class:EmailVerificationFlowTest>'
    test/support/i18n_locale_reset.rb:11:in 'block in ActiveSupport::TestCase#run'
    test/support/i18n_locale_reset.rb:10:in 'ActiveSupport::TestCase#run'

bin/rails test test/integration/email_verification_flow_test.rb:12

........E

Error:
Sign::App::UiFoundationTest#test_dark_mode_class_is_rendered_based_on_cookie:
NameError: uninitialized constant Preference::Core::CookieOptions
    app/controllers/concerns/preference/base.rb:1096:in 'Preference::Base#preference_cookie_options'
    app/controllers/concerns/preference/base.rb:971:in 'Preference::Base#preference_auth_cookie_options'
    app/controllers/concerns/preference/base.rb:940:in 'Preference::Base#set_refresh_token_cookie'
    app/controllers/concerns/preference/base.rb:762:in 'Preference::Base#create_new_preference_record!'
    app/controllers/concerns/preference/base.rb:721:in 'Preference::Base#load_preference_record_from_refresh_token!'
    app/controllers/concerns/preference/base.rb:217:in 'Preference::Base#set_preferences_cookie'
    app/middleware/core/surface_middleware.rb:12:in 'Core::SurfaceMiddleware#call'
    test/controllers/sign/app/ui_foundation_test.rb:61:in 'block in <class:UiFoundationTest>'
    test/support/i18n_locale_reset.rb:11:in 'block in ActiveSupport::TestCase#run'
    test/support/i18n_locale_reset.rb:10:in 'ActiveSupport::TestCase#run'

bin/rails test test/controllers/sign/app/ui_foundation_test.rb:56

E

Error:
Sign::App::UiFoundationTest#test_PageHeader_on_sub-pages_points_back_to_configuration:
NameError: uninitialized constant Preference::Core::CookieOptions
    app/controllers/concerns/preference/base.rb:1096:in 'Preference::Base#preference_cookie_options'
    app/controllers/concerns/preference/base.rb:971:in 'Preference::Base#preference_auth_cookie_options'
    app/controllers/concerns/preference/base.rb:940:in 'Preference::Base#set_refresh_token_cookie'
    app/controllers/concerns/preference/base.rb:762:in 'Preference::Base#create_new_preference_record!'
    app/controllers/concerns/preference/base.rb:721:in 'Preference::Base#load_preference_record_from_refresh_token!'
    app/controllers/concerns/preference/base.rb:217:in 'Preference::Base#set_preferences_cookie'
    app/middleware/core/surface_middleware.rb:12:in 'Core::SurfaceMiddleware#call'
    test/controllers/sign/app/ui_foundation_test.rb:50:in 'block (2 levels) in <class:UiFoundationTest>'
    test/controllers/sign/app/ui_foundation_test.rb:49:in 'Array#each'
    test/controllers/sign/app/ui_foundation_test.rb:49:in 'block in <class:UiFoundationTest>'
    test/support/i18n_locale_reset.rb:11:in 'block in ActiveSupport::TestCase#run'
    test/support/i18n_locale_reset.rb:10:in 'ActiveSupport::TestCase#run'

bin/rails test test/controllers/sign/app/ui_foundation_test.rb:34

E

Error:
Sign::App::UiFoundationTest#test_UI_components_are_used_in_the_page:
NameError: uninitialized constant Preference::Core::CookieOptions
    app/controllers/concerns/preference/base.rb:1096:in 'Preference::Base#preference_cookie_options'
    app/controllers/concerns/preference/base.rb:971:in 'Preference::Base#preference_auth_cookie_options'
    app/controllers/concerns/preference/base.rb:940:in 'Preference::Base#set_refresh_token_cookie'
    app/controllers/concerns/preference/base.rb:762:in 'Preference::Base#create_new_preference_record!'
    app/controllers/concerns/preference/base.rb:721:in 'Preference::Base#load_preference_record_from_refresh_token!'
    app/controllers/concerns/preference/base.rb:217:in 'Preference::Base#set_preferences_cookie'
    app/middleware/core/surface_middleware.rb:12:in 'Core::SurfaceMiddleware#call'
    test/controllers/sign/app/ui_foundation_test.rb:76:in 'block in <class:UiFoundationTest>'
    test/support/i18n_locale_reset.rb:11:in 'block in ActiveSupport::TestCase#run'
    test/support/i18n_locale_reset.rb:10:in 'ActiveSupport::TestCase#run'

bin/rails test test/controllers/sign/app/ui_foundation_test.rb:74

E

Error:
Sign::App::UiFoundationTest#test_PageHeader_renders_correct_up_to_link:
NameError: uninitialized constant Preference::Core::CookieOptions
    app/controllers/concerns/preference/base.rb:1096:in 'Preference::Base#preference_cookie_options'
    app/controllers/concerns/preference/base.rb:971:in 'Preference::Base#preference_auth_cookie_options'
    app/controllers/concerns/preference/base.rb:940:in 'Preference::Base#set_refresh_token_cookie'
    app/controllers/concerns/preference/base.rb:762:in 'Preference::Base#create_new_preference_record!'
    app/controllers/concerns/preference/base.rb:721:in 'Preference::Base#load_preference_record_from_refresh_token!'
    app/controllers/concerns/preference/base.rb:217:in 'Preference::Base#set_preferences_cookie'
    app/middleware/core/surface_middleware.rb:12:in 'Core::SurfaceMiddleware#call'
    test/controllers/sign/app/ui_foundation_test.rb:28:in 'block in <class:UiFoundationTest>'
    test/support/i18n_locale_reset.rb:11:in 'block in ActiveSupport::TestCase#run'
    test/support/i18n_locale_reset.rb:10:in 'ActiveSupport::TestCase#run'

bin/rails test test/controllers/sign/app/ui_foundation_test.rb:26

E

Error:
Sign::App::UiFoundationTest#test_should_render_configuration_page_with_new_UI_foundation:
NameError: uninitialized constant Preference::Core::CookieOptions
    app/controllers/concerns/preference/base.rb:1096:in 'Preference::Base#preference_cookie_options'
    app/controllers/concerns/preference/base.rb:971:in 'Preference::Base#preference_auth_cookie_options'
    app/controllers/concerns/preference/base.rb:940:in 'Preference::Base#set_refresh_token_cookie'
    app/controllers/concerns/preference/base.rb:762:in 'Preference::Base#create_new_preference_record!'
    app/controllers/concerns/preference/base.rb:721:in 'Preference::Base#load_preference_record_from_refresh_token!'
    app/controllers/concerns/preference/base.rb:217:in 'Preference::Base#set_preferences_cookie'
    app/middleware/core/surface_middleware.rb:12:in 'Core::SurfaceMiddleware#call'
    test/controllers/sign/app/ui_foundation_test.rb:15:in 'block in <class:UiFoundationTest>'
    test/support/i18n_locale_reset.rb:11:in 'block in ActiveSupport::TestCase#run'
    test/support/i18n_locale_reset.rb:10:in 'ActiveSupport::TestCase#run'

bin/rails test test/controllers/sign/app/ui_foundation_test.rb:13

.................................................E

Error:
Sign::App::Edge::V1::CsrfControllerTest#test_csrf_token_and_cookie_match:
NameError: uninitialized constant Preference::Core::CookieOptions
    app/controllers/concerns/preference/base.rb:1096:in 'Preference::Base#preference_cookie_options'
    app/controllers/concerns/preference/base.rb:971:in 'Preference::Base#preference_auth_cookie_options'
    app/controllers/concerns/preference/base.rb:940:in 'Preference::Base#set_refresh_token_cookie'
    app/controllers/concerns/preference/base.rb:762:in 'Preference::Base#create_new_preference_record!'
    app/controllers/concerns/preference/base.rb:721:in 'Preference::Base#load_preference_record_from_refresh_token!'
    app/controllers/concerns/preference/base.rb:217:in 'Preference::Base#set_preferences_cookie'
    app/middleware/core/surface_middleware.rb:12:in 'Core::SurfaceMiddleware#call'
    test/controllers/sign/app/edge/v1/csrf_controller_test.rb:43:in 'block in <class:CsrfControllerTest>'
    test/support/i18n_locale_reset.rb:11:in 'block in ActiveSupport::TestCase#run'
    test/support/i18n_locale_reset.rb:10:in 'ActiveSupport::TestCase#run'

bin/rails test test/controllers/sign/app/edge/v1/csrf_controller_test.rb:42

E

Error:
Sign::App::Edge::V1::CsrfControllerTest#test_returns_csrf_token_payload_with_no-store:
NameError: uninitialized constant Preference::Core::CookieOptions
    app/controllers/concerns/preference/base.rb:1096:in 'Preference::Base#preference_cookie_options'
    app/controllers/concerns/preference/base.rb:971:in 'Preference::Base#preference_auth_cookie_options'
    app/controllers/concerns/preference/base.rb:940:in 'Preference::Base#set_refresh_token_cookie'
    app/controllers/concerns/preference/base.rb:762:in 'Preference::Base#create_new_preference_record!'
    app/controllers/concerns/preference/base.rb:721:in 'Preference::Base#load_preference_record_from_refresh_token!'
    app/controllers/concerns/preference/base.rb:217:in 'Preference::Base#set_preferences_cookie'
    app/middleware/core/surface_middleware.rb:12:in 'Core::SurfaceMiddleware#call'
    test/controllers/sign/app/edge/v1/csrf_controller_test.rb:10:in 'block in <class:CsrfControllerTest>'
    test/support/i18n_locale_reset.rb:11:in 'block in ActiveSupport::TestCase#run'
    test/support/i18n_locale_reset.rb:10:in 'ActiveSupport::TestCase#run'

bin/rails test test/controllers/sign/app/edge/v1/csrf_controller_test.rb:9

E

Error:
Sign::App::Edge::V1::CsrfControllerTest#test_csrf_endpoint_sets_non-HttpOnly_CSRF_token_cookie:
NameError: uninitialized constant Preference::Core::CookieOptions
    app/controllers/concerns/preference/base.rb:1096:in 'Preference::Base#preference_cookie_options'
    app/controllers/concerns/preference/base.rb:971:in 'Preference::Base#preference_auth_cookie_options'
    app/controllers/concerns/preference/base.rb:940:in 'Preference::Base#set_refresh_token_cookie'
    app/controllers/concerns/preference/base.rb:762:in 'Preference::Base#create_new_preference_record!'
    app/controllers/concerns/preference/base.rb:721:in 'Preference::Base#load_preference_record_from_refresh_token!'
    app/controllers/concerns/preference/base.rb:217:in 'Preference::Base#set_preferences_cookie'
    app/middleware/core/surface_middleware.rb:12:in 'Core::SurfaceMiddleware#call'
    test/controllers/sign/app/edge/v1/csrf_controller_test.rb:28:in 'block in <class:CsrfControllerTest>'
    test/support/i18n_locale_reset.rb:11:in 'block in ActiveSupport::TestCase#run'
    test/support/i18n_locale_reset.rb:10:in 'ActiveSupport::TestCase#run'

bin/rails test test/controllers/sign/app/edge/v1/csrf_controller_test.rb:27

E

Error:
Sign::App::Edge::V1::CsrfControllerTest#test_csrf_response_conforms_to_OpenAPI_schema:
NameError: uninitialized constant Preference::Core::CookieOptions
    app/controllers/concerns/preference/base.rb:1096:in 'Preference::Base#preference_cookie_options'
    app/controllers/concerns/preference/base.rb:971:in 'Preference::Base#preference_auth_cookie_options'
    app/controllers/concerns/preference/base.rb:940:in 'Preference::Base#set_refresh_token_cookie'
    app/controllers/concerns/preference/base.rb:762:in 'Preference::Base#create_new_preference_record!'
    app/controllers/concerns/preference/base.rb:721:in 'Preference::Base#load_preference_record_from_refresh_token!'
    app/controllers/concerns/preference/base.rb:217:in 'Preference::Base#set_preferences_cookie'
    app/middleware/core/surface_middleware.rb:12:in 'Core::SurfaceMiddleware#call'
    test/controllers/sign/app/edge/v1/csrf_controller_test.rb:21:in 'block in <class:CsrfControllerTest>'
    test/support/i18n_locale_reset.rb:11:in 'block in ActiveSupport::TestCase#run'
    test/support/i18n_locale_reset.rb:10:in 'ActiveSupport::TestCase#run'

bin/rails test test/controllers/sign/app/edge/v1/csrf_controller_test.rb:20

E

Error:
Docs::Org::HealthsControllerTest#test_GET_/health_returns_OK_response:
NameError: uninitialized constant Preference::Core::CookieOptions
    app/controllers/concerns/preference/base.rb:1096:in 'Preference::Base#preference_cookie_options'
    app/controllers/concerns/preference/base.rb:971:in 'Preference::Base#preference_auth_cookie_options'
    app/controllers/concerns/preference/base.rb:940:in 'Preference::Base#set_refresh_token_cookie'
    app/controllers/concerns/preference/base.rb:762:in 'Preference::Base#create_new_preference_record!'
    app/controllers/concerns/preference/base.rb:721:in 'Preference::Base#load_preference_record_from_refresh_token!'
    app/controllers/concerns/preference/base.rb:217:in 'Preference::Base#set_preferences_cookie'
    app/middleware/core/surface_middleware.rb:12:in 'Core::SurfaceMiddleware#call'
    test/controllers/docs/org/healths_controller_test.rb:7:in 'block in <class:HealthsControllerTest>'
    test/support/i18n_locale_reset.rb:11:in 'block in ActiveSupport::TestCase#run'
    test/support/i18n_locale_reset.rb:10:in 'ActiveSupport::TestCase#run'

bin/rails test test/controllers/docs/org/healths_controller_test.rb:6

E

Error:
Docs::Org::HealthsControllerTest#test_GET_/health_returns_OK_html_response:
NameError: uninitialized constant Preference::Core::CookieOptions
    app/controllers/concerns/preference/base.rb:1096:in 'Preference::Base#preference_cookie_options'
    app/controllers/concerns/preference/base.rb:971:in 'Preference::Base#preference_auth_cookie_options'
    app/controllers/concerns/preference/base.rb:940:in 'Preference::Base#set_refresh_token_cookie'
    app/controllers/concerns/preference/base.rb:762:in 'Preference::Base#create_new_preference_record!'
    app/controllers/concerns/preference/base.rb:721:in 'Preference::Base#load_preference_record_from_refresh_token!'
    app/controllers/concerns/preference/base.rb:217:in 'Preference::Base#set_preferences_cookie'
    app/middleware/core/surface_middleware.rb:12:in 'Core::SurfaceMiddleware#call'
    test/controllers/docs/org/healths_controller_test.rb:14:in 'block in <class:HealthsControllerTest>'
    test/support/i18n_locale_reset.rb:11:in 'block in ActiveSupport::TestCase#run'
    test/support/i18n_locale_reset.rb:10:in 'ActiveSupport::TestCase#run'

bin/rails test test/controllers/docs/org/healths_controller_test.rb:13

E

Error:
Docs::Org::HealthsControllerTest#test_GET_/health_returns_OK_json_response:
NameError: uninitialized constant Preference::Core::CookieOptions
    app/controllers/concerns/preference/base.rb:1096:in 'Preference::Base#preference_cookie_options'
    app/controllers/concerns/preference/base.rb:971:in 'Preference::Base#preference_auth_cookie_options'
    app/controllers/concerns/preference/base.rb:940:in 'Preference::Base#set_refresh_token_cookie'
    app/controllers/concerns/preference/base.rb:762:in 'Preference::Base#create_new_preference_record!'
    app/controllers/concerns/preference/base.rb:721:in 'Preference::Base#load_preference_record_from_refresh_token!'
    app/controllers/concerns/preference/base.rb:217:in 'Preference::Base#set_preferences_cookie'
    app/middleware/core/surface_middleware.rb:12:in 'Core::SurfaceMiddleware#call'
    test/controllers/docs/org/healths_controller_test.rb:21:in 'block in <class:HealthsControllerTest>'
    test/support/i18n_locale_reset.rb:11:in 'block in ActiveSupport::TestCase#run'
    test/support/i18n_locale_reset.rb:10:in 'ActiveSupport::TestCase#run'

bin/rails test test/controllers/docs/org/healths_controller_test.rb:20

...........................................E

Error:
OrgVerificationFlowTest#test_org_verification_show_page_does_not_display_email_option:
NameError: uninitialized constant Preference::Core::CookieOptions
    app/controllers/concerns/preference/base.rb:1096:in 'Preference::Base#preference_cookie_options'
    app/controllers/concerns/preference/base.rb:971:in 'Preference::Base#preference_auth_cookie_options'
    app/controllers/concerns/preference/base.rb:940:in 'Preference::Base#set_refresh_token_cookie'
    app/controllers/concerns/preference/base.rb:762:in 'Preference::Base#create_new_preference_record!'
    app/controllers/concerns/preference/base.rb:721:in 'Preference::Base#load_preference_record_from_refresh_token!'
    app/controllers/concerns/preference/base.rb:217:in 'Preference::Base#set_preferences_cookie'
    app/middleware/core/surface_middleware.rb:12:in 'Core::SurfaceMiddleware#call'
    test/integration/org_verification_flow_test.rb:39:in 'block (2 levels) in <class:OrgVerificationFlowTest>'
    test/support/any_instance_stub.rb:21:in 'AnyInstanceStubProxy#stub'
    test/integration/org_verification_flow_test.rb:38:in 'block in <class:OrgVerificationFlowTest>'
    test/support/i18n_locale_reset.rb:11:in 'block in ActiveSupport::TestCase#run'
    test/support/i18n_locale_reset.rb:10:in 'ActiveSupport::TestCase#run'

bin/rails test test/integration/org_verification_flow_test.rb:29

E

Error:
OrgVerificationFlowTest#test_org_can_verify_with_passkey:
NameError: uninitialized constant Preference::Core::CookieOptions
    app/controllers/concerns/preference/base.rb:1096:in 'Preference::Base#preference_cookie_options'
    app/controllers/concerns/preference/base.rb:971:in 'Preference::Base#preference_auth_cookie_options'
    app/controllers/concerns/preference/base.rb:940:in 'Preference::Base#set_refresh_token_cookie'
    app/controllers/concerns/preference/base.rb:762:in 'Preference::Base#create_new_preference_record!'
    app/controllers/concerns/preference/base.rb:721:in 'Preference::Base#load_preference_record_from_refresh_token!'
    app/controllers/concerns/preference/base.rb:217:in 'Preference::Base#set_preferences_cookie'
    app/middleware/core/surface_middleware.rb:12:in 'Core::SurfaceMiddleware#call'
    test/integration/org_verification_flow_test.rb:58:in 'block (4 levels) in <class:OrgVerificationFlowTest>'
    test/support/any_instance_stub.rb:21:in 'AnyInstanceStubProxy#stub'
    test/integration/org_verification_flow_test.rb:57:in 'block (3 levels) in <class:OrgVerificationFlowTest>'
    test/support/any_instance_stub.rb:21:in 'AnyInstanceStubProxy#stub'
    test/integration/org_verification_flow_test.rb:56:in 'block (2 levels) in <class:OrgVerificationFlowTest>'
    test/support/any_instance_stub.rb:21:in 'AnyInstanceStubProxy#stub'
    test/integration/org_verification_flow_test.rb:55:in 'block in <class:OrgVerificationFlowTest>'
    test/support/i18n_locale_reset.rb:11:in 'block in ActiveSupport::TestCase#run'
    test/support/i18n_locale_reset.rb:10:in 'ActiveSupport::TestCase#run'

bin/rails test test/integration/org_verification_flow_test.rb:52

E

Error:
OrgVerificationFlowTest#test_org_can_verify_with_totp:
NameError: uninitialized constant Preference::Core::CookieOptions
    app/controllers/concerns/preference/base.rb:1096:in 'Preference::Base#preference_cookie_options'
    app/controllers/concerns/preference/base.rb:971:in 'Preference::Base#preference_auth_cookie_options'
    app/controllers/concerns/preference/base.rb:940:in 'Preference::Base#set_refresh_token_cookie'
    app/controllers/concerns/preference/base.rb:762:in 'Preference::Base#create_new_preference_record!'
    app/controllers/concerns/preference/base.rb:721:in 'Preference::Base#load_preference_record_from_refresh_token!'
    app/controllers/concerns/preference/base.rb:217:in 'Preference::Base#set_preferences_cookie'
    app/middleware/core/surface_middleware.rb:12:in 'Core::SurfaceMiddleware#call'
    test/integration/org_verification_flow_test.rb:79:in 'block in <class:OrgVerificationFlowTest>'
    test/support/i18n_locale_reset.rb:11:in 'block in ActiveSupport::TestCase#run'
    test/support/i18n_locale_reset.rb:10:in 'ActiveSupport::TestCase#run'

bin/rails test test/integration/org_verification_flow_test.rb:70

............E

Error:
SocialAuthLinkTest#test_link_Apple_fails_when_flow_context_is_missing:
NameError: uninitialized constant Preference::Core::CookieOptions
    app/controllers/concerns/preference/base.rb:1096:in 'Preference::Base#preference_cookie_options'
    app/controllers/concerns/preference/base.rb:971:in 'Preference::Base#preference_auth_cookie_options'
    app/controllers/concerns/preference/base.rb:940:in 'Preference::Base#set_refresh_token_cookie'
    app/controllers/concerns/preference/base.rb:762:in 'Preference::Base#create_new_preference_record!'
    app/controllers/concerns/preference/base.rb:721:in 'Preference::Base#load_preference_record_from_refresh_token!'
    app/controllers/concerns/preference/base.rb:217:in 'Preference::Base#set_preferences_cookie'
    app/middleware/core/surface_middleware.rb:12:in 'Core::SurfaceMiddleware#call'
    test/integration/social_auth_link_test.rb:115:in 'block in <class:SocialAuthLinkTest>'
    test/support/i18n_locale_reset.rb:11:in 'block in ActiveSupport::TestCase#run'
    test/support/i18n_locale_reset.rb:10:in 'ActiveSupport::TestCase#run'

bin/rails test test/integration/social_auth_link_test.rb:111

E

Error:
SocialAuthLinkTest#test_re-link_REVOKED_Google_identity_reactivates_it:
NameError: uninitialized constant Preference::Core::CookieOptions
    app/controllers/concerns/preference/base.rb:1096:in 'Preference::Base#preference_cookie_options'
    app/controllers/concerns/preference/base.rb:971:in 'Preference::Base#preference_auth_cookie_options'
    app/controllers/concerns/preference/base.rb:940:in 'Preference::Base#set_refresh_token_cookie'
    app/controllers/concerns/preference/base.rb:762:in 'Preference::Base#create_new_preference_record!'
    app/controllers/concerns/preference/base.rb:721:in 'Preference::Base#load_preference_record_from_refresh_token!'
    app/controllers/concerns/preference/base.rb:217:in 'Preference::Base#set_preferences_cookie'
    app/middleware/core/surface_middleware.rb:12:in 'Core::SurfaceMiddleware#call'
    test/integration/social_auth_link_test.rb:247:in 'block in <class:SocialAuthLinkTest>'
    test/support/i18n_locale_reset.rb:11:in 'block in ActiveSupport::TestCase#run'
    test/support/i18n_locale_reset.rb:10:in 'ActiveSupport::TestCase#run'

bin/rails test test/integration/social_auth_link_test.rb:230

E

Error:
SocialAuthLinkTest#test_link_Google_identity_already_linked_to_another_user_returns_409_Conflict:
NameError: uninitialized constant Preference::Core::CookieOptions
    app/controllers/concerns/preference/base.rb:1096:in 'Preference::Base#preference_cookie_options'
    app/controllers/concerns/preference/base.rb:971:in 'Preference::Base#preference_auth_cookie_options'
    app/controllers/concerns/preference/base.rb:940:in 'Preference::Base#set_refresh_token_cookie'
    app/controllers/concerns/preference/base.rb:762:in 'Preference::Base#create_new_preference_record!'
    app/controllers/concerns/preference/base.rb:721:in 'Preference::Base#load_preference_record_from_refresh_token!'
    app/controllers/concerns/preference/base.rb:217:in 'Preference::Base#set_preferences_cookie'
    app/middleware/core/surface_middleware.rb:12:in 'Core::SurfaceMiddleware#call'
    test/integration/social_auth_link_test.rb:61:in 'block in <class:SocialAuthLinkTest>'
    test/support/i18n_locale_reset.rb:11:in 'block in ActiveSupport::TestCase#run'
    test/support/i18n_locale_reset.rb:10:in 'ActiveSupport::TestCase#run'

bin/rails test test/integration/social_auth_link_test.rb:43

E

Error:
SocialAuthLinkTest#test_link_Apple_identity_already_linked_to_another_user_returns_409_Conflict:
NameError: uninitialized constant Preference::Core::CookieOptions
    app/controllers/concerns/preference/base.rb:1096:in 'Preference::Base#preference_cookie_options'
    app/controllers/concerns/preference/base.rb:971:in 'Preference::Base#preference_auth_cookie_options'
    app/controllers/concerns/preference/base.rb:940:in 'Preference::Base#set_refresh_token_cookie'
    app/controllers/concerns/preference/base.rb:762:in 'Preference::Base#create_new_preference_record!'
    app/controllers/concerns/preference/base.rb:721:in 'Preference::Base#load_preference_record_from_refresh_token!'
    app/controllers/concerns/preference/base.rb:217:in 'Preference::Base#set_preferences_cookie'
    app/middleware/core/surface_middleware.rb:12:in 'Core::SurfaceMiddleware#call'
    test/integration/social_auth_link_test.rb:96:in 'block in <class:SocialAuthLinkTest>'
    test/support/i18n_locale_reset.rb:11:in 'block in ActiveSupport::TestCase#run'
    test/support/i18n_locale_reset.rb:10:in 'ActiveSupport::TestCase#run'

bin/rails test test/integration/social_auth_link_test.rb:81

E

Error:
SocialAuthLinkTest#test_link_Apple_fails_when_intent_TTL_exceeded:
NameError: uninitialized constant Preference::Core::CookieOptions
    app/controllers/concerns/preference/base.rb:1096:in 'Preference::Base#preference_cookie_options'
    app/controllers/concerns/preference/base.rb:971:in 'Preference::Base#preference_auth_cookie_options'
    app/controllers/concerns/preference/base.rb:940:in 'Preference::Base#set_refresh_token_cookie'
    app/controllers/concerns/preference/base.rb:762:in 'Preference::Base#create_new_preference_record!'
    app/controllers/concerns/preference/base.rb:721:in 'Preference::Base#load_preference_record_from_refresh_token!'
    app/controllers/concerns/preference/base.rb:217:in 'Preference::Base#set_preferences_cookie'
    app/middleware/core/surface_middleware.rb:12:in 'Core::SurfaceMiddleware#call'
    test/integration/social_auth_link_test.rb:133:in 'block in <class:SocialAuthLinkTest>'
    test/support/i18n_locale_reset.rb:11:in 'block in ActiveSupport::TestCase#run'
    test/support/i18n_locale_reset.rb:10:in 'ActiveSupport::TestCase#run'

bin/rails test test/integration/social_auth_link_test.rb:130

E

Error:
SocialAuthLinkTest#test_link_when_user_already_has_this_provider_updates_existing_identity:
NameError: uninitialized constant Preference::Core::CookieOptions
    app/controllers/concerns/preference/base.rb:1096:in 'Preference::Base#preference_cookie_options'
    app/controllers/concerns/preference/base.rb:971:in 'Preference::Base#preference_auth_cookie_options'
    app/controllers/concerns/preference/base.rb:940:in 'Preference::Base#set_refresh_token_cookie'
    app/controllers/concerns/preference/base.rb:762:in 'Preference::Base#create_new_preference_record!'
    app/controllers/concerns/preference/base.rb:721:in 'Preference::Base#load_preference_record_from_refresh_token!'
    app/controllers/concerns/preference/base.rb:217:in 'Preference::Base#set_preferences_cookie'
    app/middleware/core/surface_middleware.rb:12:in 'Core::SurfaceMiddleware#call'
    test/integration/social_auth_link_test.rb:168:in 'block in <class:SocialAuthLinkTest>'
    test/support/i18n_locale_reset.rb:11:in 'block in ActiveSupport::TestCase#run'
    test/support/i18n_locale_reset.rb:10:in 'ActiveSupport::TestCase#run'

bin/rails test test/integration/social_auth_link_test.rb:151

E

Error:
SocialAuthLinkTest#test_link_intent_requires_authentication:
NameError: uninitialized constant Preference::Core::CookieOptions
    app/controllers/concerns/preference/base.rb:1096:in 'Preference::Base#preference_cookie_options'
    app/controllers/concerns/preference/base.rb:971:in 'Preference::Base#preference_auth_cookie_options'
    app/controllers/concerns/preference/base.rb:940:in 'Preference::Base#set_refresh_token_cookie'
    app/controllers/concerns/preference/base.rb:762:in 'Preference::Base#create_new_preference_record!'
    app/controllers/concerns/preference/base.rb:721:in 'Preference::Base#load_preference_record_from_refresh_token!'
    app/controllers/concerns/preference/base.rb:217:in 'Preference::Base#set_preferences_cookie'
    app/middleware/core/surface_middleware.rb:12:in 'Core::SurfaceMiddleware#call'
    test/integration/social_auth_link_test.rb:217:in 'block in <class:SocialAuthLinkTest>'
    test/support/i18n_locale_reset.rb:11:in 'block in ActiveSupport::TestCase#run'
    test/support/i18n_locale_reset.rb:10:in 'ActiveSupport::TestCase#run'

bin/rails test test/integration/social_auth_link_test.rb:213

E

Error:
SocialAuthLinkTest#test_successful_Google_link_creates_identity_for_current_user:
NameError: uninitialized constant Preference::Core::CookieOptions
    app/controllers/concerns/preference/base.rb:1096:in 'Preference::Base#preference_cookie_options'
    app/controllers/concerns/preference/base.rb:971:in 'Preference::Base#preference_auth_cookie_options'
    app/controllers/concerns/preference/base.rb:940:in 'Preference::Base#set_refresh_token_cookie'
    app/controllers/concerns/preference/base.rb:762:in 'Preference::Base#create_new_preference_record!'
    app/controllers/concerns/preference/base.rb:721:in 'Preference::Base#load_preference_record_from_refresh_token!'
    app/controllers/concerns/preference/base.rb:217:in 'Preference::Base#set_preferences_cookie'
    app/middleware/core/surface_middleware.rb:12:in 'Core::SurfaceMiddleware#call'
    test/integration/social_auth_link_test.rb:193:in 'block in <class:SocialAuthLinkTest>'
    test/support/i18n_locale_reset.rb:11:in 'block in ActiveSupport::TestCase#run'
    test/support/i18n_locale_reset.rb:10:in 'ActiveSupport::TestCase#run'

bin/rails test test/integration/social_auth_link_test.rb:187

E

Error:
SocialAuthLinkTest#test_re-link_REVOKED_Apple_identity_reactivates_it:
NameError: uninitialized constant Preference::Core::CookieOptions
    app/controllers/concerns/preference/base.rb:1096:in 'Preference::Base#preference_cookie_options'
    app/controllers/concerns/preference/base.rb:971:in 'Preference::Base#preference_auth_cookie_options'
    app/controllers/concerns/preference/base.rb:940:in 'Preference::Base#set_refresh_token_cookie'
    app/controllers/concerns/preference/base.rb:762:in 'Preference::Base#create_new_preference_record!'
    app/controllers/concerns/preference/base.rb:721:in 'Preference::Base#load_preference_record_from_refresh_token!'
    app/controllers/concerns/preference/base.rb:217:in 'Preference::Base#set_preferences_cookie'
    app/middleware/core/surface_middleware.rb:12:in 'Core::SurfaceMiddleware#call'
    test/integration/social_auth_link_test.rb:279:in 'block in <class:SocialAuthLinkTest>'
    test/support/i18n_locale_reset.rb:11:in 'block in ActiveSupport::TestCase#run'
    test/support/i18n_locale_reset.rb:10:in 'ActiveSupport::TestCase#run'

bin/rails test test/integration/social_auth_link_test.rb:265

.......E

Error:
Core::Org::Edge::V1::CsrfControllerTest#test_returns_csrf_token_payload:
NameError: uninitialized constant Preference::Core::CookieOptions
    app/controllers/concerns/preference/base.rb:1096:in 'Preference::Base#preference_cookie_options'
    app/controllers/concerns/preference/base.rb:971:in 'Preference::Base#preference_auth_cookie_options'
    app/controllers/concerns/preference/base.rb:940:in 'Preference::Base#set_refresh_token_cookie'
    app/controllers/concerns/preference/base.rb:762:in 'Preference::Base#create_new_preference_record!'
    app/controllers/concerns/preference/base.rb:721:in 'Preference::Base#load_preference_record_from_refresh_token!'
    app/controllers/concerns/preference/base.rb:217:in 'Preference::Base#set_preferences_cookie'
    app/middleware/core/surface_middleware.rb:12:in 'Core::SurfaceMiddleware#call'
    test/controllers/core/org/edge/v1/csrf_controller_test.rb:11:in 'block in <class:CsrfControllerTest>'
    test/support/i18n_locale_reset.rb:11:in 'block in ActiveSupport::TestCase#run'
    test/support/i18n_locale_reset.rb:10:in 'ActiveSupport::TestCase#run'

bin/rails test test/controllers/core/org/edge/v1/csrf_controller_test.rb:10

E

Error:
VerificationFlowTest#test_successful_passkey_verification_redirects_to_return_to:
NameError: uninitialized constant Preference::Core::CookieOptions
    app/controllers/concerns/preference/base.rb:1096:in 'Preference::Base#preference_cookie_options'
    app/controllers/concerns/preference/base.rb:971:in 'Preference::Base#preference_auth_cookie_options'
    app/controllers/concerns/preference/base.rb:940:in 'Preference::Base#set_refresh_token_cookie'
    app/controllers/concerns/preference/base.rb:762:in 'Preference::Base#create_new_preference_record!'
    app/controllers/concerns/preference/base.rb:721:in 'Preference::Base#load_preference_record_from_refresh_token!'
    app/controllers/concerns/preference/base.rb:217:in 'Preference::Base#set_preferences_cookie'
    app/middleware/core/surface_middleware.rb:12:in 'Core::SurfaceMiddleware#call'
    test/integration/verification_flow_test.rb:61:in 'block (4 levels) in <class:VerificationFlowTest>'
    test/support/any_instance_stub.rb:21:in 'AnyInstanceStubProxy#stub'
    test/integration/verification_flow_test.rb:60:in 'block (3 levels) in <class:VerificationFlowTest>'
    test/support/any_instance_stub.rb:21:in 'AnyInstanceStubProxy#stub'
    test/integration/verification_flow_test.rb:59:in 'block (2 levels) in <class:VerificationFlowTest>'
    test/support/any_instance_stub.rb:21:in 'AnyInstanceStubProxy#stub'
    test/integration/verification_flow_test.rb:58:in 'block in <class:VerificationFlowTest>'
    test/support/i18n_locale_reset.rb:11:in 'block in ActiveSupport::TestCase#run'
    test/support/i18n_locale_reset.rb:10:in 'ActiveSupport::TestCase#run'

bin/rails test test/integration/verification_flow_test.rb:55

E

Error:
VerificationFlowTest#test_high-risk_operation_redirects_to_verification_when_step-up_not_satisfied:
NameError: uninitialized constant Preference::Core::CookieOptions
    app/controllers/concerns/preference/base.rb:1096:in 'Preference::Base#preference_cookie_options'
    app/controllers/concerns/preference/base.rb:971:in 'Preference::Base#preference_auth_cookie_options'
    app/controllers/concerns/preference/base.rb:940:in 'Preference::Base#set_refresh_token_cookie'
    app/controllers/concerns/preference/base.rb:762:in 'Preference::Base#create_new_preference_record!'
    app/controllers/concerns/preference/base.rb:721:in 'Preference::Base#load_preference_record_from_refresh_token!'
    app/controllers/concerns/preference/base.rb:217:in 'Preference::Base#set_preferences_cookie'
    app/middleware/core/surface_middleware.rb:12:in 'Core::SurfaceMiddleware#call'
    test/integration/verification_flow_test.rb:34:in 'block in <class:VerificationFlowTest>'
    test/support/i18n_locale_reset.rb:11:in 'block in ActiveSupport::TestCase#run'
    test/support/i18n_locale_reset.rb:10:in 'ActiveSupport::TestCase#run'

bin/rails test test/integration/verification_flow_test.rb:29

E

Error:
VerificationFlowTest#test_high-risk_operation_redirects_to_verification_when_step-up_not_satisfied_(HEAD):
NameError: uninitialized constant Preference::Core::CookieOptions
    app/controllers/concerns/preference/base.rb:1096:in 'Preference::Base#preference_cookie_options'
    app/controllers/concerns/preference/base.rb:971:in 'Preference::Base#preference_auth_cookie_options'
    app/controllers/concerns/preference/base.rb:940:in 'Preference::Base#set_refresh_token_cookie'
    app/controllers/concerns/preference/base.rb:762:in 'Preference::Base#create_new_preference_record!'
    app/controllers/concerns/preference/base.rb:721:in 'Preference::Base#load_preference_record_from_refresh_token!'
    app/controllers/concerns/preference/base.rb:217:in 'Preference::Base#set_preferences_cookie'
    app/middleware/core/surface_middleware.rb:12:in 'Core::SurfaceMiddleware#call'
    test/integration/verification_flow_test.rb:47:in 'block in <class:VerificationFlowTest>'
    test/support/i18n_locale_reset.rb:11:in 'block in ActiveSupport::TestCase#run'
    test/support/i18n_locale_reset.rb:10:in 'ActiveSupport::TestCase#run'

bin/rails test test/integration/verification_flow_test.rb:42

..............................................E

Error:
Core::Com::Edge::V1::HealthsControllerTest#test_returns_success_for_explicit_html_format:
NameError: uninitialized constant Preference::Core::CookieOptions
    app/controllers/concerns/preference/base.rb:1096:in 'Preference::Base#preference_cookie_options'
    app/controllers/concerns/preference/base.rb:971:in 'Preference::Base#preference_auth_cookie_options'
    app/controllers/concerns/preference/base.rb:940:in 'Preference::Base#set_refresh_token_cookie'
    app/controllers/concerns/preference/base.rb:762:in 'Preference::Base#create_new_preference_record!'
    app/controllers/concerns/preference/base.rb:721:in 'Preference::Base#load_preference_record_from_refresh_token!'
    app/controllers/concerns/preference/base.rb:217:in 'Preference::Base#set_preferences_cookie'
    app/middleware/core/surface_middleware.rb:12:in 'Core::SurfaceMiddleware#call'
    test/controllers/core/com/edge/v1/healths_controller_test.rb:18:in 'block in <class:HealthsControllerTest>'
    test/support/i18n_locale_reset.rb:11:in 'block in ActiveSupport::TestCase#run'
    test/support/i18n_locale_reset.rb:10:in 'ActiveSupport::TestCase#run'

bin/rails test test/controllers/core/com/edge/v1/healths_controller_test.rb:17

E

Error:
Core::Com::Edge::V1::HealthsControllerTest#test_raises_error_for_unsupported_yaml_format:
NameError: uninitialized constant Preference::Core::CookieOptions
    app/controllers/concerns/preference/base.rb:1096:in 'Preference::Base#preference_cookie_options'
    app/controllers/concerns/preference/base.rb:971:in 'Preference::Base#preference_auth_cookie_options'
    app/controllers/concerns/preference/base.rb:940:in 'Preference::Base#set_refresh_token_cookie'
    app/controllers/concerns/preference/base.rb:762:in 'Preference::Base#create_new_preference_record!'
    app/controllers/concerns/preference/base.rb:721:in 'Preference::Base#load_preference_record_from_refresh_token!'
    app/controllers/concerns/preference/base.rb:217:in 'Preference::Base#set_preferences_cookie'
    app/middleware/core/surface_middleware.rb:12:in 'Core::SurfaceMiddleware#call'
    test/controllers/core/com/edge/v1/healths_controller_test.rb:32:in 'block in <class:HealthsControllerTest>'
    test/support/i18n_locale_reset.rb:11:in 'block in ActiveSupport::TestCase#run'
    test/support/i18n_locale_reset.rb:10:in 'ActiveSupport::TestCase#run'

bin/rails test test/controllers/core/com/edge/v1/healths_controller_test.rb:31

E

Error:
Core::Com::Edge::V1::HealthsControllerTest#test_returns_success_for_default_format:
NameError: uninitialized constant Preference::Core::CookieOptions
    app/controllers/concerns/preference/base.rb:1096:in 'Preference::Base#preference_cookie_options'
    app/controllers/concerns/preference/base.rb:971:in 'Preference::Base#preference_auth_cookie_options'
    app/controllers/concerns/preference/base.rb:940:in 'Preference::Base#set_refresh_token_cookie'
    app/controllers/concerns/preference/base.rb:762:in 'Preference::Base#create_new_preference_record!'
    app/controllers/concerns/preference/base.rb:721:in 'Preference::Base#load_preference_record_from_refresh_token!'
    app/controllers/concerns/preference/base.rb:217:in 'Preference::Base#set_preferences_cookie'
    app/middleware/core/surface_middleware.rb:12:in 'Core::SurfaceMiddleware#call'
    test/controllers/core/com/edge/v1/healths_controller_test.rb:11:in 'block in <class:HealthsControllerTest>'
    test/support/i18n_locale_reset.rb:11:in 'block in ActiveSupport::TestCase#run'
    test/support/i18n_locale_reset.rb:10:in 'ActiveSupport::TestCase#run'

bin/rails test test/controllers/core/com/edge/v1/healths_controller_test.rb:10

E

Error:
Core::Com::Edge::V1::HealthsControllerTest#test_returns_OK_status_payload_for_json_format:
NameError: uninitialized constant Preference::Core::CookieOptions
    app/controllers/concerns/preference/base.rb:1096:in 'Preference::Base#preference_cookie_options'
    app/controllers/concerns/preference/base.rb:971:in 'Preference::Base#preference_auth_cookie_options'
    app/controllers/concerns/preference/base.rb:940:in 'Preference::Base#set_refresh_token_cookie'
    app/controllers/concerns/preference/base.rb:762:in 'Preference::Base#create_new_preference_record!'
    app/controllers/concerns/preference/base.rb:721:in 'Preference::Base#load_preference_record_from_refresh_token!'
    app/controllers/concerns/preference/base.rb:217:in 'Preference::Base#set_preferences_cookie'
    app/middleware/core/surface_middleware.rb:12:in 'Core::SurfaceMiddleware#call'
    test/controllers/core/com/edge/v1/healths_controller_test.rb:25:in 'block in <class:HealthsControllerTest>'
    test/support/i18n_locale_reset.rb:11:in 'block in ActiveSupport::TestCase#run'
    test/support/i18n_locale_reset.rb:10:in 'ActiveSupport::TestCase#run'

bin/rails test test/controllers/core/com/edge/v1/healths_controller_test.rb:24

E

Error:
Core::Com::Edge::V1::HealthsControllerTest#test_should_accept_both_success_and_redirect_responses:
NameError: uninitialized constant Preference::Core::CookieOptions
    app/controllers/concerns/preference/base.rb:1096:in 'Preference::Base#preference_cookie_options'
    app/controllers/concerns/preference/base.rb:971:in 'Preference::Base#preference_auth_cookie_options'
    app/controllers/concerns/preference/base.rb:940:in 'Preference::Base#set_refresh_token_cookie'
    app/controllers/concerns/preference/base.rb:762:in 'Preference::Base#create_new_preference_record!'
    app/controllers/concerns/preference/base.rb:721:in 'Preference::Base#load_preference_record_from_refresh_token!'
    app/controllers/concerns/preference/base.rb:217:in 'Preference::Base#set_preferences_cookie'
    app/middleware/core/surface_middleware.rb:12:in 'Core::SurfaceMiddleware#call'
    test/controllers/core/com/edge/v1/healths_controller_test.rb:50:in 'block in <class:HealthsControllerTest>'
    test/support/i18n_locale_reset.rb:11:in 'block in ActiveSupport::TestCase#run'
    test/support/i18n_locale_reset.rb:10:in 'ActiveSupport::TestCase#run'

bin/rails test test/controllers/core/com/edge/v1/healths_controller_test.rb:49

E

Error:
Core::Com::Edge::V1::HealthsControllerTest#test_should_handle_redirect_if_response_is_redirect:
NameError: uninitialized constant Preference::Core::CookieOptions
    app/controllers/concerns/preference/base.rb:1096:in 'Preference::Base#preference_cookie_options'
    app/controllers/concerns/preference/base.rb:971:in 'Preference::Base#preference_auth_cookie_options'
    app/controllers/concerns/preference/base.rb:940:in 'Preference::Base#set_refresh_token_cookie'
    app/controllers/concerns/preference/base.rb:762:in 'Preference::Base#create_new_preference_record!'
    app/controllers/concerns/preference/base.rb:721:in 'Preference::Base#load_preference_record_from_refresh_token!'
    app/controllers/concerns/preference/base.rb:217:in 'Preference::Base#set_preferences_cookie'
    app/middleware/core/surface_middleware.rb:12:in 'Core::SurfaceMiddleware#call'
    test/controllers/core/com/edge/v1/healths_controller_test.rb:39:in 'block in <class:HealthsControllerTest>'
    test/support/i18n_locale_reset.rb:11:in 'block in ActiveSupport::TestCase#run'
    test/support/i18n_locale_reset.rb:10:in 'ActiveSupport::TestCase#run'

bin/rails test test/controllers/core/com/edge/v1/healths_controller_test.rb:38

.......E

Error:
Help::Com::RootsControllerTest#test_generates_sha3-384_token_digest_on_root:
NameError: uninitialized constant Preference::Core::CookieOptions
    app/controllers/concerns/preference/base.rb:1096:in 'Preference::Base#preference_cookie_options'
    app/controllers/concerns/preference/base.rb:971:in 'Preference::Base#preference_auth_cookie_options'
    app/controllers/concerns/preference/base.rb:940:in 'Preference::Base#set_refresh_token_cookie'
    app/controllers/concerns/preference/base.rb:762:in 'Preference::Base#create_new_preference_record!'
    app/controllers/concerns/preference/base.rb:721:in 'Preference::Base#load_preference_record_from_refresh_token!'
    app/controllers/concerns/preference/base.rb:217:in 'Preference::Base#set_preferences_cookie'
    app/middleware/core/surface_middleware.rb:12:in 'Core::SurfaceMiddleware#call'
    test/controllers/help/com/roots_controller_test.rb:52:in 'block in <class:RootsControllerTest>'
    test/support/i18n_locale_reset.rb:11:in 'block in ActiveSupport::TestCase#run'
    test/support/i18n_locale_reset.rb:10:in 'ActiveSupport::TestCase#run'

bin/rails test test/controllers/help/com/roots_controller_test.rb:51

E

Error:
Help::Com::RootsControllerTest#test_should_get_show:
NameError: uninitialized constant Preference::Core::CookieOptions
    app/controllers/concerns/preference/base.rb:1096:in 'Preference::Base#preference_cookie_options'
    app/controllers/concerns/preference/base.rb:971:in 'Preference::Base#preference_auth_cookie_options'
    app/controllers/concerns/preference/base.rb:940:in 'Preference::Base#set_refresh_token_cookie'
    app/controllers/concerns/preference/base.rb:762:in 'Preference::Base#create_new_preference_record!'
    app/controllers/concerns/preference/base.rb:721:in 'Preference::Base#load_preference_record_from_refresh_token!'
    app/controllers/concerns/preference/base.rb:217:in 'Preference::Base#set_preferences_cookie'
    app/middleware/core/surface_middleware.rb:12:in 'Core::SurfaceMiddleware#call'
    test/controllers/help/com/roots_controller_test.rb:9:in 'block in <class:RootsControllerTest>'
    test/support/i18n_locale_reset.rb:11:in 'block in ActiveSupport::TestCase#run'
    test/support/i18n_locale_reset.rb:10:in 'ActiveSupport::TestCase#run'

bin/rails test test/controllers/help/com/roots_controller_test.rb:8

E

Error:
Help::Com::RootsControllerTest#test_renders_expected_layout_structure:
NameError: uninitialized constant Preference::Core::CookieOptions
    app/controllers/concerns/preference/base.rb:1096:in 'Preference::Base#preference_cookie_options'
    app/controllers/concerns/preference/base.rb:971:in 'Preference::Base#preference_auth_cookie_options'
    app/controllers/concerns/preference/base.rb:940:in 'Preference::Base#set_refresh_token_cookie'
    app/controllers/concerns/preference/base.rb:762:in 'Preference::Base#create_new_preference_record!'
    app/controllers/concerns/preference/base.rb:721:in 'Preference::Base#load_preference_record_from_refresh_token!'
    app/controllers/concerns/preference/base.rb:217:in 'Preference::Base#set_preferences_cookie'
    app/middleware/core/surface_middleware.rb:12:in 'Core::SurfaceMiddleware#call'
    test/controllers/help/com/roots_controller_test.rb:36:in 'block in <class:RootsControllerTest>'
    test/support/i18n_locale_reset.rb:11:in 'block in ActiveSupport::TestCase#run'
    test/support/i18n_locale_reset.rb:10:in 'ActiveSupport::TestCase#run'

bin/rails test test/controllers/help/com/roots_controller_test.rb:35

E

Error:
Help::Com::RootsControllerTest#test_renders_contact_link:
NameError: uninitialized constant Preference::Core::CookieOptions
    app/controllers/concerns/preference/base.rb:1096:in 'Preference::Base#preference_cookie_options'
    app/controllers/concerns/preference/base.rb:971:in 'Preference::Base#preference_auth_cookie_options'
    app/controllers/concerns/preference/base.rb:940:in 'Preference::Base#set_refresh_token_cookie'
    app/controllers/concerns/preference/base.rb:762:in 'Preference::Base#create_new_preference_record!'
    app/controllers/concerns/preference/base.rb:721:in 'Preference::Base#load_preference_record_from_refresh_token!'
    app/controllers/concerns/preference/base.rb:217:in 'Preference::Base#set_preferences_cookie'
    app/middleware/core/surface_middleware.rb:12:in 'Core::SurfaceMiddleware#call'
    test/controllers/help/com/roots_controller_test.rb:29:in 'block in <class:RootsControllerTest>'
    test/support/i18n_locale_reset.rb:11:in 'block in ActiveSupport::TestCase#run'
    test/support/i18n_locale_reset.rb:10:in 'ActiveSupport::TestCase#run'

bin/rails test test/controllers/help/com/roots_controller_test.rb:28

E

Error:
Help::Com::RootsControllerTest#test_redirects_to_canonical_path_by_stripping_ri=jp:
NameError: uninitialized constant Preference::Core::CookieOptions
    app/controllers/concerns/preference/base.rb:1096:in 'Preference::Base#preference_cookie_options'
    app/controllers/concerns/preference/base.rb:971:in 'Preference::Base#preference_auth_cookie_options'
    app/controllers/concerns/preference/base.rb:940:in 'Preference::Base#set_refresh_token_cookie'
    app/controllers/concerns/preference/base.rb:762:in 'Preference::Base#create_new_preference_record!'
    app/controllers/concerns/preference/base.rb:721:in 'Preference::Base#load_preference_record_from_refresh_token!'
    app/controllers/concerns/preference/base.rb:217:in 'Preference::Base#set_preferences_cookie'
    app/middleware/core/surface_middleware.rb:12:in 'Core::SurfaceMiddleware#call'
    test/controllers/help/com/roots_controller_test.rb:15:in 'block in <class:RootsControllerTest>'
    test/support/i18n_locale_reset.rb:11:in 'block in ActiveSupport::TestCase#run'
    test/support/i18n_locale_reset.rb:10:in 'ActiveSupport::TestCase#run'

bin/rails test test/controllers/help/com/roots_controller_test.rb:14

E

Error:
Help::Com::RootsControllerTest#test_sets_lang_attribute_on_html_element:
NameError: uninitialized constant Preference::Core::CookieOptions
    app/controllers/concerns/preference/base.rb:1096:in 'Preference::Base#preference_cookie_options'
    app/controllers/concerns/preference/base.rb:971:in 'Preference::Base#preference_auth_cookie_options'
    app/controllers/concerns/preference/base.rb:940:in 'Preference::Base#set_refresh_token_cookie'
    app/controllers/concerns/preference/base.rb:762:in 'Preference::Base#create_new_preference_record!'
    app/controllers/concerns/preference/base.rb:721:in 'Preference::Base#load_preference_record_from_refresh_token!'
    app/controllers/concerns/preference/base.rb:217:in 'Preference::Base#set_preferences_cookie'
    app/middleware/core/surface_middleware.rb:12:in 'Core::SurfaceMiddleware#call'
    test/controllers/help/com/roots_controller_test.rb:21:in 'block in <class:RootsControllerTest>'
    test/support/i18n_locale_reset.rb:11:in 'block in ActiveSupport::TestCase#run'
    test/support/i18n_locale_reset.rb:10:in 'ActiveSupport::TestCase#run'

bin/rails test test/controllers/help/com/roots_controller_test.rb:20

E

Error:
Help::Com::RootsControllerTest#test_sets_theme_cookie:
NameError: uninitialized constant Preference::Core::CookieOptions
    app/controllers/concerns/preference/base.rb:1096:in 'Preference::Base#preference_cookie_options'
    app/controllers/concerns/preference/base.rb:971:in 'Preference::Base#preference_auth_cookie_options'
    app/controllers/concerns/preference/base.rb:940:in 'Preference::Base#set_refresh_token_cookie'
    app/controllers/concerns/preference/base.rb:762:in 'Preference::Base#create_new_preference_record!'
    app/controllers/concerns/preference/base.rb:721:in 'Preference::Base#load_preference_record_from_refresh_token!'
    app/controllers/concerns/preference/base.rb:217:in 'Preference::Base#set_preferences_cookie'
    app/middleware/core/surface_middleware.rb:12:in 'Core::SurfaceMiddleware#call'
    test/controllers/help/com/roots_controller_test.rb:59:in 'block in <class:RootsControllerTest>'
    test/support/i18n_locale_reset.rb:11:in 'block in ActiveSupport::TestCase#run'
    test/support/i18n_locale_reset.rb:10:in 'ActiveSupport::TestCase#run'

bin/rails test test/controllers/help/com/roots_controller_test.rb:57

E

Error:
Sign::App::Configuration::TelephonesControllerTest#test_create_registers_telephone_without_signup_confirmation_params:
NameError: uninitialized constant Preference::Core::CookieOptions
    app/controllers/concerns/preference/base.rb:1096:in 'Preference::Base#preference_cookie_options'
    app/controllers/concerns/preference/base.rb:971:in 'Preference::Base#preference_auth_cookie_options'
    app/controllers/concerns/preference/base.rb:940:in 'Preference::Base#set_refresh_token_cookie'
    app/controllers/concerns/preference/base.rb:762:in 'Preference::Base#create_new_preference_record!'
    app/controllers/concerns/preference/base.rb:721:in 'Preference::Base#load_preference_record_from_refresh_token!'
    app/controllers/concerns/preference/base.rb:217:in 'Preference::Base#set_preferences_cookie'
    app/middleware/core/surface_middleware.rb:12:in 'Core::SurfaceMiddleware#call'
    test/controllers/sign/app/configuration/telephones_controller_test.rb:51:in 'block (3 levels) in <class:TelephonesControllerTest>'
    test/controllers/sign/app/configuration/telephones_controller_test.rb:50:in 'block (2 levels) in <class:TelephonesControllerTest>'
    test/controllers/sign/app/configuration/telephones_controller_test.rb:49:in 'block in <class:TelephonesControllerTest>'
    test/support/i18n_locale_reset.rb:11:in 'block in ActiveSupport::TestCase#run'
    test/support/i18n_locale_reset.rb:10:in 'ActiveSupport::TestCase#run'

bin/rails test test/controllers/sign/app/configuration/telephones_controller_test.rb:48

E

Error:
Sign::App::Configuration::TelephonesControllerTest#test_should_get_index:
NameError: uninitialized constant Preference::Core::CookieOptions
    app/controllers/concerns/preference/base.rb:1096:in 'Preference::Base#preference_cookie_options'
    app/controllers/concerns/preference/base.rb:971:in 'Preference::Base#preference_auth_cookie_options'
    app/controllers/concerns/preference/base.rb:940:in 'Preference::Base#set_refresh_token_cookie'
    app/controllers/concerns/preference/base.rb:762:in 'Preference::Base#create_new_preference_record!'
    app/controllers/concerns/preference/base.rb:721:in 'Preference::Base#load_preference_record_from_refresh_token!'
    app/controllers/concerns/preference/base.rb:217:in 'Preference::Base#set_preferences_cookie'
    app/middleware/core/surface_middleware.rb:12:in 'Core::SurfaceMiddleware#call'
    test/controllers/sign/app/configuration/telephones_controller_test.rb:31:in 'block in <class:TelephonesControllerTest>'
    test/support/i18n_locale_reset.rb:11:in 'block in ActiveSupport::TestCase#run'
    test/support/i18n_locale_reset.rb:10:in 'ActiveSupport::TestCase#run'

bin/rails test test/controllers/sign/app/configuration/telephones_controller_test.rb:30

E

Error:
Sign::App::Configuration::TelephonesControllerTest#test_destroy_blocks_removal_when_last_method:
NameError: uninitialized constant Preference::Core::CookieOptions
    app/controllers/concerns/preference/base.rb:1096:in 'Preference::Base#preference_cookie_options'
    app/controllers/concerns/preference/base.rb:971:in 'Preference::Base#preference_auth_cookie_options'
    app/controllers/concerns/preference/base.rb:940:in 'Preference::Base#set_refresh_token_cookie'
    app/controllers/concerns/preference/base.rb:762:in 'Preference::Base#create_new_preference_record!'
    app/controllers/concerns/preference/base.rb:721:in 'Preference::Base#load_preference_record_from_refresh_token!'
    app/controllers/concerns/preference/base.rb:217:in 'Preference::Base#set_preferences_cookie'
    app/middleware/core/surface_middleware.rb:12:in 'Core::SurfaceMiddleware#call'
    test/controllers/sign/app/configuration/telephones_controller_test.rb:112:in 'block (2 levels) in <class:TelephonesControllerTest>'
    test/controllers/sign/app/configuration/telephones_controller_test.rb:111:in 'block in <class:TelephonesControllerTest>'
    test/support/i18n_locale_reset.rb:11:in 'block in ActiveSupport::TestCase#run'
    test/support/i18n_locale_reset.rb:10:in 'ActiveSupport::TestCase#run'

bin/rails test test/controllers/sign/app/configuration/telephones_controller_test.rb:99

E

Error:
Sign::App::Configuration::TelephonesControllerTest#test_destroy_allows_removing_last_telephone_when_verified_email_exists:
NameError: uninitialized constant Preference::Core::CookieOptions
    app/controllers/concerns/preference/base.rb:1096:in 'Preference::Base#preference_cookie_options'
    app/controllers/concerns/preference/base.rb:971:in 'Preference::Base#preference_auth_cookie_options'
    app/controllers/concerns/preference/base.rb:940:in 'Preference::Base#set_refresh_token_cookie'
    app/controllers/concerns/preference/base.rb:762:in 'Preference::Base#create_new_preference_record!'
    app/controllers/concerns/preference/base.rb:721:in 'Preference::Base#load_preference_record_from_refresh_token!'
    app/controllers/concerns/preference/base.rb:217:in 'Preference::Base#set_preferences_cookie'
    app/middleware/core/surface_middleware.rb:12:in 'Core::SurfaceMiddleware#call'
    test/controllers/sign/app/configuration/telephones_controller_test.rb:148:in 'block (2 levels) in <class:TelephonesControllerTest>'
    test/controllers/sign/app/configuration/telephones_controller_test.rb:147:in 'block in <class:TelephonesControllerTest>'
    test/support/i18n_locale_reset.rb:11:in 'block in ActiveSupport::TestCase#run'
    test/support/i18n_locale_reset.rb:10:in 'ActiveSupport::TestCase#run'

bin/rails test test/controllers/sign/app/configuration/telephones_controller_test.rb:124

E

Error:
Sign::App::Configuration::TelephonesControllerTest#test_create_reuses_existing_telephone_and_sends_sms_when_same_number_is_submitted_again:
NameError: uninitialized constant Preference::Core::CookieOptions
    app/controllers/concerns/preference/base.rb:1096:in 'Preference::Base#preference_cookie_options'
    app/controllers/concerns/preference/base.rb:971:in 'Preference::Base#preference_auth_cookie_options'
    app/controllers/concerns/preference/base.rb:940:in 'Preference::Base#set_refresh_token_cookie'
    app/controllers/concerns/preference/base.rb:762:in 'Preference::Base#create_new_preference_record!'
    app/controllers/concerns/preference/base.rb:721:in 'Preference::Base#load_preference_record_from_refresh_token!'
    app/controllers/concerns/preference/base.rb:217:in 'Preference::Base#set_preferences_cookie'
    app/middleware/core/surface_middleware.rb:12:in 'Core::SurfaceMiddleware#call'
    test/controllers/sign/app/configuration/telephones_controller_test.rb:70:in 'block (3 levels) in <class:TelephonesControllerTest>'
    test/controllers/sign/app/configuration/telephones_controller_test.rb:69:in 'block (2 levels) in <class:TelephonesControllerTest>'
    test/controllers/sign/app/configuration/telephones_controller_test.rb:68:in 'block in <class:TelephonesControllerTest>'
    test/support/i18n_locale_reset.rb:11:in 'block in ActiveSupport::TestCase#run'
    test/support/i18n_locale_reset.rb:10:in 'ActiveSupport::TestCase#run'

bin/rails test test/controllers/sign/app/configuration/telephones_controller_test.rb:61

E

Error:
Sign::App::Configuration::TelephonesControllerTest#test_destroy_rejects_other_user's_public_id:
NameError: uninitialized constant Preference::Core::CookieOptions
    app/controllers/concerns/preference/base.rb:1096:in 'Preference::Base#preference_cookie_options'
    app/controllers/concerns/preference/base.rb:971:in 'Preference::Base#preference_auth_cookie_options'
    app/controllers/concerns/preference/base.rb:940:in 'Preference::Base#set_refresh_token_cookie'
    app/controllers/concerns/preference/base.rb:762:in 'Preference::Base#create_new_preference_record!'
    app/controllers/concerns/preference/base.rb:721:in 'Preference::Base#load_preference_record_from_refresh_token!'
    app/controllers/concerns/preference/base.rb:217:in 'Preference::Base#set_preferences_cookie'
    app/middleware/core/surface_middleware.rb:12:in 'Core::SurfaceMiddleware#call'
    test/controllers/sign/app/configuration/telephones_controller_test.rb:163:in 'block (2 levels) in <class:TelephonesControllerTest>'
    test/controllers/sign/app/configuration/telephones_controller_test.rb:162:in 'block in <class:TelephonesControllerTest>'
    test/support/i18n_locale_reset.rb:11:in 'block in ActiveSupport::TestCase#run'
    test/support/i18n_locale_reset.rb:10:in 'ActiveSupport::TestCase#run'

bin/rails test test/controllers/sign/app/configuration/telephones_controller_test.rb:154

E

Error:
Sign::App::Configuration::TelephonesControllerTest#test_destroy_rejects_missing_public_id:
NameError: uninitialized constant Preference::Core::CookieOptions
    app/controllers/concerns/preference/base.rb:1096:in 'Preference::Base#preference_cookie_options'
    app/controllers/concerns/preference/base.rb:971:in 'Preference::Base#preference_auth_cookie_options'
    app/controllers/concerns/preference/base.rb:940:in 'Preference::Base#set_refresh_token_cookie'
    app/controllers/concerns/preference/base.rb:762:in 'Preference::Base#create_new_preference_record!'
    app/controllers/concerns/preference/base.rb:721:in 'Preference::Base#load_preference_record_from_refresh_token!'
    app/controllers/concerns/preference/base.rb:217:in 'Preference::Base#set_preferences_cookie'
    app/middleware/core/surface_middleware.rb:12:in 'Core::SurfaceMiddleware#call'
    test/controllers/sign/app/configuration/telephones_controller_test.rb:171:in 'block (2 levels) in <class:TelephonesControllerTest>'
    test/controllers/sign/app/configuration/telephones_controller_test.rb:170:in 'block in <class:TelephonesControllerTest>'
    test/support/i18n_locale_reset.rb:11:in 'block in ActiveSupport::TestCase#run'
    test/support/i18n_locale_reset.rb:10:in 'ActiveSupport::TestCase#run'

bin/rails test test/controllers/sign/app/configuration/telephones_controller_test.rb:169

E

Error:
Sign::App::Configuration::TelephonesControllerTest#test_should_get_new:
NameError: uninitialized constant Preference::Core::CookieOptions
    app/controllers/concerns/preference/base.rb:1096:in 'Preference::Base#preference_cookie_options'
    app/controllers/concerns/preference/base.rb:971:in 'Preference::Base#preference_auth_cookie_options'
    app/controllers/concerns/preference/base.rb:940:in 'Preference::Base#set_refresh_token_cookie'
    app/controllers/concerns/preference/base.rb:762:in 'Preference::Base#create_new_preference_record!'
    app/controllers/concerns/preference/base.rb:721:in 'Preference::Base#load_preference_record_from_refresh_token!'
    app/controllers/concerns/preference/base.rb:217:in 'Preference::Base#set_preferences_cookie'
    app/middleware/core/surface_middleware.rb:12:in 'Core::SurfaceMiddleware#call'
    test/controllers/sign/app/configuration/telephones_controller_test.rb:43:in 'block in <class:TelephonesControllerTest>'
    test/support/i18n_locale_reset.rb:11:in 'block in ActiveSupport::TestCase#run'
    test/support/i18n_locale_reset.rb:10:in 'ActiveSupport::TestCase#run'

bin/rails test test/controllers/sign/app/configuration/telephones_controller_test.rb:42

E

Error:
Sign::App::Configuration::TelephonesControllerTest#test_destroy_removes_telephone_when_not_last_method:
NameError: uninitialized constant Preference::Core::CookieOptions
    app/controllers/concerns/preference/base.rb:1096:in 'Preference::Base#preference_cookie_options'
    app/controllers/concerns/preference/base.rb:971:in 'Preference::Base#preference_auth_cookie_options'
    app/controllers/concerns/preference/base.rb:940:in 'Preference::Base#set_refresh_token_cookie'
    app/controllers/concerns/preference/base.rb:762:in 'Preference::Base#create_new_preference_record!'
    app/controllers/concerns/preference/base.rb:721:in 'Preference::Base#load_preference_record_from_refresh_token!'
    app/controllers/concerns/preference/base.rb:217:in 'Preference::Base#set_preferences_cookie'
    app/middleware/core/surface_middleware.rb:12:in 'Core::SurfaceMiddleware#call'
    test/controllers/sign/app/configuration/telephones_controller_test.rb:92:in 'block (2 levels) in <class:TelephonesControllerTest>'
    test/controllers/sign/app/configuration/telephones_controller_test.rb:91:in 'block in <class:TelephonesControllerTest>'
    test/support/i18n_locale_reset.rb:11:in 'block in ActiveSupport::TestCase#run'
    test/support/i18n_locale_reset.rb:10:in 'ActiveSupport::TestCase#run'

bin/rails test test/controllers/sign/app/configuration/telephones_controller_test.rb:79

E

Error:
Sign::App::Configuration::TelephonesControllerTest#test_should_show_up_link_on_index_page:
NameError: uninitialized constant Preference::Core::CookieOptions
    app/controllers/concerns/preference/base.rb:1096:in 'Preference::Base#preference_cookie_options'
    app/controllers/concerns/preference/base.rb:971:in 'Preference::Base#preference_auth_cookie_options'
    app/controllers/concerns/preference/base.rb:940:in 'Preference::Base#set_refresh_token_cookie'
    app/controllers/concerns/preference/base.rb:762:in 'Preference::Base#create_new_preference_record!'
    app/controllers/concerns/preference/base.rb:721:in 'Preference::Base#load_preference_record_from_refresh_token!'
    app/controllers/concerns/preference/base.rb:217:in 'Preference::Base#set_preferences_cookie'
    app/middleware/core/surface_middleware.rb:12:in 'Core::SurfaceMiddleware#call'
    test/controllers/sign/app/configuration/telephones_controller_test.rb:36:in 'block in <class:TelephonesControllerTest>'
    test/support/i18n_locale_reset.rb:11:in 'block in ActiveSupport::TestCase#run'
    test/support/i18n_locale_reset.rb:10:in 'ActiveSupport::TestCase#run'

bin/rails test test/controllers/sign/app/configuration/telephones_controller_test.rb:35

.......E

Error:
News::App::Edge::V1::HealthsControllerTest#test_returns_success_for_default_format:
NameError: uninitialized constant Preference::Core::CookieOptions
    app/controllers/concerns/preference/base.rb:1096:in 'Preference::Base#preference_cookie_options'
    app/controllers/concerns/preference/base.rb:971:in 'Preference::Base#preference_auth_cookie_options'
    app/controllers/concerns/preference/base.rb:940:in 'Preference::Base#set_refresh_token_cookie'
    app/controllers/concerns/preference/base.rb:762:in 'Preference::Base#create_new_preference_record!'
    app/controllers/concerns/preference/base.rb:721:in 'Preference::Base#load_preference_record_from_refresh_token!'
    app/controllers/concerns/preference/base.rb:217:in 'Preference::Base#set_preferences_cookie'
    app/middleware/core/surface_middleware.rb:12:in 'Core::SurfaceMiddleware#call'
    test/controllers/news/app/edge/v1/healths_controller_test.rb:11:in 'block in <class:HealthsControllerTest>'
    test/support/i18n_locale_reset.rb:11:in 'block in ActiveSupport::TestCase#run'
    test/support/i18n_locale_reset.rb:10:in 'ActiveSupport::TestCase#run'

bin/rails test test/controllers/news/app/edge/v1/healths_controller_test.rb:10

E

Error:
News::App::Edge::V1::HealthsControllerTest#test_returns_success_for_explicit_html_format:
NameError: uninitialized constant Preference::Core::CookieOptions
    app/controllers/concerns/preference/base.rb:1096:in 'Preference::Base#preference_cookie_options'
    app/controllers/concerns/preference/base.rb:971:in 'Preference::Base#preference_auth_cookie_options'
    app/controllers/concerns/preference/base.rb:940:in 'Preference::Base#set_refresh_token_cookie'
    app/controllers/concerns/preference/base.rb:762:in 'Preference::Base#create_new_preference_record!'
    app/controllers/concerns/preference/base.rb:721:in 'Preference::Base#load_preference_record_from_refresh_token!'
    app/controllers/concerns/preference/base.rb:217:in 'Preference::Base#set_preferences_cookie'
    app/middleware/core/surface_middleware.rb:12:in 'Core::SurfaceMiddleware#call'
    test/controllers/news/app/edge/v1/healths_controller_test.rb:18:in 'block in <class:HealthsControllerTest>'
    test/support/i18n_locale_reset.rb:11:in 'block in ActiveSupport::TestCase#run'
    test/support/i18n_locale_reset.rb:10:in 'ActiveSupport::TestCase#run'

bin/rails test test/controllers/news/app/edge/v1/healths_controller_test.rb:17

E

Error:
News::App::Edge::V1::HealthsControllerTest#test_raises_error_for_unsupported_yaml_format:
NameError: uninitialized constant Preference::Core::CookieOptions
    app/controllers/concerns/preference/base.rb:1096:in 'Preference::Base#preference_cookie_options'
    app/controllers/concerns/preference/base.rb:971:in 'Preference::Base#preference_auth_cookie_options'
    app/controllers/concerns/preference/base.rb:940:in 'Preference::Base#set_refresh_token_cookie'
    app/controllers/concerns/preference/base.rb:762:in 'Preference::Base#create_new_preference_record!'
    app/controllers/concerns/preference/base.rb:721:in 'Preference::Base#load_preference_record_from_refresh_token!'
    app/controllers/concerns/preference/base.rb:217:in 'Preference::Base#set_preferences_cookie'
    app/middleware/core/surface_middleware.rb:12:in 'Core::SurfaceMiddleware#call'
    test/controllers/news/app/edge/v1/healths_controller_test.rb:32:in 'block in <class:HealthsControllerTest>'
    test/support/i18n_locale_reset.rb:11:in 'block in ActiveSupport::TestCase#run'
    test/support/i18n_locale_reset.rb:10:in 'ActiveSupport::TestCase#run'

bin/rails test test/controllers/news/app/edge/v1/healths_controller_test.rb:31

E

Error:
News::App::Edge::V1::HealthsControllerTest#test_returns_OK_status_payload_for_json_format:
NameError: uninitialized constant Preference::Core::CookieOptions
    app/controllers/concerns/preference/base.rb:1096:in 'Preference::Base#preference_cookie_options'
    app/controllers/concerns/preference/base.rb:971:in 'Preference::Base#preference_auth_cookie_options'
    app/controllers/concerns/preference/base.rb:940:in 'Preference::Base#set_refresh_token_cookie'
    app/controllers/concerns/preference/base.rb:762:in 'Preference::Base#create_new_preference_record!'
    app/controllers/concerns/preference/base.rb:721:in 'Preference::Base#load_preference_record_from_refresh_token!'
    app/controllers/concerns/preference/base.rb:217:in 'Preference::Base#set_preferences_cookie'
    app/middleware/core/surface_middleware.rb:12:in 'Core::SurfaceMiddleware#call'
    test/controllers/news/app/edge/v1/healths_controller_test.rb:25:in 'block in <class:HealthsControllerTest>'
    test/support/i18n_locale_reset.rb:11:in 'block in ActiveSupport::TestCase#run'
    test/support/i18n_locale_reset.rb:10:in 'ActiveSupport::TestCase#run'

bin/rails test test/controllers/news/app/edge/v1/healths_controller_test.rb:24

.....E

Error:
Core::App::Edge::V1::PreferenceControllerTest#test_should_rotate_refresh_token_when_access_token_is_missing:
NameError: uninitialized constant Preference::Core::CookieOptions
    app/controllers/concerns/preference/base.rb:1096:in 'Preference::Base#preference_cookie_options'
    app/controllers/concerns/preference/base.rb:971:in 'Preference::Base#preference_auth_cookie_options'
    app/controllers/concerns/preference/base.rb:940:in 'Preference::Base#set_refresh_token_cookie'
    app/controllers/concerns/preference/base.rb:762:in 'Preference::Base#create_new_preference_record!'
    app/controllers/concerns/preference/base.rb:721:in 'Preference::Base#load_preference_record_from_refresh_token!'
    app/controllers/concerns/preference/base.rb:217:in 'Preference::Base#set_preferences_cookie'
    app/middleware/core/surface_middleware.rb:12:in 'Core::SurfaceMiddleware#call'
    test/controllers/core/app/edge/v1/preferences_controller_test.rb:129:in 'block in <class:PreferenceControllerTest>'
    test/support/i18n_locale_reset.rb:11:in 'block in ActiveSupport::TestCase#run'
    test/support/i18n_locale_reset.rb:10:in 'ActiveSupport::TestCase#run'

bin/rails test test/controllers/core/app/edge/v1/preferences_controller_test.rb:128

E

Error:
Core::App::Edge::V1::PreferenceControllerTest#test_should_create_audit_log_with_CREATE_NEW_PREFERENCE_TOKEN_event:
NameError: uninitialized constant Preference::Core::CookieOptions
    app/controllers/concerns/preference/base.rb:1096:in 'Preference::Base#preference_cookie_options'
    app/controllers/concerns/preference/base.rb:971:in 'Preference::Base#preference_auth_cookie_options'
    app/controllers/concerns/preference/base.rb:940:in 'Preference::Base#set_refresh_token_cookie'
    app/controllers/concerns/preference/base.rb:762:in 'Preference::Base#create_new_preference_record!'
    app/controllers/concerns/preference/base.rb:721:in 'Preference::Base#load_preference_record_from_refresh_token!'
    app/controllers/concerns/preference/base.rb:217:in 'Preference::Base#set_preferences_cookie'
    app/middleware/core/surface_middleware.rb:12:in 'Core::SurfaceMiddleware#call'
    test/controllers/core/app/edge/v1/preferences_controller_test.rb:66:in 'block in <class:PreferenceControllerTest>'
    test/support/i18n_locale_reset.rb:11:in 'block in ActiveSupport::TestCase#run'
    test/support/i18n_locale_reset.rb:10:in 'ActiveSupport::TestCase#run'

bin/rails test test/controllers/core/app/edge/v1/preferences_controller_test.rb:65

E

Error:
Core::App::Edge::V1::PreferenceControllerTest#test_should_not_create_duplicate_preference_for_same_cookie:
NameError: uninitialized constant Preference::Core::CookieOptions
    app/controllers/concerns/preference/base.rb:1096:in 'Preference::Base#preference_cookie_options'
    app/controllers/concerns/preference/base.rb:971:in 'Preference::Base#preference_auth_cookie_options'
    app/controllers/concerns/preference/base.rb:940:in 'Preference::Base#set_refresh_token_cookie'
    app/controllers/concerns/preference/base.rb:762:in 'Preference::Base#create_new_preference_record!'
    app/controllers/concerns/preference/base.rb:721:in 'Preference::Base#load_preference_record_from_refresh_token!'
    app/controllers/concerns/preference/base.rb:217:in 'Preference::Base#set_preferences_cookie'
    app/middleware/core/surface_middleware.rb:12:in 'Core::SurfaceMiddleware#call'
    test/controllers/core/app/edge/v1/preferences_controller_test.rb:293:in 'block in <class:PreferenceControllerTest>'
    test/support/i18n_locale_reset.rb:11:in 'block in ActiveSupport::TestCase#run'
    test/support/i18n_locale_reset.rb:10:in 'ActiveSupport::TestCase#run'

bin/rails test test/controllers/core/app/edge/v1/preferences_controller_test.rb:292

E

Error:
Core::App::Edge::V1::PreferenceControllerTest#test_legacy_refresh_token_is_accepted:
NameError: uninitialized constant Preference::Core::CookieOptions
    app/controllers/concerns/preference/base.rb:1096:in 'Preference::Base#preference_cookie_options'
    app/controllers/concerns/preference/base.rb:971:in 'Preference::Base#preference_auth_cookie_options'
    app/controllers/concerns/preference/base.rb:940:in 'Preference::Base#set_refresh_token_cookie'
    app/controllers/concerns/preference/base.rb:762:in 'Preference::Base#create_new_preference_record!'
    app/controllers/concerns/preference/base.rb:721:in 'Preference::Base#load_preference_record_from_refresh_token!'
    app/controllers/concerns/preference/base.rb:217:in 'Preference::Base#set_preferences_cookie'
    app/middleware/core/surface_middleware.rb:12:in 'Core::SurfaceMiddleware#call'
    test/controllers/core/app/edge/v1/preferences_controller_test.rb:173:in 'block in <class:PreferenceControllerTest>'
    test/support/i18n_locale_reset.rb:11:in 'block in ActiveSupport::TestCase#run'
    test/support/i18n_locale_reset.rb:10:in 'ActiveSupport::TestCase#run'

bin/rails test test/controllers/core/app/edge/v1/preferences_controller_test.rb:172

E

Error:
Core::App::Edge::V1::PreferenceControllerTest#test_device_id_cookie_is_Secure_in_production_mode:
NameError: uninitialized constant Preference::Core::CookieOptions
    app/controllers/concerns/preference/base.rb:1096:in 'Preference::Base#preference_cookie_options'
    app/controllers/concerns/preference/base.rb:971:in 'Preference::Base#preference_auth_cookie_options'
    app/controllers/concerns/preference/base.rb:940:in 'Preference::Base#set_refresh_token_cookie'
    app/controllers/concerns/preference/base.rb:762:in 'Preference::Base#create_new_preference_record!'
    app/controllers/concerns/preference/base.rb:721:in 'Preference::Base#load_preference_record_from_refresh_token!'
    app/controllers/concerns/preference/base.rb:217:in 'Preference::Base#set_preferences_cookie'
    app/middleware/core/surface_middleware.rb:12:in 'Core::SurfaceMiddleware#call'
    test/controllers/core/app/edge/v1/preferences_controller_test.rb:98:in 'block (2 levels) in <class:PreferenceControllerTest>'
    test/controllers/core/app/edge/v1/preferences_controller_test.rb:96:in 'block in <class:PreferenceControllerTest>'
    test/support/i18n_locale_reset.rb:11:in 'block in ActiveSupport::TestCase#run'
    test/support/i18n_locale_reset.rb:10:in 'ActiveSupport::TestCase#run'

bin/rails test test/controllers/core/app/edge/v1/preferences_controller_test.rb:95

E

Error:
Core::App::Edge::V1::PreferenceControllerTest#test_should_create_all_preference_associations:
NameError: uninitialized constant Preference::Core::CookieOptions
    app/controllers/concerns/preference/base.rb:1096:in 'Preference::Base#preference_cookie_options'
    app/controllers/concerns/preference/base.rb:971:in 'Preference::Base#preference_auth_cookie_options'
    app/controllers/concerns/preference/base.rb:940:in 'Preference::Base#set_refresh_token_cookie'
    app/controllers/concerns/preference/base.rb:762:in 'Preference::Base#create_new_preference_record!'
    app/controllers/concerns/preference/base.rb:721:in 'Preference::Base#load_preference_record_from_refresh_token!'
    app/controllers/concerns/preference/base.rb:217:in 'Preference::Base#set_preferences_cookie'
    app/middleware/core/surface_middleware.rb:12:in 'Core::SurfaceMiddleware#call'
    test/controllers/core/app/edge/v1/preferences_controller_test.rb:320:in 'block in <class:PreferenceControllerTest>'
    test/support/i18n_locale_reset.rb:11:in 'block in ActiveSupport::TestCase#run'
    test/support/i18n_locale_reset.rb:10:in 'ActiveSupport::TestCase#run'

bin/rails test test/controllers/core/app/edge/v1/preferences_controller_test.rb:319

E

Error:
Core::App::Edge::V1::PreferenceControllerTest#test_should_store_encrypted_token_in_cookies:
NameError: uninitialized constant Preference::Core::CookieOptions
    app/controllers/concerns/preference/base.rb:1096:in 'Preference::Base#preference_cookie_options'
    app/controllers/concerns/preference/base.rb:971:in 'Preference::Base#preference_auth_cookie_options'
    app/controllers/concerns/preference/base.rb:940:in 'Preference::Base#set_refresh_token_cookie'
    app/controllers/concerns/preference/base.rb:762:in 'Preference::Base#create_new_preference_record!'
    app/controllers/concerns/preference/base.rb:721:in 'Preference::Base#load_preference_record_from_refresh_token!'
    app/controllers/concerns/preference/base.rb:217:in 'Preference::Base#set_preferences_cookie'
    app/middleware/core/surface_middleware.rb:12:in 'Core::SurfaceMiddleware#call'
    test/controllers/core/app/edge/v1/preferences_controller_test.rb:77:in 'block in <class:PreferenceControllerTest>'
    test/support/i18n_locale_reset.rb:11:in 'block in ActiveSupport::TestCase#run'
    test/support/i18n_locale_reset.rb:10:in 'ActiveSupport::TestCase#run'

bin/rails test test/controllers/core/app/edge/v1/preferences_controller_test.rb:76

E

Error:
Core::App::Edge::V1::PreferenceControllerTest#test_refresh_replay_is_detected_and_rejected:
NameError: uninitialized constant Preference::Core::CookieOptions
    app/controllers/concerns/preference/base.rb:1096:in 'Preference::Base#preference_cookie_options'
    app/controllers/concerns/preference/base.rb:971:in 'Preference::Base#preference_auth_cookie_options'
    app/controllers/concerns/preference/base.rb:940:in 'Preference::Base#set_refresh_token_cookie'
    app/controllers/concerns/preference/base.rb:762:in 'Preference::Base#create_new_preference_record!'
    app/controllers/concerns/preference/base.rb:721:in 'Preference::Base#load_preference_record_from_refresh_token!'
    app/controllers/concerns/preference/base.rb:217:in 'Preference::Base#set_preferences_cookie'
    app/middleware/core/surface_middleware.rb:12:in 'Core::SurfaceMiddleware#call'
    test/controllers/core/app/edge/v1/preferences_controller_test.rb:242:in 'block in <class:PreferenceControllerTest>'
    test/support/i18n_locale_reset.rb:11:in 'block in ActiveSupport::TestCase#run'
    test/support/i18n_locale_reset.rb:10:in 'ActiveSupport::TestCase#run'

bin/rails test test/controllers/core/app/edge/v1/preferences_controller_test.rb:241

E

Error:
Core::App::Edge::V1::PreferenceControllerTest#test_should_create_preference_options_when_creating_new_preference:
NameError: uninitialized constant Preference::Core::CookieOptions
    app/controllers/concerns/preference/base.rb:1096:in 'Preference::Base#preference_cookie_options'
    app/controllers/concerns/preference/base.rb:971:in 'Preference::Base#preference_auth_cookie_options'
    app/controllers/concerns/preference/base.rb:940:in 'Preference::Base#set_refresh_token_cookie'
    app/controllers/concerns/preference/base.rb:762:in 'Preference::Base#create_new_preference_record!'
    app/controllers/concerns/preference/base.rb:721:in 'Preference::Base#load_preference_record_from_refresh_token!'
    app/controllers/concerns/preference/base.rb:217:in 'Preference::Base#set_preferences_cookie'
    app/middleware/core/surface_middleware.rb:12:in 'Core::SurfaceMiddleware#call'
    test/controllers/core/app/edge/v1/preferences_controller_test.rb:314:in 'block (2 levels) in <class:PreferenceControllerTest>'
    test/controllers/core/app/edge/v1/preferences_controller_test.rb:303:in 'block in <class:PreferenceControllerTest>'
    test/support/i18n_locale_reset.rb:11:in 'block in ActiveSupport::TestCase#run'
    test/support/i18n_locale_reset.rb:10:in 'ActiveSupport::TestCase#run'

bin/rails test test/controllers/core/app/edge/v1/preferences_controller_test.rb:302

E

Error:
Core::App::Edge::V1::PreferenceControllerTest#test_should_create_new_preference_when_cookie_is_missing:
NameError: uninitialized constant Preference::Core::CookieOptions
    app/controllers/concerns/preference/base.rb:1096:in 'Preference::Base#preference_cookie_options'
    app/controllers/concerns/preference/base.rb:971:in 'Preference::Base#preference_auth_cookie_options'
    app/controllers/concerns/preference/base.rb:940:in 'Preference::Base#set_refresh_token_cookie'
    app/controllers/concerns/preference/base.rb:762:in 'Preference::Base#create_new_preference_record!'
    app/controllers/concerns/preference/base.rb:721:in 'Preference::Base#load_preference_record_from_refresh_token!'
    app/controllers/concerns/preference/base.rb:217:in 'Preference::Base#set_preferences_cookie'
    app/middleware/core/surface_middleware.rb:12:in 'Core::SurfaceMiddleware#call'
    test/controllers/core/app/edge/v1/preferences_controller_test.rb:52:in 'block (3 levels) in <class:PreferenceControllerTest>'
    test/controllers/core/app/edge/v1/preferences_controller_test.rb:51:in 'block (2 levels) in <class:PreferenceControllerTest>'
    test/controllers/core/app/edge/v1/preferences_controller_test.rb:50:in 'block in <class:PreferenceControllerTest>'
    test/support/i18n_locale_reset.rb:11:in 'block in ActiveSupport::TestCase#run'
    test/support/i18n_locale_reset.rb:10:in 'ActiveSupport::TestCase#run'

bin/rails test test/controllers/core/app/edge/v1/preferences_controller_test.rb:49

E

Error:
Core::App::Edge::V1::PreferenceControllerTest#test_should_get_show_with_existing_preference:
NameError: uninitialized constant Preference::Core::CookieOptions
    app/controllers/concerns/preference/base.rb:1096:in 'Preference::Base#preference_cookie_options'
    app/controllers/concerns/preference/base.rb:971:in 'Preference::Base#preference_auth_cookie_options'
    app/controllers/concerns/preference/base.rb:940:in 'Preference::Base#set_refresh_token_cookie'
    app/controllers/concerns/preference/base.rb:762:in 'Preference::Base#create_new_preference_record!'
    app/controllers/concerns/preference/base.rb:721:in 'Preference::Base#load_preference_record_from_refresh_token!'
    app/controllers/concerns/preference/base.rb:217:in 'Preference::Base#set_preferences_cookie'
    app/middleware/core/surface_middleware.rb:12:in 'Core::SurfaceMiddleware#call'
    test/controllers/core/app/edge/v1/preferences_controller_test.rb:32:in 'block in <class:PreferenceControllerTest>'
    test/support/i18n_locale_reset.rb:11:in 'block in ActiveSupport::TestCase#run'
    test/support/i18n_locale_reset.rb:10:in 'ActiveSupport::TestCase#run'

bin/rails test test/controllers/core/app/edge/v1/preferences_controller_test.rb:30

E

Error:
Core::App::Edge::V1::PreferenceControllerTest#test_should_set_access_token_cookie_after_creating_preference:
NameError: uninitialized constant Preference::Core::CookieOptions
    app/controllers/concerns/preference/base.rb:1096:in 'Preference::Base#preference_cookie_options'
    app/controllers/concerns/preference/base.rb:971:in 'Preference::Base#preference_auth_cookie_options'
    app/controllers/concerns/preference/base.rb:940:in 'Preference::Base#set_refresh_token_cookie'
    app/controllers/concerns/preference/base.rb:762:in 'Preference::Base#create_new_preference_record!'
    app/controllers/concerns/preference/base.rb:721:in 'Preference::Base#load_preference_record_from_refresh_token!'
    app/controllers/concerns/preference/base.rb:217:in 'Preference::Base#set_preferences_cookie'
    app/middleware/core/surface_middleware.rb:12:in 'Core::SurfaceMiddleware#call'
    test/controllers/core/app/edge/v1/preferences_controller_test.rb:359:in 'block in <class:PreferenceControllerTest>'
    test/support/i18n_locale_reset.rb:11:in 'block in ActiveSupport::TestCase#run'
    test/support/i18n_locale_reset.rb:10:in 'ActiveSupport::TestCase#run'

bin/rails test test/controllers/core/app/edge/v1/preferences_controller_test.rb:358

E

Error:
Core::App::Edge::V1::PreferenceControllerTest#test_refresh_fails_when_header_and_cookie_device_id_mismatch_and_clears_cookies:
NameError: uninitialized constant Preference::Core::CookieOptions
    app/controllers/concerns/preference/base.rb:1096:in 'Preference::Base#preference_cookie_options'
    app/controllers/concerns/preference/base.rb:971:in 'Preference::Base#preference_auth_cookie_options'
    app/controllers/concerns/preference/base.rb:940:in 'Preference::Base#set_refresh_token_cookie'
    app/controllers/concerns/preference/base.rb:762:in 'Preference::Base#create_new_preference_record!'
    app/controllers/concerns/preference/base.rb:721:in 'Preference::Base#load_preference_record_from_refresh_token!'
    app/controllers/concerns/preference/base.rb:217:in 'Preference::Base#set_preferences_cookie'
    app/middleware/core/surface_middleware.rb:12:in 'Core::SurfaceMiddleware#call'
    test/controllers/core/app/edge/v1/preferences_controller_test.rb:217:in 'block in <class:PreferenceControllerTest>'
    test/support/i18n_locale_reset.rb:11:in 'block in ActiveSupport::TestCase#run'
    test/support/i18n_locale_reset.rb:10:in 'ActiveSupport::TestCase#run'

bin/rails test test/controllers/core/app/edge/v1/preferences_controller_test.rb:216

E

Error:
Core::App::Edge::V1::PreferenceControllerTest#test_refresh_succeeds_when_stored_and_request_device_id_match:
NameError: uninitialized constant Preference::Core::CookieOptions
    app/controllers/concerns/preference/base.rb:1096:in 'Preference::Base#preference_cookie_options'
    app/controllers/concerns/preference/base.rb:971:in 'Preference::Base#preference_auth_cookie_options'
    app/controllers/concerns/preference/base.rb:940:in 'Preference::Base#set_refresh_token_cookie'
    app/controllers/concerns/preference/base.rb:762:in 'Preference::Base#create_new_preference_record!'
    app/controllers/concerns/preference/base.rb:721:in 'Preference::Base#load_preference_record_from_refresh_token!'
    app/controllers/concerns/preference/base.rb:217:in 'Preference::Base#set_preferences_cookie'
    app/middleware/core/surface_middleware.rb:12:in 'Core::SurfaceMiddleware#call'
    test/controllers/core/app/edge/v1/preferences_controller_test.rb:263:in 'block in <class:PreferenceControllerTest>'
    test/support/i18n_locale_reset.rb:11:in 'block in ActiveSupport::TestCase#run'
    test/support/i18n_locale_reset.rb:10:in 'ActiveSupport::TestCase#run'

bin/rails test test/controllers/core/app/edge/v1/preferences_controller_test.rb:262

E

Error:
Core::App::Edge::V1::PreferenceControllerTest#test_should_return_JSON_with_correct_structure:
NameError: uninitialized constant Preference::Core::CookieOptions
    app/controllers/concerns/preference/base.rb:1096:in 'Preference::Base#preference_cookie_options'
    app/controllers/concerns/preference/base.rb:971:in 'Preference::Base#preference_auth_cookie_options'
    app/controllers/concerns/preference/base.rb:940:in 'Preference::Base#set_refresh_token_cookie'
    app/controllers/concerns/preference/base.rb:762:in 'Preference::Base#create_new_preference_record!'
    app/controllers/concerns/preference/base.rb:721:in 'Preference::Base#load_preference_record_from_refresh_token!'
    app/controllers/concerns/preference/base.rb:217:in 'Preference::Base#set_preferences_cookie'
    app/middleware/core/surface_middleware.rb:12:in 'Core::SurfaceMiddleware#call'
    test/controllers/core/app/edge/v1/preferences_controller_test.rb:279:in 'block in <class:PreferenceControllerTest>'
    test/support/i18n_locale_reset.rb:11:in 'block in ActiveSupport::TestCase#run'
    test/support/i18n_locale_reset.rb:10:in 'ActiveSupport::TestCase#run'

bin/rails test test/controllers/core/app/edge/v1/preferences_controller_test.rb:278

E

Error:
Core::App::Edge::V1::PreferenceControllerTest#test_invalid_refresh_token_is_ignored_and_new_preference_is_created:
NameError: uninitialized constant Preference::Core::CookieOptions
    app/controllers/concerns/preference/base.rb:1096:in 'Preference::Base#preference_cookie_options'
    app/controllers/concerns/preference/base.rb:971:in 'Preference::Base#preference_auth_cookie_options'
    app/controllers/concerns/preference/base.rb:940:in 'Preference::Base#set_refresh_token_cookie'
    app/controllers/concerns/preference/base.rb:762:in 'Preference::Base#create_new_preference_record!'
    app/controllers/concerns/preference/base.rb:721:in 'Preference::Base#load_preference_record_from_refresh_token!'
    app/controllers/concerns/preference/base.rb:217:in 'Preference::Base#set_preferences_cookie'
    app/middleware/core/surface_middleware.rb:12:in 'Core::SurfaceMiddleware#call'
    test/controllers/core/app/edge/v1/preferences_controller_test.rb:160:in 'block in <class:PreferenceControllerTest>'
    test/support/i18n_locale_reset.rb:11:in 'block in ActiveSupport::TestCase#run'
    test/support/i18n_locale_reset.rb:10:in 'ActiveSupport::TestCase#run'

bin/rails test test/controllers/core/app/edge/v1/preferences_controller_test.rb:159

E

Error:
Core::App::Edge::V1::PreferenceControllerTest#test_device_id_cookie_is_encrypted,_HttpOnly,_and_not_raw_UUID:
NameError: uninitialized constant Preference::Core::CookieOptions
    app/controllers/concerns/preference/base.rb:1096:in 'Preference::Base#preference_cookie_options'
    app/controllers/concerns/preference/base.rb:971:in 'Preference::Base#preference_auth_cookie_options'
    app/controllers/concerns/preference/base.rb:940:in 'Preference::Base#set_refresh_token_cookie'
    app/controllers/concerns/preference/base.rb:762:in 'Preference::Base#create_new_preference_record!'
    app/controllers/concerns/preference/base.rb:721:in 'Preference::Base#load_preference_record_from_refresh_token!'
    app/controllers/concerns/preference/base.rb:217:in 'Preference::Base#set_preferences_cookie'
    app/middleware/core/surface_middleware.rb:12:in 'Core::SurfaceMiddleware#call'
    test/controllers/core/app/edge/v1/preferences_controller_test.rb:86:in 'block in <class:PreferenceControllerTest>'
    test/support/i18n_locale_reset.rb:11:in 'block in ActiveSupport::TestCase#run'
    test/support/i18n_locale_reset.rb:10:in 'ActiveSupport::TestCase#run'

bin/rails test test/controllers/core/app/edge/v1/preferences_controller_test.rb:85

E

Error:
Core::App::Edge::V1::PreferenceControllerTest#test_refresh_fails_when_device_id_is_missing_and_clears_preference_auth_cookies:
NameError: uninitialized constant Preference::Core::CookieOptions
    app/controllers/concerns/preference/base.rb:1096:in 'Preference::Base#preference_cookie_options'
    app/controllers/concerns/preference/base.rb:971:in 'Preference::Base#preference_auth_cookie_options'
    app/controllers/concerns/preference/base.rb:940:in 'Preference::Base#set_refresh_token_cookie'
    app/controllers/concerns/preference/base.rb:762:in 'Preference::Base#create_new_preference_record!'
    app/controllers/concerns/preference/base.rb:721:in 'Preference::Base#load_preference_record_from_refresh_token!'
    app/controllers/concerns/preference/base.rb:217:in 'Preference::Base#set_preferences_cookie'
    app/middleware/core/surface_middleware.rb:12:in 'Core::SurfaceMiddleware#call'
    test/controllers/core/app/edge/v1/preferences_controller_test.rb:204:in 'block in <class:PreferenceControllerTest>'
    test/support/i18n_locale_reset.rb:11:in 'block in ActiveSupport::TestCase#run'
    test/support/i18n_locale_reset.rb:10:in 'ActiveSupport::TestCase#run'

bin/rails test test/controllers/core/app/edge/v1/preferences_controller_test.rb:203

E

Error:
Core::App::Edge::V1::PreferenceControllerTest#test_should_create_preference_with_jti_for_token_revocation:
NameError: uninitialized constant Preference::Core::CookieOptions
    app/controllers/concerns/preference/base.rb:1096:in 'Preference::Base#preference_cookie_options'
    app/controllers/concerns/preference/base.rb:971:in 'Preference::Base#preference_auth_cookie_options'
    app/controllers/concerns/preference/base.rb:940:in 'Preference::Base#set_refresh_token_cookie'
    app/controllers/concerns/preference/base.rb:762:in 'Preference::Base#create_new_preference_record!'
    app/controllers/concerns/preference/base.rb:721:in 'Preference::Base#load_preference_record_from_refresh_token!'
    app/controllers/concerns/preference/base.rb:217:in 'Preference::Base#set_preferences_cookie'
    app/middleware/core/surface_middleware.rb:12:in 'Core::SurfaceMiddleware#call'
    test/controllers/core/app/edge/v1/preferences_controller_test.rb:341:in 'block in <class:PreferenceControllerTest>'
    test/support/i18n_locale_reset.rb:11:in 'block in ActiveSupport::TestCase#run'
    test/support/i18n_locale_reset.rb:10:in 'ActiveSupport::TestCase#run'

bin/rails test test/controllers/core/app/edge/v1/preferences_controller_test.rb:340

E

Error:
Core::App::Edge::V1::PreferenceControllerTest#test_refresh_fails_when_stored_device_id_does_not_match_cookie_and_clears_cookies:
NameError: uninitialized constant Preference::Core::CookieOptions
    app/controllers/concerns/preference/base.rb:1096:in 'Preference::Base#preference_cookie_options'
    app/controllers/concerns/preference/base.rb:971:in 'Preference::Base#preference_auth_cookie_options'
    app/controllers/concerns/preference/base.rb:940:in 'Preference::Base#set_refresh_token_cookie'
    app/controllers/concerns/preference/base.rb:762:in 'Preference::Base#create_new_preference_record!'
    app/controllers/concerns/preference/base.rb:721:in 'Preference::Base#load_preference_record_from_refresh_token!'
    app/controllers/concerns/preference/base.rb:217:in 'Preference::Base#set_preferences_cookie'
    app/middleware/core/surface_middleware.rb:12:in 'Core::SurfaceMiddleware#call'
    test/controllers/core/app/edge/v1/preferences_controller_test.rb:228:in 'block in <class:PreferenceControllerTest>'
    test/support/i18n_locale_reset.rb:11:in 'block in ActiveSupport::TestCase#run'
    test/support/i18n_locale_reset.rb:10:in 'ActiveSupport::TestCase#run'

bin/rails test test/controllers/core/app/edge/v1/preferences_controller_test.rb:227

E

Error:
Core::App::Edge::V1::PreferenceControllerTest#test_refresh_token_format_includes_public_id.verifier:
NameError: uninitialized constant Preference::Core::CookieOptions
    app/controllers/concerns/preference/base.rb:1096:in 'Preference::Base#preference_cookie_options'
    app/controllers/concerns/preference/base.rb:971:in 'Preference::Base#preference_auth_cookie_options'
    app/controllers/concerns/preference/base.rb:940:in 'Preference::Base#set_refresh_token_cookie'
    app/controllers/concerns/preference/base.rb:762:in 'Preference::Base#create_new_preference_record!'
    app/controllers/concerns/preference/base.rb:721:in 'Preference::Base#load_preference_record_from_refresh_token!'
    app/controllers/concerns/preference/base.rb:217:in 'Preference::Base#set_preferences_cookie'
    app/middleware/core/surface_middleware.rb:12:in 'Core::SurfaceMiddleware#call'
    test/controllers/core/app/edge/v1/preferences_controller_test.rb:110:in 'block in <class:PreferenceControllerTest>'
    test/support/i18n_locale_reset.rb:11:in 'block in ActiveSupport::TestCase#run'
    test/support/i18n_locale_reset.rb:10:in 'ActiveSupport::TestCase#run'

bin/rails test test/controllers/core/app/edge/v1/preferences_controller_test.rb:109

E

Error:
Core::App::Edge::V1::PreferenceControllerTest#test_should_create_cookie_preference_with_correct_default_values:
NameError: uninitialized constant Preference::Core::CookieOptions
    app/controllers/concerns/preference/base.rb:1096:in 'Preference::Base#preference_cookie_options'
    app/controllers/concerns/preference/base.rb:971:in 'Preference::Base#preference_auth_cookie_options'
    app/controllers/concerns/preference/base.rb:940:in 'Preference::Base#set_refresh_token_cookie'
    app/controllers/concerns/preference/base.rb:762:in 'Preference::Base#create_new_preference_record!'
    app/controllers/concerns/preference/base.rb:721:in 'Preference::Base#load_preference_record_from_refresh_token!'
    app/controllers/concerns/preference/base.rb:217:in 'Preference::Base#set_preferences_cookie'
    app/middleware/core/surface_middleware.rb:12:in 'Core::SurfaceMiddleware#call'
    test/controllers/core/app/edge/v1/preferences_controller_test.rb:331:in 'block in <class:PreferenceControllerTest>'
    test/support/i18n_locale_reset.rb:11:in 'block in ActiveSupport::TestCase#run'
    test/support/i18n_locale_reset.rb:10:in 'ActiveSupport::TestCase#run'

bin/rails test test/controllers/core/app/edge/v1/preferences_controller_test.rb:330

.....................E

Error:
Core::Com::Edge::V1::PreferenceControllerTest#test_should_not_create_duplicate_preference_for_same_cookie:
NameError: uninitialized constant Preference::Core::CookieOptions
    app/controllers/concerns/preference/base.rb:1096:in 'Preference::Base#preference_cookie_options'
    app/controllers/concerns/preference/base.rb:971:in 'Preference::Base#preference_auth_cookie_options'
    app/controllers/concerns/preference/base.rb:940:in 'Preference::Base#set_refresh_token_cookie'
    app/controllers/concerns/preference/base.rb:762:in 'Preference::Base#create_new_preference_record!'
    app/controllers/concerns/preference/base.rb:721:in 'Preference::Base#load_preference_record_from_refresh_token!'
    app/controllers/concerns/preference/base.rb:217:in 'Preference::Base#set_preferences_cookie'
    app/middleware/core/surface_middleware.rb:12:in 'Core::SurfaceMiddleware#call'
    test/controllers/core/com/edge/v1/preferences_controller_test.rb:97:in 'block in <class:PreferenceControllerTest>'
    test/support/i18n_locale_reset.rb:11:in 'block in ActiveSupport::TestCase#run'
    test/support/i18n_locale_reset.rb:10:in 'ActiveSupport::TestCase#run'

bin/rails test test/controllers/core/com/edge/v1/preferences_controller_test.rb:96

E

Error:
Core::Com::Edge::V1::PreferenceControllerTest#test_should_create_audit_log_with_CREATE_NEW_PREFERENCE_TOKEN_event:
NameError: uninitialized constant Preference::Core::CookieOptions
    app/controllers/concerns/preference/base.rb:1096:in 'Preference::Base#preference_cookie_options'
    app/controllers/concerns/preference/base.rb:971:in 'Preference::Base#preference_auth_cookie_options'
    app/controllers/concerns/preference/base.rb:940:in 'Preference::Base#set_refresh_token_cookie'
    app/controllers/concerns/preference/base.rb:762:in 'Preference::Base#create_new_preference_record!'
    app/controllers/concerns/preference/base.rb:721:in 'Preference::Base#load_preference_record_from_refresh_token!'
    app/controllers/concerns/preference/base.rb:217:in 'Preference::Base#set_preferences_cookie'
    app/middleware/core/surface_middleware.rb:12:in 'Core::SurfaceMiddleware#call'
    test/controllers/core/com/edge/v1/preferences_controller_test.rb:64:in 'block in <class:PreferenceControllerTest>'
    test/support/i18n_locale_reset.rb:11:in 'block in ActiveSupport::TestCase#run'
    test/support/i18n_locale_reset.rb:10:in 'ActiveSupport::TestCase#run'

bin/rails test test/controllers/core/com/edge/v1/preferences_controller_test.rb:63

E

Error:
Core::Com::Edge::V1::PreferenceControllerTest#test_should_get_show_with_existing_preference:
NameError: uninitialized constant Preference::Core::CookieOptions
    app/controllers/concerns/preference/base.rb:1096:in 'Preference::Base#preference_cookie_options'
    app/controllers/concerns/preference/base.rb:971:in 'Preference::Base#preference_auth_cookie_options'
    app/controllers/concerns/preference/base.rb:940:in 'Preference::Base#set_refresh_token_cookie'
    app/controllers/concerns/preference/base.rb:762:in 'Preference::Base#create_new_preference_record!'
    app/controllers/concerns/preference/base.rb:721:in 'Preference::Base#load_preference_record_from_refresh_token!'
    app/controllers/concerns/preference/base.rb:217:in 'Preference::Base#set_preferences_cookie'
    app/middleware/core/surface_middleware.rb:12:in 'Core::SurfaceMiddleware#call'
    test/controllers/core/com/edge/v1/preferences_controller_test.rb:30:in 'block in <class:PreferenceControllerTest>'
    test/support/i18n_locale_reset.rb:11:in 'block in ActiveSupport::TestCase#run'
    test/support/i18n_locale_reset.rb:10:in 'ActiveSupport::TestCase#run'

bin/rails test test/controllers/core/com/edge/v1/preferences_controller_test.rb:28

E

Error:
Core::Com::Edge::V1::PreferenceControllerTest#test_should_create_new_preference_when_cookie_is_missing:
NameError: uninitialized constant Preference::Core::CookieOptions
    app/controllers/concerns/preference/base.rb:1096:in 'Preference::Base#preference_cookie_options'
    app/controllers/concerns/preference/base.rb:971:in 'Preference::Base#preference_auth_cookie_options'
    app/controllers/concerns/preference/base.rb:940:in 'Preference::Base#set_refresh_token_cookie'
    app/controllers/concerns/preference/base.rb:762:in 'Preference::Base#create_new_preference_record!'
    app/controllers/concerns/preference/base.rb:721:in 'Preference::Base#load_preference_record_from_refresh_token!'
    app/controllers/concerns/preference/base.rb:217:in 'Preference::Base#set_preferences_cookie'
    app/middleware/core/surface_middleware.rb:12:in 'Core::SurfaceMiddleware#call'
    test/controllers/core/com/edge/v1/preferences_controller_test.rb:50:in 'block (3 levels) in <class:PreferenceControllerTest>'
    test/controllers/core/com/edge/v1/preferences_controller_test.rb:49:in 'block (2 levels) in <class:PreferenceControllerTest>'
    test/controllers/core/com/edge/v1/preferences_controller_test.rb:48:in 'block in <class:PreferenceControllerTest>'
    test/support/i18n_locale_reset.rb:11:in 'block in ActiveSupport::TestCase#run'
    test/support/i18n_locale_reset.rb:10:in 'ActiveSupport::TestCase#run'

bin/rails test test/controllers/core/com/edge/v1/preferences_controller_test.rb:47

E

Error:
Core::Com::Edge::V1::PreferenceControllerTest#test_should_return_JSON_with_correct_structure:
NameError: uninitialized constant Preference::Core::CookieOptions
    app/controllers/concerns/preference/base.rb:1096:in 'Preference::Base#preference_cookie_options'
    app/controllers/concerns/preference/base.rb:971:in 'Preference::Base#preference_auth_cookie_options'
    app/controllers/concerns/preference/base.rb:940:in 'Preference::Base#set_refresh_token_cookie'
    app/controllers/concerns/preference/base.rb:762:in 'Preference::Base#create_new_preference_record!'
    app/controllers/concerns/preference/base.rb:721:in 'Preference::Base#load_preference_record_from_refresh_token!'
    app/controllers/concerns/preference/base.rb:217:in 'Preference::Base#set_preferences_cookie'
    app/middleware/core/surface_middleware.rb:12:in 'Core::SurfaceMiddleware#call'
    test/controllers/core/com/edge/v1/preferences_controller_test.rb:83:in 'block in <class:PreferenceControllerTest>'
    test/support/i18n_locale_reset.rb:11:in 'block in ActiveSupport::TestCase#run'
    test/support/i18n_locale_reset.rb:10:in 'ActiveSupport::TestCase#run'

bin/rails test test/controllers/core/com/edge/v1/preferences_controller_test.rb:82

E

Error:
Core::Com::Edge::V1::PreferenceControllerTest#test_should_store_encrypted_token_in_cookies:
NameError: uninitialized constant Preference::Core::CookieOptions
    app/controllers/concerns/preference/base.rb:1096:in 'Preference::Base#preference_cookie_options'
    app/controllers/concerns/preference/base.rb:971:in 'Preference::Base#preference_auth_cookie_options'
    app/controllers/concerns/preference/base.rb:940:in 'Preference::Base#set_refresh_token_cookie'
    app/controllers/concerns/preference/base.rb:762:in 'Preference::Base#create_new_preference_record!'
    app/controllers/concerns/preference/base.rb:721:in 'Preference::Base#load_preference_record_from_refresh_token!'
    app/controllers/concerns/preference/base.rb:217:in 'Preference::Base#set_preferences_cookie'
    app/middleware/core/surface_middleware.rb:12:in 'Core::SurfaceMiddleware#call'
    test/controllers/core/com/edge/v1/preferences_controller_test.rb:75:in 'block in <class:PreferenceControllerTest>'
    test/support/i18n_locale_reset.rb:11:in 'block in ActiveSupport::TestCase#run'
    test/support/i18n_locale_reset.rb:10:in 'ActiveSupport::TestCase#run'

bin/rails test test/controllers/core/com/edge/v1/preferences_controller_test.rb:74

E

Error:
OrgVerificationTest#test_verify_failure_returns_422:
NameError: uninitialized constant Preference::Core::CookieOptions
    app/controllers/concerns/preference/base.rb:1096:in 'Preference::Base#preference_cookie_options'
    app/controllers/concerns/preference/base.rb:971:in 'Preference::Base#preference_auth_cookie_options'
    app/controllers/concerns/preference/base.rb:940:in 'Preference::Base#set_refresh_token_cookie'
    app/controllers/concerns/preference/base.rb:762:in 'Preference::Base#create_new_preference_record!'
    app/controllers/concerns/preference/base.rb:721:in 'Preference::Base#load_preference_record_from_refresh_token!'
    app/controllers/concerns/preference/base.rb:217:in 'Preference::Base#set_preferences_cookie'
    app/middleware/core/surface_middleware.rb:12:in 'Core::SurfaceMiddleware#call'
    test/integration/org_verification_test.rb:66:in 'block in <class:OrgVerificationTest>'
    test/support/i18n_locale_reset.rb:11:in 'block in ActiveSupport::TestCase#run'
    test/support/i18n_locale_reset.rb:10:in 'ActiveSupport::TestCase#run'

bin/rails test test/integration/org_verification_test.rb:57

E

Error:
OrgVerificationTest#test_verify_success_updates_token_step-up_and_redirects_to_return_to:
NameError: uninitialized constant Preference::Core::CookieOptions
    app/controllers/concerns/preference/base.rb:1096:in 'Preference::Base#preference_cookie_options'
    app/controllers/concerns/preference/base.rb:971:in 'Preference::Base#preference_auth_cookie_options'
    app/controllers/concerns/preference/base.rb:940:in 'Preference::Base#set_refresh_token_cookie'
    app/controllers/concerns/preference/base.rb:762:in 'Preference::Base#create_new_preference_record!'
    app/controllers/concerns/preference/base.rb:721:in 'Preference::Base#load_preference_record_from_refresh_token!'
    app/controllers/concerns/preference/base.rb:217:in 'Preference::Base#set_preferences_cookie'
    app/middleware/core/surface_middleware.rb:12:in 'Core::SurfaceMiddleware#call'
    test/integration/org_verification_test.rb:39:in 'block in <class:OrgVerificationTest>'
    test/support/i18n_locale_reset.rb:11:in 'block in ActiveSupport::TestCase#run'
    test/support/i18n_locale_reset.rb:10:in 'ActiveSupport::TestCase#run'

bin/rails test test/integration/org_verification_test.rb:30

E

Error:
StepUpAuthenticationTest#test_GET_sensitive_page_redirects_to_verification_when_step-up_is_not_satisfied:
NameError: uninitialized constant Preference::Core::CookieOptions
    app/controllers/concerns/preference/base.rb:1096:in 'Preference::Base#preference_cookie_options'
    app/controllers/concerns/preference/base.rb:971:in 'Preference::Base#preference_auth_cookie_options'
    app/controllers/concerns/preference/base.rb:940:in 'Preference::Base#set_refresh_token_cookie'
    app/controllers/concerns/preference/base.rb:762:in 'Preference::Base#create_new_preference_record!'
    app/controllers/concerns/preference/base.rb:721:in 'Preference::Base#load_preference_record_from_refresh_token!'
    app/controllers/concerns/preference/base.rb:217:in 'Preference::Base#set_preferences_cookie'
    app/middleware/core/surface_middleware.rb:12:in 'Core::SurfaceMiddleware#call'
    test/integration/step_up_authentication_test.rb:36:in 'block in <class:StepUpAuthenticationTest>'
    test/support/i18n_locale_reset.rb:11:in 'block in ActiveSupport::TestCase#run'
    test/support/i18n_locale_reset.rb:10:in 'ActiveSupport::TestCase#run'

bin/rails test test/integration/step_up_authentication_test.rb:35

E

Error:
StepUpAuthenticationTest#test_step-up_within_TTL_and_matching_scope_passes_through:
NameError: uninitialized constant Preference::Core::CookieOptions
    app/controllers/concerns/preference/base.rb:1096:in 'Preference::Base#preference_cookie_options'
    app/controllers/concerns/preference/base.rb:971:in 'Preference::Base#preference_auth_cookie_options'
    app/controllers/concerns/preference/base.rb:940:in 'Preference::Base#set_refresh_token_cookie'
    app/controllers/concerns/preference/base.rb:762:in 'Preference::Base#create_new_preference_record!'
    app/controllers/concerns/preference/base.rb:721:in 'Preference::Base#load_preference_record_from_refresh_token!'
    app/controllers/concerns/preference/base.rb:217:in 'Preference::Base#set_preferences_cookie'
    app/middleware/core/surface_middleware.rb:12:in 'Core::SurfaceMiddleware#call'
    test/integration/step_up_authentication_test.rb:86:in 'block in <class:StepUpAuthenticationTest>'
    test/support/i18n_locale_reset.rb:11:in 'block in ActiveSupport::TestCase#run'
    test/support/i18n_locale_reset.rb:10:in 'ActiveSupport::TestCase#run'

bin/rails test test/integration/step_up_authentication_test.rb:82

E

Error:
StepUpAuthenticationTest#test_POST_sensitive_action_returns_401_when_step-up_is_not_satisfied:
NameError: uninitialized constant Preference::Core::CookieOptions
    app/controllers/concerns/preference/base.rb:1096:in 'Preference::Base#preference_cookie_options'
    app/controllers/concerns/preference/base.rb:971:in 'Preference::Base#preference_auth_cookie_options'
    app/controllers/concerns/preference/base.rb:940:in 'Preference::Base#set_refresh_token_cookie'
    app/controllers/concerns/preference/base.rb:762:in 'Preference::Base#create_new_preference_record!'
    app/controllers/concerns/preference/base.rb:721:in 'Preference::Base#load_preference_record_from_refresh_token!'
    app/controllers/concerns/preference/base.rb:217:in 'Preference::Base#set_preferences_cookie'
    app/middleware/core/surface_middleware.rb:12:in 'Core::SurfaceMiddleware#call'
    test/integration/step_up_authentication_test.rb:49:in 'block in <class:StepUpAuthenticationTest>'
    test/support/i18n_locale_reset.rb:11:in 'block in ActiveSupport::TestCase#run'
    test/support/i18n_locale_reset.rb:10:in 'ActiveSupport::TestCase#run'

bin/rails test test/integration/step_up_authentication_test.rb:48

E

Error:
StepUpAuthenticationTest#test_HEAD_step-up_within_TTL_and_matching_scope_passes_through:
NameError: uninitialized constant Preference::Core::CookieOptions
    app/controllers/concerns/preference/base.rb:1096:in 'Preference::Base#preference_cookie_options'
    app/controllers/concerns/preference/base.rb:971:in 'Preference::Base#preference_auth_cookie_options'
    app/controllers/concerns/preference/base.rb:940:in 'Preference::Base#set_refresh_token_cookie'
    app/controllers/concerns/preference/base.rb:762:in 'Preference::Base#create_new_preference_record!'
    app/controllers/concerns/preference/base.rb:721:in 'Preference::Base#load_preference_record_from_refresh_token!'
    app/controllers/concerns/preference/base.rb:217:in 'Preference::Base#set_preferences_cookie'
    app/middleware/core/surface_middleware.rb:12:in 'Core::SurfaceMiddleware#call'
    test/integration/step_up_authentication_test.rb:108:in 'block in <class:StepUpAuthenticationTest>'
    test/support/i18n_locale_reset.rb:11:in 'block in ActiveSupport::TestCase#run'
    test/support/i18n_locale_reset.rb:10:in 'ActiveSupport::TestCase#run'

bin/rails test test/integration/step_up_authentication_test.rb:104

E

Error:
StepUpAuthenticationTest#test_HEAD_sensitive_page_redirects_to_verification_when_step-up_is_not_satisfied:
NameError: uninitialized constant Preference::Core::CookieOptions
    app/controllers/concerns/preference/base.rb:1096:in 'Preference::Base#preference_cookie_options'
    app/controllers/concerns/preference/base.rb:971:in 'Preference::Base#preference_auth_cookie_options'
    app/controllers/concerns/preference/base.rb:940:in 'Preference::Base#set_refresh_token_cookie'
    app/controllers/concerns/preference/base.rb:762:in 'Preference::Base#create_new_preference_record!'
    app/controllers/concerns/preference/base.rb:721:in 'Preference::Base#load_preference_record_from_refresh_token!'
    app/controllers/concerns/preference/base.rb:217:in 'Preference::Base#set_preferences_cookie'
    app/middleware/core/surface_middleware.rb:12:in 'Core::SurfaceMiddleware#call'
    test/integration/step_up_authentication_test.rb:92:in 'block in <class:StepUpAuthenticationTest>'
    test/support/i18n_locale_reset.rb:11:in 'block in ActiveSupport::TestCase#run'
    test/support/i18n_locale_reset.rb:10:in 'ActiveSupport::TestCase#run'

bin/rails test test/integration/step_up_authentication_test.rb:91

E

Error:
StepUpAuthenticationTest#test_scope_mismatch_redirects_to_verification:
NameError: uninitialized constant Preference::Core::CookieOptions
    app/controllers/concerns/preference/base.rb:1096:in 'Preference::Base#preference_cookie_options'
    app/controllers/concerns/preference/base.rb:971:in 'Preference::Base#preference_auth_cookie_options'
    app/controllers/concerns/preference/base.rb:940:in 'Preference::Base#set_refresh_token_cookie'
    app/controllers/concerns/preference/base.rb:762:in 'Preference::Base#create_new_preference_record!'
    app/controllers/concerns/preference/base.rb:721:in 'Preference::Base#load_preference_record_from_refresh_token!'
    app/controllers/concerns/preference/base.rb:217:in 'Preference::Base#set_preferences_cookie'
    app/middleware/core/surface_middleware.rb:12:in 'Core::SurfaceMiddleware#call'
    test/integration/step_up_authentication_test.rb:60:in 'block in <class:StepUpAuthenticationTest>'
    test/support/i18n_locale_reset.rb:11:in 'block in ActiveSupport::TestCase#run'
    test/support/i18n_locale_reset.rb:10:in 'ActiveSupport::TestCase#run'

bin/rails test test/integration/step_up_authentication_test.rb:57

E

Error:
StepUpAuthenticationTest#test_step-up_older_than_15_minutes_redirects_to_verification:
NameError: uninitialized constant Preference::Core::CookieOptions
    app/controllers/concerns/preference/base.rb:1096:in 'Preference::Base#preference_cookie_options'
    app/controllers/concerns/preference/base.rb:971:in 'Preference::Base#preference_auth_cookie_options'
    app/controllers/concerns/preference/base.rb:940:in 'Preference::Base#set_refresh_token_cookie'
    app/controllers/concerns/preference/base.rb:762:in 'Preference::Base#create_new_preference_record!'
    app/controllers/concerns/preference/base.rb:721:in 'Preference::Base#load_preference_record_from_refresh_token!'
    app/controllers/concerns/preference/base.rb:217:in 'Preference::Base#set_preferences_cookie'
    app/middleware/core/surface_middleware.rb:12:in 'Core::SurfaceMiddleware#call'
    test/integration/step_up_authentication_test.rb:74:in 'block in <class:StepUpAuthenticationTest>'
    test/support/i18n_locale_reset.rb:11:in 'block in ActiveSupport::TestCase#run'
    test/support/i18n_locale_reset.rb:10:in 'ActiveSupport::TestCase#run'

bin/rails test test/integration/step_up_authentication_test.rb:71

..........E

Error:
Sign::App::HealthsControllerTest#test_GET_/health_returns_OK_response:
NameError: uninitialized constant Preference::Core::CookieOptions
    app/controllers/concerns/preference/base.rb:1096:in 'Preference::Base#preference_cookie_options'
    app/controllers/concerns/preference/base.rb:971:in 'Preference::Base#preference_auth_cookie_options'
    app/controllers/concerns/preference/base.rb:940:in 'Preference::Base#set_refresh_token_cookie'
    app/controllers/concerns/preference/base.rb:762:in 'Preference::Base#create_new_preference_record!'
    app/controllers/concerns/preference/base.rb:721:in 'Preference::Base#load_preference_record_from_refresh_token!'
    app/controllers/concerns/preference/base.rb:217:in 'Preference::Base#set_preferences_cookie'
    app/middleware/core/surface_middleware.rb:12:in 'Core::SurfaceMiddleware#call'
    test/controllers/sign/app/healths_controller_test.rb:7:in 'block in <class:HealthsControllerTest>'
    test/support/i18n_locale_reset.rb:11:in 'block in ActiveSupport::TestCase#run'
    test/support/i18n_locale_reset.rb:10:in 'ActiveSupport::TestCase#run'

bin/rails test test/controllers/sign/app/healths_controller_test.rb:6

E

Error:
Sign::App::HealthsControllerTest#test_GET_/health_returns_OK_html_response:
NameError: uninitialized constant Preference::Core::CookieOptions
    app/controllers/concerns/preference/base.rb:1096:in 'Preference::Base#preference_cookie_options'
    app/controllers/concerns/preference/base.rb:971:in 'Preference::Base#preference_auth_cookie_options'
    app/controllers/concerns/preference/base.rb:940:in 'Preference::Base#set_refresh_token_cookie'
    app/controllers/concerns/preference/base.rb:762:in 'Preference::Base#create_new_preference_record!'
    app/controllers/concerns/preference/base.rb:721:in 'Preference::Base#load_preference_record_from_refresh_token!'
    app/controllers/concerns/preference/base.rb:217:in 'Preference::Base#set_preferences_cookie'
    app/middleware/core/surface_middleware.rb:12:in 'Core::SurfaceMiddleware#call'
    test/controllers/sign/app/healths_controller_test.rb:14:in 'block in <class:HealthsControllerTest>'
    test/support/i18n_locale_reset.rb:11:in 'block in ActiveSupport::TestCase#run'
    test/support/i18n_locale_reset.rb:10:in 'ActiveSupport::TestCase#run'

bin/rails test test/controllers/sign/app/healths_controller_test.rb:13

E

Error:
Sign::App::HealthsControllerTest#test_GET_/health_returns_OK_json_response:
NameError: uninitialized constant Preference::Core::CookieOptions
    app/controllers/concerns/preference/base.rb:1096:in 'Preference::Base#preference_cookie_options'
    app/controllers/concerns/preference/base.rb:971:in 'Preference::Base#preference_auth_cookie_options'
    app/controllers/concerns/preference/base.rb:940:in 'Preference::Base#set_refresh_token_cookie'
    app/controllers/concerns/preference/base.rb:762:in 'Preference::Base#create_new_preference_record!'
    app/controllers/concerns/preference/base.rb:721:in 'Preference::Base#load_preference_record_from_refresh_token!'
    app/controllers/concerns/preference/base.rb:217:in 'Preference::Base#set_preferences_cookie'
    app/middleware/core/surface_middleware.rb:12:in 'Core::SurfaceMiddleware#call'
    test/controllers/sign/app/healths_controller_test.rb:21:in 'block in <class:HealthsControllerTest>'
    test/support/i18n_locale_reset.rb:11:in 'block in ActiveSupport::TestCase#run'
    test/support/i18n_locale_reset.rb:10:in 'ActiveSupport::TestCase#run'

bin/rails test test/controllers/sign/app/healths_controller_test.rb:20

..........................................E

Error:
Sign::App::Configuration::Telephones::RegistrationsControllerTest#test_create_reuses_existing_telephone_and_sends_sms_when_same_number_is_submitted_again:
NameError: uninitialized constant Preference::Core::CookieOptions
    app/controllers/concerns/preference/base.rb:1096:in 'Preference::Base#preference_cookie_options'
    app/controllers/concerns/preference/base.rb:971:in 'Preference::Base#preference_auth_cookie_options'
    app/controllers/concerns/preference/base.rb:940:in 'Preference::Base#set_refresh_token_cookie'
    app/controllers/concerns/preference/base.rb:762:in 'Preference::Base#create_new_preference_record!'
    app/controllers/concerns/preference/base.rb:721:in 'Preference::Base#load_preference_record_from_refresh_token!'
    app/controllers/concerns/preference/base.rb:217:in 'Preference::Base#set_preferences_cookie'
    app/middleware/core/surface_middleware.rb:12:in 'Core::SurfaceMiddleware#call'
    test/controllers/sign/app/configuration/telephones/registrations_controller_test.rb:71:in 'block (3 levels) in <class:RegistrationsControllerTest>'
    test/controllers/sign/app/configuration/telephones/registrations_controller_test.rb:70:in 'block (2 levels) in <class:RegistrationsControllerTest>'
    test/controllers/sign/app/configuration/telephones/registrations_controller_test.rb:69:in 'block in <class:RegistrationsControllerTest>'
    test/support/i18n_locale_reset.rb:11:in 'block in ActiveSupport::TestCase#run'
    test/support/i18n_locale_reset.rb:10:in 'ActiveSupport::TestCase#run'

bin/rails test test/controllers/sign/app/configuration/telephones/registrations_controller_test.rb:62

E

Error:
Sign::App::Configuration::Telephones::RegistrationsControllerTest#test_create_registers_telephone_for_current_user_without_signup_confirmation_params:
NameError: uninitialized constant Preference::Core::CookieOptions
    app/controllers/concerns/preference/base.rb:1096:in 'Preference::Base#preference_cookie_options'
    app/controllers/concerns/preference/base.rb:971:in 'Preference::Base#preference_auth_cookie_options'
    app/controllers/concerns/preference/base.rb:940:in 'Preference::Base#set_refresh_token_cookie'
    app/controllers/concerns/preference/base.rb:762:in 'Preference::Base#create_new_preference_record!'
    app/controllers/concerns/preference/base.rb:721:in 'Preference::Base#load_preference_record_from_refresh_token!'
    app/controllers/concerns/preference/base.rb:217:in 'Preference::Base#set_preferences_cookie'
    app/middleware/core/surface_middleware.rb:12:in 'Core::SurfaceMiddleware#call'
    test/controllers/sign/app/configuration/telephones/registrations_controller_test.rb:34:in 'block (3 levels) in <class:RegistrationsControllerTest>'
    test/controllers/sign/app/configuration/telephones/registrations_controller_test.rb:33:in 'block (2 levels) in <class:RegistrationsControllerTest>'
    test/controllers/sign/app/configuration/telephones/registrations_controller_test.rb:32:in 'block in <class:RegistrationsControllerTest>'
    test/support/i18n_locale_reset.rb:11:in 'block in ActiveSupport::TestCase#run'
    test/support/i18n_locale_reset.rb:10:in 'ActiveSupport::TestCase#run'

bin/rails test test/controllers/sign/app/configuration/telephones/registrations_controller_test.rb:31

E

Error:
Sign::App::Configuration::Telephones::RegistrationsControllerTest#test_create_returns_422_for_invalid_number:
NameError: uninitialized constant Preference::Core::CookieOptions
    app/controllers/concerns/preference/base.rb:1096:in 'Preference::Base#preference_cookie_options'
    app/controllers/concerns/preference/base.rb:971:in 'Preference::Base#preference_auth_cookie_options'
    app/controllers/concerns/preference/base.rb:940:in 'Preference::Base#set_refresh_token_cookie'
    app/controllers/concerns/preference/base.rb:762:in 'Preference::Base#create_new_preference_record!'
    app/controllers/concerns/preference/base.rb:721:in 'Preference::Base#load_preference_record_from_refresh_token!'
    app/controllers/concerns/preference/base.rb:217:in 'Preference::Base#set_preferences_cookie'
    app/middleware/core/surface_middleware.rb:12:in 'Core::SurfaceMiddleware#call'
    test/controllers/sign/app/configuration/telephones/registrations_controller_test.rb:54:in 'block (2 levels) in <class:RegistrationsControllerTest>'
    test/controllers/sign/app/configuration/telephones/registrations_controller_test.rb:53:in 'block in <class:RegistrationsControllerTest>'
    test/support/i18n_locale_reset.rb:11:in 'block in ActiveSupport::TestCase#run'
    test/support/i18n_locale_reset.rb:10:in 'ActiveSupport::TestCase#run'

bin/rails test test/controllers/sign/app/configuration/telephones/registrations_controller_test.rb:52

..............E

Error:
Sign::App::Verification::PasskeysControllerTest#test_creates_verification_on_success:
NameError: uninitialized constant Preference::Core::CookieOptions
    app/controllers/concerns/preference/base.rb:1096:in 'Preference::Base#preference_cookie_options'
    app/controllers/concerns/preference/base.rb:971:in 'Preference::Base#preference_auth_cookie_options'
    app/controllers/concerns/preference/base.rb:940:in 'Preference::Base#set_refresh_token_cookie'
    app/controllers/concerns/preference/base.rb:762:in 'Preference::Base#create_new_preference_record!'
    app/controllers/concerns/preference/base.rb:721:in 'Preference::Base#load_preference_record_from_refresh_token!'
    app/controllers/concerns/preference/base.rb:217:in 'Preference::Base#set_preferences_cookie'
    app/middleware/core/surface_middleware.rb:12:in 'Core::SurfaceMiddleware#call'
    test/controllers/sign/app/verification/passkeys_controller_test.rb:22:in 'block (4 levels) in <class:PasskeysControllerTest>'
    test/support/any_instance_stub.rb:21:in 'AnyInstanceStubProxy#stub'
    test/controllers/sign/app/verification/passkeys_controller_test.rb:21:in 'block (3 levels) in <class:PasskeysControllerTest>'
    test/support/any_instance_stub.rb:21:in 'AnyInstanceStubProxy#stub'
    test/controllers/sign/app/verification/passkeys_controller_test.rb:20:in 'block (2 levels) in <class:PasskeysControllerTest>'
    test/support/any_instance_stub.rb:21:in 'AnyInstanceStubProxy#stub'
    test/controllers/sign/app/verification/passkeys_controller_test.rb:19:in 'block in <class:PasskeysControllerTest>'
    test/support/i18n_locale_reset.rb:11:in 'block in ActiveSupport::TestCase#run'
    test/support/i18n_locale_reset.rb:10:in 'ActiveSupport::TestCase#run'

bin/rails test test/controllers/sign/app/verification/passkeys_controller_test.rb:16

E

Error:
Sign::App::Verification::PasskeysControllerTest#test_new_keeps_scope_and_return_to_in_form_hidden_fields:
NameError: uninitialized constant Preference::Core::CookieOptions
    app/controllers/concerns/preference/base.rb:1096:in 'Preference::Base#preference_cookie_options'
    app/controllers/concerns/preference/base.rb:971:in 'Preference::Base#preference_auth_cookie_options'
    app/controllers/concerns/preference/base.rb:940:in 'Preference::Base#set_refresh_token_cookie'
    app/controllers/concerns/preference/base.rb:762:in 'Preference::Base#create_new_preference_record!'
    app/controllers/concerns/preference/base.rb:721:in 'Preference::Base#load_preference_record_from_refresh_token!'
    app/controllers/concerns/preference/base.rb:217:in 'Preference::Base#set_preferences_cookie'
    app/middleware/core/surface_middleware.rb:12:in 'Core::SurfaceMiddleware#call'
    test/controllers/sign/app/verification/passkeys_controller_test.rb:42:in 'block (3 levels) in <class:PasskeysControllerTest>'
    test/support/any_instance_stub.rb:21:in 'AnyInstanceStubProxy#stub'
    test/controllers/sign/app/verification/passkeys_controller_test.rb:41:in 'block (2 levels) in <class:PasskeysControllerTest>'
    test/support/any_instance_stub.rb:21:in 'AnyInstanceStubProxy#stub'
    test/controllers/sign/app/verification/passkeys_controller_test.rb:40:in 'block in <class:PasskeysControllerTest>'
    test/support/i18n_locale_reset.rb:11:in 'block in ActiveSupport::TestCase#run'
    test/support/i18n_locale_reset.rb:10:in 'ActiveSupport::TestCase#run'

bin/rails test test/controllers/sign/app/verification/passkeys_controller_test.rb:37

.................................E

Error:
Docs::App::Edge::V1::HealthsControllerTest#test_returns_success_for_default_format:
NameError: uninitialized constant Preference::Core::CookieOptions
    app/controllers/concerns/preference/base.rb:1096:in 'Preference::Base#preference_cookie_options'
    app/controllers/concerns/preference/base.rb:971:in 'Preference::Base#preference_auth_cookie_options'
    app/controllers/concerns/preference/base.rb:940:in 'Preference::Base#set_refresh_token_cookie'
    app/controllers/concerns/preference/base.rb:762:in 'Preference::Base#create_new_preference_record!'
    app/controllers/concerns/preference/base.rb:721:in 'Preference::Base#load_preference_record_from_refresh_token!'
    app/controllers/concerns/preference/base.rb:217:in 'Preference::Base#set_preferences_cookie'
    app/middleware/core/surface_middleware.rb:12:in 'Core::SurfaceMiddleware#call'
    test/controllers/docs/app/edge/v1/healths_controller_test.rb:11:in 'block in <class:HealthsControllerTest>'
    test/support/i18n_locale_reset.rb:11:in 'block in ActiveSupport::TestCase#run'
    test/support/i18n_locale_reset.rb:10:in 'ActiveSupport::TestCase#run'

bin/rails test test/controllers/docs/app/edge/v1/healths_controller_test.rb:10

E

Error:
Docs::App::Edge::V1::HealthsControllerTest#test_returns_success_for_explicit_html_format:
NameError: uninitialized constant Preference::Core::CookieOptions
    app/controllers/concerns/preference/base.rb:1096:in 'Preference::Base#preference_cookie_options'
    app/controllers/concerns/preference/base.rb:971:in 'Preference::Base#preference_auth_cookie_options'
    app/controllers/concerns/preference/base.rb:940:in 'Preference::Base#set_refresh_token_cookie'
    app/controllers/concerns/preference/base.rb:762:in 'Preference::Base#create_new_preference_record!'
    app/controllers/concerns/preference/base.rb:721:in 'Preference::Base#load_preference_record_from_refresh_token!'
    app/controllers/concerns/preference/base.rb:217:in 'Preference::Base#set_preferences_cookie'
    app/middleware/core/surface_middleware.rb:12:in 'Core::SurfaceMiddleware#call'
    test/controllers/docs/app/edge/v1/healths_controller_test.rb:18:in 'block in <class:HealthsControllerTest>'
    test/support/i18n_locale_reset.rb:11:in 'block in ActiveSupport::TestCase#run'
    test/support/i18n_locale_reset.rb:10:in 'ActiveSupport::TestCase#run'

bin/rails test test/controllers/docs/app/edge/v1/healths_controller_test.rb:17

E

Error:
Docs::App::Edge::V1::HealthsControllerTest#test_raises_error_for_unsupported_yaml_format:
NameError: uninitialized constant Preference::Core::CookieOptions
    app/controllers/concerns/preference/base.rb:1096:in 'Preference::Base#preference_cookie_options'
    app/controllers/concerns/preference/base.rb:971:in 'Preference::Base#preference_auth_cookie_options'
    app/controllers/concerns/preference/base.rb:940:in 'Preference::Base#set_refresh_token_cookie'
    app/controllers/concerns/preference/base.rb:762:in 'Preference::Base#create_new_preference_record!'
    app/controllers/concerns/preference/base.rb:721:in 'Preference::Base#load_preference_record_from_refresh_token!'
    app/controllers/concerns/preference/base.rb:217:in 'Preference::Base#set_preferences_cookie'
    app/middleware/core/surface_middleware.rb:12:in 'Core::SurfaceMiddleware#call'
    test/controllers/docs/app/edge/v1/healths_controller_test.rb:32:in 'block in <class:HealthsControllerTest>'
    test/support/i18n_locale_reset.rb:11:in 'block in ActiveSupport::TestCase#run'
    test/support/i18n_locale_reset.rb:10:in 'ActiveSupport::TestCase#run'

bin/rails test test/controllers/docs/app/edge/v1/healths_controller_test.rb:31

E

Error:
Docs::App::Edge::V1::HealthsControllerTest#test_returns_OK_status_payload_for_json_format:
NameError: uninitialized constant Preference::Core::CookieOptions
    app/controllers/concerns/preference/base.rb:1096:in 'Preference::Base#preference_cookie_options'
    app/controllers/concerns/preference/base.rb:971:in 'Preference::Base#preference_auth_cookie_options'
    app/controllers/concerns/preference/base.rb:940:in 'Preference::Base#set_refresh_token_cookie'
    app/controllers/concerns/preference/base.rb:762:in 'Preference::Base#create_new_preference_record!'
    app/controllers/concerns/preference/base.rb:721:in 'Preference::Base#load_preference_record_from_refresh_token!'
    app/controllers/concerns/preference/base.rb:217:in 'Preference::Base#set_preferences_cookie'
    app/middleware/core/surface_middleware.rb:12:in 'Core::SurfaceMiddleware#call'
    test/controllers/docs/app/edge/v1/healths_controller_test.rb:25:in 'block in <class:HealthsControllerTest>'
    test/support/i18n_locale_reset.rb:11:in 'block in ActiveSupport::TestCase#run'
    test/support/i18n_locale_reset.rb:10:in 'ActiveSupport::TestCase#run'

bin/rails test test/controllers/docs/app/edge/v1/healths_controller_test.rb:24

.....E

Error:
Sign::App::Edge::V1::Token::RefreshesControllerTest#test_device_id_cookie_is_encrypted,_HttpOnly,_and_not_raw_UUID:
NameError: uninitialized constant Preference::Core::CookieOptions
    app/controllers/concerns/preference/base.rb:1096:in 'Preference::Base#preference_cookie_options'
    app/controllers/concerns/preference/base.rb:971:in 'Preference::Base#preference_auth_cookie_options'
    app/controllers/concerns/preference/base.rb:940:in 'Preference::Base#set_refresh_token_cookie'
    app/controllers/concerns/preference/base.rb:762:in 'Preference::Base#create_new_preference_record!'
    app/controllers/concerns/preference/base.rb:721:in 'Preference::Base#load_preference_record_from_refresh_token!'
    app/controllers/concerns/preference/base.rb:217:in 'Preference::Base#set_preferences_cookie'
    app/middleware/core/surface_middleware.rb:12:in 'Core::SurfaceMiddleware#call'
    test/controllers/sign/app/edge/v1/token/refreshes_controller_test.rb:404:in 'Sign::App::Edge::V1::Token::RefreshesControllerTest#csrf_token'
    test/controllers/sign/app/edge/v1/token/refreshes_controller_test.rb:391:in 'Sign::App::Edge::V1::Token::RefreshesControllerTest#json_headers'
    test/controllers/sign/app/edge/v1/token/refreshes_controller_test.rb:323:in 'block in <class:RefreshesControllerTest>'
    test/support/i18n_locale_reset.rb:11:in 'block in ActiveSupport::TestCase#run'
    test/support/i18n_locale_reset.rb:10:in 'ActiveSupport::TestCase#run'

bin/rails test test/controllers/sign/app/edge/v1/token/refreshes_controller_test.rb:317

E

Error:
Sign::App::Edge::V1::Token::RefreshesControllerTest#test_POST_refresh_denies_when_device_id_mismatches_token_family_device_id:
NameError: uninitialized constant Preference::Core::CookieOptions
    app/controllers/concerns/preference/base.rb:1096:in 'Preference::Base#preference_cookie_options'
    app/controllers/concerns/preference/base.rb:971:in 'Preference::Base#preference_auth_cookie_options'
    app/controllers/concerns/preference/base.rb:940:in 'Preference::Base#set_refresh_token_cookie'
    app/controllers/concerns/preference/base.rb:762:in 'Preference::Base#create_new_preference_record!'
    app/controllers/concerns/preference/base.rb:721:in 'Preference::Base#load_preference_record_from_refresh_token!'
    app/controllers/concerns/preference/base.rb:217:in 'Preference::Base#set_preferences_cookie'
    app/middleware/core/surface_middleware.rb:12:in 'Core::SurfaceMiddleware#call'
    test/controllers/sign/app/edge/v1/token/refreshes_controller_test.rb:404:in 'Sign::App::Edge::V1::Token::RefreshesControllerTest#csrf_token'
    test/controllers/sign/app/edge/v1/token/refreshes_controller_test.rb:391:in 'Sign::App::Edge::V1::Token::RefreshesControllerTest#json_headers'
    test/controllers/sign/app/edge/v1/token/refreshes_controller_test.rb:308:in 'block in <class:RefreshesControllerTest>'
    test/support/i18n_locale_reset.rb:11:in 'block in ActiveSupport::TestCase#run'
    test/support/i18n_locale_reset.rb:10:in 'ActiveSupport::TestCase#run'

bin/rails test test/controllers/sign/app/edge/v1/token/refreshes_controller_test.rb:302

E

Error:
Sign::App::Edge::V1::Token::RefreshesControllerTest#test_device_id_encrypted_cookie_roundtrips_through_cookies.encrypted:
NameError: uninitialized constant Preference::Core::CookieOptions
    app/controllers/concerns/preference/base.rb:1096:in 'Preference::Base#preference_cookie_options'
    app/controllers/concerns/preference/base.rb:971:in 'Preference::Base#preference_auth_cookie_options'
    app/controllers/concerns/preference/base.rb:940:in 'Preference::Base#set_refresh_token_cookie'
    app/controllers/concerns/preference/base.rb:762:in 'Preference::Base#create_new_preference_record!'
    app/controllers/concerns/preference/base.rb:721:in 'Preference::Base#load_preference_record_from_refresh_token!'
    app/controllers/concerns/preference/base.rb:217:in 'Preference::Base#set_preferences_cookie'
    app/middleware/core/surface_middleware.rb:12:in 'Core::SurfaceMiddleware#call'
    test/controllers/sign/app/edge/v1/token/refreshes_controller_test.rb:404:in 'Sign::App::Edge::V1::Token::RefreshesControllerTest#csrf_token'
    test/controllers/sign/app/edge/v1/token/refreshes_controller_test.rb:391:in 'Sign::App::Edge::V1::Token::RefreshesControllerTest#json_headers'
    test/controllers/sign/app/edge/v1/token/refreshes_controller_test.rb:365:in 'block in <class:RefreshesControllerTest>'
    test/support/i18n_locale_reset.rb:11:in 'block in ActiveSupport::TestCase#run'
    test/support/i18n_locale_reset.rb:10:in 'ActiveSupport::TestCase#run'

bin/rails test test/controllers/sign/app/edge/v1/token/refreshes_controller_test.rb:358

E

Error:
Sign::App::Edge::V1::Token::RefreshesControllerTest#test_POST_refresh_with_restricted_token_returns_403_and_does_not_rotate_token:
NameError: uninitialized constant Preference::Core::CookieOptions
    app/controllers/concerns/preference/base.rb:1096:in 'Preference::Base#preference_cookie_options'
    app/controllers/concerns/preference/base.rb:971:in 'Preference::Base#preference_auth_cookie_options'
    app/controllers/concerns/preference/base.rb:940:in 'Preference::Base#set_refresh_token_cookie'
    app/controllers/concerns/preference/base.rb:762:in 'Preference::Base#create_new_preference_record!'
    app/controllers/concerns/preference/base.rb:721:in 'Preference::Base#load_preference_record_from_refresh_token!'
    app/controllers/concerns/preference/base.rb:217:in 'Preference::Base#set_preferences_cookie'
    app/middleware/core/surface_middleware.rb:12:in 'Core::SurfaceMiddleware#call'
    test/controllers/sign/app/edge/v1/token/refreshes_controller_test.rb:404:in 'Sign::App::Edge::V1::Token::RefreshesControllerTest#csrf_token'
    test/controllers/sign/app/edge/v1/token/refreshes_controller_test.rb:391:in 'Sign::App::Edge::V1::Token::RefreshesControllerTest#json_headers'
    test/controllers/sign/app/edge/v1/token/refreshes_controller_test.rb:172:in 'block in <class:RefreshesControllerTest>'
    test/support/i18n_locale_reset.rb:11:in 'block in ActiveSupport::TestCase#run'
    test/support/i18n_locale_reset.rb:10:in 'ActiveSupport::TestCase#run'

bin/rails test test/controllers/sign/app/edge/v1/token/refreshes_controller_test.rb:163

E

Error:
Sign::App::Edge::V1::Token::RefreshesControllerTest#test_GET_check_with_invalid_access_token_returns_401:
NameError: uninitialized constant Preference::Core::CookieOptions
    app/controllers/concerns/preference/base.rb:1096:in 'Preference::Base#preference_cookie_options'
    app/controllers/concerns/preference/base.rb:378:in 'Preference::Base#write_preference_cookie'
    app/controllers/concerns/preference/global.rb:196:in 'Preference::Global#set_locale'
    app/middleware/core/surface_middleware.rb:12:in 'Core::SurfaceMiddleware#call'
    test/controllers/sign/app/edge/v1/token/refreshes_controller_test.rb:105:in 'block in <class:RefreshesControllerTest>'
    test/support/i18n_locale_reset.rb:11:in 'block in ActiveSupport::TestCase#run'
    test/support/i18n_locale_reset.rb:10:in 'ActiveSupport::TestCase#run'

bin/rails test test/controllers/sign/app/edge/v1/token/refreshes_controller_test.rb:101

E

Error:
Sign::App::Edge::V1::Token::RefreshesControllerTest#test_device_id_cookie_is_set_on_token_refresh:
NameError: uninitialized constant Preference::Core::CookieOptions
    app/controllers/concerns/preference/base.rb:1096:in 'Preference::Base#preference_cookie_options'
    app/controllers/concerns/preference/base.rb:971:in 'Preference::Base#preference_auth_cookie_options'
    app/controllers/concerns/preference/base.rb:940:in 'Preference::Base#set_refresh_token_cookie'
    app/controllers/concerns/preference/base.rb:762:in 'Preference::Base#create_new_preference_record!'
    app/controllers/concerns/preference/base.rb:721:in 'Preference::Base#load_preference_record_from_refresh_token!'
    app/controllers/concerns/preference/base.rb:217:in 'Preference::Base#set_preferences_cookie'
    app/middleware/core/surface_middleware.rb:12:in 'Core::SurfaceMiddleware#call'
    test/controllers/sign/app/edge/v1/token/refreshes_controller_test.rb:404:in 'Sign::App::Edge::V1::Token::RefreshesControllerTest#csrf_token'
    test/controllers/sign/app/edge/v1/token/refreshes_controller_test.rb:391:in 'Sign::App::Edge::V1::Token::RefreshesControllerTest#json_headers'
    test/controllers/sign/app/edge/v1/token/refreshes_controller_test.rb:343:in 'block in <class:RefreshesControllerTest>'
    test/support/i18n_locale_reset.rb:11:in 'block in ActiveSupport::TestCase#run'
    test/support/i18n_locale_reset.rb:10:in 'ActiveSupport::TestCase#run'

bin/rails test test/controllers/sign/app/edge/v1/token/refreshes_controller_test.rb:337

E

Error:
Sign::App::Edge::V1::Token::RefreshesControllerTest#test_refresh_cookie_is_not_encrypted_(plain_value):
NameError: uninitialized constant Preference::Core::CookieOptions
    app/controllers/concerns/preference/base.rb:1096:in 'Preference::Base#preference_cookie_options'
    app/controllers/concerns/preference/base.rb:971:in 'Preference::Base#preference_auth_cookie_options'
    app/controllers/concerns/preference/base.rb:940:in 'Preference::Base#set_refresh_token_cookie'
    app/controllers/concerns/preference/base.rb:762:in 'Preference::Base#create_new_preference_record!'
    app/controllers/concerns/preference/base.rb:721:in 'Preference::Base#load_preference_record_from_refresh_token!'
    app/controllers/concerns/preference/base.rb:217:in 'Preference::Base#set_preferences_cookie'
    app/middleware/core/surface_middleware.rb:12:in 'Core::SurfaceMiddleware#call'
    test/controllers/sign/app/edge/v1/token/refreshes_controller_test.rb:404:in 'Sign::App::Edge::V1::Token::RefreshesControllerTest#csrf_token'
    test/controllers/sign/app/edge/v1/token/refreshes_controller_test.rb:391:in 'Sign::App::Edge::V1::Token::RefreshesControllerTest#json_headers'
    test/controllers/sign/app/edge/v1/token/refreshes_controller_test.rb:192:in 'block in <class:RefreshesControllerTest>'
    test/support/i18n_locale_reset.rb:11:in 'block in ActiveSupport::TestCase#run'
    test/support/i18n_locale_reset.rb:10:in 'ActiveSupport::TestCase#run'

bin/rails test test/controllers/sign/app/edge/v1/token/refreshes_controller_test.rb:184

E

Error:
Sign::App::Edge::V1::Token::RefreshesControllerTest#test_POST_refresh_with_expired_refresh_token_returns_401:
NameError: uninitialized constant Preference::Core::CookieOptions
    app/controllers/concerns/preference/base.rb:1096:in 'Preference::Base#preference_cookie_options'
    app/controllers/concerns/preference/base.rb:971:in 'Preference::Base#preference_auth_cookie_options'
    app/controllers/concerns/preference/base.rb:940:in 'Preference::Base#set_refresh_token_cookie'
    app/controllers/concerns/preference/base.rb:762:in 'Preference::Base#create_new_preference_record!'
    app/controllers/concerns/preference/base.rb:721:in 'Preference::Base#load_preference_record_from_refresh_token!'
    app/controllers/concerns/preference/base.rb:217:in 'Preference::Base#set_preferences_cookie'
    app/middleware/core/surface_middleware.rb:12:in 'Core::SurfaceMiddleware#call'
    test/controllers/sign/app/edge/v1/token/refreshes_controller_test.rb:404:in 'Sign::App::Edge::V1::Token::RefreshesControllerTest#csrf_token'
    test/controllers/sign/app/edge/v1/token/refreshes_controller_test.rb:391:in 'Sign::App::Edge::V1::Token::RefreshesControllerTest#json_headers'
    test/controllers/sign/app/edge/v1/token/refreshes_controller_test.rb:142:in 'block in <class:RefreshesControllerTest>'
    test/support/i18n_locale_reset.rb:11:in 'block in ActiveSupport::TestCase#run'
    test/support/i18n_locale_reset.rb:10:in 'ActiveSupport::TestCase#run'

bin/rails test test/controllers/sign/app/edge/v1/token/refreshes_controller_test.rb:134

E

Error:
Sign::App::Edge::V1::Token::RefreshesControllerTest#test_POST_refresh_without_CSRF_token_succeeds_(currently_skipped_for_Edge):
NameError: uninitialized constant Preference::Core::CookieOptions
    app/controllers/concerns/preference/base.rb:1096:in 'Preference::Base#preference_cookie_options'
    app/controllers/concerns/preference/base.rb:378:in 'Preference::Base#write_preference_cookie'
    app/controllers/concerns/preference/global.rb:196:in 'Preference::Global#set_locale'
    app/middleware/core/surface_middleware.rb:12:in 'Core::SurfaceMiddleware#call'
    test/controllers/sign/app/edge/v1/token/refreshes_controller_test.rb:236:in 'block in <class:RefreshesControllerTest>'
    test/support/i18n_locale_reset.rb:11:in 'block in ActiveSupport::TestCase#run'
    test/support/i18n_locale_reset.rb:10:in 'ActiveSupport::TestCase#run'

bin/rails test test/controllers/sign/app/edge/v1/token/refreshes_controller_test.rb:231

E

Error:
Sign::App::Edge::V1::Token::RefreshesControllerTest#test_POST_refresh_with_missing_refresh_token_returns_400:
NameError: uninitialized constant Preference::Core::CookieOptions
    app/controllers/concerns/preference/base.rb:1096:in 'Preference::Base#preference_cookie_options'
    app/controllers/concerns/preference/base.rb:971:in 'Preference::Base#preference_auth_cookie_options'
    app/controllers/concerns/preference/base.rb:940:in 'Preference::Base#set_refresh_token_cookie'
    app/controllers/concerns/preference/base.rb:762:in 'Preference::Base#create_new_preference_record!'
    app/controllers/concerns/preference/base.rb:721:in 'Preference::Base#load_preference_record_from_refresh_token!'
    app/controllers/concerns/preference/base.rb:217:in 'Preference::Base#set_preferences_cookie'
    app/middleware/core/surface_middleware.rb:12:in 'Core::SurfaceMiddleware#call'
    test/controllers/sign/app/edge/v1/token/refreshes_controller_test.rb:404:in 'Sign::App::Edge::V1::Token::RefreshesControllerTest#csrf_token'
    test/controllers/sign/app/edge/v1/token/refreshes_controller_test.rb:391:in 'Sign::App::Edge::V1::Token::RefreshesControllerTest#json_headers'
    test/controllers/sign/app/edge/v1/token/refreshes_controller_test.rb:126:in 'block in <class:RefreshesControllerTest>'
    test/support/i18n_locale_reset.rb:11:in 'block in ActiveSupport::TestCase#run'
    test/support/i18n_locale_reset.rb:10:in 'ActiveSupport::TestCase#run'

bin/rails test test/controllers/sign/app/edge/v1/token/refreshes_controller_test.rb:124

E

Error:
Sign::App::Edge::V1::Token::RefreshesControllerTest#test_POST_refresh_with_revoked_token_returns_401:
NameError: uninitialized constant Preference::Core::CookieOptions
    app/controllers/concerns/preference/base.rb:1096:in 'Preference::Base#preference_cookie_options'
    app/controllers/concerns/preference/base.rb:971:in 'Preference::Base#preference_auth_cookie_options'
    app/controllers/concerns/preference/base.rb:940:in 'Preference::Base#set_refresh_token_cookie'
    app/controllers/concerns/preference/base.rb:762:in 'Preference::Base#create_new_preference_record!'
    app/controllers/concerns/preference/base.rb:721:in 'Preference::Base#load_preference_record_from_refresh_token!'
    app/controllers/concerns/preference/base.rb:217:in 'Preference::Base#set_preferences_cookie'
    app/middleware/core/surface_middleware.rb:12:in 'Core::SurfaceMiddleware#call'
    test/controllers/sign/app/edge/v1/token/refreshes_controller_test.rb:404:in 'Sign::App::Edge::V1::Token::RefreshesControllerTest#csrf_token'
    test/controllers/sign/app/edge/v1/token/refreshes_controller_test.rb:391:in 'Sign::App::Edge::V1::Token::RefreshesControllerTest#json_headers'
    test/controllers/sign/app/edge/v1/token/refreshes_controller_test.rb:157:in 'block in <class:RefreshesControllerTest>'
    test/support/i18n_locale_reset.rb:11:in 'block in ActiveSupport::TestCase#run'
    test/support/i18n_locale_reset.rb:10:in 'ActiveSupport::TestCase#run'

bin/rails test test/controllers/sign/app/edge/v1/token/refreshes_controller_test.rb:148

E

Error:
Sign::App::Edge::V1::Token::RefreshesControllerTest#test_GET_check_without_access_token_returns_401:
NameError: uninitialized constant Preference::Core::CookieOptions
    app/controllers/concerns/preference/base.rb:1096:in 'Preference::Base#preference_cookie_options'
    app/controllers/concerns/preference/base.rb:378:in 'Preference::Base#write_preference_cookie'
    app/controllers/concerns/preference/global.rb:196:in 'Preference::Global#set_locale'
    app/middleware/core/surface_middleware.rb:12:in 'Core::SurfaceMiddleware#call'
    test/controllers/sign/app/edge/v1/token/refreshes_controller_test.rb:115:in 'block in <class:RefreshesControllerTest>'
    test/support/i18n_locale_reset.rb:11:in 'block in ActiveSupport::TestCase#run'
    test/support/i18n_locale_reset.rb:10:in 'ActiveSupport::TestCase#run'

bin/rails test test/controllers/sign/app/edge/v1/token/refreshes_controller_test.rb:114

E

Error:
Sign::App::Edge::V1::Token::RefreshesControllerTest#test_GET_check_with_valid_access_token_from_refresh_returns_200:
NameError: uninitialized constant Preference::Core::CookieOptions
    app/controllers/concerns/preference/base.rb:1096:in 'Preference::Base#preference_cookie_options'
    app/controllers/concerns/preference/base.rb:971:in 'Preference::Base#preference_auth_cookie_options'
    app/controllers/concerns/preference/base.rb:940:in 'Preference::Base#set_refresh_token_cookie'
    app/controllers/concerns/preference/base.rb:762:in 'Preference::Base#create_new_preference_record!'
    app/controllers/concerns/preference/base.rb:721:in 'Preference::Base#load_preference_record_from_refresh_token!'
    app/controllers/concerns/preference/base.rb:217:in 'Preference::Base#set_preferences_cookie'
    app/middleware/core/surface_middleware.rb:12:in 'Core::SurfaceMiddleware#call'
    test/controllers/sign/app/edge/v1/token/refreshes_controller_test.rb:404:in 'Sign::App::Edge::V1::Token::RefreshesControllerTest#csrf_token'
    test/controllers/sign/app/edge/v1/token/refreshes_controller_test.rb:391:in 'Sign::App::Edge::V1::Token::RefreshesControllerTest#json_headers'
    test/controllers/sign/app/edge/v1/token/refreshes_controller_test.rb:55:in 'block in <class:RefreshesControllerTest>'
    test/support/i18n_locale_reset.rb:11:in 'block in ActiveSupport::TestCase#run'
    test/support/i18n_locale_reset.rb:10:in 'ActiveSupport::TestCase#run'

bin/rails test test/controllers/sign/app/edge/v1/token/refreshes_controller_test.rb:46

E

Error:
Sign::App::Edge::V1::Token::RefreshesControllerTest#test_POST_refresh_denies_when_header_and_cookie_device_id_mismatch:
NameError: uninitialized constant Preference::Core::CookieOptions
    app/controllers/concerns/preference/base.rb:1096:in 'Preference::Base#preference_cookie_options'
    app/controllers/concerns/preference/base.rb:971:in 'Preference::Base#preference_auth_cookie_options'
    app/controllers/concerns/preference/base.rb:940:in 'Preference::Base#set_refresh_token_cookie'
    app/controllers/concerns/preference/base.rb:762:in 'Preference::Base#create_new_preference_record!'
    app/controllers/concerns/preference/base.rb:721:in 'Preference::Base#load_preference_record_from_refresh_token!'
    app/controllers/concerns/preference/base.rb:217:in 'Preference::Base#set_preferences_cookie'
    app/middleware/core/surface_middleware.rb:12:in 'Core::SurfaceMiddleware#call'
    test/controllers/sign/app/edge/v1/token/refreshes_controller_test.rb:404:in 'Sign::App::Edge::V1::Token::RefreshesControllerTest#csrf_token'
    test/controllers/sign/app/edge/v1/token/refreshes_controller_test.rb:391:in 'Sign::App::Edge::V1::Token::RefreshesControllerTest#json_headers'
    test/controllers/sign/app/edge/v1/token/refreshes_controller_test.rb:286:in 'block in <class:RefreshesControllerTest>'
    test/support/i18n_locale_reset.rb:11:in 'block in ActiveSupport::TestCase#run'
    test/support/i18n_locale_reset.rb:10:in 'ActiveSupport::TestCase#run'

bin/rails test test/controllers/sign/app/edge/v1/token/refreshes_controller_test.rb:280

E

Error:
Sign::App::Edge::V1::Token::RefreshesControllerTest#test_POST_refresh_denies_when_device_id_missing_and_writes_occurrence:
NameError: uninitialized constant Preference::Core::CookieOptions
    app/controllers/concerns/preference/base.rb:1096:in 'Preference::Base#preference_cookie_options'
    app/controllers/concerns/preference/base.rb:971:in 'Preference::Base#preference_auth_cookie_options'
    app/controllers/concerns/preference/base.rb:940:in 'Preference::Base#set_refresh_token_cookie'
    app/controllers/concerns/preference/base.rb:762:in 'Preference::Base#create_new_preference_record!'
    app/controllers/concerns/preference/base.rb:721:in 'Preference::Base#load_preference_record_from_refresh_token!'
    app/controllers/concerns/preference/base.rb:217:in 'Preference::Base#set_preferences_cookie'
    app/middleware/core/surface_middleware.rb:12:in 'Core::SurfaceMiddleware#call'
    test/controllers/sign/app/edge/v1/token/refreshes_controller_test.rb:404:in 'Sign::App::Edge::V1::Token::RefreshesControllerTest#csrf_token'
    test/controllers/sign/app/edge/v1/token/refreshes_controller_test.rb:391:in 'Sign::App::Edge::V1::Token::RefreshesControllerTest#json_headers'
    test/controllers/sign/app/edge/v1/token/refreshes_controller_test.rb:268:in 'block in <class:RefreshesControllerTest>'
    test/support/i18n_locale_reset.rb:11:in 'block in ActiveSupport::TestCase#run'
    test/support/i18n_locale_reset.rb:10:in 'ActiveSupport::TestCase#run'

bin/rails test test/controllers/sign/app/edge/v1/token/refreshes_controller_test.rb:262

E

Error:
Sign::App::Edge::V1::Token::RefreshesControllerTest#test_access_cookie_uses_correct_TTL:
NameError: uninitialized constant Preference::Core::CookieOptions
    app/controllers/concerns/preference/base.rb:1096:in 'Preference::Base#preference_cookie_options'
    app/controllers/concerns/preference/base.rb:971:in 'Preference::Base#preference_auth_cookie_options'
    app/controllers/concerns/preference/base.rb:940:in 'Preference::Base#set_refresh_token_cookie'
    app/controllers/concerns/preference/base.rb:762:in 'Preference::Base#create_new_preference_record!'
    app/controllers/concerns/preference/base.rb:721:in 'Preference::Base#load_preference_record_from_refresh_token!'
    app/controllers/concerns/preference/base.rb:217:in 'Preference::Base#set_preferences_cookie'
    app/middleware/core/surface_middleware.rb:12:in 'Core::SurfaceMiddleware#call'
    test/controllers/sign/app/edge/v1/token/refreshes_controller_test.rb:404:in 'Sign::App::Edge::V1::Token::RefreshesControllerTest#csrf_token'
    test/controllers/sign/app/edge/v1/token/refreshes_controller_test.rb:391:in 'Sign::App::Edge::V1::Token::RefreshesControllerTest#json_headers'
    test/controllers/sign/app/edge/v1/token/refreshes_controller_test.rb:215:in 'block (2 levels) in <class:RefreshesControllerTest>'
    test/controllers/sign/app/edge/v1/token/refreshes_controller_test.rb:213:in 'block in <class:RefreshesControllerTest>'
    test/support/i18n_locale_reset.rb:11:in 'block in ActiveSupport::TestCase#run'
    test/support/i18n_locale_reset.rb:10:in 'ActiveSupport::TestCase#run'

bin/rails test test/controllers/sign/app/edge/v1/token/refreshes_controller_test.rb:206

E

Error:
Sign::App::Edge::V1::Token::RefreshesControllerTest#test_POST_refresh_rejects_deactivated_user_even_with_valid_refresh_token:
NameError: uninitialized constant Preference::Core::CookieOptions
    app/controllers/concerns/preference/base.rb:1096:in 'Preference::Base#preference_cookie_options'
    app/controllers/concerns/preference/base.rb:971:in 'Preference::Base#preference_auth_cookie_options'
    app/controllers/concerns/preference/base.rb:940:in 'Preference::Base#set_refresh_token_cookie'
    app/controllers/concerns/preference/base.rb:762:in 'Preference::Base#create_new_preference_record!'
    app/controllers/concerns/preference/base.rb:721:in 'Preference::Base#load_preference_record_from_refresh_token!'
    app/controllers/concerns/preference/base.rb:217:in 'Preference::Base#set_preferences_cookie'
    app/middleware/core/surface_middleware.rb:12:in 'Core::SurfaceMiddleware#call'
    test/controllers/sign/app/edge/v1/token/refreshes_controller_test.rb:404:in 'Sign::App::Edge::V1::Token::RefreshesControllerTest#csrf_token'
    test/controllers/sign/app/edge/v1/token/refreshes_controller_test.rb:391:in 'Sign::App::Edge::V1::Token::RefreshesControllerTest#json_headers'
    test/controllers/sign/app/edge/v1/token/refreshes_controller_test.rb:253:in 'block in <class:RefreshesControllerTest>'
    test/support/i18n_locale_reset.rb:11:in 'block in ActiveSupport::TestCase#run'
    test/support/i18n_locale_reset.rb:10:in 'ActiveSupport::TestCase#run'

bin/rails test test/controllers/sign/app/edge/v1/token/refreshes_controller_test.rb:245

E

Error:
Sign::App::Edge::V1::Token::RefreshesControllerTest#test_POST_refresh_with_old_refresh_token_after_rotation_returns_401:
NameError: uninitialized constant Preference::Core::CookieOptions
    app/controllers/concerns/preference/base.rb:1096:in 'Preference::Base#preference_cookie_options'
    app/controllers/concerns/preference/base.rb:971:in 'Preference::Base#preference_auth_cookie_options'
    app/controllers/concerns/preference/base.rb:940:in 'Preference::Base#set_refresh_token_cookie'
    app/controllers/concerns/preference/base.rb:762:in 'Preference::Base#create_new_preference_record!'
    app/controllers/concerns/preference/base.rb:721:in 'Preference::Base#load_preference_record_from_refresh_token!'
    app/controllers/concerns/preference/base.rb:217:in 'Preference::Base#set_preferences_cookie'
    app/middleware/core/surface_middleware.rb:12:in 'Core::SurfaceMiddleware#call'
    test/controllers/sign/app/edge/v1/token/refreshes_controller_test.rb:404:in 'Sign::App::Edge::V1::Token::RefreshesControllerTest#csrf_token'
    test/controllers/sign/app/edge/v1/token/refreshes_controller_test.rb:391:in 'Sign::App::Edge::V1::Token::RefreshesControllerTest#json_headers'
    test/controllers/sign/app/edge/v1/token/refreshes_controller_test.rb:84:in 'block in <class:RefreshesControllerTest>'
    test/support/i18n_locale_reset.rb:11:in 'block in ActiveSupport::TestCase#run'
    test/support/i18n_locale_reset.rb:10:in 'ActiveSupport::TestCase#run'

bin/rails test test/controllers/sign/app/edge/v1/token/refreshes_controller_test.rb:76

E

Error:
Sign::App::Edge::V1::Token::RefreshesControllerTest#test_POST_refresh_with_valid_refresh_token_sets_both_access_and_refresh_cookies:
NameError: uninitialized constant Preference::Core::CookieOptions
    app/controllers/concerns/preference/base.rb:1096:in 'Preference::Base#preference_cookie_options'
    app/controllers/concerns/preference/base.rb:971:in 'Preference::Base#preference_auth_cookie_options'
    app/controllers/concerns/preference/base.rb:940:in 'Preference::Base#set_refresh_token_cookie'
    app/controllers/concerns/preference/base.rb:762:in 'Preference::Base#create_new_preference_record!'
    app/controllers/concerns/preference/base.rb:721:in 'Preference::Base#load_preference_record_from_refresh_token!'
    app/controllers/concerns/preference/base.rb:217:in 'Preference::Base#set_preferences_cookie'
    app/middleware/core/surface_middleware.rb:12:in 'Core::SurfaceMiddleware#call'
    test/controllers/sign/app/edge/v1/token/refreshes_controller_test.rb:404:in 'Sign::App::Edge::V1::Token::RefreshesControllerTest#csrf_token'
    test/controllers/sign/app/edge/v1/token/refreshes_controller_test.rb:391:in 'Sign::App::Edge::V1::Token::RefreshesControllerTest#json_headers'
    test/controllers/sign/app/edge/v1/token/refreshes_controller_test.rb:23:in 'block in <class:RefreshesControllerTest>'
    test/support/i18n_locale_reset.rb:11:in 'block in ActiveSupport::TestCase#run'
    test/support/i18n_locale_reset.rb:10:in 'ActiveSupport::TestCase#run'

bin/rails test test/controllers/sign/app/edge/v1/token/refreshes_controller_test.rb:15

....E

Error:
Sign::App::Configuration::PasskeysControllerTest#test_verification_fails_on_WebAuthn_error:
NameError: uninitialized constant Preference::Core::CookieOptions
    app/controllers/concerns/preference/base.rb:1096:in 'Preference::Base#preference_cookie_options'
    app/controllers/concerns/preference/base.rb:971:in 'Preference::Base#preference_auth_cookie_options'
    app/controllers/concerns/preference/base.rb:940:in 'Preference::Base#set_refresh_token_cookie'
    app/controllers/concerns/preference/base.rb:762:in 'Preference::Base#create_new_preference_record!'
    app/controllers/concerns/preference/base.rb:721:in 'Preference::Base#load_preference_record_from_refresh_token!'
    app/controllers/concerns/preference/base.rb:217:in 'Preference::Base#set_preferences_cookie'
    app/middleware/core/surface_middleware.rb:12:in 'Core::SurfaceMiddleware#call'
    test/controllers/sign/app/configuration/passkeys_controller_test.rb:206:in 'block in <class:PasskeysControllerTest>'
    test/support/i18n_locale_reset.rb:11:in 'block in ActiveSupport::TestCase#run'
    test/support/i18n_locale_reset.rb:10:in 'ActiveSupport::TestCase#run'

bin/rails test test/controllers/sign/app/configuration/passkeys_controller_test.rb:204

E

Error:
Sign::App::Configuration::PasskeysControllerTest#test_verification_creates_passkey_on_success:
NameError: uninitialized constant Preference::Core::CookieOptions
    app/controllers/concerns/preference/base.rb:1096:in 'Preference::Base#preference_cookie_options'
    app/controllers/concerns/preference/base.rb:971:in 'Preference::Base#preference_auth_cookie_options'
    app/controllers/concerns/preference/base.rb:940:in 'Preference::Base#set_refresh_token_cookie'
    app/controllers/concerns/preference/base.rb:762:in 'Preference::Base#create_new_preference_record!'
    app/controllers/concerns/preference/base.rb:721:in 'Preference::Base#load_preference_record_from_refresh_token!'
    app/controllers/concerns/preference/base.rb:217:in 'Preference::Base#set_preferences_cookie'
    app/middleware/core/surface_middleware.rb:12:in 'Core::SurfaceMiddleware#call'
    test/controllers/sign/app/configuration/passkeys_controller_test.rb:138:in 'block in <class:PasskeysControllerTest>'
    test/support/i18n_locale_reset.rb:11:in 'block in ActiveSupport::TestCase#run'
    test/support/i18n_locale_reset.rb:10:in 'ActiveSupport::TestCase#run'

bin/rails test test/controllers/sign/app/configuration/passkeys_controller_test.rb:135

E

Error:
Sign::App::Configuration::PasskeysControllerTest#test_options_returns_challenge_and_options:
NameError: uninitialized constant Preference::Core::CookieOptions
    app/controllers/concerns/preference/base.rb:1096:in 'Preference::Base#preference_cookie_options'
    app/controllers/concerns/preference/base.rb:971:in 'Preference::Base#preference_auth_cookie_options'
    app/controllers/concerns/preference/base.rb:940:in 'Preference::Base#set_refresh_token_cookie'
    app/controllers/concerns/preference/base.rb:762:in 'Preference::Base#create_new_preference_record!'
    app/controllers/concerns/preference/base.rb:721:in 'Preference::Base#load_preference_record_from_refresh_token!'
    app/controllers/concerns/preference/base.rb:217:in 'Preference::Base#set_preferences_cookie'
    app/middleware/core/surface_middleware.rb:12:in 'Core::SurfaceMiddleware#call'
    test/controllers/sign/app/configuration/passkeys_controller_test.rb:54:in 'block in <class:PasskeysControllerTest>'
    test/support/i18n_locale_reset.rb:11:in 'block in ActiveSupport::TestCase#run'
    test/support/i18n_locale_reset.rb:10:in 'ActiveSupport::TestCase#run'

bin/rails test test/controllers/sign/app/configuration/passkeys_controller_test.rb:53

E

Error:
Sign::App::Configuration::PasskeysControllerTest#test_index_uses_public_id_in_edit_link:
NameError: uninitialized constant Preference::Core::CookieOptions
    app/controllers/concerns/preference/base.rb:1096:in 'Preference::Base#preference_cookie_options'
    app/controllers/concerns/preference/base.rb:971:in 'Preference::Base#preference_auth_cookie_options'
    app/controllers/concerns/preference/base.rb:940:in 'Preference::Base#set_refresh_token_cookie'
    app/controllers/concerns/preference/base.rb:762:in 'Preference::Base#create_new_preference_record!'
    app/controllers/concerns/preference/base.rb:721:in 'Preference::Base#load_preference_record_from_refresh_token!'
    app/controllers/concerns/preference/base.rb:217:in 'Preference::Base#set_preferences_cookie'
    app/middleware/core/surface_middleware.rb:12:in 'Core::SurfaceMiddleware#call'
    test/controllers/sign/app/configuration/passkeys_controller_test.rb:396:in 'block in <class:PasskeysControllerTest>'
    test/support/i18n_locale_reset.rb:11:in 'block in ActiveSupport::TestCase#run'
    test/support/i18n_locale_reset.rb:10:in 'ActiveSupport::TestCase#run'

bin/rails test test/controllers/sign/app/configuration/passkeys_controller_test.rb:395

E

Error:
Sign::App::Configuration::PasskeysControllerTest#test_should_destroy_with_public_id:
NameError: uninitialized constant Preference::Core::CookieOptions
    app/controllers/concerns/preference/base.rb:1096:in 'Preference::Base#preference_cookie_options'
    app/controllers/concerns/preference/base.rb:971:in 'Preference::Base#preference_auth_cookie_options'
    app/controllers/concerns/preference/base.rb:940:in 'Preference::Base#set_refresh_token_cookie'
    app/controllers/concerns/preference/base.rb:762:in 'Preference::Base#create_new_preference_record!'
    app/controllers/concerns/preference/base.rb:721:in 'Preference::Base#load_preference_record_from_refresh_token!'
    app/controllers/concerns/preference/base.rb:217:in 'Preference::Base#set_preferences_cookie'
    app/middleware/core/surface_middleware.rb:12:in 'Core::SurfaceMiddleware#call'
    test/controllers/sign/app/configuration/passkeys_controller_test.rb:311:in 'block (2 levels) in <class:PasskeysControllerTest>'
    test/controllers/sign/app/configuration/passkeys_controller_test.rb:310:in 'block in <class:PasskeysControllerTest>'
    test/support/i18n_locale_reset.rb:11:in 'block in ActiveSupport::TestCase#run'
    test/support/i18n_locale_reset.rb:10:in 'ActiveSupport::TestCase#run'

bin/rails test test/controllers/sign/app/configuration/passkeys_controller_test.rb:301

E

Error:
Sign::App::Configuration::PasskeysControllerTest#test_verification_fails_with_unknown_challenge:
NameError: uninitialized constant Preference::Core::CookieOptions
    app/controllers/concerns/preference/base.rb:1096:in 'Preference::Base#preference_cookie_options'
    app/controllers/concerns/preference/base.rb:971:in 'Preference::Base#preference_auth_cookie_options'
    app/controllers/concerns/preference/base.rb:940:in 'Preference::Base#set_refresh_token_cookie'
    app/controllers/concerns/preference/base.rb:762:in 'Preference::Base#create_new_preference_record!'
    app/controllers/concerns/preference/base.rb:721:in 'Preference::Base#load_preference_record_from_refresh_token!'
    app/controllers/concerns/preference/base.rb:217:in 'Preference::Base#set_preferences_cookie'
    app/middleware/core/surface_middleware.rb:12:in 'Core::SurfaceMiddleware#call'
    test/controllers/sign/app/configuration/passkeys_controller_test.rb:128:in 'block in <class:PasskeysControllerTest>'
    test/support/i18n_locale_reset.rb:11:in 'block in ActiveSupport::TestCase#run'
    test/support/i18n_locale_reset.rb:10:in 'ActiveSupport::TestCase#run'

bin/rails test test/controllers/sign/app/configuration/passkeys_controller_test.rb:123

E

Error:
Sign::App::Configuration::PasskeysControllerTest#test_should_get_edit_with_public_id:
NameError: uninitialized constant Preference::Core::CookieOptions
    app/controllers/concerns/preference/base.rb:1096:in 'Preference::Base#preference_cookie_options'
    app/controllers/concerns/preference/base.rb:971:in 'Preference::Base#preference_auth_cookie_options'
    app/controllers/concerns/preference/base.rb:940:in 'Preference::Base#set_refresh_token_cookie'
    app/controllers/concerns/preference/base.rb:762:in 'Preference::Base#create_new_preference_record!'
    app/controllers/concerns/preference/base.rb:721:in 'Preference::Base#load_preference_record_from_refresh_token!'
    app/controllers/concerns/preference/base.rb:217:in 'Preference::Base#set_preferences_cookie'
    app/middleware/core/surface_middleware.rb:12:in 'Core::SurfaceMiddleware#call'
    test/controllers/sign/app/configuration/passkeys_controller_test.rb:288:in 'block in <class:PasskeysControllerTest>'
    test/support/i18n_locale_reset.rb:11:in 'block in ActiveSupport::TestCase#run'
    test/support/i18n_locale_reset.rb:10:in 'ActiveSupport::TestCase#run'

bin/rails test test/controllers/sign/app/configuration/passkeys_controller_test.rb:287

E

Error:
Sign::App::Configuration::PasskeysControllerTest#test_allows_deleting_last_passkey_when_verified_email_exists:
NameError: uninitialized constant Preference::Core::CookieOptions
    app/controllers/concerns/preference/base.rb:1096:in 'Preference::Base#preference_cookie_options'
    app/controllers/concerns/preference/base.rb:971:in 'Preference::Base#preference_auth_cookie_options'
    app/controllers/concerns/preference/base.rb:940:in 'Preference::Base#set_refresh_token_cookie'
    app/controllers/concerns/preference/base.rb:762:in 'Preference::Base#create_new_preference_record!'
    app/controllers/concerns/preference/base.rb:721:in 'Preference::Base#load_preference_record_from_refresh_token!'
    app/controllers/concerns/preference/base.rb:217:in 'Preference::Base#set_preferences_cookie'
    app/middleware/core/surface_middleware.rb:12:in 'Core::SurfaceMiddleware#call'
    test/controllers/sign/app/configuration/passkeys_controller_test.rb:334:in 'block (2 levels) in <class:PasskeysControllerTest>'
    test/controllers/sign/app/configuration/passkeys_controller_test.rb:333:in 'block in <class:PasskeysControllerTest>'
    test/support/i18n_locale_reset.rb:11:in 'block in ActiveSupport::TestCase#run'
    test/support/i18n_locale_reset.rb:10:in 'ActiveSupport::TestCase#run'

bin/rails test test/controllers/sign/app/configuration/passkeys_controller_test.rb:317

E

Error:
Sign::App::Configuration::PasskeysControllerTest#test_should_get_new:
NameError: uninitialized constant Preference::Core::CookieOptions
    app/controllers/concerns/preference/base.rb:1096:in 'Preference::Base#preference_cookie_options'
    app/controllers/concerns/preference/base.rb:971:in 'Preference::Base#preference_auth_cookie_options'
    app/controllers/concerns/preference/base.rb:940:in 'Preference::Base#set_refresh_token_cookie'
    app/controllers/concerns/preference/base.rb:762:in 'Preference::Base#create_new_preference_record!'
    app/controllers/concerns/preference/base.rb:721:in 'Preference::Base#load_preference_record_from_refresh_token!'
    app/controllers/concerns/preference/base.rb:217:in 'Preference::Base#set_preferences_cookie'
    app/middleware/core/surface_middleware.rb:12:in 'Core::SurfaceMiddleware#call'
    test/controllers/sign/app/configuration/passkeys_controller_test.rb:244:in 'block in <class:PasskeysControllerTest>'
    test/support/i18n_locale_reset.rb:11:in 'block in ActiveSupport::TestCase#run'
    test/support/i18n_locale_reset.rb:10:in 'ActiveSupport::TestCase#run'

bin/rails test test/controllers/sign/app/configuration/passkeys_controller_test.rb:243

E

Error:
Sign::App::Configuration::PasskeysControllerTest#test_should_show_up_link_on_index_page:
NameError: uninitialized constant Preference::Core::CookieOptions
    app/controllers/concerns/preference/base.rb:1096:in 'Preference::Base#preference_cookie_options'
    app/controllers/concerns/preference/base.rb:971:in 'Preference::Base#preference_auth_cookie_options'
    app/controllers/concerns/preference/base.rb:940:in 'Preference::Base#set_refresh_token_cookie'
    app/controllers/concerns/preference/base.rb:762:in 'Preference::Base#create_new_preference_record!'
    app/controllers/concerns/preference/base.rb:721:in 'Preference::Base#load_preference_record_from_refresh_token!'
    app/controllers/concerns/preference/base.rb:217:in 'Preference::Base#set_preferences_cookie'
    app/middleware/core/surface_middleware.rb:12:in 'Core::SurfaceMiddleware#call'
    test/controllers/sign/app/configuration/passkeys_controller_test.rb:237:in 'block in <class:PasskeysControllerTest>'
    test/support/i18n_locale_reset.rb:11:in 'block in ActiveSupport::TestCase#run'
    test/support/i18n_locale_reset.rb:10:in 'ActiveSupport::TestCase#run'

bin/rails test test/controllers/sign/app/configuration/passkeys_controller_test.rb:236

E

Error:
Sign::App::Configuration::PasskeysControllerTest#test_options_returns_valid_Base64URL_encoded_values:
NameError: uninitialized constant Preference::Core::CookieOptions
    app/controllers/concerns/preference/base.rb:1096:in 'Preference::Base#preference_cookie_options'
    app/controllers/concerns/preference/base.rb:971:in 'Preference::Base#preference_auth_cookie_options'
    app/controllers/concerns/preference/base.rb:940:in 'Preference::Base#set_refresh_token_cookie'
    app/controllers/concerns/preference/base.rb:762:in 'Preference::Base#create_new_preference_record!'
    app/controllers/concerns/preference/base.rb:721:in 'Preference::Base#load_preference_record_from_refresh_token!'
    app/controllers/concerns/preference/base.rb:217:in 'Preference::Base#set_preferences_cookie'
    app/middleware/core/surface_middleware.rb:12:in 'Core::SurfaceMiddleware#call'
    test/controllers/sign/app/configuration/passkeys_controller_test.rb:79:in 'block in <class:PasskeysControllerTest>'
    test/support/i18n_locale_reset.rb:11:in 'block in ActiveSupport::TestCase#run'
    test/support/i18n_locale_reset.rb:10:in 'ActiveSupport::TestCase#run'

bin/rails test test/controllers/sign/app/configuration/passkeys_controller_test.rb:78

E

Error:
Sign::App::Configuration::PasskeysControllerTest#test_verification_rejects_duplicate_webauthn_id:
NameError: uninitialized constant Preference::Core::CookieOptions
    app/controllers/concerns/preference/base.rb:1096:in 'Preference::Base#preference_cookie_options'
    app/controllers/concerns/preference/base.rb:971:in 'Preference::Base#preference_auth_cookie_options'
    app/controllers/concerns/preference/base.rb:940:in 'Preference::Base#set_refresh_token_cookie'
    app/controllers/concerns/preference/base.rb:762:in 'Preference::Base#create_new_preference_record!'
    app/controllers/concerns/preference/base.rb:721:in 'Preference::Base#load_preference_record_from_refresh_token!'
    app/controllers/concerns/preference/base.rb:217:in 'Preference::Base#set_preferences_cookie'
    app/middleware/core/surface_middleware.rb:12:in 'Core::SurfaceMiddleware#call'
    test/controllers/sign/app/configuration/passkeys_controller_test.rb:173:in 'block in <class:PasskeysControllerTest>'
    test/support/i18n_locale_reset.rb:11:in 'block in ActiveSupport::TestCase#run'
    test/support/i18n_locale_reset.rb:10:in 'ActiveSupport::TestCase#run'

bin/rails test test/controllers/sign/app/configuration/passkeys_controller_test.rb:172

E

Error:
Sign::App::Configuration::PasskeysControllerTest#test_create_returns_unprocessable_entity_plain_message_when_user_has_no_verified_recovery_identity:
NameError: uninitialized constant Preference::Core::CookieOptions
    app/controllers/concerns/preference/base.rb:1096:in 'Preference::Base#preference_cookie_options'
    app/controllers/concerns/preference/base.rb:971:in 'Preference::Base#preference_auth_cookie_options'
    app/controllers/concerns/preference/base.rb:940:in 'Preference::Base#set_refresh_token_cookie'
    app/controllers/concerns/preference/base.rb:762:in 'Preference::Base#create_new_preference_record!'
    app/controllers/concerns/preference/base.rb:721:in 'Preference::Base#load_preference_record_from_refresh_token!'
    app/controllers/concerns/preference/base.rb:217:in 'Preference::Base#set_preferences_cookie'
    app/middleware/core/surface_middleware.rb:12:in 'Core::SurfaceMiddleware#call'
    test/controllers/sign/app/configuration/passkeys_controller_test.rb:271:in 'block (2 levels) in <class:PasskeysControllerTest>'
    test/controllers/sign/app/configuration/passkeys_controller_test.rb:270:in 'block in <class:PasskeysControllerTest>'
    test/support/i18n_locale_reset.rb:11:in 'block in ActiveSupport::TestCase#run'
    test/support/i18n_locale_reset.rb:10:in 'ActiveSupport::TestCase#run'

bin/rails test test/controllers/sign/app/configuration/passkeys_controller_test.rb:266

E

Error:
Sign::App::Configuration::PasskeysControllerTest#test_blocks_deleting_last_passkey_when_only_secret_remains:
NameError: uninitialized constant Preference::Core::CookieOptions
    app/controllers/concerns/preference/base.rb:1096:in 'Preference::Base#preference_cookie_options'
    app/controllers/concerns/preference/base.rb:971:in 'Preference::Base#preference_auth_cookie_options'
    app/controllers/concerns/preference/base.rb:940:in 'Preference::Base#set_refresh_token_cookie'
    app/controllers/concerns/preference/base.rb:762:in 'Preference::Base#create_new_preference_record!'
    app/controllers/concerns/preference/base.rb:721:in 'Preference::Base#load_preference_record_from_refresh_token!'
    app/controllers/concerns/preference/base.rb:217:in 'Preference::Base#set_preferences_cookie'
    app/middleware/core/surface_middleware.rb:12:in 'Core::SurfaceMiddleware#call'
    test/controllers/sign/app/configuration/passkeys_controller_test.rb:374:in 'block (2 levels) in <class:PasskeysControllerTest>'
    test/controllers/sign/app/configuration/passkeys_controller_test.rb:373:in 'block in <class:PasskeysControllerTest>'
    test/support/i18n_locale_reset.rb:11:in 'block in ActiveSupport::TestCase#run'
    test/support/i18n_locale_reset.rb:10:in 'ActiveSupport::TestCase#run'

bin/rails test test/controllers/sign/app/configuration/passkeys_controller_test.rb:340

.E

Error:
Sign::App::Configuration::PasskeysControllerTest#test_new_returns_forbidden_plain_message_when_user_has_no_verified_recovery_identity:
NameError: uninitialized constant Preference::Core::CookieOptions
    app/controllers/concerns/preference/base.rb:1096:in 'Preference::Base#preference_cookie_options'
    app/controllers/concerns/preference/base.rb:971:in 'Preference::Base#preference_auth_cookie_options'
    app/controllers/concerns/preference/base.rb:940:in 'Preference::Base#set_refresh_token_cookie'
    app/controllers/concerns/preference/base.rb:762:in 'Preference::Base#create_new_preference_record!'
    app/controllers/concerns/preference/base.rb:721:in 'Preference::Base#load_preference_record_from_refresh_token!'
    app/controllers/concerns/preference/base.rb:217:in 'Preference::Base#set_preferences_cookie'
    app/middleware/core/surface_middleware.rb:12:in 'Core::SurfaceMiddleware#call'
    test/controllers/sign/app/configuration/passkeys_controller_test.rb:260:in 'block in <class:PasskeysControllerTest>'
    test/support/i18n_locale_reset.rb:11:in 'block in ActiveSupport::TestCase#run'
    test/support/i18n_locale_reset.rb:10:in 'ActiveSupport::TestCase#run'

bin/rails test test/controllers/sign/app/configuration/passkeys_controller_test.rb:248

E

Error:
Sign::App::Configuration::PasskeysControllerTest#test_should_update_description_with_public_id:
NameError: uninitialized constant Preference::Core::CookieOptions
    app/controllers/concerns/preference/base.rb:1096:in 'Preference::Base#preference_cookie_options'
    app/controllers/concerns/preference/base.rb:971:in 'Preference::Base#preference_auth_cookie_options'
    app/controllers/concerns/preference/base.rb:940:in 'Preference::Base#set_refresh_token_cookie'
    app/controllers/concerns/preference/base.rb:762:in 'Preference::Base#create_new_preference_record!'
    app/controllers/concerns/preference/base.rb:721:in 'Preference::Base#load_preference_record_from_refresh_token!'
    app/controllers/concerns/preference/base.rb:217:in 'Preference::Base#set_preferences_cookie'
    app/middleware/core/surface_middleware.rb:12:in 'Core::SurfaceMiddleware#call'
    test/controllers/sign/app/configuration/passkeys_controller_test.rb:293:in 'block in <class:PasskeysControllerTest>'
    test/support/i18n_locale_reset.rb:11:in 'block in ActiveSupport::TestCase#run'
    test/support/i18n_locale_reset.rb:10:in 'ActiveSupport::TestCase#run'

bin/rails test test/controllers/sign/app/configuration/passkeys_controller_test.rb:292

E

Error:
Sign::App::Configuration::PasskeysControllerTest#test_options_rejects_untrusted_origin:
NameError: uninitialized constant Preference::Core::CookieOptions
    app/controllers/concerns/preference/base.rb:1096:in 'Preference::Base#preference_cookie_options'
    app/controllers/concerns/preference/base.rb:971:in 'Preference::Base#preference_auth_cookie_options'
    app/controllers/concerns/preference/base.rb:940:in 'Preference::Base#set_refresh_token_cookie'
    app/controllers/concerns/preference/base.rb:762:in 'Preference::Base#create_new_preference_record!'
    app/controllers/concerns/preference/base.rb:721:in 'Preference::Base#load_preference_record_from_refresh_token!'
    app/controllers/concerns/preference/base.rb:217:in 'Preference::Base#set_preferences_cookie'
    app/middleware/core/surface_middleware.rb:12:in 'Core::SurfaceMiddleware#call'
    test/controllers/sign/app/configuration/passkeys_controller_test.rb:117:in 'block (2 levels) in <class:PasskeysControllerTest>'
    test/controllers/sign/app/configuration/passkeys_controller_test.rb:116:in 'block in <class:PasskeysControllerTest>'
    test/support/i18n_locale_reset.rb:11:in 'block in ActiveSupport::TestCase#run'
    test/support/i18n_locale_reset.rb:10:in 'ActiveSupport::TestCase#run'

bin/rails test test/controllers/sign/app/configuration/passkeys_controller_test.rb:114

E

Error:
Sign::App::Configuration::PasskeysControllerTest#test_should_404_when_accessing_other_user's_passkey:
NameError: uninitialized constant Preference::Core::CookieOptions
    app/controllers/concerns/preference/base.rb:1096:in 'Preference::Base#preference_cookie_options'
    app/controllers/concerns/preference/base.rb:971:in 'Preference::Base#preference_auth_cookie_options'
    app/controllers/concerns/preference/base.rb:940:in 'Preference::Base#set_refresh_token_cookie'
    app/controllers/concerns/preference/base.rb:762:in 'Preference::Base#create_new_preference_record!'
    app/controllers/concerns/preference/base.rb:721:in 'Preference::Base#load_preference_record_from_refresh_token!'
    app/controllers/concerns/preference/base.rb:217:in 'Preference::Base#set_preferences_cookie'
    app/middleware/core/surface_middleware.rb:12:in 'Core::SurfaceMiddleware#call'
    test/controllers/sign/app/configuration/passkeys_controller_test.rb:391:in 'block in <class:PasskeysControllerTest>'
    test/support/i18n_locale_reset.rb:11:in 'block in ActiveSupport::TestCase#run'
    test/support/i18n_locale_reset.rb:10:in 'ActiveSupport::TestCase#run'

bin/rails test test/controllers/sign/app/configuration/passkeys_controller_test.rb:381

E

Error:
Sign::App::Configuration::PasskeysControllerTest#test_should_get_index:
NameError: uninitialized constant Preference::Core::CookieOptions
    app/controllers/concerns/preference/base.rb:1096:in 'Preference::Base#preference_cookie_options'
    app/controllers/concerns/preference/base.rb:971:in 'Preference::Base#preference_auth_cookie_options'
    app/controllers/concerns/preference/base.rb:940:in 'Preference::Base#set_refresh_token_cookie'
    app/controllers/concerns/preference/base.rb:762:in 'Preference::Base#create_new_preference_record!'
    app/controllers/concerns/preference/base.rb:721:in 'Preference::Base#load_preference_record_from_refresh_token!'
    app/controllers/concerns/preference/base.rb:217:in 'Preference::Base#set_preferences_cookie'
    app/middleware/core/surface_middleware.rb:12:in 'Core::SurfaceMiddleware#call'
    test/controllers/sign/app/configuration/passkeys_controller_test.rb:232:in 'block in <class:PasskeysControllerTest>'
    test/support/i18n_locale_reset.rb:11:in 'block in ActiveSupport::TestCase#run'
    test/support/i18n_locale_reset.rb:10:in 'ActiveSupport::TestCase#run'

bin/rails test test/controllers/sign/app/configuration/passkeys_controller_test.rb:231

E

Error:
Sign::App::Up::EmailsControllerTest#test_does_not_leave_zero_or_null_user_id_in_database:
NameError: uninitialized constant Preference::Core::CookieOptions
    app/controllers/concerns/preference/base.rb:1096:in 'Preference::Base#preference_cookie_options'
    app/controllers/concerns/preference/base.rb:971:in 'Preference::Base#preference_auth_cookie_options'
    app/controllers/concerns/preference/base.rb:940:in 'Preference::Base#set_refresh_token_cookie'
    app/controllers/concerns/preference/base.rb:762:in 'Preference::Base#create_new_preference_record!'
    app/controllers/concerns/preference/base.rb:721:in 'Preference::Base#load_preference_record_from_refresh_token!'
    app/controllers/concerns/preference/base.rb:217:in 'Preference::Base#set_preferences_cookie'
    app/middleware/core/surface_middleware.rb:12:in 'Core::SurfaceMiddleware#call'
    test/controllers/sign/app/up/emails_controller_test.rb:811:in 'block in <class:EmailsControllerTest>'
    test/support/i18n_locale_reset.rb:11:in 'block in ActiveSupport::TestCase#run'
    test/support/i18n_locale_reset.rb:10:in 'ActiveSupport::TestCase#run'

bin/rails test test/controllers/sign/app/up/emails_controller_test.rb:807

E

Error:
Sign::App::Up::EmailsControllerTest#test_new_registration_email_page_renders_Turnstile_widget:
NameError: uninitialized constant Preference::Core::CookieOptions
    app/controllers/concerns/preference/base.rb:1096:in 'Preference::Base#preference_cookie_options'
    app/controllers/concerns/preference/base.rb:971:in 'Preference::Base#preference_auth_cookie_options'
    app/controllers/concerns/preference/base.rb:940:in 'Preference::Base#set_refresh_token_cookie'
    app/controllers/concerns/preference/base.rb:762:in 'Preference::Base#create_new_preference_record!'
    app/controllers/concerns/preference/base.rb:721:in 'Preference::Base#load_preference_record_from_refresh_token!'
    app/controllers/concerns/preference/base.rb:217:in 'Preference::Base#set_preferences_cookie'
    app/middleware/core/surface_middleware.rb:12:in 'Core::SurfaceMiddleware#call'
    test/controllers/sign/app/up/emails_controller_test.rb:463:in 'block in <class:EmailsControllerTest>'
    test/support/i18n_locale_reset.rb:11:in 'block in ActiveSupport::TestCase#run'
    test/support/i18n_locale_reset.rb:10:in 'ActiveSupport::TestCase#run'

bin/rails test test/controllers/sign/app/up/emails_controller_test.rb:462

E

Error:
Sign::App::Up::EmailsControllerTest#test_deletes_email_record_after_max_OTP_attempts:
NameError: uninitialized constant Preference::Core::CookieOptions
    app/controllers/concerns/preference/base.rb:1096:in 'Preference::Base#preference_cookie_options'
    app/controllers/concerns/preference/base.rb:971:in 'Preference::Base#preference_auth_cookie_options'
    app/controllers/concerns/preference/base.rb:940:in 'Preference::Base#set_refresh_token_cookie'
    app/controllers/concerns/preference/base.rb:762:in 'Preference::Base#create_new_preference_record!'
    app/controllers/concerns/preference/base.rb:721:in 'Preference::Base#load_preference_record_from_refresh_token!'
    app/controllers/concerns/preference/base.rb:217:in 'Preference::Base#set_preferences_cookie'
    app/middleware/core/surface_middleware.rb:12:in 'Core::SurfaceMiddleware#call'
    test/controllers/sign/app/up/emails_controller_test.rb:410:in 'block (2 levels) in <class:EmailsControllerTest>'
    test/controllers/sign/app/up/emails_controller_test.rb:409:in 'block in <class:EmailsControllerTest>'
    test/support/i18n_locale_reset.rb:11:in 'block in ActiveSupport::TestCase#run'
    test/support/i18n_locale_reset.rb:10:in 'ActiveSupport::TestCase#run'

bin/rails test test/controllers/sign/app/up/emails_controller_test.rb:405

E

Error:
Sign::App::Up::EmailsControllerTest#test_successful_OTP_verification_creates_user,_audit_log,_and_saves_email_in_transaction:
NameError: uninitialized constant Preference::Core::CookieOptions
    app/controllers/concerns/preference/base.rb:1096:in 'Preference::Base#preference_cookie_options'
    app/controllers/concerns/preference/base.rb:971:in 'Preference::Base#preference_auth_cookie_options'
    app/controllers/concerns/preference/base.rb:940:in 'Preference::Base#set_refresh_token_cookie'
    app/controllers/concerns/preference/base.rb:762:in 'Preference::Base#create_new_preference_record!'
    app/controllers/concerns/preference/base.rb:721:in 'Preference::Base#load_preference_record_from_refresh_token!'
    app/controllers/concerns/preference/base.rb:217:in 'Preference::Base#set_preferences_cookie'
    app/middleware/core/surface_middleware.rb:12:in 'Core::SurfaceMiddleware#call'
    test/controllers/sign/app/up/emails_controller_test.rb:542:in 'block (2 levels) in <class:EmailsControllerTest>'
    test/controllers/sign/app/up/emails_controller_test.rb:541:in 'block in <class:EmailsControllerTest>'
    test/support/i18n_locale_reset.rb:11:in 'block in ActiveSupport::TestCase#run'
    test/support/i18n_locale_reset.rb:10:in 'ActiveSupport::TestCase#run'

bin/rails test test/controllers/sign/app/up/emails_controller_test.rb:537

E

Error:
Sign::App::Up::EmailsControllerTest#test_OTP_data_is_cleared_after_successful_verification:
NameError: uninitialized constant Preference::Core::CookieOptions
    app/controllers/concerns/preference/base.rb:1096:in 'Preference::Base#preference_cookie_options'
    app/controllers/concerns/preference/base.rb:971:in 'Preference::Base#preference_auth_cookie_options'
    app/controllers/concerns/preference/base.rb:940:in 'Preference::Base#set_refresh_token_cookie'
    app/controllers/concerns/preference/base.rb:762:in 'Preference::Base#create_new_preference_record!'
    app/controllers/concerns/preference/base.rb:721:in 'Preference::Base#load_preference_record_from_refresh_token!'
    app/controllers/concerns/preference/base.rb:217:in 'Preference::Base#set_preferences_cookie'
    app/middleware/core/surface_middleware.rb:12:in 'Core::SurfaceMiddleware#call'
    test/controllers/sign/app/up/emails_controller_test.rb:695:in 'block (2 levels) in <class:EmailsControllerTest>'
    test/controllers/sign/app/up/emails_controller_test.rb:694:in 'block in <class:EmailsControllerTest>'
    test/support/i18n_locale_reset.rb:11:in 'block in ActiveSupport::TestCase#run'
    test/support/i18n_locale_reset.rb:10:in 'ActiveSupport::TestCase#run'

bin/rails test test/controllers/sign/app/up/emails_controller_test.rb:690

E

Error:
Sign::App::Up::EmailsControllerTest#test_update_with_blank_code_returns_422_and_renders_edit:
NameError: uninitialized constant Preference::Core::CookieOptions
    app/controllers/concerns/preference/base.rb:1096:in 'Preference::Base#preference_cookie_options'
    app/controllers/concerns/preference/base.rb:971:in 'Preference::Base#preference_auth_cookie_options'
    app/controllers/concerns/preference/base.rb:940:in 'Preference::Base#set_refresh_token_cookie'
    app/controllers/concerns/preference/base.rb:762:in 'Preference::Base#create_new_preference_record!'
    app/controllers/concerns/preference/base.rb:721:in 'Preference::Base#load_preference_record_from_refresh_token!'
    app/controllers/concerns/preference/base.rb:217:in 'Preference::Base#set_preferences_cookie'
    app/middleware/core/surface_middleware.rb:12:in 'Core::SurfaceMiddleware#call'
    test/controllers/sign/app/up/emails_controller_test.rb:341:in 'block (2 levels) in <class:EmailsControllerTest>'
    test/controllers/sign/app/up/emails_controller_test.rb:340:in 'block in <class:EmailsControllerTest>'
    test/support/i18n_locale_reset.rb:11:in 'block in ActiveSupport::TestCase#run'
    test/support/i18n_locale_reset.rb:10:in 'ActiveSupport::TestCase#run'

bin/rails test test/controllers/sign/app/up/emails_controller_test.rb:336

E

Error:
Sign::App::Up::EmailsControllerTest#test_create_with_existing_email_still_redirects_and_does_not_create_a_new_record:
NameError: uninitialized constant Preference::Core::CookieOptions
    app/controllers/concerns/preference/base.rb:1096:in 'Preference::Base#preference_cookie_options'
    app/controllers/concerns/preference/base.rb:971:in 'Preference::Base#preference_auth_cookie_options'
    app/controllers/concerns/preference/base.rb:940:in 'Preference::Base#set_refresh_token_cookie'
    app/controllers/concerns/preference/base.rb:762:in 'Preference::Base#create_new_preference_record!'
    app/controllers/concerns/preference/base.rb:721:in 'Preference::Base#load_preference_record_from_refresh_token!'
    app/controllers/concerns/preference/base.rb:217:in 'Preference::Base#set_preferences_cookie'
    app/middleware/core/surface_middleware.rb:12:in 'Core::SurfaceMiddleware#call'
    test/controllers/sign/app/up/emails_controller_test.rb:158:in 'block (4 levels) in <class:EmailsControllerTest>'
    test/controllers/sign/app/up/emails_controller_test.rb:157:in 'block (3 levels) in <class:EmailsControllerTest>'
    test/controllers/sign/app/up/emails_controller_test.rb:156:in 'block (2 levels) in <class:EmailsControllerTest>'
    test/controllers/sign/app/up/emails_controller_test.rb:155:in 'block in <class:EmailsControllerTest>'
    test/support/i18n_locale_reset.rb:11:in 'block in ActiveSupport::TestCase#run'
    test/support/i18n_locale_reset.rb:10:in 'ActiveSupport::TestCase#run'

bin/rails test test/controllers/sign/app/up/emails_controller_test.rb:146

.E

Error:
Sign::App::Up::EmailsControllerTest#test_update_with_expired_session_redirects_to_new:
NameError: uninitialized constant Preference::Core::CookieOptions
    app/controllers/concerns/preference/base.rb:1096:in 'Preference::Base#preference_cookie_options'
    app/controllers/concerns/preference/base.rb:971:in 'Preference::Base#preference_auth_cookie_options'
    app/controllers/concerns/preference/base.rb:940:in 'Preference::Base#set_refresh_token_cookie'
    app/controllers/concerns/preference/base.rb:762:in 'Preference::Base#create_new_preference_record!'
    app/controllers/concerns/preference/base.rb:721:in 'Preference::Base#load_preference_record_from_refresh_token!'
    app/controllers/concerns/preference/base.rb:217:in 'Preference::Base#set_preferences_cookie'
    app/middleware/core/surface_middleware.rb:12:in 'Core::SurfaceMiddleware#call'
    test/controllers/sign/app/up/emails_controller_test.rb:374:in 'block (2 levels) in <class:EmailsControllerTest>'
    test/controllers/sign/app/up/emails_controller_test.rb:373:in 'block in <class:EmailsControllerTest>'
    test/support/i18n_locale_reset.rb:11:in 'block in ActiveSupport::TestCase#run'
    test/support/i18n_locale_reset.rb:10:in 'ActiveSupport::TestCase#run'

bin/rails test test/controllers/sign/app/up/emails_controller_test.rb:369

E

Error:
Sign::App::Up::EmailsControllerTest#test_creates_pending_user_with_UNVERIFIED_WITH_SIGN_UP_status_during_email_registration:
NameError: uninitialized constant Preference::Core::CookieOptions
    app/controllers/concerns/preference/base.rb:1096:in 'Preference::Base#preference_cookie_options'
    app/controllers/concerns/preference/base.rb:971:in 'Preference::Base#preference_auth_cookie_options'
    app/controllers/concerns/preference/base.rb:940:in 'Preference::Base#set_refresh_token_cookie'
    app/controllers/concerns/preference/base.rb:762:in 'Preference::Base#create_new_preference_record!'
    app/controllers/concerns/preference/base.rb:721:in 'Preference::Base#load_preference_record_from_refresh_token!'
    app/controllers/concerns/preference/base.rb:217:in 'Preference::Base#set_preferences_cookie'
    app/middleware/core/surface_middleware.rb:12:in 'Core::SurfaceMiddleware#call'
    test/controllers/sign/app/up/emails_controller_test.rb:781:in 'block in <class:EmailsControllerTest>'
    test/support/i18n_locale_reset.rb:11:in 'block in ActiveSupport::TestCase#run'
    test/support/i18n_locale_reset.rb:10:in 'ActiveSupport::TestCase#run'

bin/rails test test/controllers/sign/app/up/emails_controller_test.rb:775

E

Error:
Sign::App::Up::EmailsControllerTest#test_includes_navigation_links_to_other_registration_flows:
NameError: uninitialized constant Preference::Core::CookieOptions
    app/controllers/concerns/preference/base.rb:1096:in 'Preference::Base#preference_cookie_options'
    app/controllers/concerns/preference/base.rb:971:in 'Preference::Base#preference_auth_cookie_options'
    app/controllers/concerns/preference/base.rb:940:in 'Preference::Base#set_refresh_token_cookie'
    app/controllers/concerns/preference/base.rb:762:in 'Preference::Base#create_new_preference_record!'
    app/controllers/concerns/preference/base.rb:721:in 'Preference::Base#load_preference_record_from_refresh_token!'
    app/controllers/concerns/preference/base.rb:217:in 'Preference::Base#set_preferences_cookie'
    app/middleware/core/surface_middleware.rb:12:in 'Core::SurfaceMiddleware#call'
    test/controllers/sign/app/up/emails_controller_test.rb:34:in 'block in <class:EmailsControllerTest>'
    test/support/i18n_locale_reset.rb:11:in 'block in ActiveSupport::TestCase#run'
    test/support/i18n_locale_reset.rb:10:in 'ActiveSupport::TestCase#run'

bin/rails test test/controllers/sign/app/up/emails_controller_test.rb:33

E

Error:
Sign::App::Up::EmailsControllerTest#test_redirects_to_encoded_URL_after_successful_registration_when_rd_parameter_is_provided:
NameError: uninitialized constant Preference::Core::CookieOptions
    app/controllers/concerns/preference/base.rb:1096:in 'Preference::Base#preference_cookie_options'
    app/controllers/concerns/preference/base.rb:971:in 'Preference::Base#preference_auth_cookie_options'
    app/controllers/concerns/preference/base.rb:940:in 'Preference::Base#set_refresh_token_cookie'
    app/controllers/concerns/preference/base.rb:762:in 'Preference::Base#create_new_preference_record!'
    app/controllers/concerns/preference/base.rb:721:in 'Preference::Base#load_preference_record_from_refresh_token!'
    app/controllers/concerns/preference/base.rb:217:in 'Preference::Base#set_preferences_cookie'
    app/middleware/core/surface_middleware.rb:12:in 'Core::SurfaceMiddleware#call'
    test/controllers/sign/app/up/emails_controller_test.rb:494:in 'block in <class:EmailsControllerTest>'
    test/support/i18n_locale_reset.rb:11:in 'block in ActiveSupport::TestCase#run'
    test/support/i18n_locale_reset.rb:10:in 'ActiveSupport::TestCase#run'

bin/rails test test/controllers/sign/app/up/emails_controller_test.rb:488

E

Error:
Sign::App::Up::EmailsControllerTest#test_create_returns_429_when_resending_OTP_within_cooldown_for_new_signup:
NameError: uninitialized constant Preference::Core::CookieOptions
    app/controllers/concerns/preference/base.rb:1096:in 'Preference::Base#preference_cookie_options'
    app/controllers/concerns/preference/base.rb:971:in 'Preference::Base#preference_auth_cookie_options'
    app/controllers/concerns/preference/base.rb:940:in 'Preference::Base#set_refresh_token_cookie'
    app/controllers/concerns/preference/base.rb:762:in 'Preference::Base#create_new_preference_record!'
    app/controllers/concerns/preference/base.rb:721:in 'Preference::Base#load_preference_record_from_refresh_token!'
    app/controllers/concerns/preference/base.rb:217:in 'Preference::Base#set_preferences_cookie'
    app/middleware/core/surface_middleware.rb:12:in 'Core::SurfaceMiddleware#call'
    test/controllers/sign/app/up/emails_controller_test.rb:956:in 'block (2 levels) in <class:EmailsControllerTest>'
    test/controllers/sign/app/up/emails_controller_test.rb:955:in 'block in <class:EmailsControllerTest>'
    test/support/i18n_locale_reset.rb:11:in 'block in ActiveSupport::TestCase#run'
    test/support/i18n_locale_reset.rb:10:in 'ActiveSupport::TestCase#run'

bin/rails test test/controllers/sign/app/up/emails_controller_test.rb:951

E

Error:
Sign::App::Up::EmailsControllerTest#test_cooldown_does_not_apply_to_existing_registered_emails:
NameError: uninitialized constant Preference::Core::CookieOptions
    app/controllers/concerns/preference/base.rb:1096:in 'Preference::Base#preference_cookie_options'
    app/controllers/concerns/preference/base.rb:971:in 'Preference::Base#preference_auth_cookie_options'
    app/controllers/concerns/preference/base.rb:940:in 'Preference::Base#set_refresh_token_cookie'
    app/controllers/concerns/preference/base.rb:762:in 'Preference::Base#create_new_preference_record!'
    app/controllers/concerns/preference/base.rb:721:in 'Preference::Base#load_preference_record_from_refresh_token!'
    app/controllers/concerns/preference/base.rb:217:in 'Preference::Base#set_preferences_cookie'
    app/middleware/core/surface_middleware.rb:12:in 'Core::SurfaceMiddleware#call'
    test/controllers/sign/app/up/emails_controller_test.rb:1033:in 'block (2 levels) in <class:EmailsControllerTest>'
    test/controllers/sign/app/up/emails_controller_test.rb:1032:in 'block in <class:EmailsControllerTest>'
    test/support/i18n_locale_reset.rb:11:in 'block in ActiveSupport::TestCase#run'
    test/support/i18n_locale_reset.rb:10:in 'ActiveSupport::TestCase#run'

bin/rails test test/controllers/sign/app/up/emails_controller_test.rb:1022

E

Error:
Sign::App::Up::EmailsControllerTest#test_can_re-register_same_email_if_previous_registration_was_unverified:
NameError: uninitialized constant Preference::Core::CookieOptions
    app/controllers/concerns/preference/base.rb:1096:in 'Preference::Base#preference_cookie_options'
    app/controllers/concerns/preference/base.rb:971:in 'Preference::Base#preference_auth_cookie_options'
    app/controllers/concerns/preference/base.rb:940:in 'Preference::Base#set_refresh_token_cookie'
    app/controllers/concerns/preference/base.rb:762:in 'Preference::Base#create_new_preference_record!'
    app/controllers/concerns/preference/base.rb:721:in 'Preference::Base#load_preference_record_from_refresh_token!'
    app/controllers/concerns/preference/base.rb:217:in 'Preference::Base#set_preferences_cookie'
    app/middleware/core/surface_middleware.rb:12:in 'Core::SurfaceMiddleware#call'
    test/controllers/sign/app/up/emails_controller_test.rb:81:in 'block in <class:EmailsControllerTest>'
    test/support/i18n_locale_reset.rb:11:in 'block in ActiveSupport::TestCase#run'
    test/support/i18n_locale_reset.rb:10:in 'ActiveSupport::TestCase#run'

bin/rails test test/controllers/sign/app/up/emails_controller_test.rb:77

E

Error:
Sign::App::Up::EmailsControllerTest#test_create_with_turnstile_failure_enqueues_no_emails_and_returns_422:
NameError: uninitialized constant Preference::Core::CookieOptions
    app/controllers/concerns/preference/base.rb:1096:in 'Preference::Base#preference_cookie_options'
    app/controllers/concerns/preference/base.rb:971:in 'Preference::Base#preference_auth_cookie_options'
    app/controllers/concerns/preference/base.rb:940:in 'Preference::Base#set_refresh_token_cookie'
    app/controllers/concerns/preference/base.rb:762:in 'Preference::Base#create_new_preference_record!'
    app/controllers/concerns/preference/base.rb:721:in 'Preference::Base#load_preference_record_from_refresh_token!'
    app/controllers/concerns/preference/base.rb:217:in 'Preference::Base#set_preferences_cookie'
    app/middleware/core/surface_middleware.rb:12:in 'Core::SurfaceMiddleware#call'
    test/controllers/sign/app/up/emails_controller_test.rb:282:in 'block (2 levels) in <class:EmailsControllerTest>'
    test/controllers/sign/app/up/emails_controller_test.rb:281:in 'block in <class:EmailsControllerTest>'
    test/support/i18n_locale_reset.rb:11:in 'block in ActiveSupport::TestCase#run'
    test/support/i18n_locale_reset.rb:10:in 'ActiveSupport::TestCase#run'

bin/rails test test/controllers/sign/app/up/emails_controller_test.rb:276

E

Error:
Sign::App::Up::EmailsControllerTest#test_create_with_validation_failure_enqueues_no_emails_and_returns_422:
NameError: uninitialized constant Preference::Core::CookieOptions
    app/controllers/concerns/preference/base.rb:1096:in 'Preference::Base#preference_cookie_options'
    app/controllers/concerns/preference/base.rb:971:in 'Preference::Base#preference_auth_cookie_options'
    app/controllers/concerns/preference/base.rb:940:in 'Preference::Base#set_refresh_token_cookie'
    app/controllers/concerns/preference/base.rb:762:in 'Preference::Base#create_new_preference_record!'
    app/controllers/concerns/preference/base.rb:721:in 'Preference::Base#load_preference_record_from_refresh_token!'
    app/controllers/concerns/preference/base.rb:217:in 'Preference::Base#set_preferences_cookie'
    app/middleware/core/surface_middleware.rb:12:in 'Core::SurfaceMiddleware#call'
    test/controllers/sign/app/up/emails_controller_test.rb:262:in 'block (2 levels) in <class:EmailsControllerTest>'
    test/controllers/sign/app/up/emails_controller_test.rb:261:in 'block in <class:EmailsControllerTest>'
    test/support/i18n_locale_reset.rb:11:in 'block in ActiveSupport::TestCase#run'
    test/support/i18n_locale_reset.rb:10:in 'ActiveSupport::TestCase#run'

bin/rails test test/controllers/sign/app/up/emails_controller_test.rb:258

E

Error:
Sign::App::Up::EmailsControllerTest#test_should_get_new:
NameError: uninitialized constant Preference::Core::CookieOptions
    app/controllers/concerns/preference/base.rb:1096:in 'Preference::Base#preference_cookie_options'
    app/controllers/concerns/preference/base.rb:971:in 'Preference::Base#preference_auth_cookie_options'
    app/controllers/concerns/preference/base.rb:940:in 'Preference::Base#set_refresh_token_cookie'
    app/controllers/concerns/preference/base.rb:762:in 'Preference::Base#create_new_preference_record!'
    app/controllers/concerns/preference/base.rb:721:in 'Preference::Base#load_preference_record_from_refresh_token!'
    app/controllers/concerns/preference/base.rb:217:in 'Preference::Base#set_preferences_cookie'
    app/middleware/core/surface_middleware.rb:12:in 'Core::SurfaceMiddleware#call'
    test/controllers/sign/app/up/emails_controller_test.rb:20:in 'block in <class:EmailsControllerTest>'
    test/support/i18n_locale_reset.rb:11:in 'block in ActiveSupport::TestCase#run'
    test/support/i18n_locale_reset.rb:10:in 'ActiveSupport::TestCase#run'

bin/rails test test/controllers/sign/app/up/emails_controller_test.rb:19

.E

Error:
Sign::App::Up::EmailsControllerTest#test_resets_session_ID_after_successful_registration:
NameError: uninitialized constant Preference::Core::CookieOptions
    app/controllers/concerns/preference/base.rb:1096:in 'Preference::Base#preference_cookie_options'
    app/controllers/concerns/preference/base.rb:971:in 'Preference::Base#preference_auth_cookie_options'
    app/controllers/concerns/preference/base.rb:940:in 'Preference::Base#set_refresh_token_cookie'
    app/controllers/concerns/preference/base.rb:762:in 'Preference::Base#create_new_preference_record!'
    app/controllers/concerns/preference/base.rb:721:in 'Preference::Base#load_preference_record_from_refresh_token!'
    app/controllers/concerns/preference/base.rb:217:in 'Preference::Base#set_preferences_cookie'
    app/middleware/core/surface_middleware.rb:12:in 'Core::SurfaceMiddleware#call'
    test/controllers/sign/app/up/emails_controller_test.rb:739:in 'block (2 levels) in <class:EmailsControllerTest>'
    test/controllers/sign/app/up/emails_controller_test.rb:738:in 'block in <class:EmailsControllerTest>'
    test/support/i18n_locale_reset.rb:11:in 'block in ActiveSupport::TestCase#run'
    test/support/i18n_locale_reset.rb:10:in 'ActiveSupport::TestCase#run'

bin/rails test test/controllers/sign/app/up/emails_controller_test.rb:734

E

Error:
Sign::App::Up::EmailsControllerTest#test_rejects_wrong_OTP_codes_with_error_message:
NameError: uninitialized constant Preference::Core::CookieOptions
    app/controllers/concerns/preference/base.rb:1096:in 'Preference::Base#preference_cookie_options'
    app/controllers/concerns/preference/base.rb:971:in 'Preference::Base#preference_auth_cookie_options'
    app/controllers/concerns/preference/base.rb:940:in 'Preference::Base#set_refresh_token_cookie'
    app/controllers/concerns/preference/base.rb:762:in 'Preference::Base#create_new_preference_record!'
    app/controllers/concerns/preference/base.rb:721:in 'Preference::Base#load_preference_record_from_refresh_token!'
    app/controllers/concerns/preference/base.rb:217:in 'Preference::Base#set_preferences_cookie'
    app/middleware/core/surface_middleware.rb:12:in 'Core::SurfaceMiddleware#call'
    test/controllers/sign/app/up/emails_controller_test.rb:305:in 'block (2 levels) in <class:EmailsControllerTest>'
    test/controllers/sign/app/up/emails_controller_test.rb:304:in 'block in <class:EmailsControllerTest>'
    test/support/i18n_locale_reset.rb:11:in 'block in ActiveSupport::TestCase#run'
    test/support/i18n_locale_reset.rb:10:in 'ActiveSupport::TestCase#run'

bin/rails test test/controllers/sign/app/up/emails_controller_test.rb:300

E

Error:
Sign::App::Up::EmailsControllerTest#test_edit_redirects_to_new_when_email_record_not_found:
NameError: uninitialized constant Preference::Core::CookieOptions
    app/controllers/concerns/preference/base.rb:1096:in 'Preference::Base#preference_cookie_options'
    app/controllers/concerns/preference/base.rb:971:in 'Preference::Base#preference_auth_cookie_options'
    app/controllers/concerns/preference/base.rb:940:in 'Preference::Base#set_refresh_token_cookie'
    app/controllers/concerns/preference/base.rb:762:in 'Preference::Base#create_new_preference_record!'
    app/controllers/concerns/preference/base.rb:721:in 'Preference::Base#load_preference_record_from_refresh_token!'
    app/controllers/concerns/preference/base.rb:217:in 'Preference::Base#set_preferences_cookie'
    app/middleware/core/surface_middleware.rb:12:in 'Core::SurfaceMiddleware#call'
    test/controllers/sign/app/up/emails_controller_test.rb:44:in 'block in <class:EmailsControllerTest>'
    test/support/i18n_locale_reset.rb:11:in 'block in ActiveSupport::TestCase#run'
    test/support/i18n_locale_reset.rb:10:in 'ActiveSupport::TestCase#run'

bin/rails test test/controllers/sign/app/up/emails_controller_test.rb:42

E

Error:
Sign::App::Up::EmailsControllerTest#test_renders_email_registration_form_structure:
NameError: uninitialized constant Preference::Core::CookieOptions
    app/controllers/concerns/preference/base.rb:1096:in 'Preference::Base#preference_cookie_options'
    app/controllers/concerns/preference/base.rb:971:in 'Preference::Base#preference_auth_cookie_options'
    app/controllers/concerns/preference/base.rb:940:in 'Preference::Base#set_refresh_token_cookie'
    app/controllers/concerns/preference/base.rb:762:in 'Preference::Base#create_new_preference_record!'
    app/controllers/concerns/preference/base.rb:721:in 'Preference::Base#load_preference_record_from_refresh_token!'
    app/controllers/concerns/preference/base.rb:217:in 'Preference::Base#set_preferences_cookie'
    app/middleware/core/surface_middleware.rb:12:in 'Core::SurfaceMiddleware#call'
    test/controllers/sign/app/up/emails_controller_test.rb:26:in 'block in <class:EmailsControllerTest>'
    test/support/i18n_locale_reset.rb:11:in 'block in ActiveSupport::TestCase#run'
    test/support/i18n_locale_reset.rb:10:in 'ActiveSupport::TestCase#run'

bin/rails test test/controllers/sign/app/up/emails_controller_test.rb:25

E

Error:
Sign::App::Up::EmailsControllerTest#test_create_enqueues_exactly_one_email:
NameError: uninitialized constant Preference::Core::CookieOptions
    app/controllers/concerns/preference/base.rb:1096:in 'Preference::Base#preference_cookie_options'
    app/controllers/concerns/preference/base.rb:971:in 'Preference::Base#preference_auth_cookie_options'
    app/controllers/concerns/preference/base.rb:940:in 'Preference::Base#set_refresh_token_cookie'
    app/controllers/concerns/preference/base.rb:762:in 'Preference::Base#create_new_preference_record!'
    app/controllers/concerns/preference/base.rb:721:in 'Preference::Base#load_preference_record_from_refresh_token!'
    app/controllers/concerns/preference/base.rb:217:in 'Preference::Base#set_preferences_cookie'
    app/middleware/core/surface_middleware.rb:12:in 'Core::SurfaceMiddleware#call'
    test/controllers/sign/app/up/emails_controller_test.rb:219:in 'block (2 levels) in <class:EmailsControllerTest>'
    test/controllers/sign/app/up/emails_controller_test.rb:218:in 'block in <class:EmailsControllerTest>'
    test/support/i18n_locale_reset.rb:11:in 'block in ActiveSupport::TestCase#run'
    test/support/i18n_locale_reset.rb:10:in 'ActiveSupport::TestCase#run'

bin/rails test test/controllers/sign/app/up/emails_controller_test.rb:215

E

Error:
Sign::App::Up::EmailsControllerTest#test_create_shows_identical_user-facing_response_for_existing_and_new_emails:
NameError: uninitialized constant Preference::Core::CookieOptions
    app/controllers/concerns/preference/base.rb:1096:in 'Preference::Base#preference_cookie_options'
    app/controllers/concerns/preference/base.rb:971:in 'Preference::Base#preference_auth_cookie_options'
    app/controllers/concerns/preference/base.rb:940:in 'Preference::Base#set_refresh_token_cookie'
    app/controllers/concerns/preference/base.rb:762:in 'Preference::Base#create_new_preference_record!'
    app/controllers/concerns/preference/base.rb:721:in 'Preference::Base#load_preference_record_from_refresh_token!'
    app/controllers/concerns/preference/base.rb:217:in 'Preference::Base#set_preferences_cookie'
    app/middleware/core/surface_middleware.rb:12:in 'Core::SurfaceMiddleware#call'
    test/controllers/sign/app/up/emails_controller_test.rb:186:in 'block in <class:EmailsControllerTest>'
    test/support/i18n_locale_reset.rb:11:in 'block in ActiveSupport::TestCase#run'
    test/support/i18n_locale_reset.rb:10:in 'ActiveSupport::TestCase#run'

bin/rails test test/controllers/sign/app/up/emails_controller_test.rb:177

.E

Error:
Sign::App::Up::EmailsControllerTest#test_sets_user_session_after_successful_registration:
NameError: uninitialized constant Preference::Core::CookieOptions
    app/controllers/concerns/preference/base.rb:1096:in 'Preference::Base#preference_cookie_options'
    app/controllers/concerns/preference/base.rb:971:in 'Preference::Base#preference_auth_cookie_options'
    app/controllers/concerns/preference/base.rb:940:in 'Preference::Base#set_refresh_token_cookie'
    app/controllers/concerns/preference/base.rb:762:in 'Preference::Base#create_new_preference_record!'
    app/controllers/concerns/preference/base.rb:721:in 'Preference::Base#load_preference_record_from_refresh_token!'
    app/controllers/concerns/preference/base.rb:217:in 'Preference::Base#set_preferences_cookie'
    app/middleware/core/surface_middleware.rb:12:in 'Core::SurfaceMiddleware#call'
    test/controllers/sign/app/up/emails_controller_test.rb:648:in 'block (2 levels) in <class:EmailsControllerTest>'
    test/controllers/sign/app/up/emails_controller_test.rb:647:in 'block in <class:EmailsControllerTest>'
    test/support/i18n_locale_reset.rb:11:in 'block in ActiveSupport::TestCase#run'
    test/support/i18n_locale_reset.rb:10:in 'ActiveSupport::TestCase#run'

bin/rails test test/controllers/sign/app/up/emails_controller_test.rb:643

.E

Error:
Sign::App::Up::EmailsControllerTest#test_can_abandon_first_email_and_register_with_a_different_email_without_error:
NameError: uninitialized constant Preference::Core::CookieOptions
    app/controllers/concerns/preference/base.rb:1096:in 'Preference::Base#preference_cookie_options'
    app/controllers/concerns/preference/base.rb:971:in 'Preference::Base#preference_auth_cookie_options'
    app/controllers/concerns/preference/base.rb:940:in 'Preference::Base#set_refresh_token_cookie'
    app/controllers/concerns/preference/base.rb:762:in 'Preference::Base#create_new_preference_record!'
    app/controllers/concerns/preference/base.rb:721:in 'Preference::Base#load_preference_record_from_refresh_token!'
    app/controllers/concerns/preference/base.rb:217:in 'Preference::Base#set_preferences_cookie'
    app/middleware/core/surface_middleware.rb:12:in 'Core::SurfaceMiddleware#call'
    test/controllers/sign/app/up/emails_controller_test.rb:897:in 'block in <class:EmailsControllerTest>'
    test/support/i18n_locale_reset.rb:11:in 'block in ActiveSupport::TestCase#run'
    test/support/i18n_locale_reset.rb:10:in 'ActiveSupport::TestCase#run'

bin/rails test test/controllers/sign/app/up/emails_controller_test.rb:892

.E

Error:
Sign::App::Up::EmailsControllerTest#test_create_allows_resending_OTP_after_cooldown_expires_for_new_signup:
NameError: uninitialized constant Preference::Core::CookieOptions
    app/controllers/concerns/preference/base.rb:1096:in 'Preference::Base#preference_cookie_options'
    app/controllers/concerns/preference/base.rb:971:in 'Preference::Base#preference_auth_cookie_options'
    app/controllers/concerns/preference/base.rb:940:in 'Preference::Base#set_refresh_token_cookie'
    app/controllers/concerns/preference/base.rb:762:in 'Preference::Base#create_new_preference_record!'
    app/controllers/concerns/preference/base.rb:721:in 'Preference::Base#load_preference_record_from_refresh_token!'
    app/controllers/concerns/preference/base.rb:217:in 'Preference::Base#set_preferences_cookie'
    app/middleware/core/surface_middleware.rb:12:in 'Core::SurfaceMiddleware#call'
    test/controllers/sign/app/up/emails_controller_test.rb:991:in 'block (2 levels) in <class:EmailsControllerTest>'
    test/controllers/sign/app/up/emails_controller_test.rb:990:in 'block in <class:EmailsControllerTest>'
    test/support/i18n_locale_reset.rb:11:in 'block in ActiveSupport::TestCase#run'
    test/support/i18n_locale_reset.rb:10:in 'ActiveSupport::TestCase#run'

bin/rails test test/controllers/sign/app/up/emails_controller_test.rb:986

E

Error:
Sign::App::Up::EmailsControllerTest#test_deletes_pending_user_when_unverified_email_is_replaced:
NameError: uninitialized constant Preference::Core::CookieOptions
    app/controllers/concerns/preference/base.rb:1096:in 'Preference::Base#preference_cookie_options'
    app/controllers/concerns/preference/base.rb:971:in 'Preference::Base#preference_auth_cookie_options'
    app/controllers/concerns/preference/base.rb:940:in 'Preference::Base#set_refresh_token_cookie'
    app/controllers/concerns/preference/base.rb:762:in 'Preference::Base#create_new_preference_record!'
    app/controllers/concerns/preference/base.rb:721:in 'Preference::Base#load_preference_record_from_refresh_token!'
    app/controllers/concerns/preference/base.rb:217:in 'Preference::Base#set_preferences_cookie'
    app/middleware/core/surface_middleware.rb:12:in 'Core::SurfaceMiddleware#call'
    test/controllers/sign/app/up/emails_controller_test.rb:841:in 'block in <class:EmailsControllerTest>'
    test/support/i18n_locale_reset.rb:11:in 'block in ActiveSupport::TestCase#run'
    test/support/i18n_locale_reset.rb:10:in 'ActiveSupport::TestCase#run'

bin/rails test test/controllers/sign/app/up/emails_controller_test.rb:837

E

Error:
Sign::App::Up::EmailsControllerTest#test_successful_OTP_verification_recreates_missing_signup_audit_event:
NameError: uninitialized constant Preference::Core::CookieOptions
    app/controllers/concerns/preference/base.rb:1096:in 'Preference::Base#preference_cookie_options'
    app/controllers/concerns/preference/base.rb:971:in 'Preference::Base#preference_auth_cookie_options'
    app/controllers/concerns/preference/base.rb:940:in 'Preference::Base#set_refresh_token_cookie'
    app/controllers/concerns/preference/base.rb:762:in 'Preference::Base#create_new_preference_record!'
    app/controllers/concerns/preference/base.rb:721:in 'Preference::Base#load_preference_record_from_refresh_token!'
    app/controllers/concerns/preference/base.rb:217:in 'Preference::Base#set_preferences_cookie'
    app/middleware/core/surface_middleware.rb:12:in 'Core::SurfaceMiddleware#call'
    test/controllers/sign/app/up/emails_controller_test.rb:610:in 'block in <class:EmailsControllerTest>'
    test/support/i18n_locale_reset.rb:11:in 'block in ActiveSupport::TestCase#run'
    test/support/i18n_locale_reset.rb:10:in 'ActiveSupport::TestCase#run'

bin/rails test test/controllers/sign/app/up/emails_controller_test.rb:604

E

Error:
Sign::App::Up::EmailsControllerTest#test_create_redirects_to_edit_and_allows_edit_page:
NameError: uninitialized constant Preference::Core::CookieOptions
    app/controllers/concerns/preference/base.rb:1096:in 'Preference::Base#preference_cookie_options'
    app/controllers/concerns/preference/base.rb:971:in 'Preference::Base#preference_auth_cookie_options'
    app/controllers/concerns/preference/base.rb:940:in 'Preference::Base#set_refresh_token_cookie'
    app/controllers/concerns/preference/base.rb:762:in 'Preference::Base#create_new_preference_record!'
    app/controllers/concerns/preference/base.rb:721:in 'Preference::Base#load_preference_record_from_refresh_token!'
    app/controllers/concerns/preference/base.rb:217:in 'Preference::Base#set_preferences_cookie'
    app/middleware/core/surface_middleware.rb:12:in 'Core::SurfaceMiddleware#call'
    test/controllers/sign/app/up/emails_controller_test.rb:128:in 'block in <class:EmailsControllerTest>'
    test/support/i18n_locale_reset.rb:11:in 'block in ActiveSupport::TestCase#run'
    test/support/i18n_locale_reset.rb:10:in 'ActiveSupport::TestCase#run'

bin/rails test test/controllers/sign/app/up/emails_controller_test.rb:125

E

Error:
Sign::App::Up::EmailsControllerTest#test_create_with_existing_email_enqueues_no_emails:
NameError: uninitialized constant Preference::Core::CookieOptions
    app/controllers/concerns/preference/base.rb:1096:in 'Preference::Base#preference_cookie_options'
    app/controllers/concerns/preference/base.rb:971:in 'Preference::Base#preference_auth_cookie_options'
    app/controllers/concerns/preference/base.rb:940:in 'Preference::Base#set_refresh_token_cookie'
    app/controllers/concerns/preference/base.rb:762:in 'Preference::Base#create_new_preference_record!'
    app/controllers/concerns/preference/base.rb:721:in 'Preference::Base#load_preference_record_from_refresh_token!'
    app/controllers/concerns/preference/base.rb:217:in 'Preference::Base#set_preferences_cookie'
    app/middleware/core/surface_middleware.rb:12:in 'Core::SurfaceMiddleware#call'
    test/controllers/sign/app/up/emails_controller_test.rb:243:in 'block (2 levels) in <class:EmailsControllerTest>'
    test/controllers/sign/app/up/emails_controller_test.rb:242:in 'block in <class:EmailsControllerTest>'
    test/support/i18n_locale_reset.rb:11:in 'block in ActiveSupport::TestCase#run'
    test/support/i18n_locale_reset.rb:10:in 'ActiveSupport::TestCase#run'

bin/rails test test/controllers/sign/app/up/emails_controller_test.rb:233

......................E

Error:
Sign::App::ConfigurationsControllerTest#test_active_session_can_access_configuration_normally:
NameError: uninitialized constant Preference::Core::CookieOptions
    app/controllers/concerns/preference/base.rb:1096:in 'Preference::Base#preference_cookie_options'
    app/controllers/concerns/preference/base.rb:971:in 'Preference::Base#preference_auth_cookie_options'
    app/controllers/concerns/preference/base.rb:940:in 'Preference::Base#set_refresh_token_cookie'
    app/controllers/concerns/preference/base.rb:762:in 'Preference::Base#create_new_preference_record!'
    app/controllers/concerns/preference/base.rb:721:in 'Preference::Base#load_preference_record_from_refresh_token!'
    app/controllers/concerns/preference/base.rb:217:in 'Preference::Base#set_preferences_cookie'
    app/middleware/core/surface_middleware.rb:12:in 'Core::SurfaceMiddleware#call'
    test/controllers/sign/app/configurations_controller_test.rb:56:in 'block in <class:ConfigurationsControllerTest>'
    test/support/i18n_locale_reset.rb:11:in 'block in ActiveSupport::TestCase#run'
    test/support/i18n_locale_reset.rb:10:in 'ActiveSupport::TestCase#run'

bin/rails test test/controllers/sign/app/configurations_controller_test.rb:51

E

Error:
Sign::App::ConfigurationsControllerTest#test_should_succeed_with_valid_refresh_cookie_(transparent_refresh):
NameError: uninitialized constant Preference::Core::CookieOptions
    app/controllers/concerns/preference/base.rb:1096:in 'Preference::Base#preference_cookie_options'
    app/controllers/concerns/preference/base.rb:971:in 'Preference::Base#preference_auth_cookie_options'
    app/controllers/concerns/preference/base.rb:940:in 'Preference::Base#set_refresh_token_cookie'
    app/controllers/concerns/preference/base.rb:762:in 'Preference::Base#create_new_preference_record!'
    app/controllers/concerns/preference/base.rb:721:in 'Preference::Base#load_preference_record_from_refresh_token!'
    app/controllers/concerns/preference/base.rb:217:in 'Preference::Base#set_preferences_cookie'
    app/middleware/core/surface_middleware.rb:12:in 'Core::SurfaceMiddleware#call'
    test/controllers/sign/app/configurations_controller_test.rb:69:in 'block in <class:ConfigurationsControllerTest>'
    test/support/i18n_locale_reset.rb:11:in 'block in ActiveSupport::TestCase#run'
    test/support/i18n_locale_reset.rb:10:in 'ActiveSupport::TestCase#run'

bin/rails test test/controllers/sign/app/configurations_controller_test.rb:61

E

Error:
Sign::App::ConfigurationsControllerTest#test_should_not_raise_ReadOnlyError_during_transparent_refresh:
NameError: uninitialized constant Preference::Core::CookieOptions
    app/controllers/concerns/preference/base.rb:1096:in 'Preference::Base#preference_cookie_options'
    app/controllers/concerns/preference/base.rb:971:in 'Preference::Base#preference_auth_cookie_options'
    app/controllers/concerns/preference/base.rb:940:in 'Preference::Base#set_refresh_token_cookie'
    app/controllers/concerns/preference/base.rb:762:in 'Preference::Base#create_new_preference_record!'
    app/controllers/concerns/preference/base.rb:721:in 'Preference::Base#load_preference_record_from_refresh_token!'
    app/controllers/concerns/preference/base.rb:217:in 'Preference::Base#set_preferences_cookie'
    app/middleware/core/surface_middleware.rb:12:in 'Core::SurfaceMiddleware#call'
    test/controllers/sign/app/configurations_controller_test.rb:86:in 'block (2 levels) in <class:ConfigurationsControllerTest>'
    test/controllers/sign/app/configurations_controller_test.rb:85:in 'block in <class:ConfigurationsControllerTest>'
    test/support/i18n_locale_reset.rb:11:in 'block in ActiveSupport::TestCase#run'
    test/support/i18n_locale_reset.rb:10:in 'ActiveSupport::TestCase#run'

bin/rails test test/controllers/sign/app/configurations_controller_test.rb:76

E

Error:
Sign::App::ConfigurationsControllerTest#test_should_get_show_when_logged_in:
NameError: uninitialized constant Preference::Core::CookieOptions
    app/controllers/concerns/preference/base.rb:1096:in 'Preference::Base#preference_cookie_options'
    app/controllers/concerns/preference/base.rb:971:in 'Preference::Base#preference_auth_cookie_options'
    app/controllers/concerns/preference/base.rb:940:in 'Preference::Base#set_refresh_token_cookie'
    app/controllers/concerns/preference/base.rb:762:in 'Preference::Base#create_new_preference_record!'
    app/controllers/concerns/preference/base.rb:721:in 'Preference::Base#load_preference_record_from_refresh_token!'
    app/controllers/concerns/preference/base.rb:217:in 'Preference::Base#set_preferences_cookie'
    app/middleware/core/surface_middleware.rb:12:in 'Core::SurfaceMiddleware#call'
    test/controllers/sign/app/configurations_controller_test.rb:17:in 'block in <class:ConfigurationsControllerTest>'
    test/support/i18n_locale_reset.rb:11:in 'block in ActiveSupport::TestCase#run'
    test/support/i18n_locale_reset.rb:10:in 'ActiveSupport::TestCase#run'

bin/rails test test/controllers/sign/app/configurations_controller_test.rb:16

E

Error:
Sign::App::ConfigurationsControllerTest#test_restricted_session_is_blocked_on_configuration_with_locked_plain_response:
NameError: uninitialized constant Preference::Core::CookieOptions
    app/controllers/concerns/preference/base.rb:1096:in 'Preference::Base#preference_cookie_options'
    app/controllers/concerns/preference/base.rb:971:in 'Preference::Base#preference_auth_cookie_options'
    app/controllers/concerns/preference/base.rb:940:in 'Preference::Base#set_refresh_token_cookie'
    app/controllers/concerns/preference/base.rb:762:in 'Preference::Base#create_new_preference_record!'
    app/controllers/concerns/preference/base.rb:721:in 'Preference::Base#load_preference_record_from_refresh_token!'
    app/controllers/concerns/preference/base.rb:217:in 'Preference::Base#set_preferences_cookie'
    app/middleware/core/surface_middleware.rb:12:in 'Core::SurfaceMiddleware#call'
    test/controllers/sign/app/configurations_controller_test.rb:44:in 'block in <class:ConfigurationsControllerTest>'
    test/support/i18n_locale_reset.rb:11:in 'block in ActiveSupport::TestCase#run'
    test/support/i18n_locale_reset.rb:10:in 'ActiveSupport::TestCase#run'

bin/rails test test/controllers/sign/app/configurations_controller_test.rb:39

.E

Error:
Sign::App::ConfigurationsControllerTest#test_should_succeed_even_when_audit_fails_during_transparent_refresh:
NameError: uninitialized constant Preference::Core::CookieOptions
    app/controllers/concerns/preference/base.rb:1096:in 'Preference::Base#preference_cookie_options'
    app/controllers/concerns/preference/base.rb:971:in 'Preference::Base#preference_auth_cookie_options'
    app/controllers/concerns/preference/base.rb:940:in 'Preference::Base#set_refresh_token_cookie'
    app/controllers/concerns/preference/base.rb:762:in 'Preference::Base#create_new_preference_record!'
    app/controllers/concerns/preference/base.rb:721:in 'Preference::Base#load_preference_record_from_refresh_token!'
    app/controllers/concerns/preference/base.rb:217:in 'Preference::Base#set_preferences_cookie'
    app/middleware/core/surface_middleware.rb:12:in 'Core::SurfaceMiddleware#call'
    test/controllers/sign/app/configurations_controller_test.rb:105:in 'block in <class:ConfigurationsControllerTest>'
    test/support/i18n_locale_reset.rb:11:in 'block in ActiveSupport::TestCase#run'
    test/support/i18n_locale_reset.rb:10:in 'ActiveSupport::TestCase#run'

bin/rails test test/controllers/sign/app/configurations_controller_test.rb:92

...........E

Error:
LayoutMetaTagsTest#test_all_layouts_include_title_tag:
NameError: uninitialized constant Preference::Core::CookieOptions
    app/controllers/concerns/preference/base.rb:1096:in 'Preference::Base#preference_cookie_options'
    app/controllers/concerns/preference/base.rb:971:in 'Preference::Base#preference_auth_cookie_options'
    app/controllers/concerns/preference/base.rb:940:in 'Preference::Base#set_refresh_token_cookie'
    app/controllers/concerns/preference/base.rb:762:in 'Preference::Base#create_new_preference_record!'
    app/controllers/concerns/preference/base.rb:721:in 'Preference::Base#load_preference_record_from_refresh_token!'
    app/controllers/concerns/preference/base.rb:217:in 'Preference::Base#set_preferences_cookie'
    app/middleware/core/surface_middleware.rb:12:in 'Core::SurfaceMiddleware#call'
    test/integration/layout_meta_tags_test.rb:53:in 'block (2 levels) in <class:LayoutMetaTagsTest>'
    test/integration/layout_meta_tags_test.rb:48:in 'Hash#each'
    test/integration/layout_meta_tags_test.rb:48:in 'block in <class:LayoutMetaTagsTest>'
    test/support/i18n_locale_reset.rb:11:in 'block in ActiveSupport::TestCase#run'
    test/support/i18n_locale_reset.rb:10:in 'ActiveSupport::TestCase#run'

bin/rails test test/integration/layout_meta_tags_test.rb:47

E

Error:
LayoutMetaTagsTest#test_all_layouts_include_turbo-refresh-scroll_meta_tag:
NameError: uninitialized constant Preference::Core::CookieOptions
    app/controllers/concerns/preference/base.rb:1096:in 'Preference::Base#preference_cookie_options'
    app/controllers/concerns/preference/base.rb:971:in 'Preference::Base#preference_auth_cookie_options'
    app/controllers/concerns/preference/base.rb:940:in 'Preference::Base#set_refresh_token_cookie'
    app/controllers/concerns/preference/base.rb:762:in 'Preference::Base#create_new_preference_record!'
    app/controllers/concerns/preference/base.rb:721:in 'Preference::Base#load_preference_record_from_refresh_token!'
    app/controllers/concerns/preference/base.rb:217:in 'Preference::Base#set_preferences_cookie'
    app/middleware/core/surface_middleware.rb:12:in 'Core::SurfaceMiddleware#call'
    test/integration/layout_meta_tags_test.rb:35:in 'block (2 levels) in <class:LayoutMetaTagsTest>'
    test/integration/layout_meta_tags_test.rb:30:in 'Hash#each'
    test/integration/layout_meta_tags_test.rb:30:in 'block in <class:LayoutMetaTagsTest>'
    test/support/i18n_locale_reset.rb:11:in 'block in ActiveSupport::TestCase#run'
    test/support/i18n_locale_reset.rb:10:in 'ActiveSupport::TestCase#run'

bin/rails test test/integration/layout_meta_tags_test.rb:29

E

Error:
SocialLinkUnlinkTest#test_should_prevent_unlinking_last_identity:
NameError: uninitialized constant Preference::Core::CookieOptions
    app/controllers/concerns/preference/base.rb:1096:in 'Preference::Base#preference_cookie_options'
    app/controllers/concerns/preference/base.rb:971:in 'Preference::Base#preference_auth_cookie_options'
    app/controllers/concerns/preference/base.rb:940:in 'Preference::Base#set_refresh_token_cookie'
    app/controllers/concerns/preference/base.rb:762:in 'Preference::Base#create_new_preference_record!'
    app/controllers/concerns/preference/base.rb:721:in 'Preference::Base#load_preference_record_from_refresh_token!'
    app/controllers/concerns/preference/base.rb:217:in 'Preference::Base#set_preferences_cookie'
    app/middleware/core/surface_middleware.rb:12:in 'Core::SurfaceMiddleware#call'
    test/integration/social_link_unlink_test.rb:59:in 'block in <class:SocialLinkUnlinkTest>'
    test/support/i18n_locale_reset.rb:11:in 'block in ActiveSupport::TestCase#run'
    test/support/i18n_locale_reset.rb:10:in 'ActiveSupport::TestCase#run'

bin/rails test test/integration/social_link_unlink_test.rb:49

E

Error:
SocialLinkUnlinkTest#test_should_unlink_apple_account_when_another_identity_exists:
NameError: uninitialized constant Preference::Core::CookieOptions
    app/controllers/concerns/preference/base.rb:1096:in 'Preference::Base#preference_cookie_options'
    app/controllers/concerns/preference/base.rb:971:in 'Preference::Base#preference_auth_cookie_options'
    app/controllers/concerns/preference/base.rb:940:in 'Preference::Base#set_refresh_token_cookie'
    app/controllers/concerns/preference/base.rb:762:in 'Preference::Base#create_new_preference_record!'
    app/controllers/concerns/preference/base.rb:721:in 'Preference::Base#load_preference_record_from_refresh_token!'
    app/controllers/concerns/preference/base.rb:217:in 'Preference::Base#set_preferences_cookie'
    app/middleware/core/surface_middleware.rb:12:in 'Core::SurfaceMiddleware#call'
    test/integration/social_link_unlink_test.rb:39:in 'block in <class:SocialLinkUnlinkTest>'
    test/support/i18n_locale_reset.rb:11:in 'block in ActiveSupport::TestCase#run'
    test/support/i18n_locale_reset.rb:10:in 'ActiveSupport::TestCase#run'

bin/rails test test/integration/social_link_unlink_test.rb:32

E

Error:
News::Com::Edge::V1::VersionsControllerTest#test_should_get_show:
NameError: uninitialized constant Preference::Core::CookieOptions
    app/controllers/concerns/preference/base.rb:1096:in 'Preference::Base#preference_cookie_options'
    app/controllers/concerns/preference/base.rb:971:in 'Preference::Base#preference_auth_cookie_options'
    app/controllers/concerns/preference/base.rb:940:in 'Preference::Base#set_refresh_token_cookie'
    app/controllers/concerns/preference/base.rb:762:in 'Preference::Base#create_new_preference_record!'
    app/controllers/concerns/preference/base.rb:721:in 'Preference::Base#load_preference_record_from_refresh_token!'
    app/controllers/concerns/preference/base.rb:217:in 'Preference::Base#set_preferences_cookie'
    app/middleware/core/surface_middleware.rb:12:in 'Core::SurfaceMiddleware#call'
    test/controllers/news/com/edge/v1/versions_controller_test.rb:23:in 'block in <class:VersionsControllerTest>'
    test/support/i18n_locale_reset.rb:11:in 'block in ActiveSupport::TestCase#run'
    test/support/i18n_locale_reset.rb:10:in 'ActiveSupport::TestCase#run'

bin/rails test test/controllers/news/com/edge/v1/versions_controller_test.rb:22

E

Error:
News::Com::Edge::V1::VersionsControllerTest#test_should_get_show_as_json:
NameError: uninitialized constant Preference::Core::CookieOptions
    app/controllers/concerns/preference/base.rb:1096:in 'Preference::Base#preference_cookie_options'
    app/controllers/concerns/preference/base.rb:971:in 'Preference::Base#preference_auth_cookie_options'
    app/controllers/concerns/preference/base.rb:940:in 'Preference::Base#set_refresh_token_cookie'
    app/controllers/concerns/preference/base.rb:762:in 'Preference::Base#create_new_preference_record!'
    app/controllers/concerns/preference/base.rb:721:in 'Preference::Base#load_preference_record_from_refresh_token!'
    app/controllers/concerns/preference/base.rb:217:in 'Preference::Base#set_preferences_cookie'
    app/middleware/core/surface_middleware.rb:12:in 'Core::SurfaceMiddleware#call'
    test/controllers/news/com/edge/v1/versions_controller_test.rb:28:in 'block in <class:VersionsControllerTest>'
    test/support/i18n_locale_reset.rb:11:in 'block in ActiveSupport::TestCase#run'
    test/support/i18n_locale_reset.rb:10:in 'ActiveSupport::TestCase#run'

bin/rails test test/controllers/news/com/edge/v1/versions_controller_test.rb:27

E

Error:
News::Com::Edge::V1::VersionsControllerTest#test_should_get_index:
NameError: uninitialized constant Preference::Core::CookieOptions
    app/controllers/concerns/preference/base.rb:1096:in 'Preference::Base#preference_cookie_options'
    app/controllers/concerns/preference/base.rb:971:in 'Preference::Base#preference_auth_cookie_options'
    app/controllers/concerns/preference/base.rb:940:in 'Preference::Base#set_refresh_token_cookie'
    app/controllers/concerns/preference/base.rb:762:in 'Preference::Base#create_new_preference_record!'
    app/controllers/concerns/preference/base.rb:721:in 'Preference::Base#load_preference_record_from_refresh_token!'
    app/controllers/concerns/preference/base.rb:217:in 'Preference::Base#set_preferences_cookie'
    app/middleware/core/surface_middleware.rb:12:in 'Core::SurfaceMiddleware#call'
    test/controllers/news/com/edge/v1/versions_controller_test.rb:11:in 'block in <class:VersionsControllerTest>'
    test/support/i18n_locale_reset.rb:11:in 'block in ActiveSupport::TestCase#run'
    test/support/i18n_locale_reset.rb:10:in 'ActiveSupport::TestCase#run'

bin/rails test test/controllers/news/com/edge/v1/versions_controller_test.rb:10

E

Error:
News::Com::Edge::V1::VersionsControllerTest#test_should_get_index_as_json:
NameError: uninitialized constant Preference::Core::CookieOptions
    app/controllers/concerns/preference/base.rb:1096:in 'Preference::Base#preference_cookie_options'
    app/controllers/concerns/preference/base.rb:971:in 'Preference::Base#preference_auth_cookie_options'
    app/controllers/concerns/preference/base.rb:940:in 'Preference::Base#set_refresh_token_cookie'
    app/controllers/concerns/preference/base.rb:762:in 'Preference::Base#create_new_preference_record!'
    app/controllers/concerns/preference/base.rb:721:in 'Preference::Base#load_preference_record_from_refresh_token!'
    app/controllers/concerns/preference/base.rb:217:in 'Preference::Base#set_preferences_cookie'
    app/middleware/core/surface_middleware.rb:12:in 'Core::SurfaceMiddleware#call'
    test/controllers/news/com/edge/v1/versions_controller_test.rb:16:in 'block in <class:VersionsControllerTest>'
    test/support/i18n_locale_reset.rb:11:in 'block in ActiveSupport::TestCase#run'
    test/support/i18n_locale_reset.rb:10:in 'ActiveSupport::TestCase#run'

bin/rails test test/controllers/news/com/edge/v1/versions_controller_test.rb:15

.............F

Failure:
Core::App::PreferenceControllerTest#test_preference_page_links_to_apex_preference [test/controllers/core/app/preferences_controller_test.rb:26]:
Expected response to be a <2XX: success>, but was a <404: Not Found>

bin/rails test test/controllers/core/app/preferences_controller_test.rb:24

F

Failure:
Core::App::PreferenceControllerTest#test_should_get_show [test/controllers/core/app/preferences_controller_test.rb:8]:
Expected response to be a <2XX: success>, but was a <404: Not Found>

bin/rails test test/controllers/core/app/preferences_controller_test.rb:6

E

Error:
Core::App::PreferenceControllerTest#test_footer_should_contain_preference_link:
NameError: uninitialized constant Preference::Core::CookieOptions
    app/controllers/concerns/preference/base.rb:1096:in 'Preference::Base#preference_cookie_options'
    app/controllers/concerns/preference/base.rb:971:in 'Preference::Base#preference_auth_cookie_options'
    app/controllers/concerns/preference/base.rb:940:in 'Preference::Base#set_refresh_token_cookie'
    app/controllers/concerns/preference/base.rb:762:in 'Preference::Base#create_new_preference_record!'
    app/controllers/concerns/preference/base.rb:721:in 'Preference::Base#load_preference_record_from_refresh_token!'
    app/controllers/concerns/preference/base.rb:217:in 'Preference::Base#set_preferences_cookie'
    app/middleware/core/surface_middleware.rb:12:in 'Core::SurfaceMiddleware#call'
    test/controllers/core/app/preferences_controller_test.rb:12:in 'block in <class:PreferenceControllerTest>'
    test/support/i18n_locale_reset.rb:11:in 'block in ActiveSupport::TestCase#run'
    test/support/i18n_locale_reset.rb:10:in 'ActiveSupport::TestCase#run'

bin/rails test test/controllers/core/app/preferences_controller_test.rb:11

F

Failure:
Core::App::PreferenceControllerTest#test_preference_page_includes_app.localhost_link [test/controllers/core/app/preferences_controller_test.rb:20]:
Expected response to be a <2XX: success>, but was a <404: Not Found>

bin/rails test test/controllers/core/app/preferences_controller_test.rb:18

E

Error:
SocialAuthReauthTest#test_reauth_with_different_Google_uid_fails:
NameError: uninitialized constant Preference::Core::CookieOptions
    app/controllers/concerns/preference/base.rb:1096:in 'Preference::Base#preference_cookie_options'
    app/controllers/concerns/preference/base.rb:971:in 'Preference::Base#preference_auth_cookie_options'
    app/controllers/concerns/preference/base.rb:940:in 'Preference::Base#set_refresh_token_cookie'
    app/controllers/concerns/preference/base.rb:762:in 'Preference::Base#create_new_preference_record!'
    app/controllers/concerns/preference/base.rb:721:in 'Preference::Base#load_preference_record_from_refresh_token!'
    app/controllers/concerns/preference/base.rb:217:in 'Preference::Base#set_preferences_cookie'
    app/middleware/core/surface_middleware.rb:12:in 'Core::SurfaceMiddleware#call'
    test/integration/social_auth_reauth_test.rb:136:in 'block in <class:SocialAuthReauthTest>'
    test/support/i18n_locale_reset.rb:11:in 'block in ActiveSupport::TestCase#run'
    test/support/i18n_locale_reset.rb:10:in 'ActiveSupport::TestCase#run'

bin/rails test test/integration/social_auth_reauth_test.rb:118

E

Error:
SocialAuthReauthTest#test_Apple_reauth_callback_updates_last_reauth_at:
NameError: uninitialized constant Preference::Core::CookieOptions
    app/controllers/concerns/preference/base.rb:1096:in 'Preference::Base#preference_cookie_options'
    app/controllers/concerns/preference/base.rb:971:in 'Preference::Base#preference_auth_cookie_options'
    app/controllers/concerns/preference/base.rb:940:in 'Preference::Base#set_refresh_token_cookie'
    app/controllers/concerns/preference/base.rb:762:in 'Preference::Base#create_new_preference_record!'
    app/controllers/concerns/preference/base.rb:721:in 'Preference::Base#load_preference_record_from_refresh_token!'
    app/controllers/concerns/preference/base.rb:217:in 'Preference::Base#set_preferences_cookie'
    app/middleware/core/surface_middleware.rb:12:in 'Core::SurfaceMiddleware#call'
    test/integration/social_auth_reauth_test.rb:100:in 'block in <class:SocialAuthReauthTest>'
    test/support/i18n_locale_reset.rb:11:in 'block in ActiveSupport::TestCase#run'
    test/support/i18n_locale_reset.rb:10:in 'ActiveSupport::TestCase#run'

bin/rails test test/integration/social_auth_reauth_test.rb:83

E

Error:
SocialAuthReauthTest#test_reauth_requires_authentication:
NameError: uninitialized constant Preference::Core::CookieOptions
    app/controllers/concerns/preference/base.rb:1096:in 'Preference::Base#preference_cookie_options'
    app/controllers/concerns/preference/base.rb:971:in 'Preference::Base#preference_auth_cookie_options'
    app/controllers/concerns/preference/base.rb:940:in 'Preference::Base#set_refresh_token_cookie'
    app/controllers/concerns/preference/base.rb:762:in 'Preference::Base#create_new_preference_record!'
    app/controllers/concerns/preference/base.rb:721:in 'Preference::Base#load_preference_record_from_refresh_token!'
    app/controllers/concerns/preference/base.rb:217:in 'Preference::Base#set_preferences_cookie'
    app/middleware/core/surface_middleware.rb:12:in 'Core::SurfaceMiddleware#call'
    test/integration/social_auth_reauth_test.rb:174:in 'block in <class:SocialAuthReauthTest>'
    test/support/i18n_locale_reset.rb:11:in 'block in ActiveSupport::TestCase#run'
    test/support/i18n_locale_reset.rb:10:in 'ActiveSupport::TestCase#run'

bin/rails test test/integration/social_auth_reauth_test.rb:170

E

Error:
SocialAuthReauthTest#test_Google_reauth_callback_updates_last_reauth_at:
NameError: uninitialized constant Preference::Core::CookieOptions
    app/controllers/concerns/preference/base.rb:1096:in 'Preference::Base#preference_cookie_options'
    app/controllers/concerns/preference/base.rb:971:in 'Preference::Base#preference_auth_cookie_options'
    app/controllers/concerns/preference/base.rb:940:in 'Preference::Base#set_refresh_token_cookie'
    app/controllers/concerns/preference/base.rb:762:in 'Preference::Base#create_new_preference_record!'
    app/controllers/concerns/preference/base.rb:721:in 'Preference::Base#load_preference_record_from_refresh_token!'
    app/controllers/concerns/preference/base.rb:217:in 'Preference::Base#set_preferences_cookie'
    app/middleware/core/surface_middleware.rb:12:in 'Core::SurfaceMiddleware#call'
    test/integration/social_auth_reauth_test.rb:59:in 'block in <class:SocialAuthReauthTest>'
    test/support/i18n_locale_reset.rb:11:in 'block in ActiveSupport::TestCase#run'
    test/support/i18n_locale_reset.rb:10:in 'ActiveSupport::TestCase#run'

bin/rails test test/integration/social_auth_reauth_test.rb:39

E

Error:
SocialAuthReauthTest#test_reauth_without_linked_identity_fails:
NameError: uninitialized constant Preference::Core::CookieOptions
    app/controllers/concerns/preference/base.rb:1096:in 'Preference::Base#preference_cookie_options'
    app/controllers/concerns/preference/base.rb:971:in 'Preference::Base#preference_auth_cookie_options'
    app/controllers/concerns/preference/base.rb:940:in 'Preference::Base#set_refresh_token_cookie'
    app/controllers/concerns/preference/base.rb:762:in 'Preference::Base#create_new_preference_record!'
    app/controllers/concerns/preference/base.rb:721:in 'Preference::Base#load_preference_record_from_refresh_token!'
    app/controllers/concerns/preference/base.rb:217:in 'Preference::Base#set_preferences_cookie'
    app/middleware/core/surface_middleware.rb:12:in 'Core::SurfaceMiddleware#call'
    test/integration/social_auth_reauth_test.rb:157:in 'block in <class:SocialAuthReauthTest>'
    test/support/i18n_locale_reset.rb:11:in 'block in ActiveSupport::TestCase#run'
    test/support/i18n_locale_reset.rb:10:in 'ActiveSupport::TestCase#run'

bin/rails test test/integration/social_auth_reauth_test.rb:153

.............................E

Error:
Core::Org::Docs::App::PostsControllerTest#test_should_create_post:
NameError: uninitialized constant Preference::Core::CookieOptions
    app/controllers/concerns/preference/base.rb:1096:in 'Preference::Base#preference_cookie_options'
    app/controllers/concerns/preference/base.rb:971:in 'Preference::Base#preference_auth_cookie_options'
    app/controllers/concerns/preference/base.rb:940:in 'Preference::Base#set_refresh_token_cookie'
    app/controllers/concerns/preference/base.rb:762:in 'Preference::Base#create_new_preference_record!'
    app/controllers/concerns/preference/base.rb:721:in 'Preference::Base#load_preference_record_from_refresh_token!'
    app/controllers/concerns/preference/base.rb:217:in 'Preference::Base#set_preferences_cookie'
    app/middleware/core/surface_middleware.rb:12:in 'Core::SurfaceMiddleware#call'
    test/controllers/core/org/docs/app/posts_controller_test.rb:21:in 'block in <class:PostsControllerTest>'
    test/support/i18n_locale_reset.rb:11:in 'block in ActiveSupport::TestCase#run'
    test/support/i18n_locale_reset.rb:10:in 'ActiveSupport::TestCase#run'

bin/rails test test/controllers/core/org/docs/app/posts_controller_test.rb:20

E

Error:
Core::Org::Docs::App::PostsControllerTest#test_should_update_post:
NameError: uninitialized constant Preference::Core::CookieOptions
    app/controllers/concerns/preference/base.rb:1096:in 'Preference::Base#preference_cookie_options'
    app/controllers/concerns/preference/base.rb:971:in 'Preference::Base#preference_auth_cookie_options'
    app/controllers/concerns/preference/base.rb:940:in 'Preference::Base#set_refresh_token_cookie'
    app/controllers/concerns/preference/base.rb:762:in 'Preference::Base#create_new_preference_record!'
    app/controllers/concerns/preference/base.rb:721:in 'Preference::Base#load_preference_record_from_refresh_token!'
    app/controllers/concerns/preference/base.rb:217:in 'Preference::Base#set_preferences_cookie'
    app/middleware/core/surface_middleware.rb:12:in 'Core::SurfaceMiddleware#call'
    test/controllers/core/org/docs/app/posts_controller_test.rb:36:in 'block in <class:PostsControllerTest>'
    test/support/i18n_locale_reset.rb:11:in 'block in ActiveSupport::TestCase#run'
    test/support/i18n_locale_reset.rb:10:in 'ActiveSupport::TestCase#run'

bin/rails test test/controllers/core/org/docs/app/posts_controller_test.rb:35

E

Error:
Core::Org::Docs::App::PostsControllerTest#test_should_get_index:
NameError: uninitialized constant Preference::Core::CookieOptions
    app/controllers/concerns/preference/base.rb:1096:in 'Preference::Base#preference_cookie_options'
    app/controllers/concerns/preference/base.rb:971:in 'Preference::Base#preference_auth_cookie_options'
    app/controllers/concerns/preference/base.rb:940:in 'Preference::Base#set_refresh_token_cookie'
    app/controllers/concerns/preference/base.rb:762:in 'Preference::Base#create_new_preference_record!'
    app/controllers/concerns/preference/base.rb:721:in 'Preference::Base#load_preference_record_from_refresh_token!'
    app/controllers/concerns/preference/base.rb:217:in 'Preference::Base#set_preferences_cookie'
    app/middleware/core/surface_middleware.rb:12:in 'Core::SurfaceMiddleware#call'
    test/controllers/core/org/docs/app/posts_controller_test.rb:11:in 'block in <class:PostsControllerTest>'
    test/support/i18n_locale_reset.rb:11:in 'block in ActiveSupport::TestCase#run'
    test/support/i18n_locale_reset.rb:10:in 'ActiveSupport::TestCase#run'

bin/rails test test/controllers/core/org/docs/app/posts_controller_test.rb:10

E

Error:
Core::Org::Docs::App::PostsControllerTest#test_should_get_edit:
NameError: uninitialized constant Preference::Core::CookieOptions
    app/controllers/concerns/preference/base.rb:1096:in 'Preference::Base#preference_cookie_options'
    app/controllers/concerns/preference/base.rb:971:in 'Preference::Base#preference_auth_cookie_options'
    app/controllers/concerns/preference/base.rb:940:in 'Preference::Base#set_refresh_token_cookie'
    app/controllers/concerns/preference/base.rb:762:in 'Preference::Base#create_new_preference_record!'
    app/controllers/concerns/preference/base.rb:721:in 'Preference::Base#load_preference_record_from_refresh_token!'
    app/controllers/concerns/preference/base.rb:217:in 'Preference::Base#set_preferences_cookie'
    app/middleware/core/surface_middleware.rb:12:in 'Core::SurfaceMiddleware#call'
    test/controllers/core/org/docs/app/posts_controller_test.rb:31:in 'block in <class:PostsControllerTest>'
    test/support/i18n_locale_reset.rb:11:in 'block in ActiveSupport::TestCase#run'
    test/support/i18n_locale_reset.rb:10:in 'ActiveSupport::TestCase#run'

bin/rails test test/controllers/core/org/docs/app/posts_controller_test.rb:30

E

Error:
Core::Org::Docs::App::PostsControllerTest#test_should_destroy_post:
NameError: uninitialized constant Preference::Core::CookieOptions
    app/controllers/concerns/preference/base.rb:1096:in 'Preference::Base#preference_cookie_options'
    app/controllers/concerns/preference/base.rb:971:in 'Preference::Base#preference_auth_cookie_options'
    app/controllers/concerns/preference/base.rb:940:in 'Preference::Base#set_refresh_token_cookie'
    app/controllers/concerns/preference/base.rb:762:in 'Preference::Base#create_new_preference_record!'
    app/controllers/concerns/preference/base.rb:721:in 'Preference::Base#load_preference_record_from_refresh_token!'
    app/controllers/concerns/preference/base.rb:217:in 'Preference::Base#set_preferences_cookie'
    app/middleware/core/surface_middleware.rb:12:in 'Core::SurfaceMiddleware#call'
    test/controllers/core/org/docs/app/posts_controller_test.rb:41:in 'block in <class:PostsControllerTest>'
    test/support/i18n_locale_reset.rb:11:in 'block in ActiveSupport::TestCase#run'
    test/support/i18n_locale_reset.rb:10:in 'ActiveSupport::TestCase#run'

bin/rails test test/controllers/core/org/docs/app/posts_controller_test.rb:40

E

Error:
Core::Org::Docs::App::PostsControllerTest#test_should_get_new:
NameError: uninitialized constant Preference::Core::CookieOptions
    app/controllers/concerns/preference/base.rb:1096:in 'Preference::Base#preference_cookie_options'
    app/controllers/concerns/preference/base.rb:971:in 'Preference::Base#preference_auth_cookie_options'
    app/controllers/concerns/preference/base.rb:940:in 'Preference::Base#set_refresh_token_cookie'
    app/controllers/concerns/preference/base.rb:762:in 'Preference::Base#create_new_preference_record!'
    app/controllers/concerns/preference/base.rb:721:in 'Preference::Base#load_preference_record_from_refresh_token!'
    app/controllers/concerns/preference/base.rb:217:in 'Preference::Base#set_preferences_cookie'
    app/middleware/core/surface_middleware.rb:12:in 'Core::SurfaceMiddleware#call'
    test/controllers/core/org/docs/app/posts_controller_test.rb:16:in 'block in <class:PostsControllerTest>'
    test/support/i18n_locale_reset.rb:11:in 'block in ActiveSupport::TestCase#run'
    test/support/i18n_locale_reset.rb:10:in 'ActiveSupport::TestCase#run'

bin/rails test test/controllers/core/org/docs/app/posts_controller_test.rb:15

E

Error:
Core::Org::Docs::App::PostsControllerTest#test_should_show_post:
NameError: uninitialized constant Preference::Core::CookieOptions
    app/controllers/concerns/preference/base.rb:1096:in 'Preference::Base#preference_cookie_options'
    app/controllers/concerns/preference/base.rb:971:in 'Preference::Base#preference_auth_cookie_options'
    app/controllers/concerns/preference/base.rb:940:in 'Preference::Base#set_refresh_token_cookie'
    app/controllers/concerns/preference/base.rb:762:in 'Preference::Base#create_new_preference_record!'
    app/controllers/concerns/preference/base.rb:721:in 'Preference::Base#load_preference_record_from_refresh_token!'
    app/controllers/concerns/preference/base.rb:217:in 'Preference::Base#set_preferences_cookie'
    app/middleware/core/surface_middleware.rb:12:in 'Core::SurfaceMiddleware#call'
    test/controllers/core/org/docs/app/posts_controller_test.rb:26:in 'block in <class:PostsControllerTest>'
    test/support/i18n_locale_reset.rb:11:in 'block in ActiveSupport::TestCase#run'
    test/support/i18n_locale_reset.rb:10:in 'ActiveSupport::TestCase#run'

bin/rails test test/controllers/core/org/docs/app/posts_controller_test.rb:25

...........E

Error:
Sign::App::Configuration::GooglesControllerTest#test_should_show_up_link_on_show_page:
NameError: uninitialized constant Preference::Core::CookieOptions
    app/controllers/concerns/preference/base.rb:1096:in 'Preference::Base#preference_cookie_options'
    app/controllers/concerns/preference/base.rb:971:in 'Preference::Base#preference_auth_cookie_options'
    app/controllers/concerns/preference/base.rb:940:in 'Preference::Base#set_refresh_token_cookie'
    app/controllers/concerns/preference/base.rb:762:in 'Preference::Base#create_new_preference_record!'
    app/controllers/concerns/preference/base.rb:721:in 'Preference::Base#load_preference_record_from_refresh_token!'
    app/controllers/concerns/preference/base.rb:217:in 'Preference::Base#set_preferences_cookie'
    app/middleware/core/surface_middleware.rb:12:in 'Core::SurfaceMiddleware#call'
    test/controllers/sign/app/configuration/googles_controller_test.rb:22:in 'block in <class:GooglesControllerTest>'
    test/support/i18n_locale_reset.rb:11:in 'block in ActiveSupport::TestCase#run'
    test/support/i18n_locale_reset.rb:10:in 'ActiveSupport::TestCase#run'

bin/rails test test/controllers/sign/app/configuration/googles_controller_test.rb:21

E

Error:
Sign::App::Configuration::GooglesControllerTest#test_should_get_show_when_logged_in:
NameError: uninitialized constant Preference::Core::CookieOptions
    app/controllers/concerns/preference/base.rb:1096:in 'Preference::Base#preference_cookie_options'
    app/controllers/concerns/preference/base.rb:971:in 'Preference::Base#preference_auth_cookie_options'
    app/controllers/concerns/preference/base.rb:940:in 'Preference::Base#set_refresh_token_cookie'
    app/controllers/concerns/preference/base.rb:762:in 'Preference::Base#create_new_preference_record!'
    app/controllers/concerns/preference/base.rb:721:in 'Preference::Base#load_preference_record_from_refresh_token!'
    app/controllers/concerns/preference/base.rb:217:in 'Preference::Base#set_preferences_cookie'
    app/middleware/core/surface_middleware.rb:12:in 'Core::SurfaceMiddleware#call'
    test/controllers/sign/app/configuration/googles_controller_test.rb:17:in 'block in <class:GooglesControllerTest>'
    test/support/i18n_locale_reset.rb:11:in 'block in ActiveSupport::TestCase#run'
    test/support/i18n_locale_reset.rb:10:in 'ActiveSupport::TestCase#run'

bin/rails test test/controllers/sign/app/configuration/googles_controller_test.rb:16

.E

Error:
Core::Org::Docs::Com::VersionsControllerTest#test_should_get_new:
NameError: uninitialized constant Preference::Core::CookieOptions
    app/controllers/concerns/preference/base.rb:1096:in 'Preference::Base#preference_cookie_options'
    app/controllers/concerns/preference/base.rb:971:in 'Preference::Base#preference_auth_cookie_options'
    app/controllers/concerns/preference/base.rb:940:in 'Preference::Base#set_refresh_token_cookie'
    app/controllers/concerns/preference/base.rb:762:in 'Preference::Base#create_new_preference_record!'
    app/controllers/concerns/preference/base.rb:721:in 'Preference::Base#load_preference_record_from_refresh_token!'
    app/controllers/concerns/preference/base.rb:217:in 'Preference::Base#set_preferences_cookie'
    app/middleware/core/surface_middleware.rb:12:in 'Core::SurfaceMiddleware#call'
    test/controllers/core/org/docs/com/versions_controller_test.rb:11:in 'block in <class:VersionsControllerTest>'
    test/support/i18n_locale_reset.rb:11:in 'block in ActiveSupport::TestCase#run'
    test/support/i18n_locale_reset.rb:10:in 'ActiveSupport::TestCase#run'

bin/rails test test/controllers/core/org/docs/com/versions_controller_test.rb:10

E

Error:
Core::Org::Docs::Com::VersionsControllerTest#test_should_create_version:
NameError: uninitialized constant Preference::Core::CookieOptions
    app/controllers/concerns/preference/base.rb:1096:in 'Preference::Base#preference_cookie_options'
    app/controllers/concerns/preference/base.rb:971:in 'Preference::Base#preference_auth_cookie_options'
    app/controllers/concerns/preference/base.rb:940:in 'Preference::Base#set_refresh_token_cookie'
    app/controllers/concerns/preference/base.rb:762:in 'Preference::Base#create_new_preference_record!'
    app/controllers/concerns/preference/base.rb:721:in 'Preference::Base#load_preference_record_from_refresh_token!'
    app/controllers/concerns/preference/base.rb:217:in 'Preference::Base#set_preferences_cookie'
    app/middleware/core/surface_middleware.rb:12:in 'Core::SurfaceMiddleware#call'
    test/controllers/core/org/docs/com/versions_controller_test.rb:16:in 'block in <class:VersionsControllerTest>'
    test/support/i18n_locale_reset.rb:11:in 'block in ActiveSupport::TestCase#run'
    test/support/i18n_locale_reset.rb:10:in 'ActiveSupport::TestCase#run'

bin/rails test test/controllers/core/org/docs/com/versions_controller_test.rb:15

E

Error:
Core::Org::Docs::Com::VersionsControllerTest#test_should_get_edit:
NameError: uninitialized constant Preference::Core::CookieOptions
    app/controllers/concerns/preference/base.rb:1096:in 'Preference::Base#preference_cookie_options'
    app/controllers/concerns/preference/base.rb:971:in 'Preference::Base#preference_auth_cookie_options'
    app/controllers/concerns/preference/base.rb:940:in 'Preference::Base#set_refresh_token_cookie'
    app/controllers/concerns/preference/base.rb:762:in 'Preference::Base#create_new_preference_record!'
    app/controllers/concerns/preference/base.rb:721:in 'Preference::Base#load_preference_record_from_refresh_token!'
    app/controllers/concerns/preference/base.rb:217:in 'Preference::Base#set_preferences_cookie'
    app/middleware/core/surface_middleware.rb:12:in 'Core::SurfaceMiddleware#call'
    test/controllers/core/org/docs/com/versions_controller_test.rb:21:in 'block in <class:VersionsControllerTest>'
    test/support/i18n_locale_reset.rb:11:in 'block in ActiveSupport::TestCase#run'
    test/support/i18n_locale_reset.rb:10:in 'ActiveSupport::TestCase#run'

bin/rails test test/controllers/core/org/docs/com/versions_controller_test.rb:20

E

Error:
Core::Org::Docs::Com::VersionsControllerTest#test_should_destroy_version:
NameError: uninitialized constant Preference::Core::CookieOptions
    app/controllers/concerns/preference/base.rb:1096:in 'Preference::Base#preference_cookie_options'
    app/controllers/concerns/preference/base.rb:971:in 'Preference::Base#preference_auth_cookie_options'
    app/controllers/concerns/preference/base.rb:940:in 'Preference::Base#set_refresh_token_cookie'
    app/controllers/concerns/preference/base.rb:762:in 'Preference::Base#create_new_preference_record!'
    app/controllers/concerns/preference/base.rb:721:in 'Preference::Base#load_preference_record_from_refresh_token!'
    app/controllers/concerns/preference/base.rb:217:in 'Preference::Base#set_preferences_cookie'
    app/middleware/core/surface_middleware.rb:12:in 'Core::SurfaceMiddleware#call'
    test/controllers/core/org/docs/com/versions_controller_test.rb:31:in 'block in <class:VersionsControllerTest>'
    test/support/i18n_locale_reset.rb:11:in 'block in ActiveSupport::TestCase#run'
    test/support/i18n_locale_reset.rb:10:in 'ActiveSupport::TestCase#run'

bin/rails test test/controllers/core/org/docs/com/versions_controller_test.rb:30

E

Error:
Core::Org::Docs::Com::VersionsControllerTest#test_should_update_version:
NameError: uninitialized constant Preference::Core::CookieOptions
    app/controllers/concerns/preference/base.rb:1096:in 'Preference::Base#preference_cookie_options'
    app/controllers/concerns/preference/base.rb:971:in 'Preference::Base#preference_auth_cookie_options'
    app/controllers/concerns/preference/base.rb:940:in 'Preference::Base#set_refresh_token_cookie'
    app/controllers/concerns/preference/base.rb:762:in 'Preference::Base#create_new_preference_record!'
    app/controllers/concerns/preference/base.rb:721:in 'Preference::Base#load_preference_record_from_refresh_token!'
    app/controllers/concerns/preference/base.rb:217:in 'Preference::Base#set_preferences_cookie'
    app/middleware/core/surface_middleware.rb:12:in 'Core::SurfaceMiddleware#call'
    test/controllers/core/org/docs/com/versions_controller_test.rb:26:in 'block in <class:VersionsControllerTest>'
    test/support/i18n_locale_reset.rb:11:in 'block in ActiveSupport::TestCase#run'
    test/support/i18n_locale_reset.rb:10:in 'ActiveSupport::TestCase#run'

bin/rails test test/controllers/core/org/docs/com/versions_controller_test.rb:25

...............E

Error:
Core::Org::Help::App::ContactsControllerTest#test_should_create_contact:
NameError: uninitialized constant Preference::Core::CookieOptions
    app/controllers/concerns/preference/base.rb:1096:in 'Preference::Base#preference_cookie_options'
    app/controllers/concerns/preference/base.rb:971:in 'Preference::Base#preference_auth_cookie_options'
    app/controllers/concerns/preference/base.rb:940:in 'Preference::Base#set_refresh_token_cookie'
    app/controllers/concerns/preference/base.rb:762:in 'Preference::Base#create_new_preference_record!'
    app/controllers/concerns/preference/base.rb:721:in 'Preference::Base#load_preference_record_from_refresh_token!'
    app/controllers/concerns/preference/base.rb:217:in 'Preference::Base#set_preferences_cookie'
    app/middleware/core/surface_middleware.rb:12:in 'Core::SurfaceMiddleware#call'
    test/controllers/core/org/help/app/contacts_controller_test.rb:21:in 'block in <class:ContactsControllerTest>'
    test/support/i18n_locale_reset.rb:11:in 'block in ActiveSupport::TestCase#run'
    test/support/i18n_locale_reset.rb:10:in 'ActiveSupport::TestCase#run'

bin/rails test test/controllers/core/org/help/app/contacts_controller_test.rb:20

E

Error:
Core::Org::Help::App::ContactsControllerTest#test_should_update_contact:
NameError: uninitialized constant Preference::Core::CookieOptions
    app/controllers/concerns/preference/base.rb:1096:in 'Preference::Base#preference_cookie_options'
    app/controllers/concerns/preference/base.rb:971:in 'Preference::Base#preference_auth_cookie_options'
    app/controllers/concerns/preference/base.rb:940:in 'Preference::Base#set_refresh_token_cookie'
    app/controllers/concerns/preference/base.rb:762:in 'Preference::Base#create_new_preference_record!'
    app/controllers/concerns/preference/base.rb:721:in 'Preference::Base#load_preference_record_from_refresh_token!'
    app/controllers/concerns/preference/base.rb:217:in 'Preference::Base#set_preferences_cookie'
    app/middleware/core/surface_middleware.rb:12:in 'Core::SurfaceMiddleware#call'
    test/controllers/core/org/help/app/contacts_controller_test.rb:36:in 'block in <class:ContactsControllerTest>'
    test/support/i18n_locale_reset.rb:11:in 'block in ActiveSupport::TestCase#run'
    test/support/i18n_locale_reset.rb:10:in 'ActiveSupport::TestCase#run'

bin/rails test test/controllers/core/org/help/app/contacts_controller_test.rb:35

E

Error:
Core::Org::Help::App::ContactsControllerTest#test_should_get_index:
NameError: uninitialized constant Preference::Core::CookieOptions
    app/controllers/concerns/preference/base.rb:1096:in 'Preference::Base#preference_cookie_options'
    app/controllers/concerns/preference/base.rb:971:in 'Preference::Base#preference_auth_cookie_options'
    app/controllers/concerns/preference/base.rb:940:in 'Preference::Base#set_refresh_token_cookie'
    app/controllers/concerns/preference/base.rb:762:in 'Preference::Base#create_new_preference_record!'
    app/controllers/concerns/preference/base.rb:721:in 'Preference::Base#load_preference_record_from_refresh_token!'
    app/controllers/concerns/preference/base.rb:217:in 'Preference::Base#set_preferences_cookie'
    app/middleware/core/surface_middleware.rb:12:in 'Core::SurfaceMiddleware#call'
    test/controllers/core/org/help/app/contacts_controller_test.rb:11:in 'block in <class:ContactsControllerTest>'
    test/support/i18n_locale_reset.rb:11:in 'block in ActiveSupport::TestCase#run'
    test/support/i18n_locale_reset.rb:10:in 'ActiveSupport::TestCase#run'

bin/rails test test/controllers/core/org/help/app/contacts_controller_test.rb:10

E

Error:
Core::Org::Help::App::ContactsControllerTest#test_should_get_edit:
NameError: uninitialized constant Preference::Core::CookieOptions
    app/controllers/concerns/preference/base.rb:1096:in 'Preference::Base#preference_cookie_options'
    app/controllers/concerns/preference/base.rb:971:in 'Preference::Base#preference_auth_cookie_options'
    app/controllers/concerns/preference/base.rb:940:in 'Preference::Base#set_refresh_token_cookie'
    app/controllers/concerns/preference/base.rb:762:in 'Preference::Base#create_new_preference_record!'
    app/controllers/concerns/preference/base.rb:721:in 'Preference::Base#load_preference_record_from_refresh_token!'
    app/controllers/concerns/preference/base.rb:217:in 'Preference::Base#set_preferences_cookie'
    app/middleware/core/surface_middleware.rb:12:in 'Core::SurfaceMiddleware#call'
    test/controllers/core/org/help/app/contacts_controller_test.rb:31:in 'block in <class:ContactsControllerTest>'
    test/support/i18n_locale_reset.rb:11:in 'block in ActiveSupport::TestCase#run'
    test/support/i18n_locale_reset.rb:10:in 'ActiveSupport::TestCase#run'

bin/rails test test/controllers/core/org/help/app/contacts_controller_test.rb:30

E

Error:
Core::Org::Help::App::ContactsControllerTest#test_should_destroy_contact:
NameError: uninitialized constant Preference::Core::CookieOptions
    app/controllers/concerns/preference/base.rb:1096:in 'Preference::Base#preference_cookie_options'
    app/controllers/concerns/preference/base.rb:971:in 'Preference::Base#preference_auth_cookie_options'
    app/controllers/concerns/preference/base.rb:940:in 'Preference::Base#set_refresh_token_cookie'
    app/controllers/concerns/preference/base.rb:762:in 'Preference::Base#create_new_preference_record!'
    app/controllers/concerns/preference/base.rb:721:in 'Preference::Base#load_preference_record_from_refresh_token!'
    app/controllers/concerns/preference/base.rb:217:in 'Preference::Base#set_preferences_cookie'
    app/middleware/core/surface_middleware.rb:12:in 'Core::SurfaceMiddleware#call'
    test/controllers/core/org/help/app/contacts_controller_test.rb:41:in 'block in <class:ContactsControllerTest>'
    test/support/i18n_locale_reset.rb:11:in 'block in ActiveSupport::TestCase#run'
    test/support/i18n_locale_reset.rb:10:in 'ActiveSupport::TestCase#run'

bin/rails test test/controllers/core/org/help/app/contacts_controller_test.rb:40

E

Error:
Core::Org::Help::App::ContactsControllerTest#test_should_get_new:
NameError: uninitialized constant Preference::Core::CookieOptions
    app/controllers/concerns/preference/base.rb:1096:in 'Preference::Base#preference_cookie_options'
    app/controllers/concerns/preference/base.rb:971:in 'Preference::Base#preference_auth_cookie_options'
    app/controllers/concerns/preference/base.rb:940:in 'Preference::Base#set_refresh_token_cookie'
    app/controllers/concerns/preference/base.rb:762:in 'Preference::Base#create_new_preference_record!'
    app/controllers/concerns/preference/base.rb:721:in 'Preference::Base#load_preference_record_from_refresh_token!'
    app/controllers/concerns/preference/base.rb:217:in 'Preference::Base#set_preferences_cookie'
    app/middleware/core/surface_middleware.rb:12:in 'Core::SurfaceMiddleware#call'
    test/controllers/core/org/help/app/contacts_controller_test.rb:16:in 'block in <class:ContactsControllerTest>'
    test/support/i18n_locale_reset.rb:11:in 'block in ActiveSupport::TestCase#run'
    test/support/i18n_locale_reset.rb:10:in 'ActiveSupport::TestCase#run'

bin/rails test test/controllers/core/org/help/app/contacts_controller_test.rb:15

E

Error:
Core::Org::Help::App::ContactsControllerTest#test_should_show_contact:
NameError: uninitialized constant Preference::Core::CookieOptions
    app/controllers/concerns/preference/base.rb:1096:in 'Preference::Base#preference_cookie_options'
    app/controllers/concerns/preference/base.rb:971:in 'Preference::Base#preference_auth_cookie_options'
    app/controllers/concerns/preference/base.rb:940:in 'Preference::Base#set_refresh_token_cookie'
    app/controllers/concerns/preference/base.rb:762:in 'Preference::Base#create_new_preference_record!'
    app/controllers/concerns/preference/base.rb:721:in 'Preference::Base#load_preference_record_from_refresh_token!'
    app/controllers/concerns/preference/base.rb:217:in 'Preference::Base#set_preferences_cookie'
    app/middleware/core/surface_middleware.rb:12:in 'Core::SurfaceMiddleware#call'
    test/controllers/core/org/help/app/contacts_controller_test.rb:26:in 'block in <class:ContactsControllerTest>'
    test/support/i18n_locale_reset.rb:11:in 'block in ActiveSupport::TestCase#run'
    test/support/i18n_locale_reset.rb:10:in 'ActiveSupport::TestCase#run'

bin/rails test test/controllers/core/org/help/app/contacts_controller_test.rb:25

E

Error:
Core::App::HealthsControllerTest#test_should_get_show_with_postfix:
NameError: uninitialized constant Preference::Core::CookieOptions
    app/controllers/concerns/preference/base.rb:1096:in 'Preference::Base#preference_cookie_options'
    app/controllers/concerns/preference/base.rb:971:in 'Preference::Base#preference_auth_cookie_options'
    app/controllers/concerns/preference/base.rb:940:in 'Preference::Base#set_refresh_token_cookie'
    app/controllers/concerns/preference/base.rb:762:in 'Preference::Base#create_new_preference_record!'
    app/controllers/concerns/preference/base.rb:721:in 'Preference::Base#load_preference_record_from_refresh_token!'
    app/controllers/concerns/preference/base.rb:217:in 'Preference::Base#set_preferences_cookie'
    app/middleware/core/surface_middleware.rb:12:in 'Core::SurfaceMiddleware#call'
    test/controllers/core/app/healths_controller_test.rb:16:in 'block in <class:HealthsControllerTest>'
    test/support/i18n_locale_reset.rb:11:in 'block in ActiveSupport::TestCase#run'
    test/support/i18n_locale_reset.rb:10:in 'ActiveSupport::TestCase#run'

bin/rails test test/controllers/core/app/healths_controller_test.rb:15

E

Error:
Core::App::HealthsControllerTest#test_should_handle_redirect_if_response_is_redirect:
NameError: uninitialized constant Preference::Core::CookieOptions
    app/controllers/concerns/preference/base.rb:1096:in 'Preference::Base#preference_cookie_options'
    app/controllers/concerns/preference/base.rb:971:in 'Preference::Base#preference_auth_cookie_options'
    app/controllers/concerns/preference/base.rb:940:in 'Preference::Base#set_refresh_token_cookie'
    app/controllers/concerns/preference/base.rb:762:in 'Preference::Base#create_new_preference_record!'
    app/controllers/concerns/preference/base.rb:721:in 'Preference::Base#load_preference_record_from_refresh_token!'
    app/controllers/concerns/preference/base.rb:217:in 'Preference::Base#set_preferences_cookie'
    app/middleware/core/surface_middleware.rb:12:in 'Core::SurfaceMiddleware#call'
    test/controllers/core/app/healths_controller_test.rb:23:in 'block in <class:HealthsControllerTest>'
    test/support/i18n_locale_reset.rb:11:in 'block in ActiveSupport::TestCase#run'
    test/support/i18n_locale_reset.rb:10:in 'ActiveSupport::TestCase#run'

bin/rails test test/controllers/core/app/healths_controller_test.rb:22

E

Error:
Core::App::HealthsControllerTest#test_should_accept_both_success_and_redirect_responses:
NameError: uninitialized constant Preference::Core::CookieOptions
    app/controllers/concerns/preference/base.rb:1096:in 'Preference::Base#preference_cookie_options'
    app/controllers/concerns/preference/base.rb:971:in 'Preference::Base#preference_auth_cookie_options'
    app/controllers/concerns/preference/base.rb:940:in 'Preference::Base#set_refresh_token_cookie'
    app/controllers/concerns/preference/base.rb:762:in 'Preference::Base#create_new_preference_record!'
    app/controllers/concerns/preference/base.rb:721:in 'Preference::Base#load_preference_record_from_refresh_token!'
    app/controllers/concerns/preference/base.rb:217:in 'Preference::Base#set_preferences_cookie'
    app/middleware/core/surface_middleware.rb:12:in 'Core::SurfaceMiddleware#call'
    test/controllers/core/app/healths_controller_test.rb:34:in 'block in <class:HealthsControllerTest>'
    test/support/i18n_locale_reset.rb:11:in 'block in ActiveSupport::TestCase#run'
    test/support/i18n_locale_reset.rb:10:in 'ActiveSupport::TestCase#run'

bin/rails test test/controllers/core/app/healths_controller_test.rb:33

E

Error:
Core::App::HealthsControllerTest#test_should_get_show:
NameError: uninitialized constant Preference::Core::CookieOptions
    app/controllers/concerns/preference/base.rb:1096:in 'Preference::Base#preference_cookie_options'
    app/controllers/concerns/preference/base.rb:971:in 'Preference::Base#preference_auth_cookie_options'
    app/controllers/concerns/preference/base.rb:940:in 'Preference::Base#set_refresh_token_cookie'
    app/controllers/concerns/preference/base.rb:762:in 'Preference::Base#create_new_preference_record!'
    app/controllers/concerns/preference/base.rb:721:in 'Preference::Base#load_preference_record_from_refresh_token!'
    app/controllers/concerns/preference/base.rb:217:in 'Preference::Base#set_preferences_cookie'
    app/middleware/core/surface_middleware.rb:12:in 'Core::SurfaceMiddleware#call'
    test/controllers/core/app/healths_controller_test.rb:9:in 'block in <class:HealthsControllerTest>'
    test/support/i18n_locale_reset.rb:11:in 'block in ActiveSupport::TestCase#run'
    test/support/i18n_locale_reset.rb:10:in 'ActiveSupport::TestCase#run'

bin/rails test test/controllers/core/app/healths_controller_test.rb:8

E

Error:
Sign::App::Configuration::Emails::RegistrationsControllerTest#test_registration_new_is_available:
NameError: uninitialized constant Preference::Core::CookieOptions
    app/controllers/concerns/preference/base.rb:1096:in 'Preference::Base#preference_cookie_options'
    app/controllers/concerns/preference/base.rb:971:in 'Preference::Base#preference_auth_cookie_options'
    app/controllers/concerns/preference/base.rb:940:in 'Preference::Base#set_refresh_token_cookie'
    app/controllers/concerns/preference/base.rb:762:in 'Preference::Base#create_new_preference_record!'
    app/controllers/concerns/preference/base.rb:721:in 'Preference::Base#load_preference_record_from_refresh_token!'
    app/controllers/concerns/preference/base.rb:217:in 'Preference::Base#set_preferences_cookie'
    app/middleware/core/surface_middleware.rb:12:in 'Core::SurfaceMiddleware#call'
    test/controllers/sign/app/configuration/emails/registrations_controller_test.rb:35:in 'block in <class:RegistrationsControllerTest>'
    test/support/i18n_locale_reset.rb:11:in 'block in ActiveSupport::TestCase#run'
    test/support/i18n_locale_reset.rb:10:in 'ActiveSupport::TestCase#run'

bin/rails test test/controllers/sign/app/configuration/emails/registrations_controller_test.rb:34

E

Error:
Sign::App::Configuration::Emails::RegistrationsControllerTest#test_update_verifies_OTP_and_confirms_email:
NameError: uninitialized constant Preference::Core::CookieOptions
    app/controllers/concerns/preference/base.rb:1096:in 'Preference::Base#preference_cookie_options'
    app/controllers/concerns/preference/base.rb:971:in 'Preference::Base#preference_auth_cookie_options'
    app/controllers/concerns/preference/base.rb:940:in 'Preference::Base#set_refresh_token_cookie'
    app/controllers/concerns/preference/base.rb:762:in 'Preference::Base#create_new_preference_record!'
    app/controllers/concerns/preference/base.rb:721:in 'Preference::Base#load_preference_record_from_refresh_token!'
    app/controllers/concerns/preference/base.rb:217:in 'Preference::Base#set_preferences_cookie'
    app/middleware/core/surface_middleware.rb:12:in 'Core::SurfaceMiddleware#call'
    test/controllers/sign/app/configuration/emails/registrations_controller_test.rb:60:in 'block (2 levels) in <class:RegistrationsControllerTest>'
    test/controllers/sign/app/configuration/emails/registrations_controller_test.rb:59:in 'block in <class:RegistrationsControllerTest>'
    test/support/i18n_locale_reset.rb:11:in 'block in ActiveSupport::TestCase#run'
    test/support/i18n_locale_reset.rb:10:in 'ActiveSupport::TestCase#run'

bin/rails test test/controllers/sign/app/configuration/emails/registrations_controller_test.rb:58

E

Error:
Sign::App::Configuration::Emails::RegistrationsControllerTest#test_create_sends_OTP_email:
NameError: uninitialized constant Preference::Core::CookieOptions
    app/controllers/concerns/preference/base.rb:1096:in 'Preference::Base#preference_cookie_options'
    app/controllers/concerns/preference/base.rb:971:in 'Preference::Base#preference_auth_cookie_options'
    app/controllers/concerns/preference/base.rb:940:in 'Preference::Base#set_refresh_token_cookie'
    app/controllers/concerns/preference/base.rb:762:in 'Preference::Base#create_new_preference_record!'
    app/controllers/concerns/preference/base.rb:721:in 'Preference::Base#load_preference_record_from_refresh_token!'
    app/controllers/concerns/preference/base.rb:217:in 'Preference::Base#set_preferences_cookie'
    app/middleware/core/surface_middleware.rb:12:in 'Core::SurfaceMiddleware#call'
    test/controllers/sign/app/configuration/emails/registrations_controller_test.rb:43:in 'block (3 levels) in <class:RegistrationsControllerTest>'
    test/controllers/sign/app/configuration/emails/registrations_controller_test.rb:42:in 'block (2 levels) in <class:RegistrationsControllerTest>'
    test/controllers/sign/app/configuration/emails/registrations_controller_test.rb:41:in 'block in <class:RegistrationsControllerTest>'
    test/support/i18n_locale_reset.rb:11:in 'block in ActiveSupport::TestCase#run'
    test/support/i18n_locale_reset.rb:10:in 'ActiveSupport::TestCase#run'

bin/rails test test/controllers/sign/app/configuration/emails/registrations_controller_test.rb:40

E

Error:
Sign::App::Configuration::Emails::RegistrationsControllerTest#test_edit_falls_back_to_latest_unverified_email_when_session_is_missing:
NameError: uninitialized constant Preference::Core::CookieOptions
    app/controllers/concerns/preference/base.rb:1096:in 'Preference::Base#preference_cookie_options'
    app/controllers/concerns/preference/base.rb:971:in 'Preference::Base#preference_auth_cookie_options'
    app/controllers/concerns/preference/base.rb:940:in 'Preference::Base#set_refresh_token_cookie'
    app/controllers/concerns/preference/base.rb:762:in 'Preference::Base#create_new_preference_record!'
    app/controllers/concerns/preference/base.rb:721:in 'Preference::Base#load_preference_record_from_refresh_token!'
    app/controllers/concerns/preference/base.rb:217:in 'Preference::Base#set_preferences_cookie'
    app/middleware/core/surface_middleware.rb:12:in 'Core::SurfaceMiddleware#call'
    test/controllers/sign/app/configuration/emails/registrations_controller_test.rb:88:in 'block in <class:RegistrationsControllerTest>'
    test/support/i18n_locale_reset.rb:11:in 'block in ActiveSupport::TestCase#run'
    test/support/i18n_locale_reset.rb:10:in 'ActiveSupport::TestCase#run'

bin/rails test test/controllers/sign/app/configuration/emails/registrations_controller_test.rb:87

E

Error:
Sign::Org::VerificationControllerTest#test_show_with_scope_and_return_to_params:
NameError: uninitialized constant Preference::Core::CookieOptions
    app/controllers/concerns/preference/base.rb:1096:in 'Preference::Base#preference_cookie_options'
    app/controllers/concerns/preference/base.rb:971:in 'Preference::Base#preference_auth_cookie_options'
    app/controllers/concerns/preference/base.rb:940:in 'Preference::Base#set_refresh_token_cookie'
    app/controllers/concerns/preference/base.rb:762:in 'Preference::Base#create_new_preference_record!'
    app/controllers/concerns/preference/base.rb:721:in 'Preference::Base#load_preference_record_from_refresh_token!'
    app/controllers/concerns/preference/base.rb:217:in 'Preference::Base#set_preferences_cookie'
    app/middleware/core/surface_middleware.rb:12:in 'Core::SurfaceMiddleware#call'
    test/controllers/sign/org/verification_controller_test.rb:40:in 'block in <class:VerificationControllerTest>'
    test/support/i18n_locale_reset.rb:11:in 'block in ActiveSupport::TestCase#run'
    test/support/i18n_locale_reset.rb:10:in 'ActiveSupport::TestCase#run'

bin/rails test test/controllers/sign/org/verification_controller_test.rb:37

E

Error:
Sign::Org::VerificationControllerTest#test_should_get_show:
NameError: uninitialized constant Preference::Core::CookieOptions
    app/controllers/concerns/preference/base.rb:1096:in 'Preference::Base#preference_cookie_options'
    app/controllers/concerns/preference/base.rb:971:in 'Preference::Base#preference_auth_cookie_options'
    app/controllers/concerns/preference/base.rb:940:in 'Preference::Base#set_refresh_token_cookie'
    app/controllers/concerns/preference/base.rb:762:in 'Preference::Base#create_new_preference_record!'
    app/controllers/concerns/preference/base.rb:721:in 'Preference::Base#load_preference_record_from_refresh_token!'
    app/controllers/concerns/preference/base.rb:217:in 'Preference::Base#set_preferences_cookie'
    app/middleware/core/surface_middleware.rb:12:in 'Core::SurfaceMiddleware#call'
    test/controllers/sign/org/verification_controller_test.rb:33:in 'block in <class:VerificationControllerTest>'
    test/support/i18n_locale_reset.rb:11:in 'block in ActiveSupport::TestCase#run'
    test/support/i18n_locale_reset.rb:10:in 'ActiveSupport::TestCase#run'

bin/rails test test/controllers/sign/org/verification_controller_test.rb:32

E

Error:
Sign::Org::VerificationControllerTest#test_show_handles_recent_verification:
NameError: uninitialized constant Preference::Core::CookieOptions
    app/controllers/concerns/preference/base.rb:1096:in 'Preference::Base#preference_cookie_options'
    app/controllers/concerns/preference/base.rb:971:in 'Preference::Base#preference_auth_cookie_options'
    app/controllers/concerns/preference/base.rb:940:in 'Preference::Base#set_refresh_token_cookie'
    app/controllers/concerns/preference/base.rb:762:in 'Preference::Base#create_new_preference_record!'
    app/controllers/concerns/preference/base.rb:721:in 'Preference::Base#load_preference_record_from_refresh_token!'
    app/controllers/concerns/preference/base.rb:217:in 'Preference::Base#set_preferences_cookie'
    app/middleware/core/surface_middleware.rb:12:in 'Core::SurfaceMiddleware#call'
    test/controllers/sign/org/verification_controller_test.rb:49:in 'block in <class:VerificationControllerTest>'
    test/support/i18n_locale_reset.rb:11:in 'block in ActiveSupport::TestCase#run'
    test/support/i18n_locale_reset.rb:10:in 'ActiveSupport::TestCase#run'

bin/rails test test/controllers/sign/org/verification_controller_test.rb:46

E

Error:
Sign::App::Web::V1::In::Email::OtpsControllerTest#test_success_rotates_OTP_so_only_latest_code_verifies:
NameError: uninitialized constant Preference::Core::CookieOptions
    app/controllers/concerns/preference/base.rb:1096:in 'Preference::Base#preference_cookie_options'
    app/controllers/concerns/preference/base.rb:971:in 'Preference::Base#preference_auth_cookie_options'
    app/controllers/concerns/preference/base.rb:940:in 'Preference::Base#set_refresh_token_cookie'
    app/controllers/concerns/preference/base.rb:762:in 'Preference::Base#create_new_preference_record!'
    app/controllers/concerns/preference/base.rb:721:in 'Preference::Base#load_preference_record_from_refresh_token!'
    app/controllers/concerns/preference/base.rb:217:in 'Preference::Base#set_preferences_cookie'
    app/middleware/core/surface_middleware.rb:12:in 'Core::SurfaceMiddleware#call'
    test/controllers/sign/app/web/v1/in/email/otps_controller_test.rb:80:in 'block in <class:OtpsControllerTest>'
    test/support/i18n_locale_reset.rb:11:in 'block in ActiveSupport::TestCase#run'
    test/support/i18n_locale_reset.rb:10:in 'ActiveSupport::TestCase#run'

bin/rails test test/controllers/sign/app/web/v1/in/email/otps_controller_test.rb:68

E

Error:
Sign::App::Web::V1::In::Email::OtpsControllerTest#test_after_cooldown_returns_200_and_logs_issued_occurrence:
NameError: uninitialized constant Preference::Core::CookieOptions
    app/controllers/concerns/preference/base.rb:1096:in 'Preference::Base#preference_cookie_options'
    app/controllers/concerns/preference/base.rb:971:in 'Preference::Base#preference_auth_cookie_options'
    app/controllers/concerns/preference/base.rb:940:in 'Preference::Base#set_refresh_token_cookie'
    app/controllers/concerns/preference/base.rb:762:in 'Preference::Base#create_new_preference_record!'
    app/controllers/concerns/preference/base.rb:721:in 'Preference::Base#load_preference_record_from_refresh_token!'
    app/controllers/concerns/preference/base.rb:217:in 'Preference::Base#set_preferences_cookie'
    app/middleware/core/surface_middleware.rb:12:in 'Core::SurfaceMiddleware#call'
    test/controllers/sign/app/web/v1/in/email/otps_controller_test.rb:50:in 'block (3 levels) in <class:OtpsControllerTest>'
    test/controllers/sign/app/web/v1/in/email/otps_controller_test.rb:49:in 'block (2 levels) in <class:OtpsControllerTest>'
    test/controllers/sign/app/web/v1/in/email/otps_controller_test.rb:48:in 'block in <class:OtpsControllerTest>'
    test/support/i18n_locale_reset.rb:11:in 'block in ActiveSupport::TestCase#run'
    test/support/i18n_locale_reset.rb:10:in 'ActiveSupport::TestCase#run'

bin/rails test test/controllers/sign/app/web/v1/in/email/otps_controller_test.rb:35

E

Error:
Sign::App::Web::V1::In::Email::OtpsControllerTest#test_recent_issued_returns_429_with_retry_after_and_header:
NameError: uninitialized constant Preference::Core::CookieOptions
    app/controllers/concerns/preference/base.rb:1096:in 'Preference::Base#preference_cookie_options'
    app/controllers/concerns/preference/base.rb:971:in 'Preference::Base#preference_auth_cookie_options'
    app/controllers/concerns/preference/base.rb:940:in 'Preference::Base#set_refresh_token_cookie'
    app/controllers/concerns/preference/base.rb:762:in 'Preference::Base#create_new_preference_record!'
    app/controllers/concerns/preference/base.rb:721:in 'Preference::Base#load_preference_record_from_refresh_token!'
    app/controllers/concerns/preference/base.rb:217:in 'Preference::Base#set_preferences_cookie'
    app/middleware/core/surface_middleware.rb:12:in 'Core::SurfaceMiddleware#call'
    test/controllers/sign/app/web/v1/in/email/otps_controller_test.rb:24:in 'block in <class:OtpsControllerTest>'
    test/support/i18n_locale_reset.rb:11:in 'block in ActiveSupport::TestCase#run'
    test/support/i18n_locale_reset.rb:10:in 'ActiveSupport::TestCase#run'

bin/rails test test/controllers/sign/app/web/v1/in/email/otps_controller_test.rb:14

.....E

Error:
Sign::Org::Edge::V1::Token::RefreshesControllerTest#test_POST_refresh_with_old_refresh_token_after_rotation_returns_401:
NameError: uninitialized constant Preference::Core::CookieOptions
    app/controllers/concerns/preference/base.rb:1096:in 'Preference::Base#preference_cookie_options'
    app/controllers/concerns/preference/base.rb:378:in 'Preference::Base#write_preference_cookie'
    app/controllers/concerns/preference/base.rb:242:in 'Preference::Base#set_color_theme'
    app/middleware/core/surface_middleware.rb:12:in 'Core::SurfaceMiddleware#call'
    test/controllers/sign/org/edge/v1/token/refreshes_controller_test.rb:96:in 'block in <class:RefreshesControllerTest>'
    test/support/i18n_locale_reset.rb:11:in 'block in ActiveSupport::TestCase#run'
    test/support/i18n_locale_reset.rb:10:in 'ActiveSupport::TestCase#run'

bin/rails test test/controllers/sign/org/edge/v1/token/refreshes_controller_test.rb:86

E

Error:
Sign::Org::Edge::V1::Token::RefreshesControllerTest#test_POST_refresh_with_valid_refresh_token_sets_both_access_and_refresh_cookies:
NameError: uninitialized constant Preference::Core::CookieOptions
    app/controllers/concerns/preference/base.rb:1096:in 'Preference::Base#preference_cookie_options'
    app/controllers/concerns/preference/base.rb:378:in 'Preference::Base#write_preference_cookie'
    app/controllers/concerns/preference/base.rb:242:in 'Preference::Base#set_color_theme'
    app/middleware/core/surface_middleware.rb:12:in 'Core::SurfaceMiddleware#call'
    test/controllers/sign/org/edge/v1/token/refreshes_controller_test.rb:29:in 'block in <class:RefreshesControllerTest>'
    test/support/i18n_locale_reset.rb:11:in 'block in ActiveSupport::TestCase#run'
    test/support/i18n_locale_reset.rb:10:in 'ActiveSupport::TestCase#run'

bin/rails test test/controllers/sign/org/edge/v1/token/refreshes_controller_test.rb:20

E

Error:
Sign::Org::Edge::V1::Token::RefreshesControllerTest#test_GET_check_with_valid_access_token_from_refresh_returns_200:
NameError: uninitialized constant Preference::Core::CookieOptions
    app/controllers/concerns/preference/base.rb:1096:in 'Preference::Base#preference_cookie_options'
    app/controllers/concerns/preference/base.rb:378:in 'Preference::Base#write_preference_cookie'
    app/controllers/concerns/preference/base.rb:242:in 'Preference::Base#set_color_theme'
    app/middleware/core/surface_middleware.rb:12:in 'Core::SurfaceMiddleware#call'
    test/controllers/sign/org/edge/v1/token/refreshes_controller_test.rb:64:in 'block in <class:RefreshesControllerTest>'
    test/support/i18n_locale_reset.rb:11:in 'block in ActiveSupport::TestCase#run'
    test/support/i18n_locale_reset.rb:10:in 'ActiveSupport::TestCase#run'

bin/rails test test/controllers/sign/org/edge/v1/token/refreshes_controller_test.rb:55

E

Error:
Sign::Org::Edge::V1::Token::RefreshesControllerTest#test_POST_refresh_denies_when_device_id_missing_and_writes_occurrence:
NameError: uninitialized constant Preference::Core::CookieOptions
    app/controllers/concerns/preference/base.rb:1096:in 'Preference::Base#preference_cookie_options'
    app/controllers/concerns/preference/base.rb:378:in 'Preference::Base#write_preference_cookie'
    app/controllers/concerns/preference/base.rb:242:in 'Preference::Base#set_color_theme'
    app/middleware/core/surface_middleware.rb:12:in 'Core::SurfaceMiddleware#call'
    test/controllers/sign/org/edge/v1/token/refreshes_controller_test.rb:117:in 'block in <class:RefreshesControllerTest>'
    test/support/i18n_locale_reset.rb:11:in 'block in ActiveSupport::TestCase#run'
    test/support/i18n_locale_reset.rb:10:in 'ActiveSupport::TestCase#run'

bin/rails test test/controllers/sign/org/edge/v1/token/refreshes_controller_test.rb:109

E

Error:
Core::App::Edge::V1::HealthsControllerTest#test_returns_success_for_explicit_html_format:
NameError: uninitialized constant Preference::Core::CookieOptions
    app/controllers/concerns/preference/base.rb:1096:in 'Preference::Base#preference_cookie_options'
    app/controllers/concerns/preference/base.rb:971:in 'Preference::Base#preference_auth_cookie_options'
    app/controllers/concerns/preference/base.rb:940:in 'Preference::Base#set_refresh_token_cookie'
    app/controllers/concerns/preference/base.rb:762:in 'Preference::Base#create_new_preference_record!'
    app/controllers/concerns/preference/base.rb:721:in 'Preference::Base#load_preference_record_from_refresh_token!'
    app/controllers/concerns/preference/base.rb:217:in 'Preference::Base#set_preferences_cookie'
    app/middleware/core/surface_middleware.rb:12:in 'Core::SurfaceMiddleware#call'
    test/controllers/core/app/edge/v1/healths_controller_test.rb:18:in 'block in <class:HealthsControllerTest>'
    test/support/i18n_locale_reset.rb:11:in 'block in ActiveSupport::TestCase#run'
    test/support/i18n_locale_reset.rb:10:in 'ActiveSupport::TestCase#run'

bin/rails test test/controllers/core/app/edge/v1/healths_controller_test.rb:17

E

Error:
Core::App::Edge::V1::HealthsControllerTest#test_raises_error_for_unsupported_yaml_format:
NameError: uninitialized constant Preference::Core::CookieOptions
    app/controllers/concerns/preference/base.rb:1096:in 'Preference::Base#preference_cookie_options'
    app/controllers/concerns/preference/base.rb:971:in 'Preference::Base#preference_auth_cookie_options'
    app/controllers/concerns/preference/base.rb:940:in 'Preference::Base#set_refresh_token_cookie'
    app/controllers/concerns/preference/base.rb:762:in 'Preference::Base#create_new_preference_record!'
    app/controllers/concerns/preference/base.rb:721:in 'Preference::Base#load_preference_record_from_refresh_token!'
    app/controllers/concerns/preference/base.rb:217:in 'Preference::Base#set_preferences_cookie'
    app/middleware/core/surface_middleware.rb:12:in 'Core::SurfaceMiddleware#call'
    test/controllers/core/app/edge/v1/healths_controller_test.rb:32:in 'block in <class:HealthsControllerTest>'
    test/support/i18n_locale_reset.rb:11:in 'block in ActiveSupport::TestCase#run'
    test/support/i18n_locale_reset.rb:10:in 'ActiveSupport::TestCase#run'

bin/rails test test/controllers/core/app/edge/v1/healths_controller_test.rb:31

E

Error:
Core::App::Edge::V1::HealthsControllerTest#test_returns_success_for_default_format:
NameError: uninitialized constant Preference::Core::CookieOptions
    app/controllers/concerns/preference/base.rb:1096:in 'Preference::Base#preference_cookie_options'
    app/controllers/concerns/preference/base.rb:971:in 'Preference::Base#preference_auth_cookie_options'
    app/controllers/concerns/preference/base.rb:940:in 'Preference::Base#set_refresh_token_cookie'
    app/controllers/concerns/preference/base.rb:762:in 'Preference::Base#create_new_preference_record!'
    app/controllers/concerns/preference/base.rb:721:in 'Preference::Base#load_preference_record_from_refresh_token!'
    app/controllers/concerns/preference/base.rb:217:in 'Preference::Base#set_preferences_cookie'
    app/middleware/core/surface_middleware.rb:12:in 'Core::SurfaceMiddleware#call'
    test/controllers/core/app/edge/v1/healths_controller_test.rb:11:in 'block in <class:HealthsControllerTest>'
    test/support/i18n_locale_reset.rb:11:in 'block in ActiveSupport::TestCase#run'
    test/support/i18n_locale_reset.rb:10:in 'ActiveSupport::TestCase#run'

bin/rails test test/controllers/core/app/edge/v1/healths_controller_test.rb:10

E

Error:
Core::App::Edge::V1::HealthsControllerTest#test_returns_OK_status_payload_for_json_format:
NameError: uninitialized constant Preference::Core::CookieOptions
    app/controllers/concerns/preference/base.rb:1096:in 'Preference::Base#preference_cookie_options'
    app/controllers/concerns/preference/base.rb:971:in 'Preference::Base#preference_auth_cookie_options'
    app/controllers/concerns/preference/base.rb:940:in 'Preference::Base#set_refresh_token_cookie'
    app/controllers/concerns/preference/base.rb:762:in 'Preference::Base#create_new_preference_record!'
    app/controllers/concerns/preference/base.rb:721:in 'Preference::Base#load_preference_record_from_refresh_token!'
    app/controllers/concerns/preference/base.rb:217:in 'Preference::Base#set_preferences_cookie'
    app/middleware/core/surface_middleware.rb:12:in 'Core::SurfaceMiddleware#call'
    test/controllers/core/app/edge/v1/healths_controller_test.rb:25:in 'block in <class:HealthsControllerTest>'
    test/support/i18n_locale_reset.rb:11:in 'block in ActiveSupport::TestCase#run'
    test/support/i18n_locale_reset.rb:10:in 'ActiveSupport::TestCase#run'

bin/rails test test/controllers/core/app/edge/v1/healths_controller_test.rb:24

E

Error:
Core::App::Edge::V1::HealthsControllerTest#test_should_accept_both_success_and_redirect_responses:
NameError: uninitialized constant Preference::Core::CookieOptions
    app/controllers/concerns/preference/base.rb:1096:in 'Preference::Base#preference_cookie_options'
    app/controllers/concerns/preference/base.rb:971:in 'Preference::Base#preference_auth_cookie_options'
    app/controllers/concerns/preference/base.rb:940:in 'Preference::Base#set_refresh_token_cookie'
    app/controllers/concerns/preference/base.rb:762:in 'Preference::Base#create_new_preference_record!'
    app/controllers/concerns/preference/base.rb:721:in 'Preference::Base#load_preference_record_from_refresh_token!'
    app/controllers/concerns/preference/base.rb:217:in 'Preference::Base#set_preferences_cookie'
    app/middleware/core/surface_middleware.rb:12:in 'Core::SurfaceMiddleware#call'
    test/controllers/core/app/edge/v1/healths_controller_test.rb:50:in 'block in <class:HealthsControllerTest>'
    test/support/i18n_locale_reset.rb:11:in 'block in ActiveSupport::TestCase#run'
    test/support/i18n_locale_reset.rb:10:in 'ActiveSupport::TestCase#run'

bin/rails test test/controllers/core/app/edge/v1/healths_controller_test.rb:49

E

Error:
Core::App::Edge::V1::HealthsControllerTest#test_should_handle_redirect_if_response_is_redirect:
NameError: uninitialized constant Preference::Core::CookieOptions
    app/controllers/concerns/preference/base.rb:1096:in 'Preference::Base#preference_cookie_options'
    app/controllers/concerns/preference/base.rb:971:in 'Preference::Base#preference_auth_cookie_options'
    app/controllers/concerns/preference/base.rb:940:in 'Preference::Base#set_refresh_token_cookie'
    app/controllers/concerns/preference/base.rb:762:in 'Preference::Base#create_new_preference_record!'
    app/controllers/concerns/preference/base.rb:721:in 'Preference::Base#load_preference_record_from_refresh_token!'
    app/controllers/concerns/preference/base.rb:217:in 'Preference::Base#set_preferences_cookie'
    app/middleware/core/surface_middleware.rb:12:in 'Core::SurfaceMiddleware#call'
    test/controllers/core/app/edge/v1/healths_controller_test.rb:39:in 'block in <class:HealthsControllerTest>'
    test/support/i18n_locale_reset.rb:11:in 'block in ActiveSupport::TestCase#run'
    test/support/i18n_locale_reset.rb:10:in 'ActiveSupport::TestCase#run'

bin/rails test test/controllers/core/app/edge/v1/healths_controller_test.rb:38

.E

Error:
Core::Org::Configuration::EmailsControllerTest#test_should_get_new_when_logged_in:
NameError: uninitialized constant Preference::Core::CookieOptions
    app/controllers/concerns/preference/base.rb:1096:in 'Preference::Base#preference_cookie_options'
    app/controllers/concerns/preference/base.rb:971:in 'Preference::Base#preference_auth_cookie_options'
    app/controllers/concerns/preference/base.rb:940:in 'Preference::Base#set_refresh_token_cookie'
    app/controllers/concerns/preference/base.rb:762:in 'Preference::Base#create_new_preference_record!'
    app/controllers/concerns/preference/base.rb:721:in 'Preference::Base#load_preference_record_from_refresh_token!'
    app/controllers/concerns/preference/base.rb:217:in 'Preference::Base#set_preferences_cookie'
    app/middleware/core/surface_middleware.rb:12:in 'Core::SurfaceMiddleware#call'
    test/controllers/core/configuration_emails_controller_test.rb:45:in 'block in <class:EmailsControllerTest>'
    test/support/i18n_locale_reset.rb:11:in 'block in ActiveSupport::TestCase#run'
    test/support/i18n_locale_reset.rb:10:in 'ActiveSupport::TestCase#run'

bin/rails test test/controllers/core/configuration_emails_controller_test.rb:44

....E

Error:
Sign::App::VerificationControllerTest#test_show_renders_method_links_when_scope_and_return_to_are_provided:
NameError: uninitialized constant Preference::Core::CookieOptions
    app/controllers/concerns/preference/base.rb:1096:in 'Preference::Base#preference_cookie_options'
    app/controllers/concerns/preference/base.rb:971:in 'Preference::Base#preference_auth_cookie_options'
    app/controllers/concerns/preference/base.rb:940:in 'Preference::Base#set_refresh_token_cookie'
    app/controllers/concerns/preference/base.rb:762:in 'Preference::Base#create_new_preference_record!'
    app/controllers/concerns/preference/base.rb:721:in 'Preference::Base#load_preference_record_from_refresh_token!'
    app/controllers/concerns/preference/base.rb:217:in 'Preference::Base#set_preferences_cookie'
    app/middleware/core/surface_middleware.rb:12:in 'Core::SurfaceMiddleware#call'
    test/controllers/sign/app/verification_controller_test.rb:43:in 'block in <class:VerificationControllerTest>'
    test/support/i18n_locale_reset.rb:11:in 'block in ActiveSupport::TestCase#run'
    test/support/i18n_locale_reset.rb:10:in 'ActiveSupport::TestCase#run'

bin/rails test test/controllers/sign/app/verification_controller_test.rb:40

E

Error:
Sign::App::VerificationControllerTest#test_redirects_to_setup_page_when_no_verification_methods_are_registered:
NameError: uninitialized constant Preference::Core::CookieOptions
    app/controllers/concerns/preference/base.rb:1096:in 'Preference::Base#preference_cookie_options'
    app/controllers/concerns/preference/base.rb:971:in 'Preference::Base#preference_auth_cookie_options'
    app/controllers/concerns/preference/base.rb:940:in 'Preference::Base#set_refresh_token_cookie'
    app/controllers/concerns/preference/base.rb:762:in 'Preference::Base#create_new_preference_record!'
    app/controllers/concerns/preference/base.rb:721:in 'Preference::Base#load_preference_record_from_refresh_token!'
    app/controllers/concerns/preference/base.rb:217:in 'Preference::Base#set_preferences_cookie'
    app/middleware/core/surface_middleware.rb:12:in 'Core::SurfaceMiddleware#call'
    test/controllers/sign/app/verification_controller_test.rb:31:in 'block in <class:VerificationControllerTest>'
    test/support/i18n_locale_reset.rb:11:in 'block in ActiveSupport::TestCase#run'
    test/support/i18n_locale_reset.rb:10:in 'ActiveSupport::TestCase#run'

bin/rails test test/controllers/sign/app/verification_controller_test.rb:27

E

Error:
Sign::App::VerificationControllerTest#test_show_handles_bad_request_error:
NameError: uninitialized constant Preference::Core::CookieOptions
    app/controllers/concerns/preference/base.rb:1096:in 'Preference::Base#preference_cookie_options'
    app/controllers/concerns/preference/base.rb:971:in 'Preference::Base#preference_auth_cookie_options'
    app/controllers/concerns/preference/base.rb:940:in 'Preference::Base#set_refresh_token_cookie'
    app/controllers/concerns/preference/base.rb:762:in 'Preference::Base#create_new_preference_record!'
    app/controllers/concerns/preference/base.rb:721:in 'Preference::Base#load_preference_record_from_refresh_token!'
    app/controllers/concerns/preference/base.rb:217:in 'Preference::Base#set_preferences_cookie'
    app/middleware/core/surface_middleware.rb:12:in 'Core::SurfaceMiddleware#call'
    test/controllers/sign/app/verification_controller_test.rb:53:in 'block in <class:VerificationControllerTest>'
    test/support/i18n_locale_reset.rb:11:in 'block in ActiveSupport::TestCase#run'
    test/support/i18n_locale_reset.rb:10:in 'ActiveSupport::TestCase#run'

bin/rails test test/controllers/sign/app/verification_controller_test.rb:50

E

Error:
Sign::App::VerificationControllerTest#test_should_get_show:
NameError: uninitialized constant Preference::Core::CookieOptions
    app/controllers/concerns/preference/base.rb:1096:in 'Preference::Base#preference_cookie_options'
    app/controllers/concerns/preference/base.rb:971:in 'Preference::Base#preference_auth_cookie_options'
    app/controllers/concerns/preference/base.rb:940:in 'Preference::Base#set_refresh_token_cookie'
    app/controllers/concerns/preference/base.rb:762:in 'Preference::Base#create_new_preference_record!'
    app/controllers/concerns/preference/base.rb:721:in 'Preference::Base#load_preference_record_from_refresh_token!'
    app/controllers/concerns/preference/base.rb:217:in 'Preference::Base#set_preferences_cookie'
    app/middleware/core/surface_middleware.rb:12:in 'Core::SurfaceMiddleware#call'
    test/controllers/sign/app/verification_controller_test.rb:23:in 'block in <class:VerificationControllerTest>'
    test/support/i18n_locale_reset.rb:11:in 'block in ActiveSupport::TestCase#run'
    test/support/i18n_locale_reset.rb:10:in 'ActiveSupport::TestCase#run'

bin/rails test test/controllers/sign/app/verification_controller_test.rb:22

E

Error:
Sign::App::VerificationControllerTest#test_show_with_recent_verification_shows_success_message:
NameError: uninitialized constant Preference::Core::CookieOptions
    app/controllers/concerns/preference/base.rb:1096:in 'Preference::Base#preference_cookie_options'
    app/controllers/concerns/preference/base.rb:971:in 'Preference::Base#preference_auth_cookie_options'
    app/controllers/concerns/preference/base.rb:940:in 'Preference::Base#set_refresh_token_cookie'
    app/controllers/concerns/preference/base.rb:762:in 'Preference::Base#create_new_preference_record!'
    app/controllers/concerns/preference/base.rb:721:in 'Preference::Base#load_preference_record_from_refresh_token!'
    app/controllers/concerns/preference/base.rb:217:in 'Preference::Base#set_preferences_cookie'
    app/middleware/core/surface_middleware.rb:12:in 'Core::SurfaceMiddleware#call'
    test/controllers/sign/app/verification_controller_test.rb:65:in 'block in <class:VerificationControllerTest>'
    test/support/i18n_locale_reset.rb:11:in 'block in ActiveSupport::TestCase#run'
    test/support/i18n_locale_reset.rb:10:in 'ActiveSupport::TestCase#run'

bin/rails test test/controllers/sign/app/verification_controller_test.rb:60

...................E

Error:
Core::Com::RootsControllerTest#test_sets_theme_cookie:
NameError: uninitialized constant Preference::Core::CookieOptions
    app/controllers/concerns/preference/base.rb:1096:in 'Preference::Base#preference_cookie_options'
    app/controllers/concerns/preference/base.rb:971:in 'Preference::Base#preference_auth_cookie_options'
    app/controllers/concerns/preference/base.rb:940:in 'Preference::Base#set_refresh_token_cookie'
    app/controllers/concerns/preference/base.rb:762:in 'Preference::Base#create_new_preference_record!'
    app/controllers/concerns/preference/base.rb:721:in 'Preference::Base#load_preference_record_from_refresh_token!'
    app/controllers/concerns/preference/base.rb:217:in 'Preference::Base#set_preferences_cookie'
    app/middleware/core/surface_middleware.rb:12:in 'Core::SurfaceMiddleware#call'
    test/support/root_theme_cookie_helper.rb:6:in 'RootThemeCookieHelper#assert_theme_cookie_for'
    test/controllers/core/com/roots_controller_test.rb:31:in 'block in <class:RootsControllerTest>'
    test/support/i18n_locale_reset.rb:11:in 'block in ActiveSupport::TestCase#run'
    test/support/i18n_locale_reset.rb:10:in 'ActiveSupport::TestCase#run'

bin/rails test test/controllers/core/com/roots_controller_test.rb:30

E

Error:
Core::Com::RootsControllerTest#test_should_redirect_to_CORE_CORPORATE_URL:
NameError: uninitialized constant Preference::Core::CookieOptions
    app/controllers/concerns/preference/base.rb:1096:in 'Preference::Base#preference_cookie_options'
    app/controllers/concerns/preference/base.rb:971:in 'Preference::Base#preference_auth_cookie_options'
    app/controllers/concerns/preference/base.rb:940:in 'Preference::Base#set_refresh_token_cookie'
    app/controllers/concerns/preference/base.rb:762:in 'Preference::Base#create_new_preference_record!'
    app/controllers/concerns/preference/base.rb:721:in 'Preference::Base#load_preference_record_from_refresh_token!'
    app/controllers/concerns/preference/base.rb:217:in 'Preference::Base#set_preferences_cookie'
    app/middleware/core/surface_middleware.rb:12:in 'Core::SurfaceMiddleware#call'
    test/controllers/core/com/roots_controller_test.rb:12:in 'block in <class:RootsControllerTest>'
    test/support/i18n_locale_reset.rb:11:in 'block in ActiveSupport::TestCase#run'
    test/support/i18n_locale_reset.rb:10:in 'ActiveSupport::TestCase#run'

bin/rails test test/controllers/core/com/roots_controller_test.rb:11

E

Error:
Core::Com::RootsControllerTest#test_generates_sha3-384_token_digest_on_root:
NameError: uninitialized constant Preference::Core::CookieOptions
    app/controllers/concerns/preference/base.rb:1096:in 'Preference::Base#preference_cookie_options'
    app/controllers/concerns/preference/base.rb:971:in 'Preference::Base#preference_auth_cookie_options'
    app/controllers/concerns/preference/base.rb:940:in 'Preference::Base#set_refresh_token_cookie'
    app/controllers/concerns/preference/base.rb:762:in 'Preference::Base#create_new_preference_record!'
    app/controllers/concerns/preference/base.rb:721:in 'Preference::Base#load_preference_record_from_refresh_token!'
    app/controllers/concerns/preference/base.rb:217:in 'Preference::Base#set_preferences_cookie'
    app/middleware/core/surface_middleware.rb:12:in 'Core::SurfaceMiddleware#call'
    test/controllers/core/com/roots_controller_test.rb:25:in 'block in <class:RootsControllerTest>'
    test/support/i18n_locale_reset.rb:11:in 'block in ActiveSupport::TestCase#run'
    test/support/i18n_locale_reset.rb:10:in 'ActiveSupport::TestCase#run'

bin/rails test test/controllers/core/com/roots_controller_test.rb:24

E

Error:
Core::Com::RootsControllerTest#test_renders_layout_contract:
NameError: uninitialized constant Preference::Core::CookieOptions
    app/controllers/concerns/preference/base.rb:1096:in 'Preference::Base#preference_cookie_options'
    app/controllers/concerns/preference/base.rb:971:in 'Preference::Base#preference_auth_cookie_options'
    app/controllers/concerns/preference/base.rb:940:in 'Preference::Base#set_refresh_token_cookie'
    app/controllers/concerns/preference/base.rb:762:in 'Preference::Base#create_new_preference_record!'
    app/controllers/concerns/preference/base.rb:721:in 'Preference::Base#load_preference_record_from_refresh_token!'
    app/controllers/concerns/preference/base.rb:217:in 'Preference::Base#set_preferences_cookie'
    app/middleware/core/surface_middleware.rb:12:in 'Core::SurfaceMiddleware#call'
    test/controllers/core/com/roots_controller_test.rb:18:in 'block in <class:RootsControllerTest>'
    test/support/i18n_locale_reset.rb:11:in 'block in ActiveSupport::TestCase#run'
    test/support/i18n_locale_reset.rb:10:in 'ActiveSupport::TestCase#run'

bin/rails test test/controllers/core/com/roots_controller_test.rb:17

...............................E

Error:
Sign::App::Up::PasskeyRegistrationsControllerTest#test_GET_show_returns_200_with_passkey_endpoint_data_attrs:
NameError: uninitialized constant Preference::Core::CookieOptions
    app/controllers/concerns/preference/base.rb:1096:in 'Preference::Base#preference_cookie_options'
    app/controllers/concerns/preference/base.rb:971:in 'Preference::Base#preference_auth_cookie_options'
    app/controllers/concerns/preference/base.rb:940:in 'Preference::Base#set_refresh_token_cookie'
    app/controllers/concerns/preference/base.rb:762:in 'Preference::Base#create_new_preference_record!'
    app/controllers/concerns/preference/base.rb:721:in 'Preference::Base#load_preference_record_from_refresh_token!'
    app/controllers/concerns/preference/base.rb:217:in 'Preference::Base#set_preferences_cookie'
    app/middleware/core/surface_middleware.rb:12:in 'Core::SurfaceMiddleware#call'
    test/controllers/sign/app/up/passkey_registrations_controller_test.rb:235:in 'Sign::App::Up::PasskeyRegistrationsControllerTest#verify_telephone_via_otp!'
    test/controllers/sign/app/up/passkey_registrations_controller_test.rb:51:in 'block in <class:PasskeyRegistrationsControllerTest>'
    test/support/i18n_locale_reset.rb:11:in 'block in ActiveSupport::TestCase#run'
    test/support/i18n_locale_reset.rb:10:in 'ActiveSupport::TestCase#run'

bin/rails test test/controllers/sign/app/up/passkey_registrations_controller_test.rb:50

E

Error:
Sign::App::Up::PasskeyRegistrationsControllerTest#test_POST_create_saves_passkey_and_returns_completion_redirect_on_success:
NameError: uninitialized constant Preference::Core::CookieOptions
    app/controllers/concerns/preference/base.rb:1096:in 'Preference::Base#preference_cookie_options'
    app/controllers/concerns/preference/base.rb:971:in 'Preference::Base#preference_auth_cookie_options'
    app/controllers/concerns/preference/base.rb:940:in 'Preference::Base#set_refresh_token_cookie'
    app/controllers/concerns/preference/base.rb:762:in 'Preference::Base#create_new_preference_record!'
    app/controllers/concerns/preference/base.rb:721:in 'Preference::Base#load_preference_record_from_refresh_token!'
    app/controllers/concerns/preference/base.rb:217:in 'Preference::Base#set_preferences_cookie'
    app/middleware/core/surface_middleware.rb:12:in 'Core::SurfaceMiddleware#call'
    test/controllers/sign/app/up/passkey_registrations_controller_test.rb:235:in 'Sign::App::Up::PasskeyRegistrationsControllerTest#verify_telephone_via_otp!'
    test/controllers/sign/app/up/passkey_registrations_controller_test.rb:85:in 'block in <class:PasskeyRegistrationsControllerTest>'
    test/support/i18n_locale_reset.rb:11:in 'block in ActiveSupport::TestCase#run'
    test/support/i18n_locale_reset.rb:10:in 'ActiveSupport::TestCase#run'

bin/rails test test/controllers/sign/app/up/passkey_registrations_controller_test.rb:84

E

Error:
Sign::App::Up::PasskeyRegistrationsControllerTest#test_POST_create_establishes_login_session_for_configuration_access:
NameError: uninitialized constant Preference::Core::CookieOptions
    app/controllers/concerns/preference/base.rb:1096:in 'Preference::Base#preference_cookie_options'
    app/controllers/concerns/preference/base.rb:971:in 'Preference::Base#preference_auth_cookie_options'
    app/controllers/concerns/preference/base.rb:940:in 'Preference::Base#set_refresh_token_cookie'
    app/controllers/concerns/preference/base.rb:762:in 'Preference::Base#create_new_preference_record!'
    app/controllers/concerns/preference/base.rb:721:in 'Preference::Base#load_preference_record_from_refresh_token!'
    app/controllers/concerns/preference/base.rb:217:in 'Preference::Base#set_preferences_cookie'
    app/middleware/core/surface_middleware.rb:12:in 'Core::SurfaceMiddleware#call'
    test/controllers/sign/app/up/passkey_registrations_controller_test.rb:235:in 'Sign::App::Up::PasskeyRegistrationsControllerTest#verify_telephone_via_otp!'
    test/controllers/sign/app/up/passkey_registrations_controller_test.rb:117:in 'block in <class:PasskeyRegistrationsControllerTest>'
    test/support/i18n_locale_reset.rb:11:in 'block in ActiveSupport::TestCase#run'
    test/support/i18n_locale_reset.rb:10:in 'ActiveSupport::TestCase#run'

bin/rails test test/controllers/sign/app/up/passkey_registrations_controller_test.rb:116

E

Error:
Sign::App::Up::PasskeyRegistrationsControllerTest#test_POST_create_creates_audit_record_on_success:
NameError: uninitialized constant Preference::Core::CookieOptions
    app/controllers/concerns/preference/base.rb:1096:in 'Preference::Base#preference_cookie_options'
    app/controllers/concerns/preference/base.rb:971:in 'Preference::Base#preference_auth_cookie_options'
    app/controllers/concerns/preference/base.rb:940:in 'Preference::Base#set_refresh_token_cookie'
    app/controllers/concerns/preference/base.rb:762:in 'Preference::Base#create_new_preference_record!'
    app/controllers/concerns/preference/base.rb:721:in 'Preference::Base#load_preference_record_from_refresh_token!'
    app/controllers/concerns/preference/base.rb:217:in 'Preference::Base#set_preferences_cookie'
    app/middleware/core/surface_middleware.rb:12:in 'Core::SurfaceMiddleware#call'
    test/controllers/sign/app/up/passkey_registrations_controller_test.rb:235:in 'Sign::App::Up::PasskeyRegistrationsControllerTest#verify_telephone_via_otp!'
    test/controllers/sign/app/up/passkey_registrations_controller_test.rb:176:in 'block in <class:PasskeyRegistrationsControllerTest>'
    test/support/i18n_locale_reset.rb:11:in 'block in ActiveSupport::TestCase#run'
    test/support/i18n_locale_reset.rb:10:in 'ActiveSupport::TestCase#run'

bin/rails test test/controllers/sign/app/up/passkey_registrations_controller_test.rb:175

E

Error:
Sign::App::Up::PasskeyRegistrationsControllerTest#test_POST_begin_returns_challenge_and_options:
NameError: uninitialized constant Preference::Core::CookieOptions
    app/controllers/concerns/preference/base.rb:1096:in 'Preference::Base#preference_cookie_options'
    app/controllers/concerns/preference/base.rb:971:in 'Preference::Base#preference_auth_cookie_options'
    app/controllers/concerns/preference/base.rb:940:in 'Preference::Base#set_refresh_token_cookie'
    app/controllers/concerns/preference/base.rb:762:in 'Preference::Base#create_new_preference_record!'
    app/controllers/concerns/preference/base.rb:721:in 'Preference::Base#load_preference_record_from_refresh_token!'
    app/controllers/concerns/preference/base.rb:217:in 'Preference::Base#set_preferences_cookie'
    app/middleware/core/surface_middleware.rb:12:in 'Core::SurfaceMiddleware#call'
    test/controllers/sign/app/up/passkey_registrations_controller_test.rb:235:in 'Sign::App::Up::PasskeyRegistrationsControllerTest#verify_telephone_via_otp!'
    test/controllers/sign/app/up/passkey_registrations_controller_test.rb:67:in 'block in <class:PasskeyRegistrationsControllerTest>'
    test/support/i18n_locale_reset.rb:11:in 'block in ActiveSupport::TestCase#run'
    test/support/i18n_locale_reset.rb:10:in 'ActiveSupport::TestCase#run'

bin/rails test test/controllers/sign/app/up/passkey_registrations_controller_test.rb:66

E

Error:
Sign::App::Up::PasskeyRegistrationsControllerTest#test_POST_create_respects_rt_parameter_for_redirect:
NameError: uninitialized constant Preference::Core::CookieOptions
    app/controllers/concerns/preference/base.rb:1096:in 'Preference::Base#preference_cookie_options'
    app/controllers/concerns/preference/base.rb:971:in 'Preference::Base#preference_auth_cookie_options'
    app/controllers/concerns/preference/base.rb:940:in 'Preference::Base#set_refresh_token_cookie'
    app/controllers/concerns/preference/base.rb:762:in 'Preference::Base#create_new_preference_record!'
    app/controllers/concerns/preference/base.rb:721:in 'Preference::Base#load_preference_record_from_refresh_token!'
    app/controllers/concerns/preference/base.rb:217:in 'Preference::Base#set_preferences_cookie'
    app/middleware/core/surface_middleware.rb:12:in 'Core::SurfaceMiddleware#call'
    test/controllers/sign/app/up/passkey_registrations_controller_test.rb:235:in 'Sign::App::Up::PasskeyRegistrationsControllerTest#verify_telephone_via_otp!'
    test/controllers/sign/app/up/passkey_registrations_controller_test.rb:146:in 'block in <class:PasskeyRegistrationsControllerTest>'
    test/support/i18n_locale_reset.rb:11:in 'block in ActiveSupport::TestCase#run'
    test/support/i18n_locale_reset.rb:10:in 'ActiveSupport::TestCase#run'

bin/rails test test/controllers/sign/app/up/passkey_registrations_controller_test.rb:145

E

Error:
Sign::App::Up::PasskeyRegistrationsControllerTest#test_POST_create_returns_unprocessable_on_verifier_error:
NameError: uninitialized constant Preference::Core::CookieOptions
    app/controllers/concerns/preference/base.rb:1096:in 'Preference::Base#preference_cookie_options'
    app/controllers/concerns/preference/base.rb:971:in 'Preference::Base#preference_auth_cookie_options'
    app/controllers/concerns/preference/base.rb:940:in 'Preference::Base#set_refresh_token_cookie'
    app/controllers/concerns/preference/base.rb:762:in 'Preference::Base#create_new_preference_record!'
    app/controllers/concerns/preference/base.rb:721:in 'Preference::Base#load_preference_record_from_refresh_token!'
    app/controllers/concerns/preference/base.rb:217:in 'Preference::Base#set_preferences_cookie'
    app/middleware/core/surface_middleware.rb:12:in 'Core::SurfaceMiddleware#call'
    test/controllers/sign/app/up/passkey_registrations_controller_test.rb:235:in 'Sign::App::Up::PasskeyRegistrationsControllerTest#verify_telephone_via_otp!'
    test/controllers/sign/app/up/passkey_registrations_controller_test.rb:206:in 'block in <class:PasskeyRegistrationsControllerTest>'
    test/support/i18n_locale_reset.rb:11:in 'block in ActiveSupport::TestCase#run'
    test/support/i18n_locale_reset.rb:10:in 'ActiveSupport::TestCase#run'

bin/rails test test/controllers/sign/app/up/passkey_registrations_controller_test.rb:205

.....................................................................................E

Error:
Sign::Org::Configuration::SessionsControllerTest#test_index_returns_empty_collection:
NameError: uninitialized constant Preference::Core::CookieOptions
    app/controllers/concerns/preference/base.rb:1096:in 'Preference::Base#preference_cookie_options'
    app/controllers/concerns/preference/base.rb:971:in 'Preference::Base#preference_auth_cookie_options'
    app/controllers/concerns/preference/base.rb:940:in 'Preference::Base#set_refresh_token_cookie'
    app/controllers/concerns/preference/base.rb:762:in 'Preference::Base#create_new_preference_record!'
    app/controllers/concerns/preference/base.rb:721:in 'Preference::Base#load_preference_record_from_refresh_token!'
    app/controllers/concerns/preference/base.rb:217:in 'Preference::Base#set_preferences_cookie'
    app/middleware/core/surface_middleware.rb:12:in 'Core::SurfaceMiddleware#call'
    test/controllers/sign/org/configuration/sessions_controller_test.rb:16:in 'block in <class:SessionsControllerTest>'
    test/support/i18n_locale_reset.rb:11:in 'block in ActiveSupport::TestCase#run'
    test/support/i18n_locale_reset.rb:10:in 'ActiveSupport::TestCase#run'

bin/rails test test/controllers/sign/org/configuration/sessions_controller_test.rb:15

E

Error:
Sign::Org::Configuration::SessionsControllerTest#test_lifecycle:_create,_show,_update,_destroy:
NameError: uninitialized constant Preference::Core::CookieOptions
    app/controllers/concerns/preference/base.rb:1096:in 'Preference::Base#preference_cookie_options'
    app/controllers/concerns/preference/base.rb:971:in 'Preference::Base#preference_auth_cookie_options'
    app/controllers/concerns/preference/base.rb:940:in 'Preference::Base#set_refresh_token_cookie'
    app/controllers/concerns/preference/base.rb:762:in 'Preference::Base#create_new_preference_record!'
    app/controllers/concerns/preference/base.rb:721:in 'Preference::Base#load_preference_record_from_refresh_token!'
    app/controllers/concerns/preference/base.rb:217:in 'Preference::Base#set_preferences_cookie'
    app/middleware/core/surface_middleware.rb:12:in 'Core::SurfaceMiddleware#call'
    test/controllers/sign/org/configuration/sessions_controller_test.rb:23:in 'block in <class:SessionsControllerTest>'
    test/support/i18n_locale_reset.rb:11:in 'block in ActiveSupport::TestCase#run'
    test/support/i18n_locale_reset.rb:10:in 'ActiveSupport::TestCase#run'

bin/rails test test/controllers/sign/org/configuration/sessions_controller_test.rb:22



Finished in 64.449797s, 56.8660 runs/s, 93.6853 assertions/s.
3665 runs, 6038 assertions, 11 failures, 1093 errors, 0 skips
Coverage report generated for Minitest to /home/jit/workspace/coverage.
Line Coverage: 65.17% (9668 / 14835)
Branch Coverage: 30.42% (1234 / 4056)
